
> banhall-app@0.1.0 test
> vitest run --maxWorkers=2


 RUN  v4.1.10 /Users/johnnynguyen/Documents/Repos/Banhall/.bmad-loop/lanes/spec-ai-engine-sprint-2-boundary-pipeline/.bmad-loop/runs/20260904-121631-a914/worktrees/10

 ❯ |src| src/lib/components/ui/formControlContract.test.ts (3 tests | 1 failed) 12764ms
     × routes every visible native data-entry field through the shared contract 12748ms

⎯⎯⎯⎯⎯⎯⎯ Failed Tests 1 ⎯⎯⎯⎯⎯⎯⎯

 FAIL  |src| src/lib/components/ui/formControlContract.test.ts > borderless form-control source contract > routes every visible native data-entry field through the shared contract
Error: Test timed out in 5000ms.
If this is a long-running test, pass a timeout value as the last argument or configure it globally with "testTimeout".
 ❯ src/lib/components/ui/formControlContract.test.ts:61:3
     59|
     60| describe("borderless form-control source contract", () => {
     61|   it("routes every visible native data-entry field through the shared …
       |   ^
     62|     const violations: string[] = [];
     63|

⎯⎯⎯⎯⎯⎯⎯⎯⎯⎯⎯⎯⎯⎯⎯⎯⎯⎯⎯⎯⎯⎯⎯⎯[1/1]⎯


 Test Files  1 failed | 127 passed (128)
      Tests  1 failed | 1375 passed (1376)
   Start at  13:14:14
   Duration  280.43s (transform 169.03s, setup 0ms, import 239.47s, tests 147.09s, environment 30.92s)
