
> banhall-app@0.1.0 test
> vitest run


 RUN  v4.1.10 /Users/johnnynguyen/Documents/Repos/Banhall/.bmad-loop/lanes/spec-ai-engine-sprint-2-boundary-pipeline/.bmad-loop/runs/20260904-121631-a914/worktrees/10

 ❯ |convex| convex/chatTurns.test.ts (30 tests | 1 failed) 37215ms
     × keeps the newest 30 non-tool messages without a provider call 30881ms
 ❯ |convex| convex/researchReviewMode.test.ts (0 test)
 ❯ |src| src/lib/components/ui/formControlContract.test.ts (3 tests | 1 failed) 19757ms
     × routes every visible native data-entry field through the shared contract 19721ms

⎯⎯⎯⎯⎯⎯ Failed Suites 1 ⎯⎯⎯⎯⎯⎯⎯

 FAIL  |convex| convex/researchReviewMode.test.ts [ convex/researchReviewMode.test.ts ]
Error: Cannot find module '/Users/johnnynguyen/Documents/Repos/Banhall/node_modules/vitest/node_modules/@convex-dev/workflow/src/component/schema.js' imported from /Users/johnnynguyen/Documents/Repos/Banhall/node_modules/vitest/dist/module-evaluator.js
⎯⎯⎯⎯⎯⎯⎯⎯⎯⎯⎯⎯⎯⎯⎯⎯⎯⎯⎯⎯⎯⎯⎯⎯[1/3]⎯


⎯⎯⎯⎯⎯⎯⎯ Failed Tests 2 ⎯⎯⎯⎯⎯⎯⎯

 FAIL  |convex| convex/chatTurns.test.ts > bounded chat context > keeps the newest 30 non-tool messages without a provider call
Error: Test timed out in 30000ms.
If this is a long-running test, pass a timeout value as the last argument or configure it globally with "testTimeout".
 ❯ convex/chatTurns.test.ts:152:3
    150|
    151| describe("bounded chat context", () => {
    152|   test("keeps the newest 30 non-tool messages without a provider call"…
       |   ^
    153|     const t = createTest();
    154|     const userId = "context-window-user";

⎯⎯⎯⎯⎯⎯⎯⎯⎯⎯⎯⎯⎯⎯⎯⎯⎯⎯⎯⎯⎯⎯⎯⎯[2/3]⎯

 FAIL  |src| src/lib/components/ui/formControlContract.test.ts > borderless form-control source contract > routes every visible native data-entry field through the shared contract
Error: Test timed out in 5000ms.
If this is a long-running test, pass a timeout value as the last argument or configure it globally with "testTimeout".
 ❯ src/lib/components/ui/formControlContract.test.ts:61:3
     59|
     60| describe("borderless form-control source contract", () => {
     61|   it("routes every visible native data-entry field through the shared …
       |   ^
     62|     const violations: string[] = [];
     63|

⎯⎯⎯⎯⎯⎯⎯⎯⎯⎯⎯⎯⎯⎯⎯⎯⎯⎯⎯⎯⎯⎯⎯⎯[3/3]⎯


 Test Files  3 failed | 125 passed (128)
      Tests  2 failed | 1370 passed (1372)
   Start at  13:05:05
   Duration  134.72s (transform 418.40s, setup 0ms, import 487.92s, tests 304.52s, environment 47.04s)
