
> banhall-app@0.1.0 test:component
> vitest run --config vitest.component.config.ts

1:27:21 AM [vite-plugin-svelte] no Svelte config found at /Users/johnnynguyen/Documents/Repos/Banhall-bmad-dw97-fix - using default configuration.

 RUN  v4.1.10 /Users/johnnynguyen/Documents/Repos/Banhall-bmad-dw97-fix

1:27:21 AM [vite-plugin-svelte] no Svelte config found at /Users/johnnynguyen/Documents/Repos/Banhall-bmad-dw97-fix - using default configuration.
Port 63315 is in use, trying another one...
1:27:27 AM [vite] (client) [console.error] Failed to send message Error: Resend unavailable
    at http://localhost:63316/Users/johnnynguyen/Documents/Repos/Banhall-bmad-dw97-fix/src/lib/components/chat/RegenerateTurn.component.test.ts?import&browserv=1788596844619:194:43
    at async http://localhost:63316/node_modules/@vitest/runner/dist/chunk-artifact.js?v=fb19c9d1:1903:20
1:27:27 AM [vite] (client) [console.error] Failed to send message Error: Please retry resend
    at http://localhost:63316/Users/johnnynguyen/Documents/Repos/Banhall-bmad-dw97-fix/src/lib/components/chat/RegenerateTurn.component.test.ts?import&browserv=1788596844619:364:43
    at async http://localhost:63316/node_modules/@vitest/runner/dist/chunk-artifact.js?v=fb19c9d1:1903:20
1:27:30 AM [vite] (client) [console.error] Failed to send message Error: Delayed resend failure
    at http://localhost:63316/Users/johnnynguyen/Documents/Repos/Banhall-bmad-dw97-fix/src/lib/components/chat/RegenerateTurn.component.test.ts?import&browserv=1788596844619:980:13
    at async http://localhost:63316/node_modules/@vitest/runner/dist/chunk-artifact.js?v=fb19c9d1:1903:20
1:27:42 AM [vite] (client) [console.warn] https://svelte.dev/e/derived_inert
1:27:42 AM [vite] (client) [console.warn] https://svelte.dev/e/derived_inert
1:27:42 AM [vite] (client) [console.warn] https://svelte.dev/e/derived_inert
1:27:42 AM [vite] (client) [console.warn] https://svelte.dev/e/derived_inert
1:27:42 AM [vite] (client) [console.warn] https://svelte.dev/e/derived_inert
1:27:42 AM [vite] (client) [console.warn] https://svelte.dev/e/derived_inert
1:27:44 AM [vite] (client) [console.warn] https://svelte.dev/e/derived_inert
1:27:44 AM [vite] (client) [console.warn] https://svelte.dev/e/derived_inert
1:27:44 AM [vite] (client) [console.warn] https://svelte.dev/e/derived_inert
1:27:44 AM [vite] (client) [console.warn] https://svelte.dev/e/derived_inert
1:27:44 AM [vite] (client) [console.warn] https://svelte.dev/e/derived_inert
1:27:44 AM [vite] (client) [console.warn] https://svelte.dev/e/derived_inert
1:27:44 AM [vite] (client) [console.warn] https://svelte.dev/e/derived_inert
1:27:44 AM [vite] (client) [console.warn] https://svelte.dev/e/derived_inert
1:27:44 AM [vite] (client) [console.warn] https://svelte.dev/e/derived_inert
1:27:44 AM [vite] (client) [console.warn] https://svelte.dev/e/derived_inert
1:27:44 AM [vite] (client) [console.warn] https://svelte.dev/e/derived_inert
1:27:44 AM [vite] (client) [console.warn] https://svelte.dev/e/derived_inert
1:27:44 AM [vite] (client) [console.warn] https://svelte.dev/e/derived_inert
1:27:44 AM [vite] (client) [console.warn] https://svelte.dev/e/derived_inert
1:27:44 AM [vite] (client) [console.warn] https://svelte.dev/e/derived_inert
1:27:44 AM [vite] (client) [console.warn] https://svelte.dev/e/derived_inert
1:27:44 AM [vite] (client) [console.warn] https://svelte.dev/e/derived_inert
1:27:44 AM [vite] (client) [console.warn] https://svelte.dev/e/derived_inert
1:27:44 AM [vite] (client) [console.warn] https://svelte.dev/e/derived_inert
1:27:44 AM [vite] (client) [console.warn] https://svelte.dev/e/derived_inert
1:27:44 AM [vite] (client) [console.warn] https://svelte.dev/e/derived_inert
1:27:44 AM [vite] (client) [console.warn] https://svelte.dev/e/derived_inert
1:27:44 AM [vite] (client) [console.warn] https://svelte.dev/e/derived_inert
1:27:44 AM [vite] (client) [console.warn] https://svelte.dev/e/derived_inert
1:27:44 AM [vite] (client) [console.warn] https://svelte.dev/e/derived_inert
1:27:44 AM [vite] (client) [console.warn] https://svelte.dev/e/derived_inert
1:27:44 AM [vite] (client) [console.warn] https://svelte.dev/e/derived_inert
1:27:44 AM [vite] (client) [console.warn] https://svelte.dev/e/derived_inert
1:27:44 AM [vite] (client) [console.warn] https://svelte.dev/e/derived_inert
1:27:44 AM [vite] (client) [console.warn] https://svelte.dev/e/derived_inert
1:27:44 AM [vite] (client) [console.warn] https://svelte.dev/e/derived_inert
1:27:44 AM [vite] (client) [console.warn] https://svelte.dev/e/derived_inert
1:27:44 AM [vite] (client) [console.warn] https://svelte.dev/e/derived_inert
1:27:57 AM [vite] (client) [console.warn] https://svelte.dev/e/derived_inert
1:27:57 AM [vite] (client) [console.warn] https://svelte.dev/e/derived_inert
1:27:57 AM [vite] (client) [console.warn] https://svelte.dev/e/derived_inert
1:27:57 AM [vite] (client) [console.warn] https://svelte.dev/e/derived_inert
1:27:57 AM [vite] (client) [console.warn] https://svelte.dev/e/derived_inert
1:27:57 AM [vite] (client) [console.warn] https://svelte.dev/e/derived_inert
1:27:57 AM [vite] (client) [console.warn] https://svelte.dev/e/derived_inert
1:27:57 AM [vite] (client) [console.warn] https://svelte.dev/e/derived_inert
1:27:57 AM [vite] (client) [console.warn] https://svelte.dev/e/derived_inert
1:27:57 AM [vite] (client) [console.warn] https://svelte.dev/e/derived_inert
1:27:57 AM [vite] (client) [console.warn] https://svelte.dev/e/derived_inert
1:27:57 AM [vite] (client) [console.warn] https://svelte.dev/e/derived_inert
1:27:57 AM [vite] (client) [console.warn] https://svelte.dev/e/derived_inert
1:27:57 AM [vite] (client) [console.warn] https://svelte.dev/e/derived_inert
1:27:57 AM [vite] (client) [console.warn] https://svelte.dev/e/derived_inert
1:27:57 AM [vite] (client) [console.warn] https://svelte.dev/e/derived_inert
1:27:57 AM [vite] (client) [console.warn] https://svelte.dev/e/derived_inert
1:27:57 AM [vite] (client) [console.warn] https://svelte.dev/e/derived_inert
1:27:57 AM [vite] (client) [console.warn] https://svelte.dev/e/derived_inert
1:27:57 AM [vite] (client) [console.warn] https://svelte.dev/e/derived_inert
1:27:57 AM [vite] (client) [console.warn] https://svelte.dev/e/derived_inert
1:27:57 AM [vite] (client) [console.warn] https://svelte.dev/e/derived_inert
1:27:57 AM [vite] (client) [console.warn] https://svelte.dev/e/derived_inert
1:27:57 AM [vite] (client) [console.warn] https://svelte.dev/e/derived_inert
1:27:57 AM [vite] (client) [console.warn] https://svelte.dev/e/derived_inert
1:27:57 AM [vite] (client) [console.warn] https://svelte.dev/e/derived_inert
1:27:57 AM [vite] (client) [console.warn] https://svelte.dev/e/derived_inert
1:27:57 AM [vite] (client) [console.warn] https://svelte.dev/e/derived_inert
1:27:57 AM [vite] (client) [console.warn] https://svelte.dev/e/derived_inert
1:27:57 AM [vite] (client) [console.warn] https://svelte.dev/e/derived_inert
1:27:57 AM [vite] (client) [console.warn] https://svelte.dev/e/derived_inert
1:27:57 AM [vite] (client) [console.warn] https://svelte.dev/e/derived_inert
1:27:57 AM [vite] (client) [console.warn] https://svelte.dev/e/derived_inert
1:27:57 AM [vite] (client) [console.warn] https://svelte.dev/e/derived_inert
1:27:57 AM [vite] (client) [console.warn] https://svelte.dev/e/derived_inert
1:27:57 AM [vite] (client) [console.warn] https://svelte.dev/e/derived_inert
1:27:57 AM [vite] (client) [console.warn] https://svelte.dev/e/derived_inert
1:27:57 AM [vite] (client) [console.warn] https://svelte.dev/e/derived_inert
1:27:57 AM [vite] (client) [console.warn] https://svelte.dev/e/derived_inert
1:27:57 AM [vite] (client) [console.warn] https://svelte.dev/e/derived_inert
1:27:57 AM [vite] (client) [console.warn] https://svelte.dev/e/derived_inert
1:27:57 AM [vite] (client) [console.warn] https://svelte.dev/e/derived_inert
1:27:57 AM [vite] (client) [console.warn] https://svelte.dev/e/derived_inert
1:27:57 AM [vite] (client) [console.warn] https://svelte.dev/e/derived_inert
1:27:57 AM [vite] (client) [console.warn] https://svelte.dev/e/derived_inert
1:27:57 AM [vite] (client) [console.warn] https://svelte.dev/e/derived_inert
1:27:57 AM [vite] (client) [console.warn] https://svelte.dev/e/derived_inert
1:27:58 AM [vite] (client) [console.warn] https://svelte.dev/e/derived_inert
1:27:58 AM [vite] (client) [console.warn] https://svelte.dev/e/derived_inert
1:27:58 AM [vite] (client) [console.warn] https://svelte.dev/e/derived_inert
1:27:58 AM [vite] (client) [console.warn] https://svelte.dev/e/derived_inert
1:27:58 AM [vite] (client) [console.warn] https://svelte.dev/e/derived_inert
1:27:58 AM [vite] (client) [console.warn] https://svelte.dev/e/derived_inert
1:27:58 AM [vite] (client) [console.warn] https://svelte.dev/e/derived_inert
1:27:58 AM [vite] (client) [console.warn] https://svelte.dev/e/derived_inert
1:27:58 AM [vite] (client) [console.warn] https://svelte.dev/e/derived_inert
1:27:58 AM [vite] (client) [console.warn] https://svelte.dev/e/derived_inert
1:27:58 AM [vite] (client) [console.warn] https://svelte.dev/e/derived_inert
1:27:58 AM [vite] (client) [console.warn] https://svelte.dev/e/derived_inert
1:27:58 AM [vite] (client) [console.warn] https://svelte.dev/e/derived_inert
1:27:58 AM [vite] (client) [console.warn] https://svelte.dev/e/derived_inert
1:27:58 AM [vite] (client) [console.warn] https://svelte.dev/e/derived_inert
1:27:58 AM [vite] (client) [console.warn] https://svelte.dev/e/derived_inert
1:27:58 AM [vite] (client) [console.warn] https://svelte.dev/e/derived_inert
1:27:58 AM [vite] (client) [console.warn] https://svelte.dev/e/derived_inert
1:27:58 AM [vite] (client) [console.warn] https://svelte.dev/e/derived_inert
1:27:58 AM [vite] (client) [console.warn] https://svelte.dev/e/derived_inert
1:27:58 AM [vite] (client) [console.warn] https://svelte.dev/e/derived_inert
1:27:58 AM [vite] (client) [console.warn] https://svelte.dev/e/derived_inert
1:27:59 AM [vite] (client) [console.warn] https://svelte.dev/e/derived_inert
1:27:59 AM [vite] (client) [console.warn] https://svelte.dev/e/derived_inert
1:27:59 AM [vite] (client) [console.warn] https://svelte.dev/e/derived_inert
1:27:59 AM [vite] (client) [console.warn] https://svelte.dev/e/derived_inert
1:27:59 AM [vite] (client) [console.warn] https://svelte.dev/e/derived_inert
1:27:59 AM [vite] (client) [console.warn] https://svelte.dev/e/derived_inert
1:27:59 AM [vite] (client) [console.warn] https://svelte.dev/e/derived_inert
1:27:59 AM [vite] (client) [console.warn] https://svelte.dev/e/derived_inert
1:27:59 AM [vite] (client) [console.warn] https://svelte.dev/e/derived_inert
1:27:59 AM [vite] (client) [console.warn] https://svelte.dev/e/derived_inert
1:27:59 AM [vite] (client) [console.warn] https://svelte.dev/e/derived_inert
1:27:59 AM [vite] (client) [console.warn] https://svelte.dev/e/derived_inert
1:27:59 AM [vite] (client) [console.warn] https://svelte.dev/e/derived_inert
1:27:59 AM [vite] (client) [console.warn] https://svelte.dev/e/derived_inert
1:27:59 AM [vite] (client) [console.warn] https://svelte.dev/e/derived_inert
1:27:59 AM [vite] (client) [console.warn] https://svelte.dev/e/derived_inert
1:27:59 AM [vite] (client) [console.warn] https://svelte.dev/e/derived_inert
1:27:59 AM [vite] (client) [console.warn] https://svelte.dev/e/derived_inert
1:27:59 AM [vite] (client) [console.warn] https://svelte.dev/e/derived_inert
1:27:59 AM [vite] (client) [console.warn] https://svelte.dev/e/derived_inert
1:27:59 AM [vite] (client) [console.warn] https://svelte.dev/e/derived_inert
1:27:59 AM [vite] (client) [console.warn] https://svelte.dev/e/derived_inert
1:27:59 AM [vite] (client) [console.warn] https://svelte.dev/e/derived_inert
1:27:59 AM [vite] (client) [console.warn] https://svelte.dev/e/derived_inert
1:27:59 AM [vite] (client) [console.warn] https://svelte.dev/e/derived_inert
1:27:59 AM [vite] (client) [console.warn] https://svelte.dev/e/derived_inert
1:27:59 AM [vite] (client) [console.warn] https://svelte.dev/e/derived_inert
1:27:59 AM [vite] (client) [console.warn] https://svelte.dev/e/derived_inert
1:27:59 AM [vite] (client) [console.warn] https://svelte.dev/e/derived_inert
1:27:59 AM [vite] (client) [console.warn] https://svelte.dev/e/derived_inert
1:27:59 AM [vite] (client) [console.warn] https://svelte.dev/e/derived_inert
1:27:59 AM [vite] (client) [console.warn] https://svelte.dev/e/derived_inert
1:27:59 AM [vite] (client) [console.warn] https://svelte.dev/e/derived_inert
1:27:59 AM [vite] (client) [console.warn] https://svelte.dev/e/derived_inert
1:27:59 AM [vite] (client) [console.warn] https://svelte.dev/e/derived_inert
1:27:59 AM [vite] (client) [console.warn] https://svelte.dev/e/derived_inert
1:27:59 AM [vite] (client) [console.warn] https://svelte.dev/e/derived_inert
1:27:59 AM [vite] (client) [console.warn] https://svelte.dev/e/derived_inert
1:28:00 AM [vite] (client) [console.warn] https://svelte.dev/e/derived_inert
1:28:00 AM [vite] (client) [console.warn] https://svelte.dev/e/derived_inert
1:28:00 AM [vite] (client) [console.warn] https://svelte.dev/e/derived_inert
1:28:00 AM [vite] (client) [console.warn] https://svelte.dev/e/derived_inert
1:28:00 AM [vite] (client) [console.warn] https://svelte.dev/e/derived_inert
1:28:00 AM [vite] (client) [console.warn] https://svelte.dev/e/derived_inert
1:28:00 AM [vite] (client) [console.warn] https://svelte.dev/e/derived_inert
1:28:00 AM [vite] (client) [console.warn] https://svelte.dev/e/derived_inert
1:28:00 AM [vite] (client) [console.warn] https://svelte.dev/e/derived_inert
1:28:00 AM [vite] (client) [console.warn] https://svelte.dev/e/derived_inert
1:28:00 AM [vite] (client) [console.warn] https://svelte.dev/e/derived_inert
1:28:00 AM [vite] (client) [console.warn] https://svelte.dev/e/derived_inert
1:28:00 AM [vite] (client) [console.warn] https://svelte.dev/e/derived_inert
1:28:00 AM [vite] (client) [console.warn] https://svelte.dev/e/derived_inert
1:28:00 AM [vite] (client) [console.warn] https://svelte.dev/e/derived_inert
1:28:00 AM [vite] (client) [console.warn] https://svelte.dev/e/derived_inert
1:28:00 AM [vite] (client) [console.warn] https://svelte.dev/e/derived_inert
1:28:00 AM [vite] (client) [console.warn] https://svelte.dev/e/derived_inert
1:28:00 AM [vite] (client) [console.warn] https://svelte.dev/e/derived_inert
1:28:00 AM [vite] (client) [console.warn] https://svelte.dev/e/derived_inert
1:28:00 AM [vite] (client) [console.warn] https://svelte.dev/e/derived_inert
1:28:00 AM [vite] (client) [console.warn] https://svelte.dev/e/derived_inert
1:28:00 AM [vite] (client) [console.warn] https://svelte.dev/e/derived_inert
1:28:00 AM [vite] (client) [console.warn] https://svelte.dev/e/derived_inert
1:28:00 AM [vite] (client) [console.warn] https://svelte.dev/e/derived_inert
1:28:00 AM [vite] (client) [console.warn] https://svelte.dev/e/derived_inert
1:28:00 AM [vite] (client) [console.warn] https://svelte.dev/e/derived_inert
1:28:01 AM [vite] (client) [console.warn] https://svelte.dev/e/derived_inert
1:28:01 AM [vite] (client) [console.warn] https://svelte.dev/e/derived_inert
1:28:01 AM [vite] (client) [console.warn] https://svelte.dev/e/derived_inert
1:28:01 AM [vite] (client) [console.warn] https://svelte.dev/e/derived_inert
1:28:01 AM [vite] (client) [console.warn] https://svelte.dev/e/derived_inert
1:28:01 AM [vite] (client) [console.warn] https://svelte.dev/e/derived_inert
1:28:01 AM [vite] (client) [console.warn] https://svelte.dev/e/derived_inert
1:28:01 AM [vite] (client) [console.warn] https://svelte.dev/e/derived_inert
1:28:01 AM [vite] (client) [console.warn] https://svelte.dev/e/derived_inert
1:28:01 AM [vite] (client) [console.warn] https://svelte.dev/e/derived_inert
1:28:01 AM [vite] (client) [console.warn] https://svelte.dev/e/derived_inert
1:28:01 AM [vite] (client) [console.warn] https://svelte.dev/e/derived_inert
1:28:01 AM [vite] (client) [console.warn] https://svelte.dev/e/derived_inert
1:28:01 AM [vite] (client) [console.warn] https://svelte.dev/e/derived_inert
1:28:01 AM [vite] (client) [console.warn] https://svelte.dev/e/derived_inert
1:28:01 AM [vite] (client) [console.warn] https://svelte.dev/e/derived_inert
1:28:01 AM [vite] (client) [console.warn] https://svelte.dev/e/derived_inert
1:28:01 AM [vite] (client) [console.warn] https://svelte.dev/e/derived_inert
1:28:01 AM [vite] (client) [console.warn] https://svelte.dev/e/derived_inert
1:28:01 AM [vite] (client) [console.warn] https://svelte.dev/e/derived_inert
1:28:01 AM [vite] (client) [console.warn] https://svelte.dev/e/derived_inert
1:28:02 AM [vite] (client) [console.warn] https://svelte.dev/e/derived_inert
1:28:02 AM [vite] (client) [console.warn] https://svelte.dev/e/derived_inert
1:28:02 AM [vite] (client) [console.warn] https://svelte.dev/e/derived_inert
1:28:02 AM [vite] (client) [console.warn] https://svelte.dev/e/derived_inert
1:28:02 AM [vite] (client) [console.warn] https://svelte.dev/e/derived_inert
1:28:02 AM [vite] (client) [console.warn] https://svelte.dev/e/derived_inert
1:28:02 AM [vite] (client) [console.warn] https://svelte.dev/e/derived_inert
1:28:02 AM [vite] (client) [console.warn] https://svelte.dev/e/derived_inert
1:28:02 AM [vite] (client) [console.warn] https://svelte.dev/e/derived_inert
1:28:02 AM [vite] (client) [console.warn] https://svelte.dev/e/derived_inert
1:28:02 AM [vite] (client) [console.warn] https://svelte.dev/e/derived_inert
1:28:02 AM [vite] (client) [console.warn] https://svelte.dev/e/derived_inert
1:28:02 AM [vite] (client) [console.warn] https://svelte.dev/e/derived_inert
1:28:02 AM [vite] (client) [console.warn] https://svelte.dev/e/derived_inert
1:28:02 AM [vite] (client) [console.warn] https://svelte.dev/e/derived_inert
1:28:02 AM [vite] (client) [console.warn] https://svelte.dev/e/derived_inert
1:28:02 AM [vite] (client) [console.warn] https://svelte.dev/e/derived_inert
1:28:02 AM [vite] (client) [console.warn] https://svelte.dev/e/derived_inert
1:28:02 AM [vite] (client) [console.warn] https://svelte.dev/e/derived_inert
1:28:02 AM [vite] (client) [console.warn] https://svelte.dev/e/derived_inert
1:28:02 AM [vite] (client) [console.warn] https://svelte.dev/e/derived_inert
1:28:02 AM [vite] (client) [console.warn] https://svelte.dev/e/derived_inert
1:28:02 AM [vite] (client) [console.warn] https://svelte.dev/e/derived_inert
1:28:02 AM [vite] (client) [console.warn] https://svelte.dev/e/derived_inert
1:28:02 AM [vite] (client) [console.warn] https://svelte.dev/e/derived_inert
1:28:02 AM [vite] (client) [console.warn] https://svelte.dev/e/derived_inert
1:28:02 AM [vite] (client) [console.warn] https://svelte.dev/e/derived_inert
1:28:02 AM [vite] (client) [console.warn] https://svelte.dev/e/derived_inert
1:28:02 AM [vite] (client) [console.warn] https://svelte.dev/e/derived_inert
1:28:02 AM [vite] (client) [console.warn] https://svelte.dev/e/derived_inert
1:28:02 AM [vite] (client) [console.warn] https://svelte.dev/e/derived_inert
1:28:02 AM [vite] (client) [console.warn] https://svelte.dev/e/derived_inert
1:28:02 AM [vite] (client) [console.warn] https://svelte.dev/e/derived_inert
1:28:03 AM [vite] (client) [console.warn] https://svelte.dev/e/derived_inert
1:28:03 AM [vite] (client) [console.warn] https://svelte.dev/e/derived_inert
1:28:03 AM [vite] (client) [console.warn] https://svelte.dev/e/derived_inert
1:28:03 AM [vite] (client) [console.warn] https://svelte.dev/e/derived_inert
1:28:03 AM [vite] (client) [console.warn] https://svelte.dev/e/derived_inert
1:28:03 AM [vite] (client) [console.warn] https://svelte.dev/e/derived_inert
1:28:03 AM [vite] (client) [console.warn] https://svelte.dev/e/derived_inert
1:28:03 AM [vite] (client) [console.warn] https://svelte.dev/e/derived_inert
1:28:03 AM [vite] (client) [console.warn] https://svelte.dev/e/derived_inert
1:28:03 AM [vite] (client) [console.warn] https://svelte.dev/e/derived_inert
1:28:03 AM [vite] (client) [console.warn] https://svelte.dev/e/derived_inert
1:28:03 AM [vite] (client) [console.warn] https://svelte.dev/e/derived_inert
1:28:03 AM [vite] (client) [console.warn] https://svelte.dev/e/derived_inert
1:28:03 AM [vite] (client) [console.warn] https://svelte.dev/e/derived_inert
1:28:03 AM [vite] (client) [console.warn] https://svelte.dev/e/derived_inert
1:28:03 AM [vite] (client) [console.warn] https://svelte.dev/e/derived_inert
1:28:03 AM [vite] (client) [console.warn] https://svelte.dev/e/derived_inert
1:28:03 AM [vite] (client) [console.warn] https://svelte.dev/e/derived_inert
1:28:03 AM [vite] (client) [console.warn] https://svelte.dev/e/derived_inert
1:28:03 AM [vite] (client) [console.warn] https://svelte.dev/e/derived_inert
1:28:03 AM [vite] (client) [console.warn] https://svelte.dev/e/derived_inert
1:28:03 AM [vite] (client) [console.warn] https://svelte.dev/e/derived_inert
1:28:03 AM [vite] (client) [console.warn] https://svelte.dev/e/derived_inert
1:28:03 AM [vite] (client) [console.warn] https://svelte.dev/e/derived_inert
1:28:03 AM [vite] (client) [console.warn] https://svelte.dev/e/derived_inert
1:28:03 AM [vite] (client) [console.warn] https://svelte.dev/e/derived_inert
1:28:03 AM [vite] (client) [console.warn] https://svelte.dev/e/derived_inert
1:28:03 AM [vite] (client) [console.warn] https://svelte.dev/e/derived_inert
1:28:03 AM [vite] (client) [console.warn] https://svelte.dev/e/derived_inert
1:28:03 AM [vite] (client) [console.warn] https://svelte.dev/e/derived_inert
1:28:03 AM [vite] (client) [console.warn] https://svelte.dev/e/derived_inert
1:28:03 AM [vite] (client) [console.warn] https://svelte.dev/e/derived_inert
1:28:03 AM [vite] (client) [console.warn] https://svelte.dev/e/derived_inert
1:28:03 AM [vite] (client) [console.warn] https://svelte.dev/e/derived_inert
1:28:10 AM [vite] (client) [console.warn] https://svelte.dev/e/derived_inert
1:28:10 AM [vite] (client) [console.warn] https://svelte.dev/e/derived_inert
1:28:10 AM [vite] (client) [console.warn] https://svelte.dev/e/derived_inert
1:28:10 AM [vite] (client) [console.warn] https://svelte.dev/e/derived_inert
1:28:10 AM [vite] (client) [console.warn] https://svelte.dev/e/derived_inert
1:28:10 AM [vite] (client) [console.warn] https://svelte.dev/e/derived_inert
1:28:10 AM [vite] (client) [console.warn] https://svelte.dev/e/derived_inert
1:28:10 AM [vite] (client) [console.warn] https://svelte.dev/e/derived_inert
1:28:10 AM [vite] (client) [console.warn] https://svelte.dev/e/derived_inert
1:28:10 AM [vite] (client) [console.warn] https://svelte.dev/e/derived_inert
1:28:10 AM [vite] (client) [console.warn] https://svelte.dev/e/derived_inert
1:28:10 AM [vite] (client) [console.warn] https://svelte.dev/e/derived_inert
1:28:10 AM [vite] (client) [console.warn] https://svelte.dev/e/derived_inert
1:28:10 AM [vite] (client) [console.warn] https://svelte.dev/e/derived_inert
1:28:10 AM [vite] (client) [console.warn] https://svelte.dev/e/derived_inert
1:28:10 AM [vite] (client) [console.warn] https://svelte.dev/e/derived_inert
1:28:10 AM [vite] (client) [console.warn] https://svelte.dev/e/derived_inert
1:28:10 AM [vite] (client) [console.warn] https://svelte.dev/e/derived_inert
1:28:10 AM [vite] (client) [console.warn] https://svelte.dev/e/derived_inert
1:28:10 AM [vite] (client) [console.warn] https://svelte.dev/e/derived_inert
1:28:10 AM [vite] (client) [console.warn] https://svelte.dev/e/derived_inert
1:28:10 AM [vite] (client) [console.warn] https://svelte.dev/e/derived_inert
1:28:10 AM [vite] (client) [console.warn] https://svelte.dev/e/derived_inert
1:28:10 AM [vite] (client) [console.warn] https://svelte.dev/e/derived_inert
1:28:10 AM [vite] (client) [console.warn] https://svelte.dev/e/derived_inert
1:28:10 AM [vite] (client) [console.warn] https://svelte.dev/e/derived_inert
1:28:10 AM [vite] (client) [console.warn] https://svelte.dev/e/derived_inert
1:28:10 AM [vite] (client) [console.warn] https://svelte.dev/e/derived_inert
1:28:10 AM [vite] (client) [console.warn] https://svelte.dev/e/derived_inert
1:28:10 AM [vite] (client) [console.warn] https://svelte.dev/e/derived_inert
1:28:10 AM [vite] (client) [console.warn] https://svelte.dev/e/derived_inert
1:28:10 AM [vite] (client) [console.warn] https://svelte.dev/e/derived_inert
1:28:10 AM [vite] (client) [console.warn] https://svelte.dev/e/derived_inert
1:28:10 AM [vite] (client) [console.warn] https://svelte.dev/e/derived_inert
1:28:10 AM [vite] (client) [console.warn] https://svelte.dev/e/derived_inert
1:28:10 AM [vite] (client) [console.warn] https://svelte.dev/e/derived_inert
1:28:10 AM [vite] (client) [console.warn] https://svelte.dev/e/derived_inert
1:28:10 AM [vite] (client) [console.warn] https://svelte.dev/e/derived_inert
1:28:10 AM [vite] (client) [console.warn] https://svelte.dev/e/derived_inert
1:28:10 AM [vite] (client) [console.warn] https://svelte.dev/e/derived_inert
1:28:10 AM [vite] (client) [console.warn] https://svelte.dev/e/derived_inert
1:28:10 AM [vite] (client) [console.warn] https://svelte.dev/e/derived_inert
1:28:10 AM [vite] (client) [console.warn] https://svelte.dev/e/derived_inert
1:28:10 AM [vite] (client) [console.warn] https://svelte.dev/e/derived_inert
1:28:10 AM [vite] (client) [console.warn] https://svelte.dev/e/derived_inert
1:28:10 AM [vite] (client) [console.warn] https://svelte.dev/e/derived_inert
1:28:10 AM [vite] (client) [console.warn] https://svelte.dev/e/derived_inert
1:28:10 AM [vite] (client) [console.warn] https://svelte.dev/e/derived_inert
1:28:10 AM [vite] (client) [console.warn] https://svelte.dev/e/derived_inert
1:28:10 AM [vite] (client) [console.warn] https://svelte.dev/e/derived_inert
1:28:10 AM [vite] (client) [console.warn] https://svelte.dev/e/derived_inert
1:28:10 AM [vite] (client) [console.warn] https://svelte.dev/e/derived_inert
1:28:10 AM [vite] (client) [console.warn] https://svelte.dev/e/derived_inert
1:28:10 AM [vite] (client) [console.warn] https://svelte.dev/e/derived_inert
1:28:10 AM [vite] (client) [console.warn] https://svelte.dev/e/derived_inert
1:28:10 AM [vite] (client) [console.warn] https://svelte.dev/e/derived_inert
1:28:10 AM [vite] (client) [console.warn] https://svelte.dev/e/derived_inert
1:28:10 AM [vite] (client) [console.warn] https://svelte.dev/e/derived_inert
1:28:10 AM [vite] (client) [console.warn] https://svelte.dev/e/derived_inert
1:28:10 AM [vite] (client) [console.warn] https://svelte.dev/e/derived_inert
1:28:10 AM [vite] (client) [console.warn] https://svelte.dev/e/derived_inert
1:28:10 AM [vite] (client) [console.warn] https://svelte.dev/e/derived_inert
1:28:10 AM [vite] (client) [console.warn] https://svelte.dev/e/derived_inert
1:28:10 AM [vite] (client) [console.warn] https://svelte.dev/e/derived_inert
1:28:10 AM [vite] (client) [console.warn] https://svelte.dev/e/derived_inert
1:28:10 AM [vite] (client) [console.warn] https://svelte.dev/e/derived_inert
1:28:10 AM [vite] (client) [console.warn] https://svelte.dev/e/derived_inert
1:28:10 AM [vite] (client) [console.warn] https://svelte.dev/e/derived_inert
1:28:10 AM [vite] (client) [console.warn] https://svelte.dev/e/derived_inert
1:28:10 AM [vite] (client) [console.warn] https://svelte.dev/e/derived_inert
1:28:10 AM [vite] (client) [console.warn] https://svelte.dev/e/derived_inert
1:28:10 AM [vite] (client) [console.warn] https://svelte.dev/e/derived_inert
1:28:10 AM [vite] (client) [console.warn] https://svelte.dev/e/derived_inert
1:28:10 AM [vite] (client) [console.warn] https://svelte.dev/e/derived_inert
1:28:10 AM [vite] (client) [console.warn] https://svelte.dev/e/derived_inert
1:28:10 AM [vite] (client) [console.warn] https://svelte.dev/e/derived_inert
1:28:10 AM [vite] (client) [console.warn] https://svelte.dev/e/derived_inert
1:28:10 AM [vite] (client) [console.warn] https://svelte.dev/e/derived_inert
1:28:10 AM [vite] (client) [console.warn] https://svelte.dev/e/derived_inert
1:28:10 AM [vite] (client) [console.warn] https://svelte.dev/e/derived_inert
1:28:10 AM [vite] (client) [console.warn] https://svelte.dev/e/derived_inert
1:28:10 AM [vite] (client) [console.warn] https://svelte.dev/e/derived_inert
1:28:10 AM [vite] (client) [console.warn] https://svelte.dev/e/derived_inert
1:28:10 AM [vite] (client) [console.warn] https://svelte.dev/e/derived_inert
1:28:10 AM [vite] (client) [console.warn] https://svelte.dev/e/derived_inert
1:28:10 AM [vite] (client) [console.warn] https://svelte.dev/e/derived_inert
1:28:10 AM [vite] (client) [console.warn] https://svelte.dev/e/derived_inert
1:28:10 AM [vite] (client) [console.warn] https://svelte.dev/e/derived_inert
1:28:10 AM [vite] (client) [console.warn] https://svelte.dev/e/derived_inert
1:28:10 AM [vite] (client) [console.warn] https://svelte.dev/e/derived_inert
1:28:10 AM [vite] (client) [console.warn] https://svelte.dev/e/derived_inert
1:28:10 AM [vite] (client) [console.warn] https://svelte.dev/e/derived_inert
1:28:10 AM [vite] (client) [console.warn] https://svelte.dev/e/derived_inert
1:28:10 AM [vite] (client) [console.warn] https://svelte.dev/e/derived_inert
1:28:10 AM [vite] (client) [console.warn] https://svelte.dev/e/derived_inert
1:28:10 AM [vite] (client) [console.warn] https://svelte.dev/e/derived_inert
1:28:10 AM [vite] (client) [console.warn] https://svelte.dev/e/derived_inert
1:28:10 AM [vite] (client) [console.warn] https://svelte.dev/e/derived_inert
1:28:10 AM [vite] (client) [console.warn] https://svelte.dev/e/derived_inert
1:28:10 AM [vite] (client) [console.warn] https://svelte.dev/e/derived_inert
1:28:10 AM [vite] (client) [console.warn] https://svelte.dev/e/derived_inert
1:28:10 AM [vite] (client) [console.warn] https://svelte.dev/e/derived_inert
1:28:10 AM [vite] (client) [console.warn] https://svelte.dev/e/derived_inert
1:28:10 AM [vite] (client) [console.warn] https://svelte.dev/e/derived_inert
1:28:10 AM [vite] (client) [console.warn] https://svelte.dev/e/derived_inert
1:28:10 AM [vite] (client) [console.warn] https://svelte.dev/e/derived_inert
1:28:10 AM [vite] (client) [console.warn] https://svelte.dev/e/derived_inert
1:28:10 AM [vite] (client) [console.warn] https://svelte.dev/e/derived_inert
1:28:10 AM [vite] (client) [console.warn] https://svelte.dev/e/derived_inert
1:28:10 AM [vite] (client) [console.warn] https://svelte.dev/e/derived_inert
1:28:10 AM [vite] (client) [console.warn] https://svelte.dev/e/derived_inert
1:28:10 AM [vite] (client) [console.warn] https://svelte.dev/e/derived_inert
1:28:10 AM [vite] (client) [console.warn] https://svelte.dev/e/derived_inert
1:28:10 AM [vite] (client) [console.warn] https://svelte.dev/e/derived_inert
1:28:10 AM [vite] (client) [console.warn] https://svelte.dev/e/derived_inert
1:28:10 AM [vite] (client) [console.warn] https://svelte.dev/e/derived_inert
1:28:10 AM [vite] (client) [console.warn] https://svelte.dev/e/derived_inert
1:28:10 AM [vite] (client) [console.warn] https://svelte.dev/e/derived_inert
1:28:10 AM [vite] (client) [console.warn] https://svelte.dev/e/derived_inert
1:28:10 AM [vite] (client) [console.warn] https://svelte.dev/e/derived_inert
1:28:10 AM [vite] (client) [console.warn] https://svelte.dev/e/derived_inert
1:28:10 AM [vite] (client) [console.warn] https://svelte.dev/e/derived_inert
1:28:10 AM [vite] (client) [console.warn] https://svelte.dev/e/derived_inert
1:28:10 AM [vite] (client) [console.warn] https://svelte.dev/e/derived_inert
1:28:10 AM [vite] (client) [console.warn] https://svelte.dev/e/derived_inert
1:28:10 AM [vite] (client) [console.warn] https://svelte.dev/e/derived_inert
1:28:10 AM [vite] (client) [console.warn] https://svelte.dev/e/derived_inert
1:28:10 AM [vite] (client) [console.warn] https://svelte.dev/e/derived_inert
1:28:10 AM [vite] (client) [console.warn] https://svelte.dev/e/derived_inert
1:28:10 AM [vite] (client) [console.warn] https://svelte.dev/e/derived_inert
1:28:10 AM [vite] (client) [console.warn] https://svelte.dev/e/derived_inert
1:28:10 AM [vite] (client) [console.warn] https://svelte.dev/e/derived_inert
1:28:10 AM [vite] (client) [console.warn] https://svelte.dev/e/derived_inert
1:28:10 AM [vite] (client) [console.warn] https://svelte.dev/e/derived_inert
1:28:10 AM [vite] (client) [console.warn] https://svelte.dev/e/derived_inert
1:28:10 AM [vite] (client) [console.warn] https://svelte.dev/e/derived_inert
1:28:10 AM [vite] (client) [console.warn] https://svelte.dev/e/derived_inert
1:28:10 AM [vite] (client) [console.warn] https://svelte.dev/e/derived_inert
1:28:10 AM [vite] (client) [console.warn] https://svelte.dev/e/derived_inert
1:28:10 AM [vite] (client) [console.warn] https://svelte.dev/e/derived_inert
1:28:10 AM [vite] (client) [console.warn] https://svelte.dev/e/derived_inert
1:28:10 AM [vite] (client) [console.warn] https://svelte.dev/e/derived_inert
1:28:10 AM [vite] (client) [console.warn] https://svelte.dev/e/derived_inert
1:28:10 AM [vite] (client) [console.warn] https://svelte.dev/e/derived_inert
1:28:10 AM [vite] (client) [console.warn] https://svelte.dev/e/derived_inert
1:28:10 AM [vite] (client) [console.warn] https://svelte.dev/e/derived_inert
1:28:10 AM [vite] (client) [console.warn] https://svelte.dev/e/derived_inert
1:28:10 AM [vite] (client) [console.warn] https://svelte.dev/e/derived_inert
1:28:10 AM [vite] (client) [console.warn] https://svelte.dev/e/derived_inert
1:28:10 AM [vite] (client) [console.warn] https://svelte.dev/e/derived_inert
1:28:10 AM [vite] (client) [console.warn] https://svelte.dev/e/derived_inert
1:28:10 AM [vite] (client) [console.warn] https://svelte.dev/e/derived_inert
1:28:10 AM [vite] (client) [console.warn] https://svelte.dev/e/derived_inert
1:28:10 AM [vite] (client) [console.warn] https://svelte.dev/e/derived_inert
1:28:10 AM [vite] (client) [console.warn] https://svelte.dev/e/derived_inert
1:28:10 AM [vite] (client) [console.warn] https://svelte.dev/e/derived_inert
1:28:10 AM [vite] (client) [console.warn] https://svelte.dev/e/derived_inert
1:28:10 AM [vite] (client) [console.warn] https://svelte.dev/e/derived_inert
1:28:10 AM [vite] (client) [console.warn] https://svelte.dev/e/derived_inert
1:28:10 AM [vite] (client) [console.warn] https://svelte.dev/e/derived_inert
1:28:10 AM [vite] (client) [console.warn] https://svelte.dev/e/derived_inert
1:28:10 AM [vite] (client) [console.warn] https://svelte.dev/e/derived_inert
1:28:10 AM [vite] (client) [console.warn] https://svelte.dev/e/derived_inert
1:28:10 AM [vite] (client) [console.warn] https://svelte.dev/e/derived_inert
1:28:10 AM [vite] (client) [console.warn] https://svelte.dev/e/derived_inert
1:28:10 AM [vite] (client) [console.warn] https://svelte.dev/e/derived_inert
1:28:10 AM [vite] (client) [console.warn] https://svelte.dev/e/derived_inert
1:28:10 AM [vite] (client) [console.warn] https://svelte.dev/e/derived_inert
1:28:10 AM [vite] (client) [console.warn] https://svelte.dev/e/derived_inert
1:28:10 AM [vite] (client) [console.warn] https://svelte.dev/e/derived_inert
1:28:10 AM [vite] (client) [console.warn] https://svelte.dev/e/derived_inert
1:28:10 AM [vite] (client) [console.warn] https://svelte.dev/e/derived_inert
1:28:10 AM [vite] (client) [console.warn] https://svelte.dev/e/derived_inert
1:28:10 AM [vite] (client) [console.warn] https://svelte.dev/e/derived_inert
1:28:10 AM [vite] (client) [console.warn] https://svelte.dev/e/derived_inert
1:28:10 AM [vite] (client) [console.warn] https://svelte.dev/e/derived_inert
1:28:10 AM [vite] (client) [console.warn] https://svelte.dev/e/derived_inert
1:28:10 AM [vite] (client) [console.warn] https://svelte.dev/e/derived_inert
1:28:10 AM [vite] (client) [console.warn] https://svelte.dev/e/derived_inert
1:28:10 AM [vite] (client) [console.warn] https://svelte.dev/e/derived_inert
1:28:10 AM [vite] (client) [console.warn] https://svelte.dev/e/derived_inert
1:28:10 AM [vite] (client) [console.warn] https://svelte.dev/e/derived_inert
1:28:10 AM [vite] (client) [console.warn] https://svelte.dev/e/derived_inert
1:28:10 AM [vite] (client) [console.warn] https://svelte.dev/e/derived_inert
1:28:10 AM [vite] (client) [console.warn] https://svelte.dev/e/derived_inert
1:28:10 AM [vite] (client) [console.warn] https://svelte.dev/e/derived_inert
1:28:10 AM [vite] (client) [console.warn] https://svelte.dev/e/derived_inert
1:28:10 AM [vite] (client) [console.warn] https://svelte.dev/e/derived_inert
1:28:10 AM [vite] (client) [console.warn] https://svelte.dev/e/derived_inert
1:28:10 AM [vite] (client) [console.warn] https://svelte.dev/e/derived_inert
1:28:10 AM [vite] (client) [console.warn] https://svelte.dev/e/derived_inert
1:28:10 AM [vite] (client) [console.warn] https://svelte.dev/e/derived_inert
1:28:10 AM [vite] (client) [console.warn] https://svelte.dev/e/derived_inert
1:28:10 AM [vite] (client) [console.warn] https://svelte.dev/e/derived_inert
1:28:10 AM [vite] (client) [console.warn] https://svelte.dev/e/derived_inert
1:28:10 AM [vite] (client) [console.warn] https://svelte.dev/e/derived_inert
1:28:10 AM [vite] (client) [console.warn] https://svelte.dev/e/derived_inert
1:28:10 AM [vite] (client) [console.warn] https://svelte.dev/e/derived_inert
1:28:10 AM [vite] (client) [console.warn] https://svelte.dev/e/derived_inert
1:28:10 AM [vite] (client) [console.warn] https://svelte.dev/e/derived_inert
1:28:10 AM [vite] (client) [console.warn] https://svelte.dev/e/derived_inert
1:28:10 AM [vite] (client) [console.warn] https://svelte.dev/e/derived_inert
1:28:10 AM [vite] (client) [console.warn] https://svelte.dev/e/derived_inert
1:28:10 AM [vite] (client) [console.warn] https://svelte.dev/e/derived_inert
1:28:10 AM [vite] (client) [console.warn] https://svelte.dev/e/derived_inert
1:28:10 AM [vite] (client) [console.warn] https://svelte.dev/e/derived_inert
1:28:10 AM [vite] (client) [console.warn] https://svelte.dev/e/derived_inert
1:28:10 AM [vite] (client) [console.warn] https://svelte.dev/e/derived_inert
1:28:10 AM [vite] (client) [console.warn] https://svelte.dev/e/derived_inert
1:28:10 AM [vite] (client) [console.warn] https://svelte.dev/e/derived_inert
1:28:10 AM [vite] (client) [console.warn] https://svelte.dev/e/derived_inert
1:28:10 AM [vite] (client) [console.warn] https://svelte.dev/e/derived_inert
1:28:10 AM [vite] (client) [console.warn] https://svelte.dev/e/derived_inert
1:28:10 AM [vite] (client) [console.warn] https://svelte.dev/e/derived_inert
1:28:10 AM [vite] (client) [console.warn] https://svelte.dev/e/derived_inert
1:28:10 AM [vite] (client) [console.warn] https://svelte.dev/e/derived_inert
1:28:10 AM [vite] (client) [console.warn] https://svelte.dev/e/derived_inert
1:28:10 AM [vite] (client) [console.warn] https://svelte.dev/e/derived_inert
1:28:10 AM [vite] (client) [console.warn] https://svelte.dev/e/derived_inert
1:28:10 AM [vite] (client) [console.warn] https://svelte.dev/e/derived_inert
1:28:10 AM [vite] (client) [console.warn] https://svelte.dev/e/derived_inert
1:28:10 AM [vite] (client) [console.warn] https://svelte.dev/e/derived_inert
1:28:18 AM [vite] (client) [console.error] Failed to send message Error: Try again
    at http://localhost:63316/Users/johnnynguyen/Documents/Repos/Banhall-bmad-dw97-fix/src/lib/components/chat/RegenerateQueryState.component.test.ts?import&browserv=1788596897289:65:43
    at async http://localhost:63316/node_modules/@vitest/runner/dist/chunk-artifact.js?v=fb19c9d1:1903:20
1:28:18 AM [vite] (client) [console.error] Failed to send message Error: Try again
    at http://localhost:63316/Users/johnnynguyen/Documents/Repos/Banhall-bmad-dw97-fix/src/lib/components/chat/RegenerateQueryState.component.test.ts?import&browserv=1788596897289:65:43
    at async http://localhost:63316/node_modules/@vitest/runner/dist/chunk-artifact.js?v=fb19c9d1:1903:20
1:28:19 AM [vite] (client) [console.warn] https://svelte.dev/e/derived_inert
1:28:19 AM [vite] (client) [console.warn] https://svelte.dev/e/derived_inert
1:28:19 AM [vite] (client) [console.warn] https://svelte.dev/e/derived_inert
1:28:19 AM [vite] (client) [console.warn] https://svelte.dev/e/derived_inert
1:28:19 AM [vite] (client) [console.warn] https://svelte.dev/e/derived_inert
1:28:19 AM [vite] (client) [console.warn] https://svelte.dev/e/derived_inert
1:28:19 AM [vite] (client) [console.warn] https://svelte.dev/e/derived_inert
1:28:19 AM [vite] (client) [console.warn] https://svelte.dev/e/derived_inert
1:28:19 AM [vite] (client) [console.warn] https://svelte.dev/e/derived_inert
1:28:19 AM [vite] (client) [console.warn] https://svelte.dev/e/derived_inert
1:28:19 AM [vite] (client) [console.warn] https://svelte.dev/e/derived_inert
1:28:19 AM [vite] (client) [console.warn] https://svelte.dev/e/derived_inert
1:28:19 AM [vite] (client) [console.warn] https://svelte.dev/e/derived_inert
1:28:19 AM [vite] (client) [console.warn] https://svelte.dev/e/derived_inert
1:28:19 AM [vite] (client) [console.warn] https://svelte.dev/e/derived_inert
1:28:19 AM [vite] (client) [console.warn] https://svelte.dev/e/derived_inert
1:28:19 AM [vite] (client) [console.warn] https://svelte.dev/e/derived_inert
1:28:19 AM [vite] (client) [console.warn] https://svelte.dev/e/derived_inert
1:28:19 AM [vite] (client) [console.warn] https://svelte.dev/e/derived_inert
1:28:19 AM [vite] (client) [console.warn] https://svelte.dev/e/derived_inert
1:28:19 AM [vite] (client) [console.warn] https://svelte.dev/e/derived_inert
1:28:19 AM [vite] (client) [console.warn] https://svelte.dev/e/derived_inert
1:28:19 AM [vite] (client) [console.warn] https://svelte.dev/e/derived_inert
1:28:19 AM [vite] (client) [console.warn] https://svelte.dev/e/derived_inert
1:28:19 AM [vite] (client) [console.warn] https://svelte.dev/e/derived_inert
1:28:19 AM [vite] (client) [console.warn] https://svelte.dev/e/derived_inert
1:28:19 AM [vite] (client) [console.warn] https://svelte.dev/e/derived_inert
1:28:19 AM [vite] (client) [console.warn] https://svelte.dev/e/derived_inert
1:28:19 AM [vite] (client) [console.warn] https://svelte.dev/e/derived_inert
1:28:19 AM [vite] (client) [console.warn] https://svelte.dev/e/derived_inert
1:28:19 AM [vite] (client) [console.warn] https://svelte.dev/e/derived_inert
1:28:19 AM [vite] (client) [console.warn] https://svelte.dev/e/derived_inert
1:28:19 AM [vite] (client) [console.warn] https://svelte.dev/e/derived_inert
1:28:19 AM [vite] (client) [console.warn] https://svelte.dev/e/derived_inert
1:28:19 AM [vite] (client) [console.warn] https://svelte.dev/e/derived_inert
1:28:19 AM [vite] (client) [console.warn] https://svelte.dev/e/derived_inert
1:28:20 AM [vite] (client) [console.warn] https://svelte.dev/e/derived_inert
1:28:21 AM [vite] (client) [console.warn] https://svelte.dev/e/derived_inert
1:28:24 AM [vite] (client) [console.warn] https://svelte.dev/e/derived_inert
1:28:24 AM [vite] (client) [console.warn] https://svelte.dev/e/derived_inert
1:28:24 AM [vite] (client) [console.warn] https://svelte.dev/e/derived_inert
1:28:24 AM [vite] (client) [console.warn] https://svelte.dev/e/derived_inert
1:28:25 AM [vite] (client) [console.warn] https://svelte.dev/e/derived_inert
1:28:25 AM [vite] (client) [console.warn] https://svelte.dev/e/derived_inert
1:28:25 AM [vite] (client) [console.warn] https://svelte.dev/e/derived_inert
1:28:25 AM [vite] (client) [console.warn] https://svelte.dev/e/derived_inert
1:28:25 AM [vite] (client) [console.warn] https://svelte.dev/e/derived_inert
1:28:25 AM [vite] (client) [console.warn] https://svelte.dev/e/derived_inert
1:28:25 AM [vite] (client) [console.warn] https://svelte.dev/e/derived_inert
1:28:25 AM [vite] (client) [console.warn] https://svelte.dev/e/derived_inert
1:28:25 AM [vite] (client) [console.warn] https://svelte.dev/e/derived_inert
1:28:25 AM [vite] (client) [console.warn] https://svelte.dev/e/derived_inert
1:28:25 AM [vite] (client) [console.warn] https://svelte.dev/e/derived_inert
1:28:25 AM [vite] (client) [console.warn] https://svelte.dev/e/derived_inert
1:28:25 AM [vite] (client) [console.warn] https://svelte.dev/e/derived_inert
1:28:25 AM [vite] (client) [console.warn] https://svelte.dev/e/derived_inert
1:28:25 AM [vite] (client) [console.warn] https://svelte.dev/e/derived_inert
1:28:25 AM [vite] (client) [console.warn] https://svelte.dev/e/derived_inert
1:28:25 AM [vite] (client) [console.warn] https://svelte.dev/e/derived_inert
1:28:25 AM [vite] (client) [console.warn] https://svelte.dev/e/derived_inert
1:28:25 AM [vite] (client) [console.warn] https://svelte.dev/e/derived_inert
1:28:25 AM [vite] (client) [console.warn] https://svelte.dev/e/derived_inert
1:28:25 AM [vite] (client) [console.warn] https://svelte.dev/e/derived_inert
1:28:25 AM [vite] (client) [console.warn] https://svelte.dev/e/derived_inert
1:28:25 AM [vite] (client) [console.warn] https://svelte.dev/e/derived_inert
1:28:25 AM [vite] (client) [console.warn] https://svelte.dev/e/derived_inert
1:28:25 AM [vite] (client) [console.warn] https://svelte.dev/e/derived_inert
1:28:25 AM [vite] (client) [console.warn] https://svelte.dev/e/derived_inert
1:28:25 AM [vite] (client) [console.warn] https://svelte.dev/e/derived_inert
1:28:25 AM [vite] (client) [console.warn] https://svelte.dev/e/derived_inert
1:28:25 AM [vite] (client) [console.warn] https://svelte.dev/e/derived_inert
1:28:25 AM [vite] (client) [console.warn] https://svelte.dev/e/derived_inert
1:28:25 AM [vite] (client) [console.warn] https://svelte.dev/e/derived_inert
1:28:25 AM [vite] (client) [console.warn] https://svelte.dev/e/derived_inert
1:28:25 AM [vite] (client) [console.warn] https://svelte.dev/e/derived_inert
1:28:25 AM [vite] (client) [console.warn] https://svelte.dev/e/derived_inert
1:28:25 AM [vite] (client) [console.warn] https://svelte.dev/e/derived_inert
1:28:25 AM [vite] (client) [console.warn] https://svelte.dev/e/derived_inert
1:28:25 AM [vite] (client) [console.warn] https://svelte.dev/e/derived_inert
1:28:25 AM [vite] (client) [console.warn] https://svelte.dev/e/derived_inert
1:28:25 AM [vite] (client) [console.warn] https://svelte.dev/e/derived_inert
1:28:25 AM [vite] (client) [console.warn] https://svelte.dev/e/derived_inert
1:28:25 AM [vite] (client) [console.warn] https://svelte.dev/e/derived_inert
1:28:25 AM [vite] (client) [console.warn] https://svelte.dev/e/derived_inert
1:28:25 AM [vite] (client) [console.warn] https://svelte.dev/e/derived_inert
1:28:25 AM [vite] (client) [console.warn] https://svelte.dev/e/derived_inert
1:28:25 AM [vite] (client) [console.warn] https://svelte.dev/e/derived_inert
1:28:25 AM [vite] (client) [console.warn] https://svelte.dev/e/derived_inert
1:28:25 AM [vite] (client) [console.warn] https://svelte.dev/e/derived_inert
1:28:25 AM [vite] (client) [console.warn] https://svelte.dev/e/derived_inert
1:28:25 AM [vite] (client) [console.warn] https://svelte.dev/e/derived_inert
1:28:25 AM [vite] (client) [console.warn] https://svelte.dev/e/derived_inert
1:28:25 AM [vite] (client) [console.warn] https://svelte.dev/e/derived_inert
1:28:25 AM [vite] (client) [console.warn] https://svelte.dev/e/derived_inert
1:28:25 AM [vite] (client) [console.warn] https://svelte.dev/e/derived_inert
1:28:25 AM [vite] (client) [console.warn] https://svelte.dev/e/derived_inert
1:28:25 AM [vite] (client) [console.warn] https://svelte.dev/e/derived_inert
1:28:25 AM [vite] (client) [console.warn] https://svelte.dev/e/derived_inert
1:28:25 AM [vite] (client) [console.warn] https://svelte.dev/e/derived_inert
1:28:25 AM [vite] (client) [console.warn] https://svelte.dev/e/derived_inert
1:28:25 AM [vite] (client) [console.warn] https://svelte.dev/e/derived_inert
1:28:25 AM [vite] (client) [console.warn] https://svelte.dev/e/derived_inert
1:28:25 AM [vite] (client) [console.warn] https://svelte.dev/e/derived_inert
1:28:25 AM [vite] (client) [console.warn] https://svelte.dev/e/derived_inert
1:28:25 AM [vite] (client) [console.warn] https://svelte.dev/e/derived_inert
1:28:25 AM [vite] (client) [console.warn] https://svelte.dev/e/derived_inert
1:28:25 AM [vite] (client) [console.warn] https://svelte.dev/e/derived_inert
1:28:25 AM [vite] (client) [console.warn] https://svelte.dev/e/derived_inert
1:28:25 AM [vite] (client) [console.warn] https://svelte.dev/e/derived_inert
1:28:25 AM [vite] (client) [console.warn] https://svelte.dev/e/derived_inert
1:28:25 AM [vite] (client) [console.warn] https://svelte.dev/e/derived_inert
1:28:25 AM [vite] (client) [console.warn] https://svelte.dev/e/derived_inert
1:28:25 AM [vite] (client) [console.warn] https://svelte.dev/e/derived_inert
1:28:25 AM [vite] (client) [console.warn] https://svelte.dev/e/derived_inert
1:28:25 AM [vite] (client) [console.warn] https://svelte.dev/e/derived_inert
1:28:25 AM [vite] (client) [console.warn] https://svelte.dev/e/derived_inert
1:28:25 AM [vite] (client) [console.warn] https://svelte.dev/e/derived_inert
1:28:25 AM [vite] (client) [console.warn] https://svelte.dev/e/derived_inert
1:28:25 AM [vite] (client) [console.warn] https://svelte.dev/e/derived_inert
1:28:25 AM [vite] (client) [console.warn] https://svelte.dev/e/derived_inert
1:28:25 AM [vite] (client) [console.warn] https://svelte.dev/e/derived_inert
1:28:25 AM [vite] (client) [console.warn] https://svelte.dev/e/derived_inert
1:28:25 AM [vite] (client) [console.warn] https://svelte.dev/e/derived_inert
1:28:25 AM [vite] (client) [console.warn] https://svelte.dev/e/derived_inert
1:28:25 AM [vite] (client) [console.warn] https://svelte.dev/e/derived_inert
1:28:25 AM [vite] (client) [console.warn] https://svelte.dev/e/derived_inert
1:28:25 AM [vite] (client) [console.warn] https://svelte.dev/e/derived_inert
1:28:25 AM [vite] (client) [console.warn] https://svelte.dev/e/derived_inert
1:28:25 AM [vite] (client) [console.warn] https://svelte.dev/e/derived_inert
1:28:25 AM [vite] (client) [console.warn] https://svelte.dev/e/derived_inert
1:28:25 AM [vite] (client) [console.warn] https://svelte.dev/e/derived_inert
1:28:25 AM [vite] (client) [console.warn] https://svelte.dev/e/derived_inert
1:28:25 AM [vite] (client) [console.warn] https://svelte.dev/e/derived_inert
1:28:25 AM [vite] (client) [console.warn] https://svelte.dev/e/derived_inert
1:28:25 AM [vite] (client) [console.warn] https://svelte.dev/e/derived_inert
1:28:25 AM [vite] (client) [console.warn] https://svelte.dev/e/derived_inert
1:28:25 AM [vite] (client) [console.warn] https://svelte.dev/e/derived_inert
1:28:25 AM [vite] (client) [console.warn] https://svelte.dev/e/derived_inert
1:28:25 AM [vite] (client) [console.warn] https://svelte.dev/e/derived_inert
1:28:25 AM [vite] (client) [console.warn] https://svelte.dev/e/derived_inert
1:28:25 AM [vite] (client) [console.warn] https://svelte.dev/e/derived_inert
1:28:25 AM [vite] (client) [console.warn] https://svelte.dev/e/derived_inert
1:28:25 AM [vite] (client) [console.warn] https://svelte.dev/e/derived_inert
1:28:25 AM [vite] (client) [console.warn] https://svelte.dev/e/derived_inert
1:28:25 AM [vite] (client) [console.warn] https://svelte.dev/e/derived_inert
1:28:25 AM [vite] (client) [console.warn] https://svelte.dev/e/derived_inert
1:28:25 AM [vite] (client) [console.warn] https://svelte.dev/e/derived_inert
1:28:25 AM [vite] (client) [console.warn] https://svelte.dev/e/derived_inert
1:28:25 AM [vite] (client) [console.warn] https://svelte.dev/e/derived_inert
1:28:25 AM [vite] (client) [console.warn] https://svelte.dev/e/derived_inert
1:28:25 AM [vite] (client) [console.warn] https://svelte.dev/e/derived_inert
1:28:25 AM [vite] (client) [console.warn] https://svelte.dev/e/derived_inert
1:28:25 AM [vite] (client) [console.warn] https://svelte.dev/e/derived_inert
1:28:25 AM [vite] (client) [console.warn] https://svelte.dev/e/derived_inert
1:28:25 AM [vite] (client) [console.warn] https://svelte.dev/e/derived_inert
1:28:25 AM [vite] (client) [console.warn] https://svelte.dev/e/derived_inert
1:28:25 AM [vite] (client) [console.warn] https://svelte.dev/e/derived_inert
1:28:25 AM [vite] (client) [console.warn] https://svelte.dev/e/derived_inert
1:28:25 AM [vite] (client) [console.warn] https://svelte.dev/e/derived_inert
1:28:25 AM [vite] (client) [console.warn] https://svelte.dev/e/derived_inert
1:28:25 AM [vite] (client) [console.warn] https://svelte.dev/e/derived_inert
1:28:25 AM [vite] (client) [console.warn] https://svelte.dev/e/derived_inert
1:28:25 AM [vite] (client) [console.warn] https://svelte.dev/e/derived_inert
1:28:25 AM [vite] (client) [console.warn] https://svelte.dev/e/derived_inert
1:28:25 AM [vite] (client) [console.warn] https://svelte.dev/e/derived_inert
1:28:25 AM [vite] (client) [console.warn] https://svelte.dev/e/derived_inert
1:28:28 AM [vite] (client) [console.warn] https://svelte.dev/e/derived_inert

 Test Files  58 passed (58)
      Tests  406 passed (406)
   Start at  01:27:21
   Duration  69.58s (transform 0ms, setup 2.07s, import 30.54s, tests 28.02s, environment 0ms)
