
> banhall-app@0.1.0 test:component
> vitest run --config vitest.component.config.ts src/lib/components/chat/RegenerateLimits.component.test.ts src/lib/components/chat/RegenerateTurn.component.test.ts src/lib/components/chat/RegenerateQueryState.component.test.ts

1:25:34 AM [vite-plugin-svelte] no Svelte config found at /Users/johnnynguyen/Documents/Repos/Banhall-bmad-dw97-fix - using default configuration.

 RUN  v4.1.10 /Users/johnnynguyen/Documents/Repos/Banhall-bmad-dw97-fix

1:25:34 AM [vite-plugin-svelte] no Svelte config found at /Users/johnnynguyen/Documents/Repos/Banhall-bmad-dw97-fix - using default configuration.
1:25:38 AM [vite] (client) [console.error] Failed to send message Error: Resend unavailable
    at http://localhost:63315/Users/johnnynguyen/Documents/Repos/Banhall-bmad-dw97-fix/src/lib/components/chat/RegenerateTurn.component.test.ts?import&browserv=1788596736443:194:43
    at async http://localhost:63315/node_modules/@vitest/runner/dist/chunk-artifact.js?v=fb19c9d1:1903:20
1:25:38 AM [vite] (client) [console.error] Failed to send message Error: Please retry resend
    at http://localhost:63315/Users/johnnynguyen/Documents/Repos/Banhall-bmad-dw97-fix/src/lib/components/chat/RegenerateTurn.component.test.ts?import&browserv=1788596736443:364:43
    at async http://localhost:63315/node_modules/@vitest/runner/dist/chunk-artifact.js?v=fb19c9d1:1903:20
1:25:44 AM [vite] (client) [console.error] Failed to send message Error: Delayed resend failure
    at http://localhost:63315/Users/johnnynguyen/Documents/Repos/Banhall-bmad-dw97-fix/src/lib/components/chat/RegenerateTurn.component.test.ts?import&browserv=1788596736443:980:13
    at async http://localhost:63315/node_modules/@vitest/runner/dist/chunk-artifact.js?v=fb19c9d1:1903:20
1:25:46 AM [vite] (client) [Unhandled error] TypeError: Cannot read properties of undefined (reading 'filter')
 > researchSteps src/lib/components/research/ResearchFeed.svelte:123:37
    121 |      // how many researchers the workflow fans out to.
    122 |      const status = details?.session.status ?? selectedSummary?.status ?? "queued";
    123 |      const searchRuns = details?.runs.filter((run) => run.kind !== "reviewer") ?? [];
        |                                       ^
    124 |      const failedSearches = searchRuns.filter((run) => run.status === "failed").length;
    125 |      const allSearchesFailed = searchRuns.length > 0 && failedSearches === searchRuns.length;
 > node_modules/svelte/src/internal/client/dom/blocks/each.js:204:19
 > update_reaction node_modules/svelte/src/internal/client/runtime.js:259:15
 > execute_derived node_modules/svelte/src/internal/client/reactivity/deriveds.js:380:11
 > update_derived node_modules/svelte/src/internal/client/reactivity/deriveds.js:394:13
 > is_dirty node_modules/svelte/src/internal/client/runtime.js:175:4
 > #traverse node_modules/svelte/src/internal/client/reactivity/batch.js:453:15
 > #process node_modules/svelte/src/internal/client/reactivity/batch.js:326:19
 > Batch.flush node_modules/svelte/src/internal/client/reactivity/batch.js:618:17
 > Array.<anonymous> node_modules/svelte/src/internal/client/reactivity/batch.js:865:12

1:26:01 AM [vite] (client) [Unhandled error] TypeError: Cannot read properties of undefined (reading 'filter')
 > researchSteps src/lib/components/research/ResearchFeed.svelte:123:37
    121 |      // how many researchers the workflow fans out to.
    122 |      const status = details?.session.status ?? selectedSummary?.status ?? "queued";
    123 |      const searchRuns = details?.runs.filter((run) => run.kind !== "reviewer") ?? [];
        |                                       ^
    124 |      const failedSearches = searchRuns.filter((run) => run.status === "failed").length;
    125 |      const allSearchesFailed = searchRuns.length > 0 && failedSearches === searchRuns.length;
 > node_modules/svelte/src/internal/client/dom/blocks/each.js:204:19
 > update_reaction node_modules/svelte/src/internal/client/runtime.js:259:15
 > execute_derived node_modules/svelte/src/internal/client/reactivity/deriveds.js:380:11
 > update_derived node_modules/svelte/src/internal/client/reactivity/deriveds.js:394:13
 > is_dirty node_modules/svelte/src/internal/client/runtime.js:175:4
 > #traverse node_modules/svelte/src/internal/client/reactivity/batch.js:453:15
 > #process node_modules/svelte/src/internal/client/reactivity/batch.js:326:19
 > Batch.flush node_modules/svelte/src/internal/client/reactivity/batch.js:618:17
 > Array.<anonymous> node_modules/svelte/src/internal/client/reactivity/batch.js:865:12

1:26:16 AM [vite] (client) [Unhandled error] TypeError: Cannot read properties of undefined (reading 'filter')
 > researchSteps src/lib/components/research/ResearchFeed.svelte:123:37
    121 |      // how many researchers the workflow fans out to.
    122 |      const status = details?.session.status ?? selectedSummary?.status ?? "queued";
    123 |      const searchRuns = details?.runs.filter((run) => run.kind !== "reviewer") ?? [];
        |                                       ^
    124 |      const failedSearches = searchRuns.filter((run) => run.status === "failed").length;
    125 |      const allSearchesFailed = searchRuns.length > 0 && failedSearches === searchRuns.length;
 > node_modules/svelte/src/internal/client/dom/blocks/each.js:204:19
 > update_reaction node_modules/svelte/src/internal/client/runtime.js:259:15
 > execute_derived node_modules/svelte/src/internal/client/reactivity/deriveds.js:380:11
 > update_derived node_modules/svelte/src/internal/client/reactivity/deriveds.js:394:13
 > is_dirty node_modules/svelte/src/internal/client/runtime.js:175:4
 > #traverse node_modules/svelte/src/internal/client/reactivity/batch.js:453:15
 > #process node_modules/svelte/src/internal/client/reactivity/batch.js:326:19
 > Batch.flush node_modules/svelte/src/internal/client/reactivity/batch.js:618:17
 > Array.<anonymous> node_modules/svelte/src/internal/client/reactivity/batch.js:865:12

 ❯ |component (chromium)| src/lib/components/chat/RegenerateLimits.component.test.ts (17 tests | 3 failed) 46354ms
   × retains displaced research guard through loading direct metadata until fresh recovery 15061ms
   × retains displaced research guard through stale direct metadata until fresh recovery 15001ms
   × retains displaced research guard through error direct metadata until fresh recovery 15000ms
1:26:31 AM [vite] (client) [console.error] Failed to send message Error: Try again
    at http://localhost:63315/Users/johnnynguyen/Documents/Repos/Banhall-bmad-dw97-fix/src/lib/components/chat/RegenerateQueryState.component.test.ts?import&browserv=1788596791760:65:43
    at async http://localhost:63315/node_modules/@vitest/runner/dist/chunk-artifact.js?v=fb19c9d1:1903:20
1:26:32 AM [vite] (client) [console.error] Failed to send message Error: Try again
    at http://localhost:63315/Users/johnnynguyen/Documents/Repos/Banhall-bmad-dw97-fix/src/lib/components/chat/RegenerateQueryState.component.test.ts?import&browserv=1788596791760:65:43
    at async http://localhost:63315/node_modules/@vitest/runner/dist/chunk-artifact.js?v=fb19c9d1:1903:20

⎯⎯⎯⎯⎯⎯⎯ Failed Tests 3 ⎯⎯⎯⎯⎯⎯⎯

 FAIL  |component (chromium)| src/lib/components/chat/RegenerateLimits.component.test.ts > retains displaced research guard through loading direct metadata until fresh recovery
Error: [2mexpect([22m[31melement[39m[2m).toBeEnabled()[22m

Received element is not enabled:
  [31m<button
  aria-busy="false"
  aria-describedby="c207-regeneration-description"
  class="inline-flex shrink-0 items-center justify-center gap-1.5 rounded-lg text-xs font-medium transition-colors focus-visible:outline-none focus-visible:ring-2 focus-visible:ring-offset-2 disabled:pointer-events-none disabled:opacity-50 motion-reduce:transition-none text-ink-secondary hover:bg-primary-wash hover:text-navy focus-visible:ring-primary min-h-9 px-2 pointer-coarse:min-h-11"
  disabled=""
  type="button"
/>[39m

Failure screenshot:
  - src/lib/components/chat/__screenshots__/RegenerateLimits.component.test.ts/retains-displaced-research-guard-through-loading-direct-metadata-until-fresh-recovery-1.png

 ❯ src/lib/components/chat/RegenerateLimits.component.test.ts:133:37
    131|   __setQueryData("research:getSessionDetails", terminal);
    132|   __setQueryDataForArgs("research:getSessionDetails", { sessionId: "pe…
    133|   await expect.element(regenerate()).toBeEnabled();
       |                                     ^
    134|   await expect.element(page.getByRole("textbox")).toHaveValue("Preserv…
    135|   await expect.element(page.getByRole("button", { name: "Send message"…

Caused by: Error: Matcher did not succeed in time.
 ❯ src/lib/components/chat/RegenerateLimits.component.test.ts:133:2

⎯⎯⎯⎯⎯⎯⎯⎯⎯⎯⎯⎯⎯⎯⎯⎯⎯⎯⎯⎯⎯⎯⎯⎯[1/3]⎯

 FAIL  |component (chromium)| src/lib/components/chat/RegenerateLimits.component.test.ts > retains displaced research guard through stale direct metadata until fresh recovery
Error: [2mexpect([22m[31melement[39m[2m).toBeEnabled()[22m

Received element is not enabled:
  [31m<button
  aria-busy="false"
  aria-describedby="c221-regeneration-description"
  class="inline-flex shrink-0 items-center justify-center gap-1.5 rounded-lg text-xs font-medium transition-colors focus-visible:outline-none focus-visible:ring-2 focus-visible:ring-offset-2 disabled:pointer-events-none disabled:opacity-50 motion-reduce:transition-none text-ink-secondary hover:bg-primary-wash hover:text-navy focus-visible:ring-primary min-h-9 px-2 pointer-coarse:min-h-11"
  disabled=""
  type="button"
/>[39m

Failure screenshot:
  - src/lib/components/chat/__screenshots__/RegenerateLimits.component.test.ts/retains-displaced-research-guard-through-stale-direct-metadata-until-fresh-recovery-1.png

 ❯ src/lib/components/chat/RegenerateLimits.component.test.ts:133:37
    131|   __setQueryData("research:getSessionDetails", terminal);
    132|   __setQueryDataForArgs("research:getSessionDetails", { sessionId: "pe…
    133|   await expect.element(regenerate()).toBeEnabled();
       |                                     ^
    134|   await expect.element(page.getByRole("textbox")).toHaveValue("Preserv…
    135|   await expect.element(page.getByRole("button", { name: "Send message"…

Caused by: Error: Matcher did not succeed in time.
 ❯ src/lib/components/chat/RegenerateLimits.component.test.ts:133:2

⎯⎯⎯⎯⎯⎯⎯⎯⎯⎯⎯⎯⎯⎯⎯⎯⎯⎯⎯⎯⎯⎯⎯⎯[2/3]⎯

 FAIL  |component (chromium)| src/lib/components/chat/RegenerateLimits.component.test.ts > retains displaced research guard through error direct metadata until fresh recovery
Error: [2mexpect([22m[31melement[39m[2m).toBeEnabled()[22m

Received element is not enabled:
  [31m<button
  aria-busy="false"
  aria-describedby="c235-regeneration-description"
  class="inline-flex shrink-0 items-center justify-center gap-1.5 rounded-lg text-xs font-medium transition-colors focus-visible:outline-none focus-visible:ring-2 focus-visible:ring-offset-2 disabled:pointer-events-none disabled:opacity-50 motion-reduce:transition-none text-ink-secondary hover:bg-primary-wash hover:text-navy focus-visible:ring-primary min-h-9 px-2 pointer-coarse:min-h-11"
  disabled=""
  type="button"
/>[39m

Failure screenshot:
  - src/lib/components/chat/__screenshots__/RegenerateLimits.component.test.ts/retains-displaced-research-guard-through-error-direct-metadata-until-fresh-recovery-1.png

 ❯ src/lib/components/chat/RegenerateLimits.component.test.ts:133:37
    131|   __setQueryData("research:getSessionDetails", terminal);
    132|   __setQueryDataForArgs("research:getSessionDetails", { sessionId: "pe…
    133|   await expect.element(regenerate()).toBeEnabled();
       |                                     ^
    134|   await expect.element(page.getByRole("textbox")).toHaveValue("Preserv…
    135|   await expect.element(page.getByRole("button", { name: "Send message"…

Caused by: Error: Matcher did not succeed in time.
 ❯ src/lib/components/chat/RegenerateLimits.component.test.ts:133:2

⎯⎯⎯⎯⎯⎯⎯⎯⎯⎯⎯⎯⎯⎯⎯⎯⎯⎯⎯⎯⎯⎯⎯⎯[3/3]⎯

⎯⎯⎯⎯⎯⎯ Unhandled Errors ⎯⎯⎯⎯⎯⎯

Vitest caught 3 unhandled errors during the test run.
This might cause false positive tests. Resolve unhandled errors to make sure your tests are not affected.

⎯⎯⎯⎯⎯⎯⎯⎯⎯⎯⎯ Error ⎯⎯⎯⎯⎯⎯⎯⎯⎯⎯⎯⎯
TypeError: Cannot read properties of undefined (reading 'filter')
 ❯ researchSteps src/lib/components/research/ResearchFeed.svelte:123:37
 ❯ node_modules/svelte/src/internal/client/dom/blocks/each.js:204:19
 ❯ update_reaction node_modules/svelte/src/internal/client/runtime.js:259:15
 ❯ execute_derived node_modules/svelte/src/internal/client/reactivity/deriveds.js:380:11
 ❯ update_derived node_modules/svelte/src/internal/client/reactivity/deriveds.js:394:13
 ❯ is_dirty node_modules/svelte/src/internal/client/runtime.js:175:4
 ❯ #traverse node_modules/svelte/src/internal/client/reactivity/batch.js:453:15
 ❯ #process node_modules/svelte/src/internal/client/reactivity/batch.js:326:19
 ❯ Batch.flush node_modules/svelte/src/internal/client/reactivity/batch.js:618:17
 ❯ Array.<anonymous> node_modules/svelte/src/internal/client/reactivity/batch.js:865:12

This error originated in "src/lib/components/chat/RegenerateLimits.component.test.ts" test file. It doesn't mean the error was thrown inside the file itself, but while it was running.
The latest test that might've caused the error is "retains displaced research guard through loading direct metadata until fresh recovery". It might mean one of the following:
- The error was thrown, while Vitest was running this test.
- If the error occurred after the test had been completed, this was the last documented test before it was thrown.

⎯⎯⎯⎯⎯⎯⎯⎯⎯⎯⎯ Error ⎯⎯⎯⎯⎯⎯⎯⎯⎯⎯⎯⎯
TypeError: Cannot read properties of undefined (reading 'filter')
 ❯ researchSteps src/lib/components/research/ResearchFeed.svelte:123:37
 ❯ node_modules/svelte/src/internal/client/dom/blocks/each.js:204:19
 ❯ update_reaction node_modules/svelte/src/internal/client/runtime.js:259:15
 ❯ execute_derived node_modules/svelte/src/internal/client/reactivity/deriveds.js:380:11
 ❯ update_derived node_modules/svelte/src/internal/client/reactivity/deriveds.js:394:13
 ❯ is_dirty node_modules/svelte/src/internal/client/runtime.js:175:4
 ❯ #traverse node_modules/svelte/src/internal/client/reactivity/batch.js:453:15
 ❯ #process node_modules/svelte/src/internal/client/reactivity/batch.js:326:19
 ❯ Batch.flush node_modules/svelte/src/internal/client/reactivity/batch.js:618:17
 ❯ Array.<anonymous> node_modules/svelte/src/internal/client/reactivity/batch.js:865:12

This error originated in "src/lib/components/chat/RegenerateLimits.component.test.ts" test file. It doesn't mean the error was thrown inside the file itself, but while it was running.
The latest test that might've caused the error is "retains displaced research guard through stale direct metadata until fresh recovery". It might mean one of the following:
- The error was thrown, while Vitest was running this test.
- If the error occurred after the test had been completed, this was the last documented test before it was thrown.

⎯⎯⎯⎯⎯⎯⎯⎯⎯⎯⎯ Error ⎯⎯⎯⎯⎯⎯⎯⎯⎯⎯⎯⎯
TypeError: Cannot read properties of undefined (reading 'filter')
 ❯ researchSteps src/lib/components/research/ResearchFeed.svelte:123:37
 ❯ node_modules/svelte/src/internal/client/dom/blocks/each.js:204:19
 ❯ update_reaction node_modules/svelte/src/internal/client/runtime.js:259:15
 ❯ execute_derived node_modules/svelte/src/internal/client/reactivity/deriveds.js:380:11
 ❯ update_derived node_modules/svelte/src/internal/client/reactivity/deriveds.js:394:13
 ❯ is_dirty node_modules/svelte/src/internal/client/runtime.js:175:4
 ❯ #traverse node_modules/svelte/src/internal/client/reactivity/batch.js:453:15
 ❯ #process node_modules/svelte/src/internal/client/reactivity/batch.js:326:19
 ❯ Batch.flush node_modules/svelte/src/internal/client/reactivity/batch.js:618:17
 ❯ Array.<anonymous> node_modules/svelte/src/internal/client/reactivity/batch.js:865:12

This error originated in "src/lib/components/chat/RegenerateLimits.component.test.ts" test file. It doesn't mean the error was thrown inside the file itself, but while it was running.
The latest test that might've caused the error is "retains displaced research guard through error direct metadata until fresh recovery". It might mean one of the following:
- The error was thrown, while Vitest was running this test.
- If the error occurred after the test had been completed, this was the last documented test before it was thrown.
⎯⎯⎯⎯⎯⎯⎯⎯⎯⎯⎯⎯⎯⎯⎯⎯⎯⎯⎯⎯⎯⎯⎯⎯⎯⎯⎯⎯⎯⎯


 Test Files  1 failed | 2 passed (3)
      Tests  3 failed | 56 passed (59)
     Errors  3 errors
   Start at  01:25:34
   Duration  57.73s (transform 0ms, setup 620ms, import 1.21s, tests 54.36s, environment 0ms)
