
> banhall-app@0.1.0 test:component
> vitest run --config vitest.component.config.ts

7:26:51 PM [vite-plugin-svelte] no Svelte config found at /Users/johnnynguyen/Documents/Repos/Banhall-bmad-completion - using default configuration.

 RUN  v4.1.10 /Users/johnnynguyen/Documents/Repos/Banhall-bmad-completion

7:26:51 PM [vite-plugin-svelte] no Svelte config found at /Users/johnnynguyen/Documents/Repos/Banhall-bmad-completion - using default configuration.
7:27:02 PM [vite] (client) [console.warn] https://svelte.dev/e/derived_inert
7:27:02 PM [vite] (client) [console.warn] https://svelte.dev/e/derived_inert
7:27:02 PM [vite] (client) [console.warn] https://svelte.dev/e/derived_inert
7:27:02 PM [vite] (client) [console.warn] https://svelte.dev/e/derived_inert
7:27:02 PM [vite] (client) [console.warn] https://svelte.dev/e/derived_inert
7:27:02 PM [vite] (client) [console.warn] https://svelte.dev/e/derived_inert
7:27:02 PM [vite] (client) [console.warn] https://svelte.dev/e/derived_inert
7:27:02 PM [vite] (client) [console.warn] https://svelte.dev/e/derived_inert
7:27:02 PM [vite] (client) [console.warn] https://svelte.dev/e/derived_inert
7:27:02 PM [vite] (client) [console.warn] https://svelte.dev/e/derived_inert
7:27:02 PM [vite] (client) [console.warn] https://svelte.dev/e/derived_inert
7:27:02 PM [vite] (client) [console.warn] https://svelte.dev/e/derived_inert
7:27:02 PM [vite] (client) [console.warn] https://svelte.dev/e/derived_inert
7:27:02 PM [vite] (client) [console.warn] https://svelte.dev/e/derived_inert
7:27:02 PM [vite] (client) [console.warn] https://svelte.dev/e/derived_inert
7:27:02 PM [vite] (client) [console.warn] https://svelte.dev/e/derived_inert
7:27:02 PM [vite] (client) [console.warn] https://svelte.dev/e/derived_inert
7:27:02 PM [vite] (client) [console.warn] https://svelte.dev/e/derived_inert
7:27:02 PM [vite] (client) [console.warn] https://svelte.dev/e/derived_inert
7:27:02 PM [vite] (client) [console.warn] https://svelte.dev/e/derived_inert
7:27:02 PM [vite] (client) [console.warn] https://svelte.dev/e/derived_inert
7:27:02 PM [vite] (client) [console.warn] https://svelte.dev/e/derived_inert
7:27:02 PM [vite] (client) [console.warn] https://svelte.dev/e/derived_inert
7:27:02 PM [vite] (client) [console.warn] https://svelte.dev/e/derived_inert
7:27:02 PM [vite] (client) [console.warn] https://svelte.dev/e/derived_inert
7:27:02 PM [vite] (client) [console.warn] https://svelte.dev/e/derived_inert
7:27:02 PM [vite] (client) [console.warn] https://svelte.dev/e/derived_inert
7:27:02 PM [vite] (client) [console.warn] https://svelte.dev/e/derived_inert
7:27:02 PM [vite] (client) [console.warn] https://svelte.dev/e/derived_inert
7:27:02 PM [vite] (client) [console.warn] https://svelte.dev/e/derived_inert
7:27:02 PM [vite] (client) [console.warn] https://svelte.dev/e/derived_inert
7:27:02 PM [vite] (client) [console.warn] https://svelte.dev/e/derived_inert
7:27:02 PM [vite] (client) [console.warn] https://svelte.dev/e/derived_inert
7:27:02 PM [vite] (client) [console.warn] https://svelte.dev/e/derived_inert
7:27:02 PM [vite] (client) [console.warn] https://svelte.dev/e/derived_inert
7:27:02 PM [vite] (client) [console.warn] https://svelte.dev/e/derived_inert
7:27:02 PM [vite] (client) [console.warn] https://svelte.dev/e/derived_inert
7:27:02 PM [vite] (client) [console.warn] https://svelte.dev/e/derived_inert
7:27:02 PM [vite] (client) [console.warn] https://svelte.dev/e/derived_inert
7:27:02 PM [vite] (client) [console.warn] https://svelte.dev/e/derived_inert
7:27:02 PM [vite] (client) [console.warn] https://svelte.dev/e/derived_inert
7:27:02 PM [vite] (client) [console.warn] https://svelte.dev/e/derived_inert
7:27:02 PM [vite] (client) [console.warn] https://svelte.dev/e/derived_inert
7:27:02 PM [vite] (client) [console.warn] https://svelte.dev/e/derived_inert
7:27:02 PM [vite] (client) [console.warn] https://svelte.dev/e/derived_inert
7:27:02 PM [vite] (client) [console.warn] https://svelte.dev/e/derived_inert
7:27:02 PM [vite] (client) [console.warn] https://svelte.dev/e/derived_inert
7:27:03 PM [vite] (client) [console.warn] https://svelte.dev/e/derived_inert
7:27:03 PM [vite] (client) [console.warn] https://svelte.dev/e/derived_inert
7:27:03 PM [vite] (client) [console.warn] https://svelte.dev/e/derived_inert
7:27:03 PM [vite] (client) [console.warn] https://svelte.dev/e/derived_inert
7:27:03 PM [vite] (client) [console.warn] https://svelte.dev/e/derived_inert
7:27:03 PM [vite] (client) [console.warn] https://svelte.dev/e/derived_inert
7:27:03 PM [vite] (client) [console.warn] https://svelte.dev/e/derived_inert
7:27:03 PM [vite] (client) [console.warn] https://svelte.dev/e/derived_inert
7:27:03 PM [vite] (client) [console.warn] https://svelte.dev/e/derived_inert
7:27:03 PM [vite] (client) [console.warn] https://svelte.dev/e/derived_inert
7:27:03 PM [vite] (client) [console.warn] https://svelte.dev/e/derived_inert
7:27:03 PM [vite] (client) [console.warn] https://svelte.dev/e/derived_inert
7:27:03 PM [vite] (client) [console.warn] https://svelte.dev/e/derived_inert
7:27:03 PM [vite] (client) [console.warn] https://svelte.dev/e/derived_inert
7:27:03 PM [vite] (client) [console.warn] https://svelte.dev/e/derived_inert
7:27:03 PM [vite] (client) [console.warn] https://svelte.dev/e/derived_inert
7:27:03 PM [vite] (client) [console.warn] https://svelte.dev/e/derived_inert
7:27:03 PM [vite] (client) [console.warn] https://svelte.dev/e/derived_inert
7:27:03 PM [vite] (client) [console.warn] https://svelte.dev/e/derived_inert
7:27:03 PM [vite] (client) [console.warn] https://svelte.dev/e/derived_inert
7:27:03 PM [vite] (client) [console.warn] https://svelte.dev/e/derived_inert
7:27:03 PM [vite] (client) [console.warn] https://svelte.dev/e/derived_inert
7:27:03 PM [vite] (client) [console.warn] https://svelte.dev/e/derived_inert
7:27:03 PM [vite] (client) [console.warn] https://svelte.dev/e/derived_inert
7:27:03 PM [vite] (client) [console.warn] https://svelte.dev/e/derived_inert
7:27:03 PM [vite] (client) [console.warn] https://svelte.dev/e/derived_inert
7:27:03 PM [vite] (client) [console.warn] https://svelte.dev/e/derived_inert
7:27:03 PM [vite] (client) [console.warn] https://svelte.dev/e/derived_inert
7:27:03 PM [vite] (client) [console.warn] https://svelte.dev/e/derived_inert
7:27:03 PM [vite] (client) [console.warn] https://svelte.dev/e/derived_inert
7:27:03 PM [vite] (client) [console.warn] https://svelte.dev/e/derived_inert
7:27:03 PM [vite] (client) [console.warn] https://svelte.dev/e/derived_inert
7:27:03 PM [vite] (client) [console.warn] https://svelte.dev/e/derived_inert
7:27:03 PM [vite] (client) [console.warn] https://svelte.dev/e/derived_inert
7:27:03 PM [vite] (client) [console.warn] https://svelte.dev/e/derived_inert
7:27:03 PM [vite] (client) [console.warn] https://svelte.dev/e/derived_inert
7:27:04 PM [vite] (client) [console.warn] https://svelte.dev/e/derived_inert
7:27:04 PM [vite] (client) [console.warn] https://svelte.dev/e/derived_inert
7:27:04 PM [vite] (client) [console.warn] https://svelte.dev/e/derived_inert
7:27:04 PM [vite] (client) [console.warn] https://svelte.dev/e/derived_inert
7:27:04 PM [vite] (client) [console.warn] https://svelte.dev/e/derived_inert
7:27:04 PM [vite] (client) [console.warn] https://svelte.dev/e/derived_inert
7:27:04 PM [vite] (client) [console.warn] https://svelte.dev/e/derived_inert
7:27:04 PM [vite] (client) [console.warn] https://svelte.dev/e/derived_inert
7:27:04 PM [vite] (client) [console.warn] https://svelte.dev/e/derived_inert
7:27:04 PM [vite] (client) [console.warn] https://svelte.dev/e/derived_inert
7:27:04 PM [vite] (client) [console.warn] https://svelte.dev/e/derived_inert
7:27:04 PM [vite] (client) [console.warn] https://svelte.dev/e/derived_inert
7:27:04 PM [vite] (client) [console.warn] https://svelte.dev/e/derived_inert
7:27:04 PM [vite] (client) [console.warn] https://svelte.dev/e/derived_inert
7:27:04 PM [vite] (client) [console.warn] https://svelte.dev/e/derived_inert
7:27:04 PM [vite] (client) [console.warn] https://svelte.dev/e/derived_inert
7:27:04 PM [vite] (client) [console.warn] https://svelte.dev/e/derived_inert
7:27:04 PM [vite] (client) [console.warn] https://svelte.dev/e/derived_inert
7:27:04 PM [vite] (client) [console.warn] https://svelte.dev/e/derived_inert
7:27:04 PM [vite] (client) [console.warn] https://svelte.dev/e/derived_inert
7:27:04 PM [vite] (client) [console.warn] https://svelte.dev/e/derived_inert
7:27:04 PM [vite] (client) [console.warn] https://svelte.dev/e/derived_inert
7:27:04 PM [vite] (client) [console.warn] https://svelte.dev/e/derived_inert
7:27:04 PM [vite] (client) [console.warn] https://svelte.dev/e/derived_inert
7:27:04 PM [vite] (client) [console.warn] https://svelte.dev/e/derived_inert
7:27:04 PM [vite] (client) [console.warn] https://svelte.dev/e/derived_inert
7:27:04 PM [vite] (client) [console.warn] https://svelte.dev/e/derived_inert
7:27:04 PM [vite] (client) [console.warn] https://svelte.dev/e/derived_inert
7:27:04 PM [vite] (client) [console.warn] https://svelte.dev/e/derived_inert
7:27:04 PM [vite] (client) [console.warn] https://svelte.dev/e/derived_inert
7:27:04 PM [vite] (client) [console.warn] https://svelte.dev/e/derived_inert
7:27:04 PM [vite] (client) [console.warn] https://svelte.dev/e/derived_inert
7:27:04 PM [vite] (client) [console.warn] https://svelte.dev/e/derived_inert
7:27:04 PM [vite] (client) [console.warn] https://svelte.dev/e/derived_inert
7:27:04 PM [vite] (client) [console.warn] https://svelte.dev/e/derived_inert
7:27:04 PM [vite] (client) [console.warn] https://svelte.dev/e/derived_inert
7:27:04 PM [vite] (client) [console.warn] https://svelte.dev/e/derived_inert
7:27:04 PM [vite] (client) [console.warn] https://svelte.dev/e/derived_inert
7:27:04 PM [vite] (client) [console.warn] https://svelte.dev/e/derived_inert
7:27:05 PM [vite] (client) [console.warn] https://svelte.dev/e/derived_inert
7:27:05 PM [vite] (client) [console.warn] https://svelte.dev/e/derived_inert
7:27:05 PM [vite] (client) [console.warn] https://svelte.dev/e/derived_inert
7:27:05 PM [vite] (client) [console.warn] https://svelte.dev/e/derived_inert
7:27:05 PM [vite] (client) [console.warn] https://svelte.dev/e/derived_inert
7:27:05 PM [vite] (client) [console.warn] https://svelte.dev/e/derived_inert
7:27:05 PM [vite] (client) [console.warn] https://svelte.dev/e/derived_inert
7:27:05 PM [vite] (client) [console.warn] https://svelte.dev/e/derived_inert
7:27:05 PM [vite] (client) [console.warn] https://svelte.dev/e/derived_inert
7:27:05 PM [vite] (client) [console.warn] https://svelte.dev/e/derived_inert
7:27:05 PM [vite] (client) [console.warn] https://svelte.dev/e/derived_inert
7:27:05 PM [vite] (client) [console.warn] https://svelte.dev/e/derived_inert
7:27:06 PM [vite] (client) [console.warn] https://svelte.dev/e/derived_inert
7:27:06 PM [vite] (client) [console.warn] https://svelte.dev/e/derived_inert
7:27:06 PM [vite] (client) [console.warn] https://svelte.dev/e/derived_inert
7:27:06 PM [vite] (client) [console.warn] https://svelte.dev/e/derived_inert
7:27:06 PM [vite] (client) [console.warn] https://svelte.dev/e/derived_inert
7:27:06 PM [vite] (client) [console.warn] https://svelte.dev/e/derived_inert
7:27:06 PM [vite] (client) [console.warn] https://svelte.dev/e/derived_inert
7:27:06 PM [vite] (client) [console.warn] https://svelte.dev/e/derived_inert
7:27:06 PM [vite] (client) [console.warn] https://svelte.dev/e/derived_inert
7:27:06 PM [vite] (client) [console.warn] https://svelte.dev/e/derived_inert
7:27:06 PM [vite] (client) [console.warn] https://svelte.dev/e/derived_inert
7:27:06 PM [vite] (client) [console.warn] https://svelte.dev/e/derived_inert
7:27:06 PM [vite] (client) [console.warn] https://svelte.dev/e/derived_inert
7:27:06 PM [vite] (client) [console.warn] https://svelte.dev/e/derived_inert
7:27:06 PM [vite] (client) [console.warn] https://svelte.dev/e/derived_inert
7:27:06 PM [vite] (client) [console.warn] https://svelte.dev/e/derived_inert
7:27:06 PM [vite] (client) [console.warn] https://svelte.dev/e/derived_inert
7:27:06 PM [vite] (client) [console.warn] https://svelte.dev/e/derived_inert
7:27:06 PM [vite] (client) [console.warn] https://svelte.dev/e/derived_inert
7:27:06 PM [vite] (client) [console.warn] https://svelte.dev/e/derived_inert
7:27:06 PM [vite] (client) [console.warn] https://svelte.dev/e/derived_inert
7:27:07 PM [vite] (client) [console.warn] https://svelte.dev/e/derived_inert
7:27:07 PM [vite] (client) [console.warn] https://svelte.dev/e/derived_inert
7:27:07 PM [vite] (client) [console.warn] https://svelte.dev/e/derived_inert
7:27:07 PM [vite] (client) [console.warn] https://svelte.dev/e/derived_inert
7:27:07 PM [vite] (client) [console.warn] https://svelte.dev/e/derived_inert
7:27:07 PM [vite] (client) [console.warn] https://svelte.dev/e/derived_inert
7:27:07 PM [vite] (client) [console.warn] https://svelte.dev/e/derived_inert
7:27:07 PM [vite] (client) [console.warn] https://svelte.dev/e/derived_inert
7:27:07 PM [vite] (client) [console.warn] https://svelte.dev/e/derived_inert
7:27:07 PM [vite] (client) [console.warn] https://svelte.dev/e/derived_inert
7:27:07 PM [vite] (client) [console.warn] https://svelte.dev/e/derived_inert
7:27:07 PM [vite] (client) [console.warn] https://svelte.dev/e/derived_inert
7:27:07 PM [vite] (client) [console.warn] https://svelte.dev/e/derived_inert
7:27:07 PM [vite] (client) [console.warn] https://svelte.dev/e/derived_inert
7:27:07 PM [vite] (client) [console.warn] https://svelte.dev/e/derived_inert
7:27:07 PM [vite] (client) [console.warn] https://svelte.dev/e/derived_inert
7:27:07 PM [vite] (client) [console.warn] https://svelte.dev/e/derived_inert
7:27:07 PM [vite] (client) [console.warn] https://svelte.dev/e/derived_inert
7:27:07 PM [vite] (client) [console.warn] https://svelte.dev/e/derived_inert
7:27:07 PM [vite] (client) [console.warn] https://svelte.dev/e/derived_inert
7:27:07 PM [vite] (client) [console.warn] https://svelte.dev/e/derived_inert
7:27:07 PM [vite] (client) [console.warn] https://svelte.dev/e/derived_inert
7:27:07 PM [vite] (client) [console.warn] https://svelte.dev/e/derived_inert
7:27:07 PM [vite] (client) [console.warn] https://svelte.dev/e/derived_inert
7:27:07 PM [vite] (client) [console.warn] https://svelte.dev/e/derived_inert
7:27:07 PM [vite] (client) [console.warn] https://svelte.dev/e/derived_inert
7:27:07 PM [vite] (client) [console.warn] https://svelte.dev/e/derived_inert
7:27:07 PM [vite] (client) [console.warn] https://svelte.dev/e/derived_inert
7:27:07 PM [vite] (client) [console.warn] https://svelte.dev/e/derived_inert
7:27:07 PM [vite] (client) [console.warn] https://svelte.dev/e/derived_inert
7:27:07 PM [vite] (client) [console.warn] https://svelte.dev/e/derived_inert
7:27:07 PM [vite] (client) [console.warn] https://svelte.dev/e/derived_inert
7:27:07 PM [vite] (client) [console.warn] https://svelte.dev/e/derived_inert
7:27:08 PM [vite] (client) [console.warn] https://svelte.dev/e/derived_inert
7:27:08 PM [vite] (client) [console.warn] https://svelte.dev/e/derived_inert
7:27:08 PM [vite] (client) [console.warn] https://svelte.dev/e/derived_inert
7:27:08 PM [vite] (client) [console.warn] https://svelte.dev/e/derived_inert
7:27:08 PM [vite] (client) [console.warn] https://svelte.dev/e/derived_inert
7:27:08 PM [vite] (client) [console.warn] https://svelte.dev/e/derived_inert
7:27:08 PM [vite] (client) [console.warn] https://svelte.dev/e/derived_inert
7:27:08 PM [vite] (client) [console.warn] https://svelte.dev/e/derived_inert
7:27:08 PM [vite] (client) [console.warn] https://svelte.dev/e/derived_inert
7:27:08 PM [vite] (client) [console.warn] https://svelte.dev/e/derived_inert
7:27:08 PM [vite] (client) [console.warn] https://svelte.dev/e/derived_inert
7:27:08 PM [vite] (client) [console.warn] https://svelte.dev/e/derived_inert
7:27:08 PM [vite] (client) [console.warn] https://svelte.dev/e/derived_inert
7:27:08 PM [vite] (client) [console.warn] https://svelte.dev/e/derived_inert
7:27:08 PM [vite] (client) [console.warn] https://svelte.dev/e/derived_inert
7:27:08 PM [vite] (client) [console.warn] https://svelte.dev/e/derived_inert
7:27:08 PM [vite] (client) [console.warn] https://svelte.dev/e/derived_inert
7:27:08 PM [vite] (client) [console.warn] https://svelte.dev/e/derived_inert
7:27:08 PM [vite] (client) [console.warn] https://svelte.dev/e/derived_inert
7:27:08 PM [vite] (client) [console.warn] https://svelte.dev/e/derived_inert
7:27:08 PM [vite] (client) [console.warn] https://svelte.dev/e/derived_inert
7:27:08 PM [vite] (client) [console.warn] https://svelte.dev/e/derived_inert
7:27:08 PM [vite] (client) [console.warn] https://svelte.dev/e/derived_inert
7:27:08 PM [vite] (client) [console.warn] https://svelte.dev/e/derived_inert
7:27:08 PM [vite] (client) [console.warn] https://svelte.dev/e/derived_inert
7:27:08 PM [vite] (client) [console.warn] https://svelte.dev/e/derived_inert
7:27:08 PM [vite] (client) [console.warn] https://svelte.dev/e/derived_inert
7:27:08 PM [vite] (client) [console.warn] https://svelte.dev/e/derived_inert
7:27:08 PM [vite] (client) [console.warn] https://svelte.dev/e/derived_inert
7:27:08 PM [vite] (client) [console.warn] https://svelte.dev/e/derived_inert
7:27:08 PM [vite] (client) [console.warn] https://svelte.dev/e/derived_inert
7:27:08 PM [vite] (client) [console.warn] https://svelte.dev/e/derived_inert
7:27:08 PM [vite] (client) [console.warn] https://svelte.dev/e/derived_inert
7:27:08 PM [vite] (client) [console.warn] https://svelte.dev/e/derived_inert
7:27:10 PM [vite] (client) [console.warn] https://svelte.dev/e/derived_inert
7:27:10 PM [vite] (client) [console.warn] https://svelte.dev/e/derived_inert
7:27:10 PM [vite] (client) [console.warn] https://svelte.dev/e/derived_inert
7:27:10 PM [vite] (client) [console.warn] https://svelte.dev/e/derived_inert
7:27:11 PM [vite] (client) [console.warn] https://svelte.dev/e/derived_inert
7:27:11 PM [vite] (client) [console.warn] https://svelte.dev/e/derived_inert
7:27:11 PM [vite] (client) [console.warn] https://svelte.dev/e/derived_inert
7:27:11 PM [vite] (client) [console.warn] https://svelte.dev/e/derived_inert
7:27:11 PM [vite] (client) [console.warn] https://svelte.dev/e/derived_inert
7:27:11 PM [vite] (client) [console.warn] https://svelte.dev/e/derived_inert
7:27:11 PM [vite] (client) [console.warn] https://svelte.dev/e/derived_inert
7:27:11 PM [vite] (client) [console.warn] https://svelte.dev/e/derived_inert
7:27:11 PM [vite] (client) [console.warn] https://svelte.dev/e/derived_inert
7:27:11 PM [vite] (client) [console.warn] https://svelte.dev/e/derived_inert
7:27:11 PM [vite] (client) [console.warn] https://svelte.dev/e/derived_inert
7:27:11 PM [vite] (client) [console.warn] https://svelte.dev/e/derived_inert
7:27:11 PM [vite] (client) [console.warn] https://svelte.dev/e/derived_inert
7:27:11 PM [vite] (client) [console.warn] https://svelte.dev/e/derived_inert
7:27:11 PM [vite] (client) [console.warn] https://svelte.dev/e/derived_inert
7:27:11 PM [vite] (client) [console.warn] https://svelte.dev/e/derived_inert
7:27:11 PM [vite] (client) [console.warn] https://svelte.dev/e/derived_inert
7:27:11 PM [vite] (client) [console.warn] https://svelte.dev/e/derived_inert
7:27:11 PM [vite] (client) [console.warn] https://svelte.dev/e/derived_inert
7:27:11 PM [vite] (client) [console.warn] https://svelte.dev/e/derived_inert
7:27:11 PM [vite] (client) [console.warn] https://svelte.dev/e/derived_inert
7:27:11 PM [vite] (client) [console.warn] https://svelte.dev/e/derived_inert
7:27:11 PM [vite] (client) [console.warn] https://svelte.dev/e/derived_inert
7:27:11 PM [vite] (client) [console.warn] https://svelte.dev/e/derived_inert
7:27:11 PM [vite] (client) [console.warn] https://svelte.dev/e/derived_inert
7:27:11 PM [vite] (client) [console.warn] https://svelte.dev/e/derived_inert
7:27:11 PM [vite] (client) [console.warn] https://svelte.dev/e/derived_inert
7:27:11 PM [vite] (client) [console.warn] https://svelte.dev/e/derived_inert
7:27:11 PM [vite] (client) [console.warn] https://svelte.dev/e/derived_inert
7:27:11 PM [vite] (client) [console.warn] https://svelte.dev/e/derived_inert
7:27:11 PM [vite] (client) [console.warn] https://svelte.dev/e/derived_inert
7:27:11 PM [vite] (client) [console.warn] https://svelte.dev/e/derived_inert
7:27:11 PM [vite] (client) [console.warn] https://svelte.dev/e/derived_inert
7:27:11 PM [vite] (client) [console.warn] https://svelte.dev/e/derived_inert
7:27:11 PM [vite] (client) [console.warn] https://svelte.dev/e/derived_inert
7:27:11 PM [vite] (client) [console.warn] https://svelte.dev/e/derived_inert
7:27:11 PM [vite] (client) [console.warn] https://svelte.dev/e/derived_inert
7:27:11 PM [vite] (client) [console.warn] https://svelte.dev/e/derived_inert
7:27:11 PM [vite] (client) [console.warn] https://svelte.dev/e/derived_inert
7:27:11 PM [vite] (client) [console.warn] https://svelte.dev/e/derived_inert
7:27:11 PM [vite] (client) [console.warn] https://svelte.dev/e/derived_inert
7:27:11 PM [vite] (client) [console.warn] https://svelte.dev/e/derived_inert
7:27:11 PM [vite] (client) [console.warn] https://svelte.dev/e/derived_inert
7:27:11 PM [vite] (client) [console.warn] https://svelte.dev/e/derived_inert
7:27:11 PM [vite] (client) [console.warn] https://svelte.dev/e/derived_inert
7:27:11 PM [vite] (client) [console.warn] https://svelte.dev/e/derived_inert
7:27:11 PM [vite] (client) [console.warn] https://svelte.dev/e/derived_inert
7:27:11 PM [vite] (client) [console.warn] https://svelte.dev/e/derived_inert
7:27:11 PM [vite] (client) [console.warn] https://svelte.dev/e/derived_inert
7:27:11 PM [vite] (client) [console.warn] https://svelte.dev/e/derived_inert
7:27:11 PM [vite] (client) [console.warn] https://svelte.dev/e/derived_inert
7:27:11 PM [vite] (client) [console.warn] https://svelte.dev/e/derived_inert
7:27:11 PM [vite] (client) [console.warn] https://svelte.dev/e/derived_inert
7:27:11 PM [vite] (client) [console.warn] https://svelte.dev/e/derived_inert
7:27:11 PM [vite] (client) [console.warn] https://svelte.dev/e/derived_inert
7:27:11 PM [vite] (client) [console.warn] https://svelte.dev/e/derived_inert
7:27:11 PM [vite] (client) [console.warn] https://svelte.dev/e/derived_inert
7:27:11 PM [vite] (client) [console.warn] https://svelte.dev/e/derived_inert
7:27:11 PM [vite] (client) [console.warn] https://svelte.dev/e/derived_inert
7:27:11 PM [vite] (client) [console.warn] https://svelte.dev/e/derived_inert
7:27:11 PM [vite] (client) [console.warn] https://svelte.dev/e/derived_inert
7:27:11 PM [vite] (client) [console.warn] https://svelte.dev/e/derived_inert
7:27:11 PM [vite] (client) [console.warn] https://svelte.dev/e/derived_inert
7:27:11 PM [vite] (client) [console.warn] https://svelte.dev/e/derived_inert
7:27:11 PM [vite] (client) [console.warn] https://svelte.dev/e/derived_inert
7:27:11 PM [vite] (client) [console.warn] https://svelte.dev/e/derived_inert
7:27:11 PM [vite] (client) [console.warn] https://svelte.dev/e/derived_inert
7:27:11 PM [vite] (client) [console.warn] https://svelte.dev/e/derived_inert
7:27:11 PM [vite] (client) [console.warn] https://svelte.dev/e/derived_inert
7:27:11 PM [vite] (client) [console.warn] https://svelte.dev/e/derived_inert
7:27:11 PM [vite] (client) [console.warn] https://svelte.dev/e/derived_inert
7:27:11 PM [vite] (client) [console.warn] https://svelte.dev/e/derived_inert
7:27:11 PM [vite] (client) [console.warn] https://svelte.dev/e/derived_inert
7:27:11 PM [vite] (client) [console.warn] https://svelte.dev/e/derived_inert
7:27:11 PM [vite] (client) [console.warn] https://svelte.dev/e/derived_inert
7:27:11 PM [vite] (client) [console.warn] https://svelte.dev/e/derived_inert
7:27:11 PM [vite] (client) [console.warn] https://svelte.dev/e/derived_inert
7:27:11 PM [vite] (client) [console.warn] https://svelte.dev/e/derived_inert
7:27:11 PM [vite] (client) [console.warn] https://svelte.dev/e/derived_inert
7:27:11 PM [vite] (client) [console.warn] https://svelte.dev/e/derived_inert
7:27:11 PM [vite] (client) [console.warn] https://svelte.dev/e/derived_inert
7:27:11 PM [vite] (client) [console.warn] https://svelte.dev/e/derived_inert
7:27:11 PM [vite] (client) [console.warn] https://svelte.dev/e/derived_inert
7:27:11 PM [vite] (client) [console.warn] https://svelte.dev/e/derived_inert
7:27:11 PM [vite] (client) [console.warn] https://svelte.dev/e/derived_inert
7:27:11 PM [vite] (client) [console.warn] https://svelte.dev/e/derived_inert
7:27:11 PM [vite] (client) [console.warn] https://svelte.dev/e/derived_inert
7:27:11 PM [vite] (client) [console.warn] https://svelte.dev/e/derived_inert
7:27:11 PM [vite] (client) [console.warn] https://svelte.dev/e/derived_inert
7:27:11 PM [vite] (client) [console.warn] https://svelte.dev/e/derived_inert
7:27:11 PM [vite] (client) [console.warn] https://svelte.dev/e/derived_inert
7:27:11 PM [vite] (client) [console.warn] https://svelte.dev/e/derived_inert
7:27:11 PM [vite] (client) [console.warn] https://svelte.dev/e/derived_inert
7:27:11 PM [vite] (client) [console.warn] https://svelte.dev/e/derived_inert
7:27:11 PM [vite] (client) [console.warn] https://svelte.dev/e/derived_inert
7:27:11 PM [vite] (client) [console.warn] https://svelte.dev/e/derived_inert
7:27:11 PM [vite] (client) [console.warn] https://svelte.dev/e/derived_inert
7:27:11 PM [vite] (client) [console.warn] https://svelte.dev/e/derived_inert
7:27:11 PM [vite] (client) [console.warn] https://svelte.dev/e/derived_inert
7:27:11 PM [vite] (client) [console.warn] https://svelte.dev/e/derived_inert
7:27:11 PM [vite] (client) [console.warn] https://svelte.dev/e/derived_inert
7:27:11 PM [vite] (client) [console.warn] https://svelte.dev/e/derived_inert
7:27:11 PM [vite] (client) [console.warn] https://svelte.dev/e/derived_inert
7:27:11 PM [vite] (client) [console.warn] https://svelte.dev/e/derived_inert
7:27:11 PM [vite] (client) [console.warn] https://svelte.dev/e/derived_inert
7:27:11 PM [vite] (client) [console.warn] https://svelte.dev/e/derived_inert
7:27:11 PM [vite] (client) [console.warn] https://svelte.dev/e/derived_inert
7:27:11 PM [vite] (client) [console.warn] https://svelte.dev/e/derived_inert
7:27:11 PM [vite] (client) [console.warn] https://svelte.dev/e/derived_inert
7:27:11 PM [vite] (client) [console.warn] https://svelte.dev/e/derived_inert
7:27:11 PM [vite] (client) [console.warn] https://svelte.dev/e/derived_inert
7:27:11 PM [vite] (client) [console.warn] https://svelte.dev/e/derived_inert
7:27:11 PM [vite] (client) [console.warn] https://svelte.dev/e/derived_inert
7:27:11 PM [vite] (client) [console.warn] https://svelte.dev/e/derived_inert
7:27:11 PM [vite] (client) [console.warn] https://svelte.dev/e/derived_inert
7:27:11 PM [vite] (client) [console.warn] https://svelte.dev/e/derived_inert
7:27:11 PM [vite] (client) [console.warn] https://svelte.dev/e/derived_inert
7:27:11 PM [vite] (client) [console.warn] https://svelte.dev/e/derived_inert
7:27:11 PM [vite] (client) [console.warn] https://svelte.dev/e/derived_inert
7:27:11 PM [vite] (client) [console.warn] https://svelte.dev/e/derived_inert
7:27:11 PM [vite] (client) [console.warn] https://svelte.dev/e/derived_inert
7:27:11 PM [vite] (client) [console.warn] https://svelte.dev/e/derived_inert
7:27:11 PM [vite] (client) [console.warn] https://svelte.dev/e/derived_inert
7:27:11 PM [vite] (client) [console.warn] https://svelte.dev/e/derived_inert
7:27:14 PM [vite] (client) [console.warn] https://svelte.dev/e/derived_inert
7:27:14 PM [vite] (client) [console.warn] https://svelte.dev/e/derived_inert
7:27:14 PM [vite] (client) [console.warn] https://svelte.dev/e/derived_inert
7:27:14 PM [vite] (client) [console.warn] https://svelte.dev/e/derived_inert
7:27:14 PM [vite] (client) [console.warn] https://svelte.dev/e/derived_inert
7:27:14 PM [vite] (client) [console.warn] https://svelte.dev/e/derived_inert
7:27:14 PM [vite] (client) [console.warn] https://svelte.dev/e/derived_inert
7:27:14 PM [vite] (client) [console.warn] https://svelte.dev/e/derived_inert
7:27:14 PM [vite] (client) [console.warn] https://svelte.dev/e/derived_inert
7:27:14 PM [vite] (client) [console.warn] https://svelte.dev/e/derived_inert
7:27:14 PM [vite] (client) [console.warn] https://svelte.dev/e/derived_inert
7:27:14 PM [vite] (client) [console.warn] https://svelte.dev/e/derived_inert
7:27:14 PM [vite] (client) [console.warn] https://svelte.dev/e/derived_inert
7:27:14 PM [vite] (client) [console.warn] https://svelte.dev/e/derived_inert
7:27:14 PM [vite] (client) [console.warn] https://svelte.dev/e/derived_inert
7:27:14 PM [vite] (client) [console.warn] https://svelte.dev/e/derived_inert
7:27:14 PM [vite] (client) [console.warn] https://svelte.dev/e/derived_inert
7:27:14 PM [vite] (client) [console.warn] https://svelte.dev/e/derived_inert
7:27:14 PM [vite] (client) [console.warn] https://svelte.dev/e/derived_inert
7:27:14 PM [vite] (client) [console.warn] https://svelte.dev/e/derived_inert
7:27:14 PM [vite] (client) [console.warn] https://svelte.dev/e/derived_inert
7:27:14 PM [vite] (client) [console.warn] https://svelte.dev/e/derived_inert
7:27:14 PM [vite] (client) [console.warn] https://svelte.dev/e/derived_inert
7:27:14 PM [vite] (client) [console.warn] https://svelte.dev/e/derived_inert
7:27:14 PM [vite] (client) [console.warn] https://svelte.dev/e/derived_inert
7:27:14 PM [vite] (client) [console.warn] https://svelte.dev/e/derived_inert
7:27:14 PM [vite] (client) [console.warn] https://svelte.dev/e/derived_inert
7:27:14 PM [vite] (client) [console.warn] https://svelte.dev/e/derived_inert
7:27:14 PM [vite] (client) [console.warn] https://svelte.dev/e/derived_inert
7:27:14 PM [vite] (client) [console.warn] https://svelte.dev/e/derived_inert
7:27:16 PM [vite] (client) [console.warn] https://svelte.dev/e/derived_inert
7:27:16 PM [vite] (client) [console.warn] https://svelte.dev/e/derived_inert
7:27:16 PM [vite] (client) [console.warn] https://svelte.dev/e/derived_inert
7:27:16 PM [vite] (client) [console.warn] https://svelte.dev/e/derived_inert
7:27:16 PM [vite] (client) [console.warn] https://svelte.dev/e/derived_inert
7:27:16 PM [vite] (client) [console.warn] https://svelte.dev/e/derived_inert
7:27:16 PM [vite] (client) [console.warn] https://svelte.dev/e/derived_inert
7:27:16 PM [vite] (client) [console.warn] https://svelte.dev/e/derived_inert
7:27:16 PM [vite] (client) [console.warn] https://svelte.dev/e/derived_inert
7:27:16 PM [vite] (client) [console.warn] https://svelte.dev/e/derived_inert
7:27:16 PM [vite] (client) [console.warn] https://svelte.dev/e/derived_inert
7:27:16 PM [vite] (client) [console.warn] https://svelte.dev/e/derived_inert
7:27:16 PM [vite] (client) [console.warn] https://svelte.dev/e/derived_inert
7:27:16 PM [vite] (client) [console.warn] https://svelte.dev/e/derived_inert
7:27:16 PM [vite] (client) [console.warn] https://svelte.dev/e/derived_inert
7:27:16 PM [vite] (client) [console.warn] https://svelte.dev/e/derived_inert
7:27:16 PM [vite] (client) [console.warn] https://svelte.dev/e/derived_inert
7:27:16 PM [vite] (client) [console.warn] https://svelte.dev/e/derived_inert
7:27:16 PM [vite] (client) [console.warn] https://svelte.dev/e/derived_inert
7:27:16 PM [vite] (client) [console.warn] https://svelte.dev/e/derived_inert
7:27:16 PM [vite] (client) [console.warn] https://svelte.dev/e/derived_inert
7:27:16 PM [vite] (client) [console.warn] https://svelte.dev/e/derived_inert
7:27:16 PM [vite] (client) [console.warn] https://svelte.dev/e/derived_inert
7:27:16 PM [vite] (client) [console.warn] https://svelte.dev/e/derived_inert
7:27:16 PM [vite] (client) [console.warn] https://svelte.dev/e/derived_inert
7:27:16 PM [vite] (client) [console.warn] https://svelte.dev/e/derived_inert
7:27:16 PM [vite] (client) [console.warn] https://svelte.dev/e/derived_inert
7:27:16 PM [vite] (client) [console.warn] https://svelte.dev/e/derived_inert
7:27:16 PM [vite] (client) [console.warn] https://svelte.dev/e/derived_inert
7:27:16 PM [vite] (client) [console.warn] https://svelte.dev/e/derived_inert
7:27:16 PM [vite] (client) [console.warn] https://svelte.dev/e/derived_inert
7:27:16 PM [vite] (client) [console.warn] https://svelte.dev/e/derived_inert
7:27:16 PM [vite] (client) [console.warn] https://svelte.dev/e/derived_inert
7:27:16 PM [vite] (client) [console.warn] https://svelte.dev/e/derived_inert
7:27:16 PM [vite] (client) [console.warn] https://svelte.dev/e/derived_inert
7:27:16 PM [vite] (client) [console.warn] https://svelte.dev/e/derived_inert
7:27:16 PM [vite] (client) [console.warn] https://svelte.dev/e/derived_inert
7:27:16 PM [vite] (client) [console.warn] https://svelte.dev/e/derived_inert
7:27:16 PM [vite] (client) [console.warn] https://svelte.dev/e/derived_inert
7:27:16 PM [vite] (client) [console.warn] https://svelte.dev/e/derived_inert
7:27:16 PM [vite] (client) [console.warn] https://svelte.dev/e/derived_inert
7:27:16 PM [vite] (client) [console.warn] https://svelte.dev/e/derived_inert
7:27:16 PM [vite] (client) [console.warn] https://svelte.dev/e/derived_inert
7:27:16 PM [vite] (client) [console.warn] https://svelte.dev/e/derived_inert
7:27:16 PM [vite] (client) [console.warn] https://svelte.dev/e/derived_inert
7:27:16 PM [vite] (client) [console.warn] https://svelte.dev/e/derived_inert
7:27:16 PM [vite] (client) [console.warn] https://svelte.dev/e/derived_inert
7:27:16 PM [vite] (client) [console.warn] https://svelte.dev/e/derived_inert
7:27:16 PM [vite] (client) [console.warn] https://svelte.dev/e/derived_inert
7:27:16 PM [vite] (client) [console.warn] https://svelte.dev/e/derived_inert
7:27:16 PM [vite] (client) [console.warn] https://svelte.dev/e/derived_inert
7:27:16 PM [vite] (client) [console.warn] https://svelte.dev/e/derived_inert
7:27:16 PM [vite] (client) [console.warn] https://svelte.dev/e/derived_inert
7:27:16 PM [vite] (client) [console.warn] https://svelte.dev/e/derived_inert
7:27:16 PM [vite] (client) [console.warn] https://svelte.dev/e/derived_inert
7:27:16 PM [vite] (client) [console.warn] https://svelte.dev/e/derived_inert
7:27:16 PM [vite] (client) [console.warn] https://svelte.dev/e/derived_inert
7:27:16 PM [vite] (client) [console.warn] https://svelte.dev/e/derived_inert
7:27:16 PM [vite] (client) [console.warn] https://svelte.dev/e/derived_inert
7:27:16 PM [vite] (client) [console.warn] https://svelte.dev/e/derived_inert
7:27:16 PM [vite] (client) [console.warn] https://svelte.dev/e/derived_inert
7:27:16 PM [vite] (client) [console.warn] https://svelte.dev/e/derived_inert
7:27:16 PM [vite] (client) [console.warn] https://svelte.dev/e/derived_inert
7:27:16 PM [vite] (client) [console.warn] https://svelte.dev/e/derived_inert
7:27:16 PM [vite] (client) [console.warn] https://svelte.dev/e/derived_inert
7:27:16 PM [vite] (client) [console.warn] https://svelte.dev/e/derived_inert
7:27:16 PM [vite] (client) [console.warn] https://svelte.dev/e/derived_inert
7:27:16 PM [vite] (client) [console.warn] https://svelte.dev/e/derived_inert
7:27:16 PM [vite] (client) [console.warn] https://svelte.dev/e/derived_inert
7:27:16 PM [vite] (client) [console.warn] https://svelte.dev/e/derived_inert
7:27:16 PM [vite] (client) [console.warn] https://svelte.dev/e/derived_inert
7:27:16 PM [vite] (client) [console.warn] https://svelte.dev/e/derived_inert
7:27:16 PM [vite] (client) [console.warn] https://svelte.dev/e/derived_inert
7:27:16 PM [vite] (client) [console.warn] https://svelte.dev/e/derived_inert
7:27:16 PM [vite] (client) [console.warn] https://svelte.dev/e/derived_inert
7:27:16 PM [vite] (client) [console.warn] https://svelte.dev/e/derived_inert
7:27:16 PM [vite] (client) [console.warn] https://svelte.dev/e/derived_inert
7:27:16 PM [vite] (client) [console.warn] https://svelte.dev/e/derived_inert
7:27:16 PM [vite] (client) [console.warn] https://svelte.dev/e/derived_inert
7:27:16 PM [vite] (client) [console.warn] https://svelte.dev/e/derived_inert
7:27:16 PM [vite] (client) [console.warn] https://svelte.dev/e/derived_inert
7:27:16 PM [vite] (client) [console.warn] https://svelte.dev/e/derived_inert
7:27:16 PM [vite] (client) [console.warn] https://svelte.dev/e/derived_inert
7:27:16 PM [vite] (client) [console.warn] https://svelte.dev/e/derived_inert
7:27:16 PM [vite] (client) [console.warn] https://svelte.dev/e/derived_inert
7:27:16 PM [vite] (client) [console.warn] https://svelte.dev/e/derived_inert
7:27:16 PM [vite] (client) [console.warn] https://svelte.dev/e/derived_inert
7:27:16 PM [vite] (client) [console.warn] https://svelte.dev/e/derived_inert
7:27:16 PM [vite] (client) [console.warn] https://svelte.dev/e/derived_inert
7:27:16 PM [vite] (client) [console.warn] https://svelte.dev/e/derived_inert
7:27:16 PM [vite] (client) [console.warn] https://svelte.dev/e/derived_inert
7:27:16 PM [vite] (client) [console.warn] https://svelte.dev/e/derived_inert
7:27:16 PM [vite] (client) [console.warn] https://svelte.dev/e/derived_inert
7:27:16 PM [vite] (client) [console.warn] https://svelte.dev/e/derived_inert
7:27:16 PM [vite] (client) [console.warn] https://svelte.dev/e/derived_inert
7:27:16 PM [vite] (client) [console.warn] https://svelte.dev/e/derived_inert
7:27:16 PM [vite] (client) [console.warn] https://svelte.dev/e/derived_inert
7:27:16 PM [vite] (client) [console.warn] https://svelte.dev/e/derived_inert
7:27:16 PM [vite] (client) [console.warn] https://svelte.dev/e/derived_inert
7:27:16 PM [vite] (client) [console.warn] https://svelte.dev/e/derived_inert
7:27:16 PM [vite] (client) [console.warn] https://svelte.dev/e/derived_inert
7:27:16 PM [vite] (client) [console.warn] https://svelte.dev/e/derived_inert
7:27:16 PM [vite] (client) [console.warn] https://svelte.dev/e/derived_inert
7:27:16 PM [vite] (client) [console.warn] https://svelte.dev/e/derived_inert
7:27:16 PM [vite] (client) [console.warn] https://svelte.dev/e/derived_inert
7:27:16 PM [vite] (client) [console.warn] https://svelte.dev/e/derived_inert
7:27:16 PM [vite] (client) [console.warn] https://svelte.dev/e/derived_inert
7:27:16 PM [vite] (client) [console.warn] https://svelte.dev/e/derived_inert
7:27:16 PM [vite] (client) [console.warn] https://svelte.dev/e/derived_inert
7:27:16 PM [vite] (client) [console.warn] https://svelte.dev/e/derived_inert
7:27:16 PM [vite] (client) [console.warn] https://svelte.dev/e/derived_inert
7:27:16 PM [vite] (client) [console.warn] https://svelte.dev/e/derived_inert
7:27:16 PM [vite] (client) [console.warn] https://svelte.dev/e/derived_inert
7:27:16 PM [vite] (client) [console.warn] https://svelte.dev/e/derived_inert
7:27:16 PM [vite] (client) [console.warn] https://svelte.dev/e/derived_inert
7:27:16 PM [vite] (client) [console.warn] https://svelte.dev/e/derived_inert
7:27:16 PM [vite] (client) [console.warn] https://svelte.dev/e/derived_inert
7:27:16 PM [vite] (client) [console.warn] https://svelte.dev/e/derived_inert
7:27:16 PM [vite] (client) [console.warn] https://svelte.dev/e/derived_inert
7:27:16 PM [vite] (client) [console.warn] https://svelte.dev/e/derived_inert
7:27:16 PM [vite] (client) [console.warn] https://svelte.dev/e/derived_inert
7:27:16 PM [vite] (client) [console.warn] https://svelte.dev/e/derived_inert
7:27:16 PM [vite] (client) [console.warn] https://svelte.dev/e/derived_inert
7:27:16 PM [vite] (client) [console.warn] https://svelte.dev/e/derived_inert
7:27:16 PM [vite] (client) [console.warn] https://svelte.dev/e/derived_inert
7:27:16 PM [vite] (client) [console.warn] https://svelte.dev/e/derived_inert
7:27:16 PM [vite] (client) [console.warn] https://svelte.dev/e/derived_inert
7:27:16 PM [vite] (client) [console.warn] https://svelte.dev/e/derived_inert
7:27:16 PM [vite] (client) [console.warn] https://svelte.dev/e/derived_inert
7:27:16 PM [vite] (client) [console.warn] https://svelte.dev/e/derived_inert
7:27:16 PM [vite] (client) [console.warn] https://svelte.dev/e/derived_inert
7:27:16 PM [vite] (client) [console.warn] https://svelte.dev/e/derived_inert
7:27:16 PM [vite] (client) [console.warn] https://svelte.dev/e/derived_inert
7:27:16 PM [vite] (client) [console.warn] https://svelte.dev/e/derived_inert
7:27:16 PM [vite] (client) [console.warn] https://svelte.dev/e/derived_inert
7:27:16 PM [vite] (client) [console.warn] https://svelte.dev/e/derived_inert
7:27:16 PM [vite] (client) [console.warn] https://svelte.dev/e/derived_inert
7:27:16 PM [vite] (client) [console.warn] https://svelte.dev/e/derived_inert
7:27:16 PM [vite] (client) [console.warn] https://svelte.dev/e/derived_inert
7:27:16 PM [vite] (client) [console.warn] https://svelte.dev/e/derived_inert
7:27:16 PM [vite] (client) [console.warn] https://svelte.dev/e/derived_inert
7:27:16 PM [vite] (client) [console.warn] https://svelte.dev/e/derived_inert
7:27:16 PM [vite] (client) [console.warn] https://svelte.dev/e/derived_inert
7:27:16 PM [vite] (client) [console.warn] https://svelte.dev/e/derived_inert
7:27:16 PM [vite] (client) [console.warn] https://svelte.dev/e/derived_inert
7:27:17 PM [vite] (client) [console.warn] https://svelte.dev/e/derived_inert
7:27:17 PM [vite] (client) [console.warn] https://svelte.dev/e/derived_inert
7:27:17 PM [vite] (client) [console.warn] https://svelte.dev/e/derived_inert
7:27:17 PM [vite] (client) [console.warn] https://svelte.dev/e/derived_inert
7:27:17 PM [vite] (client) [console.warn] https://svelte.dev/e/derived_inert
7:27:17 PM [vite] (client) [console.warn] https://svelte.dev/e/derived_inert
7:27:17 PM [vite] (client) [console.warn] https://svelte.dev/e/derived_inert
7:27:17 PM [vite] (client) [console.warn] https://svelte.dev/e/derived_inert
7:27:17 PM [vite] (client) [console.warn] https://svelte.dev/e/derived_inert
7:27:17 PM [vite] (client) [console.warn] https://svelte.dev/e/derived_inert
7:27:17 PM [vite] (client) [console.warn] https://svelte.dev/e/derived_inert
7:27:17 PM [vite] (client) [console.warn] https://svelte.dev/e/derived_inert
7:27:17 PM [vite] (client) [console.warn] https://svelte.dev/e/derived_inert
7:27:17 PM [vite] (client) [console.warn] https://svelte.dev/e/derived_inert
7:27:17 PM [vite] (client) [console.warn] https://svelte.dev/e/derived_inert
7:27:17 PM [vite] (client) [console.warn] https://svelte.dev/e/derived_inert
7:27:17 PM [vite] (client) [console.warn] https://svelte.dev/e/derived_inert
7:27:17 PM [vite] (client) [console.warn] https://svelte.dev/e/derived_inert
7:27:17 PM [vite] (client) [console.warn] https://svelte.dev/e/derived_inert
7:27:17 PM [vite] (client) [console.warn] https://svelte.dev/e/derived_inert
7:27:17 PM [vite] (client) [console.warn] https://svelte.dev/e/derived_inert
7:27:17 PM [vite] (client) [console.warn] https://svelte.dev/e/derived_inert
7:27:17 PM [vite] (client) [console.warn] https://svelte.dev/e/derived_inert
7:27:17 PM [vite] (client) [console.warn] https://svelte.dev/e/derived_inert
7:27:17 PM [vite] (client) [console.warn] https://svelte.dev/e/derived_inert
7:27:17 PM [vite] (client) [console.warn] https://svelte.dev/e/derived_inert
7:27:17 PM [vite] (client) [console.warn] https://svelte.dev/e/derived_inert
7:27:17 PM [vite] (client) [console.warn] https://svelte.dev/e/derived_inert
7:27:17 PM [vite] (client) [console.warn] https://svelte.dev/e/derived_inert
7:27:17 PM [vite] (client) [console.warn] https://svelte.dev/e/derived_inert
7:27:24 PM [vite] (client) [console.warn] https://svelte.dev/e/derived_inert
7:27:24 PM [vite] (client) [console.warn] https://svelte.dev/e/derived_inert
7:27:24 PM [vite] (client) [console.warn] https://svelte.dev/e/derived_inert
7:27:24 PM [vite] (client) [console.warn] https://svelte.dev/e/derived_inert
7:27:24 PM [vite] (client) [console.warn] https://svelte.dev/e/derived_inert
7:27:24 PM [vite] (client) [console.warn] https://svelte.dev/e/derived_inert
7:27:24 PM [vite] (client) [console.warn] https://svelte.dev/e/derived_inert
7:27:24 PM [vite] (client) [console.warn] https://svelte.dev/e/derived_inert
7:27:24 PM [vite] (client) [console.warn] https://svelte.dev/e/derived_inert
7:27:24 PM [vite] (client) [console.warn] https://svelte.dev/e/derived_inert
7:27:24 PM [vite] (client) [console.warn] https://svelte.dev/e/derived_inert
7:27:24 PM [vite] (client) [console.warn] https://svelte.dev/e/derived_inert
7:27:24 PM [vite] (client) [console.warn] https://svelte.dev/e/derived_inert
7:27:24 PM [vite] (client) [console.warn] https://svelte.dev/e/derived_inert
7:27:24 PM [vite] (client) [console.warn] https://svelte.dev/e/derived_inert
7:27:24 PM [vite] (client) [console.warn] https://svelte.dev/e/derived_inert
7:27:24 PM [vite] (client) [console.warn] https://svelte.dev/e/derived_inert
7:27:24 PM [vite] (client) [console.warn] https://svelte.dev/e/derived_inert
7:27:24 PM [vite] (client) [console.warn] https://svelte.dev/e/derived_inert
7:27:24 PM [vite] (client) [console.warn] https://svelte.dev/e/derived_inert
7:27:24 PM [vite] (client) [console.warn] https://svelte.dev/e/derived_inert
7:27:24 PM [vite] (client) [console.warn] https://svelte.dev/e/derived_inert
7:27:24 PM [vite] (client) [console.warn] https://svelte.dev/e/derived_inert
7:27:24 PM [vite] (client) [console.warn] https://svelte.dev/e/derived_inert
7:27:24 PM [vite] (client) [console.warn] https://svelte.dev/e/derived_inert
7:27:24 PM [vite] (client) [console.warn] https://svelte.dev/e/derived_inert
7:27:24 PM [vite] (client) [console.warn] https://svelte.dev/e/derived_inert
7:27:24 PM [vite] (client) [console.warn] https://svelte.dev/e/derived_inert
7:27:24 PM [vite] (client) [console.warn] https://svelte.dev/e/derived_inert
7:27:24 PM [vite] (client) [console.warn] https://svelte.dev/e/derived_inert
7:27:24 PM [vite] (client) [console.warn] https://svelte.dev/e/derived_inert
7:27:24 PM [vite] (client) [console.warn] https://svelte.dev/e/derived_inert
7:27:27 PM [vite] (client) [console.warn] https://svelte.dev/e/derived_inert
7:27:27 PM [vite] (client) [console.warn] https://svelte.dev/e/derived_inert

 Test Files  53 passed (53)
      Tests  315 passed (315)
   Start at  19:26:51
   Duration  37.19s (transform 0ms, setup 1.04s, import 15.00s, tests 16.85s, environment 0ms)

