_bmad-output/implementation-artifacts/analyzer-provenance-review-blind-hunter-prompt.md:24: trailing whitespace.
+ 
_bmad-output/implementation-artifacts/analyzer-provenance-review-blind-hunter-prompt.md:39: trailing whitespace.
+ 
_bmad-output/implementation-artifacts/analyzer-provenance-review-blind-hunter-prompt.md:40: trailing whitespace.
+ 
_bmad-output/implementation-artifacts/analyzer-provenance-review-blind-hunter-prompt.md:118: trailing whitespace.
+ 
_bmad-output/implementation-artifacts/analyzer-provenance-review-edge-case-hunter-prompt.md:20: trailing whitespace.
+ 
_bmad-output/implementation-artifacts/analyzer-provenance-review-edge-case-hunter-prompt.md:35: trailing whitespace.
+ 
_bmad-output/implementation-artifacts/analyzer-provenance-review-edge-case-hunter-prompt.md:36: trailing whitespace.
+ 
_bmad-output/implementation-artifacts/analyzer-provenance-review-edge-case-hunter-prompt.md:114: trailing whitespace.
+ 
_bmad-output/implementation-artifacts/analyzer-provenance-review-verification-gap-prompt.md:20: trailing whitespace.
+ 
_bmad-output/implementation-artifacts/analyzer-provenance-review-verification-gap-prompt.md:35: trailing whitespace.
+ 
_bmad-output/implementation-artifacts/analyzer-provenance-review-verification-gap-prompt.md:36: trailing whitespace.
+ 
_bmad-output/implementation-artifacts/analyzer-provenance-review-verification-gap-prompt.md:114: trailing whitespace.
+ 
_bmad-output/implementation-artifacts/deidentify-linebreak-fix-blind-hunter-prompt.md:55: trailing whitespace.
+ 
_bmad-output/implementation-artifacts/deidentify-linebreak-fix-blind-hunter-prompt.md:67: trailing whitespace.
+ 
_bmad-output/implementation-artifacts/deidentify-linebreak-fix-blind-hunter-prompt.md:86: trailing whitespace.
+ 
_bmad-output/implementation-artifacts/deidentify-linebreak-fix-blind-hunter-prompt.md:105: trailing whitespace.
+ 
_bmad-output/implementation-artifacts/deidentify-linebreak-fix-blind-hunter-prompt.md:109: trailing whitespace.
+ 
_bmad-output/implementation-artifacts/deidentify-linebreak-fix-blind-hunter-prompt.md:123: trailing whitespace.
+ 
_bmad-output/implementation-artifacts/deidentify-linebreak-fix-blind-hunter-prompt.md:179: trailing whitespace.
+ 
_bmad-output/implementation-artifacts/deidentify-linebreak-fix-edge-case-hunter-prompt.md:51: trailing whitespace.
+ 
_bmad-output/implementation-artifacts/deidentify-linebreak-fix-edge-case-hunter-prompt.md:63: trailing whitespace.
+ 
_bmad-output/implementation-artifacts/deidentify-linebreak-fix-edge-case-hunter-prompt.md:82: trailing whitespace.
+ 
_bmad-output/implementation-artifacts/deidentify-linebreak-fix-edge-case-hunter-prompt.md:101: trailing whitespace.
+ 
_bmad-output/implementation-artifacts/deidentify-linebreak-fix-edge-case-hunter-prompt.md:105: trailing whitespace.
+ 
_bmad-output/implementation-artifacts/deidentify-linebreak-fix-edge-case-hunter-prompt.md:119: trailing whitespace.
+ 
_bmad-output/implementation-artifacts/deidentify-linebreak-fix-edge-case-hunter-prompt.md:175: trailing whitespace.
+ 
_bmad-output/implementation-artifacts/deidentify-linebreak-fix-verification-gap-prompt.md:51: trailing whitespace.
+ 
_bmad-output/implementation-artifacts/deidentify-linebreak-fix-verification-gap-prompt.md:63: trailing whitespace.
+ 
_bmad-output/implementation-artifacts/deidentify-linebreak-fix-verification-gap-prompt.md:82: trailing whitespace.
+ 
_bmad-output/implementation-artifacts/deidentify-linebreak-fix-verification-gap-prompt.md:101: trailing whitespace.
+ 
_bmad-output/implementation-artifacts/deidentify-linebreak-fix-verification-gap-prompt.md:105: trailing whitespace.
+ 
_bmad-output/implementation-artifacts/deidentify-linebreak-fix-verification-gap-prompt.md:119: trailing whitespace.
+ 
_bmad-output/implementation-artifacts/deidentify-linebreak-fix-verification-gap-prompt.md:175: trailing whitespace.
+ 
_bmad-output/implementation-artifacts/dw43-review-prompts/blind-hunter.md:18: trailing whitespace.
+ 
_bmad-output/implementation-artifacts/dw43-review-prompts/blind-hunter.md:24: trailing whitespace.
+ 
_bmad-output/implementation-artifacts/dw43-review-prompts/edge-case-hunter.md:14: trailing whitespace.
+ 
_bmad-output/implementation-artifacts/dw43-review-prompts/edge-case-hunter.md:20: trailing whitespace.
+ 
_bmad-output/implementation-artifacts/dw43-review-prompts/verification-gap.md:14: trailing whitespace.
+ 
_bmad-output/implementation-artifacts/dw43-review-prompts/verification-gap.md:20: trailing whitespace.
+ 
_bmad-output/implementation-artifacts/spec-deidentify-linebreak-fix.md:99: new blank line at EOF.
_bmad-output/specs/spec-ai-engine-sprint-2-boundary/lanes/chatspend/stories/2-trusted-context-module-for-generation-input.md:279: new blank line at EOF.
_bmad-output/specs/spec-ai-engine-sprint-2-boundary/lanes/pipeline/stories/2-trusted-context-module-for-generation-input.md:279: new blank line at EOF.
_bmad-output/specs/spec-ai-engine-sprint-2-boundary/lanes/qa/stories/2-trusted-context-module-for-generation-input.md:279: new blank line at EOF.
_bmad-output/specs/spec-ai-engine-sprint-2-boundary/lanes/schema/stories/2-trusted-context-module-for-generation-input.md:279: new blank line at EOF.
_bmad-output/specs/spec-ai-engine-sprint-2-boundary/stories/2-trusted-context-module-for-generation-input.md:279: new blank line at EOF.
