
> banhall-app@0.1.0 build
> vite build

vite v8.1.5 building ssr environment for production...
[2Ktransforming...✓ 4335 modules transformed.
rendering chunks...
vite v8.1.5 building client environment for production...
[2Ktransforming...[plugin rolldown:vite-resolve] Module "buffer" has been externalized for browser compatibility, imported by "/Users/johnnynguyen/Documents/Repos/Banhall-bmad-completion/node_modules/safer-buffer/safer.js". See https://vite.dev/guide/troubleshooting.html#module-externalized-for-browser-compatibility for more details.
[plugin rolldown:vite-resolve] Module "buffer" has been externalized for browser compatibility, imported by "/Users/johnnynguyen/Documents/Repos/Banhall-bmad-completion/node_modules/safer-buffer/safer.js". See https://vite.dev/guide/troubleshooting.html#module-externalized-for-browser-compatibility for more details.
[plugin rolldown:vite-resolve] Module "buffer" has been externalized for browser compatibility, imported by "/Users/johnnynguyen/Documents/Repos/Banhall-bmad-completion/node_modules/safe-buffer/index.js". See https://vite.dev/guide/troubleshooting.html#module-externalized-for-browser-compatibility for more details.
[plugin rolldown:vite-resolve] Module "buffer" has been externalized for browser compatibility, imported by "/Users/johnnynguyen/Documents/Repos/Banhall-bmad-completion/node_modules/safe-buffer/index.js". See https://vite.dev/guide/troubleshooting.html#module-externalized-for-browser-compatibility for more details.
✓ 5096 modules transformed.
rendering chunks...
computing gzip size...
.svelte-kit/output/client/_app/version.json                                                           0.02 kB │ gzip:   0.04 kB
.svelte-kit/output/client/_app/immutable/assets/geist-mono-symbols2-wght-normal.CO5SzqOn.woff2        5.81 kB
.svelte-kit/output/client/_app/immutable/assets/geist-mono-cyrillic-ext-wght-normal.X_5orZeX.woff2    6.17 kB
.svelte-kit/output/client/_app/immutable/assets/geist-cyrillic-ext-wght-normal.DjL33-gN.woff2         7.42 kB
.svelte-kit/output/client/_app/immutable/assets/geist-mono-vietnamese-wght-normal.DadHysG0.woff2      7.69 kB
.svelte-kit/output/client/_app/immutable/assets/geist-vietnamese-wght-normal.6IgcOCM7.woff2           8.00 kB
.svelte-kit/output/client/_app/immutable/assets/geist-mono-cyrillic-wght-normal.DiZS0aHC.woff2       12.94 kB
.svelte-kit/output/client/_app/immutable/assets/geist-mono-latin-ext-wght-normal.Bwz-egvJ.woff2      14.69 kB
.svelte-kit/output/client/_app/immutable/assets/geist-cyrillic-wght-normal.BEAKL7Jp.woff2            15.08 kB
.svelte-kit/output/client/_app/immutable/assets/geist-latin-ext-wght-normal.DC-KSUi6.woff2           16.51 kB
.svelte-kit/output/client/_app/immutable/assets/geist-mono-latin-wght-normal.XN7g48iV.woff2          23.12 kB
.svelte-kit/output/client/_app/immutable/assets/geist-latin-wght-normal.BgDaEnEv.woff2               29.40 kB
.svelte-kit/output/client/.vite/manifest.json                                                        39.52 kB │ gzip:   4.48 kB
.svelte-kit/output/client/_app/immutable/assets/primitives.Ct4RgdYl.css                               0.19 kB │ gzip:   0.14 kB
.svelte-kit/output/client/_app/immutable/assets/17.C5lQN4sL.css                                       0.26 kB │ gzip:   0.20 kB
.svelte-kit/output/client/_app/immutable/assets/SelectInput.CV-KWLNP.css                              0.28 kB │ gzip:   0.14 kB
.svelte-kit/output/client/_app/immutable/assets/DisclosureChevron.CBIRDe9c.css                        0.32 kB │ gzip:   0.20 kB
.svelte-kit/output/client/_app/immutable/assets/Streamdown.5qaNkm6J.css                               0.37 kB │ gzip:   0.17 kB
.svelte-kit/output/client/_app/immutable/assets/WorkspaceDashboard.D_bPMPsk.css                       0.58 kB │ gzip:   0.25 kB
.svelte-kit/output/client/_app/immutable/assets/19.CijlQscX.css                                       2.73 kB │ gzip:   0.94 kB
.svelte-kit/output/client/_app/immutable/assets/WorkspaceShellControls.DzuaKkJr.css                   7.02 kB │ gzip:   1.42 kB
.svelte-kit/output/client/_app/immutable/assets/0.CSriZMV-.css                                      176.67 kB │ gzip:  29.50 kB
.svelte-kit/output/client/_app/immutable/chunks/qG2rsyn7.js                                           0.02 kB │ gzip:   0.04 kB
.svelte-kit/output/client/_app/immutable/chunks/DlBeZ4JU.js                                           0.03 kB │ gzip:   0.05 kB
.svelte-kit/output/client/_app/immutable/chunks/xihTtKlq.js                                           0.06 kB │ gzip:   0.08 kB
.svelte-kit/output/client/_app/immutable/entry/start.a3gnTbQx.js                                      0.08 kB │ gzip:   0.09 kB
.svelte-kit/output/client/_app/immutable/nodes/26.DKDeH_KT.js                                         0.23 kB │ gzip:   0.18 kB
.svelte-kit/output/client/_app/immutable/chunks/DKeI0nyR.js                                           0.24 kB │ gzip:   0.20 kB
.svelte-kit/output/client/_app/immutable/chunks/DXJbUl9v.js                                           0.31 kB │ gzip:   0.22 kB
.svelte-kit/output/client/_app/immutable/chunks/jlI5B3qQ.js                                           0.37 kB │ gzip:   0.22 kB
.svelte-kit/output/client/_app/immutable/nodes/1.B_XrIWEG.js                                          0.38 kB │ gzip:   0.26 kB
.svelte-kit/output/client/_app/immutable/chunks/Bp-uKBka.js                                           0.38 kB │ gzip:   0.21 kB
.svelte-kit/output/client/_app/immutable/chunks/Dg4oblaZ.js                                           0.40 kB │ gzip:   0.30 kB
.svelte-kit/output/client/_app/immutable/chunks/BS_dNoIv.js                                           0.40 kB │ gzip:   0.25 kB
.svelte-kit/output/client/_app/immutable/chunks/BT8UfqtZ.js                                           0.41 kB │ gzip:   0.32 kB
.svelte-kit/output/client/_app/immutable/nodes/3.B58qJbtO.js                                          0.50 kB │ gzip:   0.34 kB
.svelte-kit/output/client/_app/immutable/nodes/18.xD07Akrf.js                                         0.52 kB │ gzip:   0.32 kB
.svelte-kit/output/client/_app/immutable/nodes/23.DuFMyD5r.js                                         0.53 kB │ gzip:   0.32 kB
.svelte-kit/output/client/_app/immutable/chunks/C79MGQz_.js                                           0.56 kB │ gzip:   0.29 kB
.svelte-kit/output/client/_app/immutable/chunks/BuFlayix.js                                           0.64 kB │ gzip:   0.38 kB
.svelte-kit/output/client/_app/immutable/chunks/DX3iCLb62.js                                          0.69 kB │ gzip:   0.42 kB
.svelte-kit/output/client/_app/immutable/chunks/DNkrYNmW.js                                           0.71 kB │ gzip:   0.45 kB
.svelte-kit/output/client/_app/immutable/chunks/jh3_XEwv.js                                           0.77 kB │ gzip:   0.33 kB
.svelte-kit/output/client/_app/immutable/chunks/DAO2TumU.js                                           0.80 kB │ gzip:   0.47 kB
.svelte-kit/output/client/_app/immutable/chunks/CKra1_cJ.js                                           0.86 kB │ gzip:   0.40 kB
.svelte-kit/output/client/_app/immutable/chunks/D_7iTdNS.js                                           0.96 kB │ gzip:   0.50 kB
.svelte-kit/output/client/_app/immutable/chunks/BowL_1p1.js                                           1.11 kB │ gzip:   0.67 kB
.svelte-kit/output/client/_app/immutable/chunks/XTVM3xnv.js                                           1.12 kB │ gzip:   0.72 kB
.svelte-kit/output/client/_app/immutable/chunks/BnMXD4N3.js                                           1.18 kB │ gzip:   0.64 kB
.svelte-kit/output/client/_app/immutable/chunks/HclGiUj8.js                                           1.21 kB │ gzip:   0.67 kB
.svelte-kit/output/client/_app/immutable/chunks/DAXXjFlN.js                                           1.26 kB │ gzip:   0.70 kB
.svelte-kit/output/client/_app/immutable/chunks/1A4FY99Q.js                                           1.36 kB │ gzip:   0.62 kB
.svelte-kit/output/client/_app/immutable/chunks/Bjy-W4x22.js                                          1.36 kB │ gzip:   0.65 kB
.svelte-kit/output/client/_app/immutable/chunks/rnpQvz5r.js                                           1.41 kB │ gzip:   0.66 kB
.svelte-kit/output/client/_app/immutable/chunks/DOzzi-n_.js                                           1.76 kB │ gzip:   1.00 kB
.svelte-kit/output/client/_app/immutable/chunks/CYEpZWA4.js                                           1.83 kB │ gzip:   0.81 kB
.svelte-kit/output/client/_app/immutable/chunks/Dm6r0r9s.js                                           1.88 kB │ gzip:   0.83 kB
.svelte-kit/output/client/_app/immutable/chunks/BFC51oDA.js                                           1.89 kB │ gzip:   0.83 kB
.svelte-kit/output/client/_app/immutable/chunks/2Kbsn89A.js                                           1.92 kB │ gzip:   0.83 kB
.svelte-kit/output/client/_app/immutable/chunks/CiSsr9lS.js                                           1.95 kB │ gzip:   0.96 kB
.svelte-kit/output/client/_app/immutable/chunks/CUI1fMj3.js                                           1.97 kB │ gzip:   1.03 kB
.svelte-kit/output/client/_app/immutable/chunks/npVYKXsf.js                                           2.18 kB │ gzip:   0.91 kB
.svelte-kit/output/client/_app/immutable/chunks/CZFz9Vyt.js                                           2.26 kB │ gzip:   1.00 kB
.svelte-kit/output/client/_app/immutable/chunks/DILLHomL.js                                           2.62 kB │ gzip:   0.93 kB
.svelte-kit/output/client/_app/immutable/chunks/Bh6dT-E8.js                                           2.67 kB │ gzip:   1.36 kB
.svelte-kit/output/client/_app/immutable/chunks/COGvio4b2.js                                          2.68 kB │ gzip:   1.29 kB
.svelte-kit/output/client/_app/immutable/chunks/bGMwxV3f.js                                           3.01 kB │ gzip:   1.46 kB
.svelte-kit/output/client/_app/immutable/chunks/CGzTIARr.js                                           3.10 kB │ gzip:   1.18 kB
.svelte-kit/output/client/_app/immutable/nodes/2.CRvGvWXC.js                                          3.45 kB │ gzip:   1.66 kB
.svelte-kit/output/client/_app/immutable/nodes/24.CFvVDzvH.js                                         4.09 kB │ gzip:   2.04 kB
.svelte-kit/output/client/_app/immutable/chunks/BaNI3PpS2.js                                          4.29 kB │ gzip:   1.69 kB
.svelte-kit/output/client/_app/immutable/chunks/Bjl-T2Kf2.js                                          4.46 kB │ gzip:   1.67 kB
.svelte-kit/output/client/_app/immutable/nodes/17.C8Oe8Rwd.js                                         4.49 kB │ gzip:   2.18 kB
.svelte-kit/output/client/_app/immutable/chunks/BHhUZm5s.js                                           4.56 kB │ gzip:   1.88 kB
.svelte-kit/output/client/_app/immutable/chunks/BND5_9Zm.js                                           4.69 kB │ gzip:   2.01 kB
.svelte-kit/output/client/_app/immutable/chunks/B2nMKTy5.js                                           5.08 kB │ gzip:   2.26 kB
.svelte-kit/output/client/_app/immutable/chunks/DnCeKysi.js                                           5.25 kB │ gzip:   1.76 kB
.svelte-kit/output/client/_app/immutable/chunks/BTb7WcjG.js                                           5.27 kB │ gzip:   1.56 kB
.svelte-kit/output/client/_app/immutable/nodes/27.thuPoJpI.js                                         5.36 kB │ gzip:   2.15 kB
.svelte-kit/output/client/_app/immutable/nodes/29.Bs8YA6bK.js                                         5.44 kB │ gzip:   2.51 kB
.svelte-kit/output/client/_app/immutable/chunks/BvCQTlOU.js                                           5.52 kB │ gzip:   2.39 kB
.svelte-kit/output/client/_app/immutable/nodes/15.xmabrU-W.js                                         6.15 kB │ gzip:   2.76 kB
.svelte-kit/output/client/_app/immutable/chunks/BscZ40Oe.js                                           7.01 kB │ gzip:   2.29 kB
.svelte-kit/output/client/_app/immutable/nodes/9.Ciy9yJUw.js                                          7.83 kB │ gzip:   3.26 kB
.svelte-kit/output/client/_app/immutable/chunks/B7YZ4_ry.js                                           8.33 kB │ gzip:   2.92 kB
.svelte-kit/output/client/_app/immutable/nodes/4.D6ZG1Mk4.js                                         10.19 kB │ gzip:   3.83 kB
.svelte-kit/output/client/_app/immutable/nodes/22.BkkJm3C8.js                                        10.21 kB │ gzip:   4.18 kB
.svelte-kit/output/client/_app/immutable/chunks/DiZwURiK.js                                          10.52 kB │ gzip:   3.00 kB
.svelte-kit/output/client/_app/immutable/nodes/11.CkykKBz6.js                                        10.66 kB │ gzip:   4.27 kB
.svelte-kit/output/client/_app/immutable/nodes/14.j3cWR5FJ.js                                        10.93 kB │ gzip:   4.39 kB
.svelte-kit/output/client/_app/immutable/entry/app.IKyVhVN2.js                                       11.11 kB │ gzip:   3.40 kB
.svelte-kit/output/client/_app/immutable/nodes/28.DbdDFfVT.js                                        11.55 kB │ gzip:   4.36 kB
.svelte-kit/output/client/_app/immutable/chunks/BKwgrkoe.js                                          12.13 kB │ gzip:   4.42 kB
.svelte-kit/output/client/_app/immutable/nodes/5.Bg7v_SqW.js                                         12.65 kB │ gzip:   4.67 kB
.svelte-kit/output/client/_app/immutable/chunks/CK6fFzjY.js                                          12.93 kB │ gzip:   4.43 kB
.svelte-kit/output/client/_app/immutable/nodes/25.e72cMjxP.js                                        13.17 kB │ gzip:   5.22 kB
.svelte-kit/output/client/_app/immutable/nodes/6.uOXzyrrb.js                                         15.73 kB │ gzip:   6.62 kB
.svelte-kit/output/client/_app/immutable/nodes/20.BF_81Jvr.js                                        17.35 kB │ gzip:   5.78 kB
.svelte-kit/output/client/_app/immutable/nodes/30.CHY6BRUZ.js                                        17.50 kB │ gzip:   6.16 kB
.svelte-kit/output/client/_app/immutable/nodes/8.Da0IDInR.js                                         17.69 kB │ gzip:   6.32 kB
.svelte-kit/output/client/_app/immutable/chunks/DQITkrlu.js                                          18.37 kB │ gzip:   3.13 kB
.svelte-kit/output/client/_app/immutable/nodes/10.CVJ5qAau.js                                        19.70 kB │ gzip:   5.90 kB
.svelte-kit/output/client/_app/immutable/chunks/5yxzMdxh.js                                          22.90 kB │ gzip:   7.28 kB
.svelte-kit/output/client/_app/immutable/chunks/DAVpnZIe2.js                                         26.73 kB │ gzip:   7.43 kB
.svelte-kit/output/client/_app/immutable/nodes/13.K_eGwfcP.js                                        27.64 kB │ gzip:   9.58 kB
.svelte-kit/output/client/_app/immutable/chunks/D6du_y78.js                                          27.79 kB │ gzip:  10.45 kB
.svelte-kit/output/client/_app/immutable/chunks/w1i4mWCf.js                                          30.18 kB │ gzip:  10.09 kB
.svelte-kit/output/client/_app/immutable/chunks/Do9INcGS.js                                          34.30 kB │ gzip:  13.10 kB
.svelte-kit/output/client/_app/immutable/nodes/0.Div0eIA0.js                                         36.27 kB │ gzip:  13.64 kB
.svelte-kit/output/client/_app/immutable/nodes/7.3okWIju2.js                                         38.66 kB │ gzip:  10.11 kB
.svelte-kit/output/client/_app/immutable/nodes/12.ByCBJ665.js                                        40.58 kB │ gzip:  11.88 kB
.svelte-kit/output/client/_app/immutable/nodes/16.Day3EBzW.js                                        49.37 kB │ gzip:  14.70 kB
.svelte-kit/output/client/_app/immutable/chunks/C65BpGqm.js                                          49.79 kB │ gzip:  13.45 kB
.svelte-kit/output/client/_app/immutable/nodes/21.BWKATDCO.js                                        52.41 kB │ gzip:  15.43 kB
.svelte-kit/output/client/_app/immutable/chunks/kU56cJU8.js                                          58.89 kB │ gzip:  17.29 kB
.svelte-kit/output/client/_app/immutable/chunks/Cg090Tfv.js                                          60.36 kB │ gzip:  23.00 kB
.svelte-kit/output/client/_app/immutable/chunks/C4qq9oOe.js                                          63.21 kB │ gzip:  19.73 kB
.svelte-kit/output/client/_app/immutable/chunks/DrUVNUyz2.js                                         63.91 kB │ gzip:  21.90 kB
.svelte-kit/output/client/_app/immutable/chunks/Cf0kDY4N.js                                          75.08 kB │ gzip:  19.94 kB
.svelte-kit/output/client/_app/immutable/chunks/CTc4oT99.js                                          90.59 kB │ gzip:  26.60 kB
.svelte-kit/output/client/_app/immutable/chunks/BEJ9jFI52.js                                         95.86 kB │ gzip:  28.44 kB
.svelte-kit/output/client/_app/immutable/chunks/B19nZ8QV.js                                          96.51 kB │ gzip:  27.83 kB
.svelte-kit/output/client/_app/immutable/chunks/BVW0XvGJ.js                                         120.51 kB │ gzip:  34.82 kB
.svelte-kit/output/client/_app/immutable/chunks/CnCh0A24.js                                         120.51 kB │ gzip:  35.12 kB
.svelte-kit/output/client/_app/immutable/chunks/C8anVXTh.js                                         160.56 kB │ gzip:  31.62 kB
.svelte-kit/output/client/_app/immutable/chunks/CKZfc-p22.js                                        330.03 kB │ gzip:  97.04 kB
.svelte-kit/output/client/_app/immutable/chunks/BrC1Uski2.js                                        331.62 kB │ gzip: 169.01 kB
.svelte-kit/output/client/_app/immutable/chunks/mbRwwqaI.js                                         378.57 kB │ gzip: 119.92 kB
.svelte-kit/output/client/_app/immutable/chunks/B3FhxGwm2.js                                        401.43 kB │ gzip:  97.59 kB
.svelte-kit/output/client/_app/immutable/chunks/Cl_0CZaL2.js                                        493.22 kB │ gzip: 160.65 kB
.svelte-kit/output/client/_app/immutable/nodes/19.pr88no3d.js                                       567.57 kB │ gzip: 152.64 kB

[33m[PLUGIN_TIMINGS] [0mYour build spent significant time in plugins. Here is a breakdown:
  - vite-plugin-sveltekit-guard (77%)
  - vite-plugin-sveltekit-virtual-modules (8%)
  - vite-plugin-svelte:load-custom (8%)
  - vite-plugin-svelte:compile (6%)
See https://rolldown.rs/reference/InputOptions.checks#plugintimings for more details.

[plugin builtin:vite-reporter] 
(!) Some chunks are larger than 500 kB after minification. Consider:
- Using dynamic import() to code-split the application
- Use build.rolldownOptions.output.codeSplitting to improve chunking: https://rolldown.rs/reference/OutputOptions.codeSplitting
- Adjust chunk size limit for this warning via build.chunkSizeWarningLimit.
✓ built in 11.57s
computing gzip size...
.svelte-kit/output/server/_app/immutable/assets/geist-mono-symbols2-wght-normal.CO5SzqOn.woff2        5.81 kB
.svelte-kit/output/server/_app/immutable/assets/geist-mono-cyrillic-ext-wght-normal.X_5orZeX.woff2    6.17 kB
.svelte-kit/output/server/_app/immutable/assets/geist-cyrillic-ext-wght-normal.DjL33-gN.woff2         7.42 kB
.svelte-kit/output/server/_app/immutable/assets/geist-mono-vietnamese-wght-normal.DadHysG0.woff2      7.69 kB
.svelte-kit/output/server/_app/immutable/assets/geist-vietnamese-wght-normal.6IgcOCM7.woff2           8.00 kB
.svelte-kit/output/server/_app/immutable/assets/geist-mono-cyrillic-wght-normal.DiZS0aHC.woff2       12.94 kB
.svelte-kit/output/server/_app/immutable/assets/geist-mono-latin-ext-wght-normal.Bwz-egvJ.woff2      14.69 kB
.svelte-kit/output/server/_app/immutable/assets/geist-cyrillic-wght-normal.BEAKL7Jp.woff2            15.08 kB
.svelte-kit/output/server/_app/immutable/assets/geist-latin-ext-wght-normal.DC-KSUi6.woff2           16.51 kB
.svelte-kit/output/server/_app/immutable/assets/geist-mono-latin-wght-normal.XN7g48iV.woff2          23.12 kB
.svelte-kit/output/server/_app/immutable/assets/geist-latin-wght-normal.BgDaEnEv.woff2               29.40 kB
.svelte-kit/output/server/.vite/manifest.json                                                        35.50 kB │ gzip:   3.70 kB
.svelte-kit/output/server/_app/immutable/assets/primitives.Ct4RgdYl.css                               0.19 kB │ gzip:   0.14 kB
.svelte-kit/output/server/_app/immutable/assets/_page.C5lQN4sL.css                                    0.26 kB │ gzip:   0.20 kB
.svelte-kit/output/server/_app/immutable/assets/SelectInput.CV-KWLNP.css                              0.28 kB │ gzip:   0.14 kB
.svelte-kit/output/server/_app/immutable/assets/DisclosureChevron.CBIRDe9c.css                        0.32 kB │ gzip:   0.20 kB
.svelte-kit/output/server/_app/immutable/assets/Streamdown.5qaNkm6J.css                               0.37 kB │ gzip:   0.17 kB
.svelte-kit/output/server/_app/immutable/assets/WorkspaceDashboard.DeBCAiWY.css                       0.56 kB │ gzip:   0.25 kB
.svelte-kit/output/server/_app/immutable/assets/_page.DmsOpqEv.css                                    2.68 kB │ gzip:   0.93 kB
.svelte-kit/output/server/_app/immutable/assets/WorkspaceShellControls.DgulEo9A.css                   6.96 kB │ gzip:   1.40 kB
.svelte-kit/output/server/_app/immutable/assets/_layout.DNGh9NVC.css                                174.50 kB │ gzip:  29.38 kB
.svelte-kit/output/server/entries/endpoints/api/auth/_...all_/_server.ts.js                           0.21 kB │ gzip:   0.16 kB
.svelte-kit/output/server/env.js                                                                      0.22 kB │ gzip:   0.14 kB
.svelte-kit/output/server/entries/pages/settings/_page.ts.js                                          0.24 kB │ gzip:   0.19 kB
.svelte-kit/output/server/chunks/index-server.js                                                      0.27 kB │ gzip:   0.18 kB
.svelte-kit/output/server/chunks/writerProfileLimits.js                                               0.28 kB │ gzip:   0.22 kB
.svelte-kit/output/server/chunks/env.js                                                               0.28 kB │ gzip:   0.17 kB
.svelte-kit/output/server/entries/pages/_layout.server.ts.js                                          0.33 kB │ gzip:   0.25 kB
.svelte-kit/output/server/chunks/public.js                                                            0.36 kB │ gzip:   0.19 kB
.svelte-kit/output/server/internal.js                                                                 0.40 kB │ gzip:   0.20 kB
.svelte-kit/output/server/entries/fallbacks/error.svelte.js                                           0.42 kB │ gzip:   0.26 kB
.svelte-kit/output/server/chunks/api.js                                                               0.44 kB │ gzip:   0.30 kB
.svelte-kit/output/server/chunks/stableQuery.svelte.js                                                0.47 kB │ gzip:   0.26 kB
.svelte-kit/output/server/chunks/sr-only-styles.js                                                    0.47 kB │ gzip:   0.30 kB
.svelte-kit/output/server/entries/pages/_page.svelte.js                                               0.49 kB │ gzip:   0.27 kB
.svelte-kit/output/server/chunks/sections.js                                                          0.60 kB │ gzip:   0.33 kB
.svelte-kit/output/server/chunks/projectIntentHandoff.js                                              0.61 kB │ gzip:   0.32 kB
.svelte-kit/output/server/chunks/industries.js                                                        0.80 kB │ gzip:   0.42 kB
.svelte-kit/output/server/chunks/Spinner.js                                                           0.86 kB │ gzip:   0.52 kB
.svelte-kit/output/server/entries/pages/my-work/_page.svelte.js                                       0.88 kB │ gzip:   0.40 kB
.svelte-kit/output/server/entries/pages/projects/_page.svelte.js                                      0.89 kB │ gzip:   0.40 kB
.svelte-kit/output/server/chunks/internal2.js                                                         1.02 kB │ gzip:   0.45 kB
.svelte-kit/output/server/chunks/hidden-input.js                                                      1.08 kB │ gzip:   0.50 kB
.svelte-kit/output/server/chunks/ChatIcon.js                                                          1.12 kB │ gzip:   0.60 kB
.svelte-kit/output/server/chunks/menu-separator.js                                                    1.13 kB │ gzip:   0.52 kB
.svelte-kit/output/server/chunks/stageFilter.js                                                       1.35 kB │ gzip:   0.61 kB
.svelte-kit/output/server/chunks/workItems.js                                                         1.38 kB │ gzip:   0.56 kB
.svelte-kit/output/server/chunks/Input.js                                                             1.39 kB │ gzip:   0.62 kB
.svelte-kit/output/server/chunks/errors.js                                                            1.47 kB │ gzip:   0.53 kB
.svelte-kit/output/server/chunks/Badge.js                                                             1.71 kB │ gzip:   0.67 kB
.svelte-kit/output/server/chunks/BuildStamp.js                                                        1.76 kB │ gzip:   0.93 kB
.svelte-kit/output/server/entries/hooks.server.js                                                     1.82 kB │ gzip:   0.76 kB
.svelte-kit/output/server/chunks/singleton.js                                                         2.02 kB │ gzip:   0.84 kB
.svelte-kit/output/server/chunks/Button.js                                                            2.11 kB │ gzip:   0.81 kB
.svelte-kit/output/server/chunks/IndustrySelect.js                                                    2.19 kB │ gzip:   0.90 kB
.svelte-kit/output/server/chunks/DisclosureChevron.js                                                 2.19 kB │ gzip:   0.97 kB
.svelte-kit/output/server/chunks/PageBar.js                                                           2.60 kB │ gzip:   1.16 kB
.svelte-kit/output/server/chunks/AdminWorkspacePage.js                                                2.77 kB │ gzip:   1.12 kB
.svelte-kit/output/server/chunks/due.js                                                               2.91 kB │ gzip:   1.03 kB
.svelte-kit/output/server/chunks/lineLimits.js                                                        2.98 kB │ gzip:   1.38 kB
.svelte-kit/output/server/chunks/state.js                                                             3.05 kB │ gzip:   1.30 kB
.svelte-kit/output/server/chunks/WorkspaceGate.js                                                     3.23 kB │ gzip:   1.12 kB
.svelte-kit/output/server/chunks/generationModels.js                                                  3.32 kB │ gzip:   1.41 kB
.svelte-kit/output/server/chunks/url.js                                                               3.54 kB │ gzip:   1.35 kB
.svelte-kit/output/server/chunks/styleOverrides.js                                                    3.99 kB │ gzip:   1.72 kB
.svelte-kit/output/server/chunks/WorkspaceChrome.js                                                   4.40 kB │ gzip:   1.56 kB
.svelte-kit/output/server/entries/pages/login/_page.svelte.js                                         4.45 kB │ gzip:   1.61 kB
.svelte-kit/output/server/chunks/attemptOutbox.js                                                     4.65 kB │ gzip:   1.97 kB
.svelte-kit/output/server/entries/pages/settings/_layout.svelte.js                                    5.10 kB │ gzip:   1.75 kB
.svelte-kit/output/server/entries/pages/requests/_page.svelte.js                                      5.32 kB │ gzip:   1.93 kB
.svelte-kit/output/server/chunks/toast-state.svelte.js                                                5.54 kB │ gzip:   1.58 kB
.svelte-kit/output/server/entries/pages/settings/account/_page.svelte.js                              5.61 kB │ gzip:   1.46 kB
.svelte-kit/output/server/entries/pages/signup/_token_/_page.svelte.js                                5.85 kB │ gzip:   1.93 kB
.svelte-kit/output/server/chunks/documentStatus.js                                                    5.89 kB │ gzip:   2.53 kB
.svelte-kit/output/server/chunks/CommentInput.js                                                      6.07 kB │ gzip:   2.17 kB
.svelte-kit/output/server/chunks/sveltekit.js                                                         6.49 kB │ gzip:   2.12 kB
.svelte-kit/output/server/chunks/exportTemplateDocx.js                                                7.14 kB │ gzip:   2.30 kB
.svelte-kit/output/server/chunks/projectTypes.js                                                      7.86 kB │ gzip:   2.95 kB
.svelte-kit/output/server/chunks/tabs-trigger.js                                                      7.94 kB │ gzip:   1.88 kB
.svelte-kit/output/server/entries/pages/alerts/_page.svelte.js                                        8.04 kB │ gzip:   2.64 kB
.svelte-kit/output/server/chunks/AppNav.js                                                            8.17 kB │ gzip:   2.70 kB
.svelte-kit/output/server/entries/pages/changelog/_page.svelte.js                                     8.58 kB │ gzip:   2.62 kB
.svelte-kit/output/server/chunks/tooltip.js                                                           8.64 kB │ gzip:   1.95 kB
.svelte-kit/output/server/chunks/ReassignWorkItemDialog.js                                            9.08 kB │ gzip:   2.21 kB
.svelte-kit/output/server/chunks/use_paginated_query.svelte.js                                        9.61 kB │ gzip:   2.79 kB
.svelte-kit/output/server/chunks/client.svelte.js                                                     9.70 kB │ gzip:   2.90 kB
.svelte-kit/output/server/entries/pages/admin/models/_page.svelte.js                                  9.87 kB │ gzip:   2.94 kB
.svelte-kit/output/server/chunks/utils2.js                                                            9.88 kB │ gzip:   3.57 kB
.svelte-kit/output/server/chunks/shared.js                                                           10.59 kB │ gzip:   3.39 kB
.svelte-kit/output/server/chunks/StageBadge.js                                                       11.51 kB │ gzip:   3.52 kB
.svelte-kit/output/server/entries/pages/project/questionnaire/_page.svelte.js                        11.55 kB │ gzip:   3.59 kB
.svelte-kit/output/server/chunks/exports.js                                                          13.03 kB │ gzip:   4.17 kB
.svelte-kit/output/server/entries/pages/admin/backfill/_page.svelte.js                               13.11 kB │ gzip:   3.58 kB
.svelte-kit/output/server/entries/pages/admin/brain/_page.svelte.js                                  13.40 kB │ gzip:   3.65 kB
.svelte-kit/output/server/chunks/Checkbox.js                                                         13.53 kB │ gzip:   3.30 kB
.svelte-kit/output/server/entries/pages/review/_shareToken_/_page.svelte.js                          14.18 kB │ gzip:   4.23 kB
.svelte-kit/output/server/entries/pages/admin/tags/_page.svelte.js                                   14.46 kB │ gzip:   4.26 kB
.svelte-kit/output/server/chunks/popover.js                                                          15.35 kB │ gzip:   3.29 kB
.svelte-kit/output/server/entries/pages/settings/writing/_page.svelte.js                             18.57 kB │ gzip:   4.47 kB
.svelte-kit/output/server/entries/pages/admin/house-rules/_page.svelte.js                            19.79 kB │ gzip:   7.11 kB
.svelte-kit/output/server/entries/pages/admin/learning/_page.svelte.js                               20.02 kB │ gzip:   5.47 kB
.svelte-kit/output/server/entries/pages/project/_id_/financial/_page.svelte.js                       21.24 kB │ gzip:   5.42 kB
.svelte-kit/output/server/chunks/craScienceCodes.js                                                  21.29 kB │ gzip:   3.36 kB
.svelte-kit/output/server/chunks/TagPicker.js                                                        21.65 kB │ gzip:   4.30 kB
.svelte-kit/output/server/entries/pages/admin/reviews/_page.svelte.js                                21.91 kB │ gzip:   4.73 kB
.svelte-kit/output/server/chunks/authClient.js                                                       24.33 kB │ gzip:   7.04 kB
.svelte-kit/output/server/chunks/SingleModelPicker.js                                                24.45 kB │ gzip:   6.67 kB
.svelte-kit/output/server/chunks/UserMenu.js                                                         24.85 kB │ gzip:   4.96 kB
.svelte-kit/output/server/entries/pages/styleguide/_page.svelte.js                                   25.51 kB │ gzip:   6.09 kB
.svelte-kit/output/server/chunks/utils.js                                                            31.75 kB │ gzip:   9.34 kB
.svelte-kit/output/server/entries/pages/_layout.svelte.js                                            38.41 kB │ gzip:  10.37 kB
.svelte-kit/output/server/entries/pages/admin/users/_page.svelte.js                                  38.71 kB │ gzip:   8.80 kB
.svelte-kit/output/server/chunks/SelectInput.js                                                      43.34 kB │ gzip:   8.79 kB
.svelte-kit/output/server/chunks/primitives.js                                                       47.29 kB │ gzip:  12.55 kB
.svelte-kit/output/server/entries/pages/project/new/_page.svelte.js                                  50.15 kB │ gzip:  11.74 kB
.svelte-kit/output/server/chunks/client.js                                                           52.59 kB │ gzip:  15.50 kB
.svelte-kit/output/server/remote-entry.js                                                            54.47 kB │ gzip:  12.01 kB
.svelte-kit/output/server/chunks/tooltip-provider.js                                                 60.55 kB │ gzip:  12.14 kB
.svelte-kit/output/server/chunks/calendar-prev-button.js                                             61.01 kB │ gzip:  12.03 kB
.svelte-kit/output/server/entries/pages/admin/ingestion/_page.svelte.js                              61.89 kB │ gzip:   9.75 kB
.svelte-kit/output/server/entries/pages/admin/usage/_page.svelte.js                                  64.69 kB │ gzip:  12.95 kB
.svelte-kit/output/server/entries/pages/dashboard/_page.svelte.js                                    65.73 kB │ gzip:  13.69 kB
.svelte-kit/output/server/chunks/scroll-lock.js                                                     120.05 kB │ gzip:  28.91 kB
.svelte-kit/output/server/index.js                                                                  123.80 kB │ gzip:  31.43 kB
.svelte-kit/output/server/chunks/Streamdown.js                                                      131.06 kB │ gzip:  27.16 kB
.svelte-kit/output/server/chunks/WorkspaceDashboard.js                                              148.02 kB │ gzip:  29.55 kB
.svelte-kit/output/server/chunks/internal.js                                                        160.35 kB │ gzip:  41.89 kB
.svelte-kit/output/server/chunks/WorkspaceShellControls.js                                          170.16 kB │ gzip:  35.81 kB
.svelte-kit/output/server/chunks/lib.js                                                             197.26 kB │ gzip:  29.71 kB
.svelte-kit/output/server/entries/pages/project/_id_/_page.svelte.js                                570.17 kB │ gzip: 115.20 kB

[33m[PLUGIN_TIMINGS] [0mYour build spent significant time in plugins. Here is a breakdown:
  - vite-plugin-sveltekit-guard (69%)
  - vite-plugin-sveltekit-virtual-modules (11%)
  - vite-plugin-svelte:load-custom (8%)
  - vite-plugin-svelte:compile (8%)
See https://rolldown.rs/reference/InputOptions.checks#plugintimings for more details.

✓ built in 24.09s

Run npm run preview to preview your production build locally.

> Using @sveltejs/adapter-vercel
  ✔ done
