
> banhall-app@0.1.0 test:component
> vitest run --config vitest.component.config.ts

4:17:54 AM [vite-plugin-svelte] no Svelte config found at /Users/johnnynguyen/Documents/Repos/Banhall-bmad-completion - using default configuration.

 RUN  v4.1.10 /Users/johnnynguyen/Documents/Repos/Banhall-bmad-completion

4:17:54 AM [vite-plugin-svelte] no Svelte config found at /Users/johnnynguyen/Documents/Repos/Banhall-bmad-completion - using default configuration.
4:18:40 AM [vite] (client) [console.warn] https://svelte.dev/e/derived_inert
4:18:40 AM [vite] (client) [console.warn] https://svelte.dev/e/derived_inert
4:18:40 AM [vite] (client) [console.warn] https://svelte.dev/e/derived_inert
4:18:40 AM [vite] (client) [console.warn] https://svelte.dev/e/derived_inert
4:18:40 AM [vite] (client) [console.warn] https://svelte.dev/e/derived_inert
4:18:40 AM [vite] (client) [console.warn] https://svelte.dev/e/derived_inert
4:18:43 AM [vite] (client) [console.warn] https://svelte.dev/e/derived_inert
4:18:43 AM [vite] (client) [console.warn] https://svelte.dev/e/derived_inert
4:18:43 AM [vite] (client) [console.warn] https://svelte.dev/e/derived_inert
4:18:43 AM [vite] (client) [console.warn] https://svelte.dev/e/derived_inert
4:18:43 AM [vite] (client) [console.warn] https://svelte.dev/e/derived_inert
4:18:43 AM [vite] (client) [console.warn] https://svelte.dev/e/derived_inert
4:18:43 AM [vite] (client) [console.warn] https://svelte.dev/e/derived_inert
4:18:43 AM [vite] (client) [console.warn] https://svelte.dev/e/derived_inert
4:18:43 AM [vite] (client) [console.warn] https://svelte.dev/e/derived_inert
4:18:43 AM [vite] (client) [console.warn] https://svelte.dev/e/derived_inert
4:18:43 AM [vite] (client) [console.warn] https://svelte.dev/e/derived_inert
4:18:43 AM [vite] (client) [console.warn] https://svelte.dev/e/derived_inert
4:18:43 AM [vite] (client) [console.warn] https://svelte.dev/e/derived_inert
4:18:43 AM [vite] (client) [console.warn] https://svelte.dev/e/derived_inert
4:18:43 AM [vite] (client) [console.warn] https://svelte.dev/e/derived_inert
4:18:43 AM [vite] (client) [console.warn] https://svelte.dev/e/derived_inert
4:18:43 AM [vite] (client) [console.warn] https://svelte.dev/e/derived_inert
4:18:43 AM [vite] (client) [console.warn] https://svelte.dev/e/derived_inert
4:18:43 AM [vite] (client) [console.warn] https://svelte.dev/e/derived_inert
4:18:43 AM [vite] (client) [console.warn] https://svelte.dev/e/derived_inert
4:18:43 AM [vite] (client) [console.warn] https://svelte.dev/e/derived_inert
4:18:43 AM [vite] (client) [console.warn] https://svelte.dev/e/derived_inert
4:18:43 AM [vite] (client) [console.warn] https://svelte.dev/e/derived_inert
4:18:43 AM [vite] (client) [console.warn] https://svelte.dev/e/derived_inert
4:18:43 AM [vite] (client) [console.warn] https://svelte.dev/e/derived_inert
4:18:43 AM [vite] (client) [console.warn] https://svelte.dev/e/derived_inert
4:18:43 AM [vite] (client) [console.warn] https://svelte.dev/e/derived_inert
4:18:43 AM [vite] (client) [console.warn] https://svelte.dev/e/derived_inert
4:18:43 AM [vite] (client) [console.warn] https://svelte.dev/e/derived_inert
4:18:43 AM [vite] (client) [console.warn] https://svelte.dev/e/derived_inert
4:18:43 AM [vite] (client) [console.warn] https://svelte.dev/e/derived_inert
4:18:43 AM [vite] (client) [console.warn] https://svelte.dev/e/derived_inert
4:18:43 AM [vite] (client) [console.warn] https://svelte.dev/e/derived_inert
4:18:43 AM [vite] (client) [console.warn] https://svelte.dev/e/derived_inert
4:18:43 AM [vite] (client) [console.warn] https://svelte.dev/e/derived_inert
4:18:43 AM [vite] (client) [console.warn] https://svelte.dev/e/derived_inert
4:18:43 AM [vite] (client) [console.warn] https://svelte.dev/e/derived_inert
4:18:43 AM [vite] (client) [console.warn] https://svelte.dev/e/derived_inert
4:18:43 AM [vite] (client) [console.warn] https://svelte.dev/e/derived_inert
4:18:43 AM [vite] (client) [console.warn] https://svelte.dev/e/derived_inert
4:18:43 AM [vite] (client) [console.warn] https://svelte.dev/e/derived_inert
4:18:43 AM [vite] (client) [console.warn] https://svelte.dev/e/derived_inert
4:18:43 AM [vite] (client) [console.warn] https://svelte.dev/e/derived_inert
4:18:43 AM [vite] (client) [console.warn] https://svelte.dev/e/derived_inert
4:18:43 AM [vite] (client) [console.warn] https://svelte.dev/e/derived_inert
4:18:43 AM [vite] (client) [console.warn] https://svelte.dev/e/derived_inert
4:18:43 AM [vite] (client) [console.warn] https://svelte.dev/e/derived_inert
4:18:43 AM [vite] (client) [console.warn] https://svelte.dev/e/derived_inert
4:18:43 AM [vite] (client) [console.warn] https://svelte.dev/e/derived_inert
4:18:43 AM [vite] (client) [console.warn] https://svelte.dev/e/derived_inert
4:18:43 AM [vite] (client) [console.warn] https://svelte.dev/e/derived_inert
4:18:43 AM [vite] (client) [console.warn] https://svelte.dev/e/derived_inert
4:18:43 AM [vite] (client) [console.warn] https://svelte.dev/e/derived_inert
4:18:43 AM [vite] (client) [console.warn] https://svelte.dev/e/derived_inert
4:18:43 AM [vite] (client) [console.warn] https://svelte.dev/e/derived_inert
4:18:43 AM [vite] (client) [console.warn] https://svelte.dev/e/derived_inert
4:18:43 AM [vite] (client) [console.warn] https://svelte.dev/e/derived_inert
4:18:44 AM [vite] (client) [console.warn] https://svelte.dev/e/derived_inert
4:18:44 AM [vite] (client) [console.warn] https://svelte.dev/e/derived_inert
4:18:44 AM [vite] (client) [console.warn] https://svelte.dev/e/derived_inert
4:18:44 AM [vite] (client) [console.warn] https://svelte.dev/e/derived_inert
4:18:44 AM [vite] (client) [console.warn] https://svelte.dev/e/derived_inert
4:18:44 AM [vite] (client) [console.warn] https://svelte.dev/e/derived_inert
4:18:44 AM [vite] (client) [console.warn] https://svelte.dev/e/derived_inert
4:18:44 AM [vite] (client) [console.warn] https://svelte.dev/e/derived_inert
4:18:44 AM [vite] (client) [console.warn] https://svelte.dev/e/derived_inert
4:18:44 AM [vite] (client) [console.warn] https://svelte.dev/e/derived_inert
4:18:44 AM [vite] (client) [console.warn] https://svelte.dev/e/derived_inert
4:18:44 AM [vite] (client) [console.warn] https://svelte.dev/e/derived_inert
4:18:44 AM [vite] (client) [console.warn] https://svelte.dev/e/derived_inert
4:18:44 AM [vite] (client) [console.warn] https://svelte.dev/e/derived_inert
4:18:44 AM [vite] (client) [console.warn] https://svelte.dev/e/derived_inert
4:18:44 AM [vite] (client) [console.warn] https://svelte.dev/e/derived_inert
4:18:44 AM [vite] (client) [console.warn] https://svelte.dev/e/derived_inert
4:18:44 AM [vite] (client) [console.warn] https://svelte.dev/e/derived_inert
4:18:44 AM [vite] (client) [console.warn] https://svelte.dev/e/derived_inert
4:18:44 AM [vite] (client) [console.warn] https://svelte.dev/e/derived_inert
4:18:44 AM [vite] (client) [console.warn] https://svelte.dev/e/derived_inert
4:18:44 AM [vite] (client) [console.warn] https://svelte.dev/e/derived_inert
4:18:44 AM [vite] (client) [console.warn] https://svelte.dev/e/derived_inert
4:18:44 AM [vite] (client) [console.warn] https://svelte.dev/e/derived_inert
4:18:44 AM [vite] (client) [console.warn] https://svelte.dev/e/derived_inert
4:18:44 AM [vite] (client) [console.warn] https://svelte.dev/e/derived_inert
4:18:44 AM [vite] (client) [console.warn] https://svelte.dev/e/derived_inert
4:18:44 AM [vite] (client) [console.warn] https://svelte.dev/e/derived_inert
4:18:44 AM [vite] (client) [console.warn] https://svelte.dev/e/derived_inert
4:18:44 AM [vite] (client) [console.warn] https://svelte.dev/e/derived_inert
4:18:44 AM [vite] (client) [console.warn] https://svelte.dev/e/derived_inert
4:18:44 AM [vite] (client) [console.warn] https://svelte.dev/e/derived_inert
4:18:44 AM [vite] (client) [console.warn] https://svelte.dev/e/derived_inert
4:18:44 AM [vite] (client) [console.warn] https://svelte.dev/e/derived_inert
4:18:44 AM [vite] (client) [console.warn] https://svelte.dev/e/derived_inert
4:18:44 AM [vite] (client) [console.warn] https://svelte.dev/e/derived_inert
4:18:44 AM [vite] (client) [console.warn] https://svelte.dev/e/derived_inert
4:18:44 AM [vite] (client) [console.warn] https://svelte.dev/e/derived_inert
4:18:44 AM [vite] (client) [console.warn] https://svelte.dev/e/derived_inert
4:18:44 AM [vite] (client) [console.warn] https://svelte.dev/e/derived_inert
4:18:45 AM [vite] (client) [console.warn] https://svelte.dev/e/derived_inert
4:18:45 AM [vite] (client) [console.warn] https://svelte.dev/e/derived_inert
4:18:45 AM [vite] (client) [console.warn] https://svelte.dev/e/derived_inert
4:18:45 AM [vite] (client) [console.warn] https://svelte.dev/e/derived_inert
4:18:45 AM [vite] (client) [console.warn] https://svelte.dev/e/derived_inert
4:18:45 AM [vite] (client) [console.warn] https://svelte.dev/e/derived_inert
4:18:45 AM [vite] (client) [console.warn] https://svelte.dev/e/derived_inert
4:18:45 AM [vite] (client) [console.warn] https://svelte.dev/e/derived_inert
4:18:45 AM [vite] (client) [console.warn] https://svelte.dev/e/derived_inert
4:18:45 AM [vite] (client) [console.warn] https://svelte.dev/e/derived_inert
4:18:45 AM [vite] (client) [console.warn] https://svelte.dev/e/derived_inert
4:18:45 AM [vite] (client) [console.warn] https://svelte.dev/e/derived_inert
4:18:45 AM [vite] (client) [console.warn] https://svelte.dev/e/derived_inert
4:18:45 AM [vite] (client) [console.warn] https://svelte.dev/e/derived_inert
4:18:45 AM [vite] (client) [console.warn] https://svelte.dev/e/derived_inert
4:18:45 AM [vite] (client) [console.warn] https://svelte.dev/e/derived_inert
4:18:45 AM [vite] (client) [console.warn] https://svelte.dev/e/derived_inert
4:18:45 AM [vite] (client) [console.warn] https://svelte.dev/e/derived_inert
4:18:45 AM [vite] (client) [console.warn] https://svelte.dev/e/derived_inert
4:18:45 AM [vite] (client) [console.warn] https://svelte.dev/e/derived_inert
4:18:45 AM [vite] (client) [console.warn] https://svelte.dev/e/derived_inert
4:18:45 AM [vite] (client) [console.warn] https://svelte.dev/e/derived_inert
4:18:45 AM [vite] (client) [console.warn] https://svelte.dev/e/derived_inert
4:18:45 AM [vite] (client) [console.warn] https://svelte.dev/e/derived_inert
4:18:45 AM [vite] (client) [console.warn] https://svelte.dev/e/derived_inert
4:18:46 AM [vite] (client) [console.warn] https://svelte.dev/e/derived_inert
4:18:46 AM [vite] (client) [console.warn] https://svelte.dev/e/derived_inert
4:18:46 AM [vite] (client) [console.warn] https://svelte.dev/e/derived_inert
4:18:46 AM [vite] (client) [console.warn] https://svelte.dev/e/derived_inert
4:18:46 AM [vite] (client) [console.warn] https://svelte.dev/e/derived_inert
4:18:46 AM [vite] (client) [console.warn] https://svelte.dev/e/derived_inert
4:18:46 AM [vite] (client) [console.warn] https://svelte.dev/e/derived_inert
4:18:46 AM [vite] (client) [console.warn] https://svelte.dev/e/derived_inert
4:18:46 AM [vite] (client) [console.warn] https://svelte.dev/e/derived_inert
4:18:46 AM [vite] (client) [console.warn] https://svelte.dev/e/derived_inert
4:18:46 AM [vite] (client) [console.warn] https://svelte.dev/e/derived_inert
4:18:46 AM [vite] (client) [console.warn] https://svelte.dev/e/derived_inert
4:18:47 AM [vite] (client) [console.warn] https://svelte.dev/e/derived_inert
4:18:47 AM [vite] (client) [console.warn] https://svelte.dev/e/derived_inert
4:18:47 AM [vite] (client) [console.warn] https://svelte.dev/e/derived_inert
4:18:47 AM [vite] (client) [console.warn] https://svelte.dev/e/derived_inert
4:18:47 AM [vite] (client) [console.warn] https://svelte.dev/e/derived_inert
4:18:47 AM [vite] (client) [console.warn] https://svelte.dev/e/derived_inert
4:18:47 AM [vite] (client) [console.warn] https://svelte.dev/e/derived_inert
4:18:47 AM [vite] (client) [console.warn] https://svelte.dev/e/derived_inert
4:18:47 AM [vite] (client) [console.warn] https://svelte.dev/e/derived_inert
4:18:47 AM [vite] (client) [console.warn] https://svelte.dev/e/derived_inert
4:18:47 AM [vite] (client) [console.warn] https://svelte.dev/e/derived_inert
4:18:47 AM [vite] (client) [console.warn] https://svelte.dev/e/derived_inert
4:18:47 AM [vite] (client) [console.warn] https://svelte.dev/e/derived_inert
4:18:47 AM [vite] (client) [console.warn] https://svelte.dev/e/derived_inert
4:18:47 AM [vite] (client) [console.warn] https://svelte.dev/e/derived_inert
4:18:47 AM [vite] (client) [console.warn] https://svelte.dev/e/derived_inert
4:18:47 AM [vite] (client) [console.warn] https://svelte.dev/e/derived_inert
4:18:47 AM [vite] (client) [console.warn] https://svelte.dev/e/derived_inert
4:18:47 AM [vite] (client) [console.warn] https://svelte.dev/e/derived_inert
4:18:47 AM [vite] (client) [console.warn] https://svelte.dev/e/derived_inert
4:18:47 AM [vite] (client) [console.warn] https://svelte.dev/e/derived_inert
4:18:47 AM [vite] (client) [console.warn] https://svelte.dev/e/derived_inert
4:18:47 AM [vite] (client) [console.warn] https://svelte.dev/e/derived_inert
4:18:47 AM [vite] (client) [console.warn] https://svelte.dev/e/derived_inert
4:18:47 AM [vite] (client) [console.warn] https://svelte.dev/e/derived_inert
4:18:47 AM [vite] (client) [console.warn] https://svelte.dev/e/derived_inert
4:18:47 AM [vite] (client) [console.warn] https://svelte.dev/e/derived_inert
4:18:47 AM [vite] (client) [console.warn] https://svelte.dev/e/derived_inert
4:18:47 AM [vite] (client) [console.warn] https://svelte.dev/e/derived_inert
4:18:47 AM [vite] (client) [console.warn] https://svelte.dev/e/derived_inert
4:18:47 AM [vite] (client) [console.warn] https://svelte.dev/e/derived_inert
4:18:47 AM [vite] (client) [console.warn] https://svelte.dev/e/derived_inert
4:18:47 AM [vite] (client) [console.warn] https://svelte.dev/e/derived_inert
4:18:48 AM [vite] (client) [console.warn] https://svelte.dev/e/derived_inert
4:18:48 AM [vite] (client) [console.warn] https://svelte.dev/e/derived_inert
4:18:48 AM [vite] (client) [console.warn] https://svelte.dev/e/derived_inert
4:18:48 AM [vite] (client) [console.warn] https://svelte.dev/e/derived_inert
4:18:48 AM [vite] (client) [console.warn] https://svelte.dev/e/derived_inert
4:18:48 AM [vite] (client) [console.warn] https://svelte.dev/e/derived_inert
4:18:48 AM [vite] (client) [console.warn] https://svelte.dev/e/derived_inert
4:18:48 AM [vite] (client) [console.warn] https://svelte.dev/e/derived_inert
4:18:48 AM [vite] (client) [console.warn] https://svelte.dev/e/derived_inert
4:18:48 AM [vite] (client) [console.warn] https://svelte.dev/e/derived_inert
4:18:48 AM [vite] (client) [console.warn] https://svelte.dev/e/derived_inert
4:18:48 AM [vite] (client) [console.warn] https://svelte.dev/e/derived_inert
4:18:48 AM [vite] (client) [console.warn] https://svelte.dev/e/derived_inert
4:18:48 AM [vite] (client) [console.warn] https://svelte.dev/e/derived_inert
4:18:48 AM [vite] (client) [console.warn] https://svelte.dev/e/derived_inert
4:18:48 AM [vite] (client) [console.warn] https://svelte.dev/e/derived_inert
4:18:48 AM [vite] (client) [console.warn] https://svelte.dev/e/derived_inert
4:18:48 AM [vite] (client) [console.warn] https://svelte.dev/e/derived_inert
4:18:48 AM [vite] (client) [console.warn] https://svelte.dev/e/derived_inert
4:18:48 AM [vite] (client) [console.warn] https://svelte.dev/e/derived_inert
4:18:48 AM [vite] (client) [console.warn] https://svelte.dev/e/derived_inert
4:18:49 AM [vite] (client) [console.warn] https://svelte.dev/e/derived_inert
4:18:49 AM [vite] (client) [console.warn] https://svelte.dev/e/derived_inert
4:18:49 AM [vite] (client) [console.warn] https://svelte.dev/e/derived_inert
4:18:49 AM [vite] (client) [console.warn] https://svelte.dev/e/derived_inert
4:18:49 AM [vite] (client) [console.warn] https://svelte.dev/e/derived_inert
4:18:49 AM [vite] (client) [console.warn] https://svelte.dev/e/derived_inert
4:18:49 AM [vite] (client) [console.warn] https://svelte.dev/e/derived_inert
4:18:49 AM [vite] (client) [console.warn] https://svelte.dev/e/derived_inert
4:18:49 AM [vite] (client) [console.warn] https://svelte.dev/e/derived_inert
4:18:49 AM [vite] (client) [console.warn] https://svelte.dev/e/derived_inert
4:18:49 AM [vite] (client) [console.warn] https://svelte.dev/e/derived_inert
4:18:49 AM [vite] (client) [console.warn] https://svelte.dev/e/derived_inert
4:18:49 AM [vite] (client) [console.warn] https://svelte.dev/e/derived_inert
4:18:49 AM [vite] (client) [console.warn] https://svelte.dev/e/derived_inert
4:18:49 AM [vite] (client) [console.warn] https://svelte.dev/e/derived_inert
4:18:49 AM [vite] (client) [console.warn] https://svelte.dev/e/derived_inert
4:18:49 AM [vite] (client) [console.warn] https://svelte.dev/e/derived_inert
4:18:49 AM [vite] (client) [console.warn] https://svelte.dev/e/derived_inert
4:18:49 AM [vite] (client) [console.warn] https://svelte.dev/e/derived_inert
4:18:49 AM [vite] (client) [console.warn] https://svelte.dev/e/derived_inert
4:18:49 AM [vite] (client) [console.warn] https://svelte.dev/e/derived_inert
4:18:49 AM [vite] (client) [console.warn] https://svelte.dev/e/derived_inert
4:18:49 AM [vite] (client) [console.warn] https://svelte.dev/e/derived_inert
4:18:49 AM [vite] (client) [console.warn] https://svelte.dev/e/derived_inert
4:18:49 AM [vite] (client) [console.warn] https://svelte.dev/e/derived_inert
4:18:49 AM [vite] (client) [console.warn] https://svelte.dev/e/derived_inert
4:18:49 AM [vite] (client) [console.warn] https://svelte.dev/e/derived_inert
4:18:49 AM [vite] (client) [console.warn] https://svelte.dev/e/derived_inert
4:18:49 AM [vite] (client) [console.warn] https://svelte.dev/e/derived_inert
4:18:49 AM [vite] (client) [console.warn] https://svelte.dev/e/derived_inert
4:18:49 AM [vite] (client) [console.warn] https://svelte.dev/e/derived_inert
4:18:49 AM [vite] (client) [console.warn] https://svelte.dev/e/derived_inert
4:18:49 AM [vite] (client) [console.warn] https://svelte.dev/e/derived_inert
4:18:49 AM [vite] (client) [console.warn] https://svelte.dev/e/derived_inert
4:18:53 AM [vite] (client) [console.warn] https://svelte.dev/e/derived_inert
4:18:53 AM [vite] (client) [console.warn] https://svelte.dev/e/derived_inert
4:18:53 AM [vite] (client) [console.warn] https://svelte.dev/e/derived_inert
4:18:53 AM [vite] (client) [console.warn] https://svelte.dev/e/derived_inert
4:18:54 AM [vite] (client) [console.warn] https://svelte.dev/e/derived_inert
4:18:54 AM [vite] (client) [console.warn] https://svelte.dev/e/derived_inert
4:18:54 AM [vite] (client) [console.warn] https://svelte.dev/e/derived_inert
4:18:54 AM [vite] (client) [console.warn] https://svelte.dev/e/derived_inert
4:18:54 AM [vite] (client) [console.warn] https://svelte.dev/e/derived_inert
4:18:54 AM [vite] (client) [console.warn] https://svelte.dev/e/derived_inert
4:18:54 AM [vite] (client) [console.warn] https://svelte.dev/e/derived_inert
4:18:54 AM [vite] (client) [console.warn] https://svelte.dev/e/derived_inert
4:18:54 AM [vite] (client) [console.warn] https://svelte.dev/e/derived_inert
4:18:54 AM [vite] (client) [console.warn] https://svelte.dev/e/derived_inert
4:18:54 AM [vite] (client) [console.warn] https://svelte.dev/e/derived_inert
4:18:54 AM [vite] (client) [console.warn] https://svelte.dev/e/derived_inert
4:18:54 AM [vite] (client) [console.warn] https://svelte.dev/e/derived_inert
4:18:54 AM [vite] (client) [console.warn] https://svelte.dev/e/derived_inert
4:18:54 AM [vite] (client) [console.warn] https://svelte.dev/e/derived_inert
4:18:54 AM [vite] (client) [console.warn] https://svelte.dev/e/derived_inert
4:18:54 AM [vite] (client) [console.warn] https://svelte.dev/e/derived_inert
4:18:54 AM [vite] (client) [console.warn] https://svelte.dev/e/derived_inert
4:18:54 AM [vite] (client) [console.warn] https://svelte.dev/e/derived_inert
4:18:54 AM [vite] (client) [console.warn] https://svelte.dev/e/derived_inert
4:18:54 AM [vite] (client) [console.warn] https://svelte.dev/e/derived_inert
4:18:54 AM [vite] (client) [console.warn] https://svelte.dev/e/derived_inert
4:18:54 AM [vite] (client) [console.warn] https://svelte.dev/e/derived_inert
4:18:54 AM [vite] (client) [console.warn] https://svelte.dev/e/derived_inert
4:18:54 AM [vite] (client) [console.warn] https://svelte.dev/e/derived_inert
4:18:54 AM [vite] (client) [console.warn] https://svelte.dev/e/derived_inert
4:18:54 AM [vite] (client) [console.warn] https://svelte.dev/e/derived_inert
4:18:54 AM [vite] (client) [console.warn] https://svelte.dev/e/derived_inert
4:18:54 AM [vite] (client) [console.warn] https://svelte.dev/e/derived_inert
4:18:54 AM [vite] (client) [console.warn] https://svelte.dev/e/derived_inert
4:18:54 AM [vite] (client) [console.warn] https://svelte.dev/e/derived_inert
4:18:54 AM [vite] (client) [console.warn] https://svelte.dev/e/derived_inert
4:18:54 AM [vite] (client) [console.warn] https://svelte.dev/e/derived_inert
4:18:54 AM [vite] (client) [console.warn] https://svelte.dev/e/derived_inert
4:18:54 AM [vite] (client) [console.warn] https://svelte.dev/e/derived_inert
4:18:54 AM [vite] (client) [console.warn] https://svelte.dev/e/derived_inert
4:18:54 AM [vite] (client) [console.warn] https://svelte.dev/e/derived_inert
4:18:54 AM [vite] (client) [console.warn] https://svelte.dev/e/derived_inert
4:18:54 AM [vite] (client) [console.warn] https://svelte.dev/e/derived_inert
4:18:54 AM [vite] (client) [console.warn] https://svelte.dev/e/derived_inert
4:18:54 AM [vite] (client) [console.warn] https://svelte.dev/e/derived_inert
4:18:54 AM [vite] (client) [console.warn] https://svelte.dev/e/derived_inert
4:18:54 AM [vite] (client) [console.warn] https://svelte.dev/e/derived_inert
4:18:54 AM [vite] (client) [console.warn] https://svelte.dev/e/derived_inert
4:18:54 AM [vite] (client) [console.warn] https://svelte.dev/e/derived_inert
4:18:54 AM [vite] (client) [console.warn] https://svelte.dev/e/derived_inert
4:18:54 AM [vite] (client) [console.warn] https://svelte.dev/e/derived_inert
4:18:54 AM [vite] (client) [console.warn] https://svelte.dev/e/derived_inert
4:18:54 AM [vite] (client) [console.warn] https://svelte.dev/e/derived_inert
4:18:54 AM [vite] (client) [console.warn] https://svelte.dev/e/derived_inert
4:18:54 AM [vite] (client) [console.warn] https://svelte.dev/e/derived_inert
4:18:54 AM [vite] (client) [console.warn] https://svelte.dev/e/derived_inert
4:18:54 AM [vite] (client) [console.warn] https://svelte.dev/e/derived_inert
4:18:54 AM [vite] (client) [console.warn] https://svelte.dev/e/derived_inert
4:18:54 AM [vite] (client) [console.warn] https://svelte.dev/e/derived_inert
4:18:54 AM [vite] (client) [console.warn] https://svelte.dev/e/derived_inert
4:18:54 AM [vite] (client) [console.warn] https://svelte.dev/e/derived_inert
4:18:54 AM [vite] (client) [console.warn] https://svelte.dev/e/derived_inert
4:18:54 AM [vite] (client) [console.warn] https://svelte.dev/e/derived_inert
4:18:54 AM [vite] (client) [console.warn] https://svelte.dev/e/derived_inert
4:18:54 AM [vite] (client) [console.warn] https://svelte.dev/e/derived_inert
4:18:54 AM [vite] (client) [console.warn] https://svelte.dev/e/derived_inert
4:18:54 AM [vite] (client) [console.warn] https://svelte.dev/e/derived_inert
4:18:54 AM [vite] (client) [console.warn] https://svelte.dev/e/derived_inert
4:18:54 AM [vite] (client) [console.warn] https://svelte.dev/e/derived_inert
4:18:54 AM [vite] (client) [console.warn] https://svelte.dev/e/derived_inert
4:18:54 AM [vite] (client) [console.warn] https://svelte.dev/e/derived_inert
4:18:54 AM [vite] (client) [console.warn] https://svelte.dev/e/derived_inert
4:18:54 AM [vite] (client) [console.warn] https://svelte.dev/e/derived_inert
4:18:54 AM [vite] (client) [console.warn] https://svelte.dev/e/derived_inert
4:18:54 AM [vite] (client) [console.warn] https://svelte.dev/e/derived_inert
4:18:54 AM [vite] (client) [console.warn] https://svelte.dev/e/derived_inert
4:18:54 AM [vite] (client) [console.warn] https://svelte.dev/e/derived_inert
4:18:54 AM [vite] (client) [console.warn] https://svelte.dev/e/derived_inert
4:18:54 AM [vite] (client) [console.warn] https://svelte.dev/e/derived_inert
4:18:54 AM [vite] (client) [console.warn] https://svelte.dev/e/derived_inert
4:18:54 AM [vite] (client) [console.warn] https://svelte.dev/e/derived_inert
4:18:54 AM [vite] (client) [console.warn] https://svelte.dev/e/derived_inert
4:18:54 AM [vite] (client) [console.warn] https://svelte.dev/e/derived_inert
4:18:54 AM [vite] (client) [console.warn] https://svelte.dev/e/derived_inert
4:18:54 AM [vite] (client) [console.warn] https://svelte.dev/e/derived_inert
4:18:54 AM [vite] (client) [console.warn] https://svelte.dev/e/derived_inert
4:18:54 AM [vite] (client) [console.warn] https://svelte.dev/e/derived_inert
4:18:54 AM [vite] (client) [console.warn] https://svelte.dev/e/derived_inert
4:18:54 AM [vite] (client) [console.warn] https://svelte.dev/e/derived_inert
4:18:54 AM [vite] (client) [console.warn] https://svelte.dev/e/derived_inert
4:18:54 AM [vite] (client) [console.warn] https://svelte.dev/e/derived_inert
4:18:54 AM [vite] (client) [console.warn] https://svelte.dev/e/derived_inert
4:18:54 AM [vite] (client) [console.warn] https://svelte.dev/e/derived_inert
4:18:54 AM [vite] (client) [console.warn] https://svelte.dev/e/derived_inert
4:18:54 AM [vite] (client) [console.warn] https://svelte.dev/e/derived_inert
4:18:54 AM [vite] (client) [console.warn] https://svelte.dev/e/derived_inert
4:18:54 AM [vite] (client) [console.warn] https://svelte.dev/e/derived_inert
4:18:54 AM [vite] (client) [console.warn] https://svelte.dev/e/derived_inert
4:18:54 AM [vite] (client) [console.warn] https://svelte.dev/e/derived_inert
4:18:54 AM [vite] (client) [console.warn] https://svelte.dev/e/derived_inert
4:18:54 AM [vite] (client) [console.warn] https://svelte.dev/e/derived_inert
4:18:54 AM [vite] (client) [console.warn] https://svelte.dev/e/derived_inert
4:18:54 AM [vite] (client) [console.warn] https://svelte.dev/e/derived_inert
4:18:54 AM [vite] (client) [console.warn] https://svelte.dev/e/derived_inert
4:18:54 AM [vite] (client) [console.warn] https://svelte.dev/e/derived_inert
4:18:54 AM [vite] (client) [console.warn] https://svelte.dev/e/derived_inert
4:18:54 AM [vite] (client) [console.warn] https://svelte.dev/e/derived_inert
4:18:54 AM [vite] (client) [console.warn] https://svelte.dev/e/derived_inert
4:18:54 AM [vite] (client) [console.warn] https://svelte.dev/e/derived_inert
4:18:54 AM [vite] (client) [console.warn] https://svelte.dev/e/derived_inert
4:18:54 AM [vite] (client) [console.warn] https://svelte.dev/e/derived_inert
4:18:54 AM [vite] (client) [console.warn] https://svelte.dev/e/derived_inert
4:18:54 AM [vite] (client) [console.warn] https://svelte.dev/e/derived_inert
4:18:54 AM [vite] (client) [console.warn] https://svelte.dev/e/derived_inert
4:18:54 AM [vite] (client) [console.warn] https://svelte.dev/e/derived_inert
4:18:54 AM [vite] (client) [console.warn] https://svelte.dev/e/derived_inert
4:18:54 AM [vite] (client) [console.warn] https://svelte.dev/e/derived_inert
4:18:54 AM [vite] (client) [console.warn] https://svelte.dev/e/derived_inert
4:18:54 AM [vite] (client) [console.warn] https://svelte.dev/e/derived_inert
4:18:54 AM [vite] (client) [console.warn] https://svelte.dev/e/derived_inert
4:18:54 AM [vite] (client) [console.warn] https://svelte.dev/e/derived_inert
4:18:54 AM [vite] (client) [console.warn] https://svelte.dev/e/derived_inert
4:18:54 AM [vite] (client) [console.warn] https://svelte.dev/e/derived_inert
4:18:54 AM [vite] (client) [console.warn] https://svelte.dev/e/derived_inert
4:18:54 AM [vite] (client) [console.warn] https://svelte.dev/e/derived_inert
4:18:54 AM [vite] (client) [console.warn] https://svelte.dev/e/derived_inert
4:18:54 AM [vite] (client) [console.warn] https://svelte.dev/e/derived_inert
4:18:54 AM [vite] (client) [console.warn] https://svelte.dev/e/derived_inert
4:18:58 AM [vite] (client) [console.warn] https://svelte.dev/e/derived_inert
4:18:58 AM [vite] (client) [console.warn] https://svelte.dev/e/derived_inert
4:18:58 AM [vite] (client) [console.warn] https://svelte.dev/e/derived_inert
4:18:58 AM [vite] (client) [console.warn] https://svelte.dev/e/derived_inert
4:18:58 AM [vite] (client) [console.warn] https://svelte.dev/e/derived_inert
4:18:58 AM [vite] (client) [console.warn] https://svelte.dev/e/derived_inert
4:18:58 AM [vite] (client) [console.warn] https://svelte.dev/e/derived_inert
4:18:58 AM [vite] (client) [console.warn] https://svelte.dev/e/derived_inert
4:18:58 AM [vite] (client) [console.warn] https://svelte.dev/e/derived_inert
4:18:58 AM [vite] (client) [console.warn] https://svelte.dev/e/derived_inert
4:18:58 AM [vite] (client) [console.warn] https://svelte.dev/e/derived_inert
4:18:58 AM [vite] (client) [console.warn] https://svelte.dev/e/derived_inert
4:18:58 AM [vite] (client) [console.warn] https://svelte.dev/e/derived_inert
4:18:58 AM [vite] (client) [console.warn] https://svelte.dev/e/derived_inert
4:18:58 AM [vite] (client) [console.warn] https://svelte.dev/e/derived_inert
4:18:58 AM [vite] (client) [console.warn] https://svelte.dev/e/derived_inert
4:18:58 AM [vite] (client) [console.warn] https://svelte.dev/e/derived_inert
4:18:58 AM [vite] (client) [console.warn] https://svelte.dev/e/derived_inert
4:18:58 AM [vite] (client) [console.warn] https://svelte.dev/e/derived_inert
4:18:58 AM [vite] (client) [console.warn] https://svelte.dev/e/derived_inert
4:18:58 AM [vite] (client) [console.warn] https://svelte.dev/e/derived_inert
4:18:58 AM [vite] (client) [console.warn] https://svelte.dev/e/derived_inert
4:18:58 AM [vite] (client) [console.warn] https://svelte.dev/e/derived_inert
4:18:58 AM [vite] (client) [console.warn] https://svelte.dev/e/derived_inert
4:18:58 AM [vite] (client) [console.warn] https://svelte.dev/e/derived_inert
4:18:58 AM [vite] (client) [console.warn] https://svelte.dev/e/derived_inert
4:18:58 AM [vite] (client) [console.warn] https://svelte.dev/e/derived_inert
4:18:58 AM [vite] (client) [console.warn] https://svelte.dev/e/derived_inert
4:18:58 AM [vite] (client) [console.warn] https://svelte.dev/e/derived_inert
4:18:58 AM [vite] (client) [console.warn] https://svelte.dev/e/derived_inert
4:18:59 AM [vite] (client) [console.warn] https://svelte.dev/e/derived_inert
4:18:59 AM [vite] (client) [console.warn] https://svelte.dev/e/derived_inert
4:19:00 AM [vite] (client) [console.warn] https://svelte.dev/e/derived_inert
4:19:00 AM [vite] (client) [console.warn] https://svelte.dev/e/derived_inert
4:19:00 AM [vite] (client) [console.warn] https://svelte.dev/e/derived_inert
4:19:00 AM [vite] (client) [console.warn] https://svelte.dev/e/derived_inert
4:19:00 AM [vite] (client) [console.warn] https://svelte.dev/e/derived_inert
4:19:00 AM [vite] (client) [console.warn] https://svelte.dev/e/derived_inert
4:19:00 AM [vite] (client) [console.warn] https://svelte.dev/e/derived_inert
4:19:00 AM [vite] (client) [console.warn] https://svelte.dev/e/derived_inert
4:19:00 AM [vite] (client) [console.warn] https://svelte.dev/e/derived_inert
4:19:00 AM [vite] (client) [console.warn] https://svelte.dev/e/derived_inert
4:19:00 AM [vite] (client) [console.warn] https://svelte.dev/e/derived_inert
4:19:00 AM [vite] (client) [console.warn] https://svelte.dev/e/derived_inert
4:19:00 AM [vite] (client) [console.warn] https://svelte.dev/e/derived_inert
4:19:00 AM [vite] (client) [console.warn] https://svelte.dev/e/derived_inert
4:19:00 AM [vite] (client) [console.warn] https://svelte.dev/e/derived_inert
4:19:00 AM [vite] (client) [console.warn] https://svelte.dev/e/derived_inert
4:19:00 AM [vite] (client) [console.warn] https://svelte.dev/e/derived_inert
4:19:00 AM [vite] (client) [console.warn] https://svelte.dev/e/derived_inert
4:19:00 AM [vite] (client) [console.warn] https://svelte.dev/e/derived_inert
4:19:00 AM [vite] (client) [console.warn] https://svelte.dev/e/derived_inert
4:19:00 AM [vite] (client) [console.warn] https://svelte.dev/e/derived_inert
4:19:00 AM [vite] (client) [console.warn] https://svelte.dev/e/derived_inert
4:19:00 AM [vite] (client) [console.warn] https://svelte.dev/e/derived_inert
4:19:00 AM [vite] (client) [console.warn] https://svelte.dev/e/derived_inert
4:19:00 AM [vite] (client) [console.warn] https://svelte.dev/e/derived_inert
4:19:00 AM [vite] (client) [console.warn] https://svelte.dev/e/derived_inert
4:19:00 AM [vite] (client) [console.warn] https://svelte.dev/e/derived_inert
4:19:00 AM [vite] (client) [console.warn] https://svelte.dev/e/derived_inert
4:19:00 AM [vite] (client) [console.warn] https://svelte.dev/e/derived_inert
4:19:00 AM [vite] (client) [console.warn] https://svelte.dev/e/derived_inert
4:19:00 AM [vite] (client) [console.warn] https://svelte.dev/e/derived_inert
4:19:00 AM [vite] (client) [console.warn] https://svelte.dev/e/derived_inert
4:19:00 AM [vite] (client) [console.warn] https://svelte.dev/e/derived_inert
4:19:00 AM [vite] (client) [console.warn] https://svelte.dev/e/derived_inert
4:19:00 AM [vite] (client) [console.warn] https://svelte.dev/e/derived_inert
4:19:00 AM [vite] (client) [console.warn] https://svelte.dev/e/derived_inert
4:19:00 AM [vite] (client) [console.warn] https://svelte.dev/e/derived_inert
4:19:00 AM [vite] (client) [console.warn] https://svelte.dev/e/derived_inert
4:19:00 AM [vite] (client) [console.warn] https://svelte.dev/e/derived_inert
4:19:00 AM [vite] (client) [console.warn] https://svelte.dev/e/derived_inert
4:19:00 AM [vite] (client) [console.warn] https://svelte.dev/e/derived_inert
4:19:00 AM [vite] (client) [console.warn] https://svelte.dev/e/derived_inert
4:19:00 AM [vite] (client) [console.warn] https://svelte.dev/e/derived_inert
4:19:00 AM [vite] (client) [console.warn] https://svelte.dev/e/derived_inert
4:19:00 AM [vite] (client) [console.warn] https://svelte.dev/e/derived_inert
4:19:00 AM [vite] (client) [console.warn] https://svelte.dev/e/derived_inert
4:19:00 AM [vite] (client) [console.warn] https://svelte.dev/e/derived_inert
4:19:00 AM [vite] (client) [console.warn] https://svelte.dev/e/derived_inert
4:19:00 AM [vite] (client) [console.warn] https://svelte.dev/e/derived_inert
4:19:00 AM [vite] (client) [console.warn] https://svelte.dev/e/derived_inert
4:19:00 AM [vite] (client) [console.warn] https://svelte.dev/e/derived_inert
4:19:00 AM [vite] (client) [console.warn] https://svelte.dev/e/derived_inert
4:19:00 AM [vite] (client) [console.warn] https://svelte.dev/e/derived_inert
4:19:00 AM [vite] (client) [console.warn] https://svelte.dev/e/derived_inert
4:19:00 AM [vite] (client) [console.warn] https://svelte.dev/e/derived_inert
4:19:00 AM [vite] (client) [console.warn] https://svelte.dev/e/derived_inert
4:19:00 AM [vite] (client) [console.warn] https://svelte.dev/e/derived_inert
4:19:00 AM [vite] (client) [console.warn] https://svelte.dev/e/derived_inert
4:19:00 AM [vite] (client) [console.warn] https://svelte.dev/e/derived_inert
4:19:00 AM [vite] (client) [console.warn] https://svelte.dev/e/derived_inert
4:19:00 AM [vite] (client) [console.warn] https://svelte.dev/e/derived_inert
4:19:00 AM [vite] (client) [console.warn] https://svelte.dev/e/derived_inert
4:19:00 AM [vite] (client) [console.warn] https://svelte.dev/e/derived_inert
4:19:00 AM [vite] (client) [console.warn] https://svelte.dev/e/derived_inert
4:19:00 AM [vite] (client) [console.warn] https://svelte.dev/e/derived_inert
4:19:00 AM [vite] (client) [console.warn] https://svelte.dev/e/derived_inert
4:19:00 AM [vite] (client) [console.warn] https://svelte.dev/e/derived_inert
4:19:00 AM [vite] (client) [console.warn] https://svelte.dev/e/derived_inert
4:19:00 AM [vite] (client) [console.warn] https://svelte.dev/e/derived_inert
4:19:00 AM [vite] (client) [console.warn] https://svelte.dev/e/derived_inert
4:19:00 AM [vite] (client) [console.warn] https://svelte.dev/e/derived_inert
4:19:00 AM [vite] (client) [console.warn] https://svelte.dev/e/derived_inert
4:19:00 AM [vite] (client) [console.warn] https://svelte.dev/e/derived_inert
4:19:00 AM [vite] (client) [console.warn] https://svelte.dev/e/derived_inert
4:19:00 AM [vite] (client) [console.warn] https://svelte.dev/e/derived_inert
4:19:00 AM [vite] (client) [console.warn] https://svelte.dev/e/derived_inert
4:19:00 AM [vite] (client) [console.warn] https://svelte.dev/e/derived_inert
4:19:00 AM [vite] (client) [console.warn] https://svelte.dev/e/derived_inert
4:19:00 AM [vite] (client) [console.warn] https://svelte.dev/e/derived_inert
4:19:00 AM [vite] (client) [console.warn] https://svelte.dev/e/derived_inert
4:19:00 AM [vite] (client) [console.warn] https://svelte.dev/e/derived_inert
4:19:00 AM [vite] (client) [console.warn] https://svelte.dev/e/derived_inert
4:19:00 AM [vite] (client) [console.warn] https://svelte.dev/e/derived_inert
4:19:00 AM [vite] (client) [console.warn] https://svelte.dev/e/derived_inert
4:19:00 AM [vite] (client) [console.warn] https://svelte.dev/e/derived_inert
4:19:00 AM [vite] (client) [console.warn] https://svelte.dev/e/derived_inert
4:19:00 AM [vite] (client) [console.warn] https://svelte.dev/e/derived_inert
4:19:00 AM [vite] (client) [console.warn] https://svelte.dev/e/derived_inert
4:19:00 AM [vite] (client) [console.warn] https://svelte.dev/e/derived_inert
4:19:00 AM [vite] (client) [console.warn] https://svelte.dev/e/derived_inert
4:19:00 AM [vite] (client) [console.warn] https://svelte.dev/e/derived_inert
4:19:00 AM [vite] (client) [console.warn] https://svelte.dev/e/derived_inert
4:19:00 AM [vite] (client) [console.warn] https://svelte.dev/e/derived_inert
4:19:00 AM [vite] (client) [console.warn] https://svelte.dev/e/derived_inert
4:19:00 AM [vite] (client) [console.warn] https://svelte.dev/e/derived_inert
4:19:00 AM [vite] (client) [console.warn] https://svelte.dev/e/derived_inert
4:19:00 AM [vite] (client) [console.warn] https://svelte.dev/e/derived_inert
4:19:00 AM [vite] (client) [console.warn] https://svelte.dev/e/derived_inert
4:19:00 AM [vite] (client) [console.warn] https://svelte.dev/e/derived_inert
4:19:00 AM [vite] (client) [console.warn] https://svelte.dev/e/derived_inert
4:19:00 AM [vite] (client) [console.warn] https://svelte.dev/e/derived_inert
4:19:00 AM [vite] (client) [console.warn] https://svelte.dev/e/derived_inert
4:19:00 AM [vite] (client) [console.warn] https://svelte.dev/e/derived_inert
4:19:00 AM [vite] (client) [console.warn] https://svelte.dev/e/derived_inert
4:19:00 AM [vite] (client) [console.warn] https://svelte.dev/e/derived_inert
4:19:00 AM [vite] (client) [console.warn] https://svelte.dev/e/derived_inert
4:19:00 AM [vite] (client) [console.warn] https://svelte.dev/e/derived_inert
4:19:00 AM [vite] (client) [console.warn] https://svelte.dev/e/derived_inert
4:19:00 AM [vite] (client) [console.warn] https://svelte.dev/e/derived_inert
4:19:00 AM [vite] (client) [console.warn] https://svelte.dev/e/derived_inert
4:19:00 AM [vite] (client) [console.warn] https://svelte.dev/e/derived_inert
4:19:00 AM [vite] (client) [console.warn] https://svelte.dev/e/derived_inert
4:19:00 AM [vite] (client) [console.warn] https://svelte.dev/e/derived_inert
4:19:00 AM [vite] (client) [console.warn] https://svelte.dev/e/derived_inert
4:19:00 AM [vite] (client) [console.warn] https://svelte.dev/e/derived_inert
4:19:00 AM [vite] (client) [console.warn] https://svelte.dev/e/derived_inert
4:19:00 AM [vite] (client) [console.warn] https://svelte.dev/e/derived_inert
4:19:00 AM [vite] (client) [console.warn] https://svelte.dev/e/derived_inert
4:19:00 AM [vite] (client) [console.warn] https://svelte.dev/e/derived_inert
4:19:00 AM [vite] (client) [console.warn] https://svelte.dev/e/derived_inert
4:19:00 AM [vite] (client) [console.warn] https://svelte.dev/e/derived_inert
4:19:00 AM [vite] (client) [console.warn] https://svelte.dev/e/derived_inert
4:19:00 AM [vite] (client) [console.warn] https://svelte.dev/e/derived_inert
4:19:00 AM [vite] (client) [console.warn] https://svelte.dev/e/derived_inert
4:19:00 AM [vite] (client) [console.warn] https://svelte.dev/e/derived_inert
4:19:00 AM [vite] (client) [console.warn] https://svelte.dev/e/derived_inert
4:19:00 AM [vite] (client) [console.warn] https://svelte.dev/e/derived_inert
4:19:00 AM [vite] (client) [console.warn] https://svelte.dev/e/derived_inert
4:19:00 AM [vite] (client) [console.warn] https://svelte.dev/e/derived_inert
4:19:00 AM [vite] (client) [console.warn] https://svelte.dev/e/derived_inert
4:19:00 AM [vite] (client) [console.warn] https://svelte.dev/e/derived_inert
4:19:00 AM [vite] (client) [console.warn] https://svelte.dev/e/derived_inert
4:19:00 AM [vite] (client) [console.warn] https://svelte.dev/e/derived_inert
4:19:00 AM [vite] (client) [console.warn] https://svelte.dev/e/derived_inert
4:19:00 AM [vite] (client) [console.warn] https://svelte.dev/e/derived_inert
4:19:00 AM [vite] (client) [console.warn] https://svelte.dev/e/derived_inert
4:19:00 AM [vite] (client) [console.warn] https://svelte.dev/e/derived_inert
4:19:00 AM [vite] (client) [console.warn] https://svelte.dev/e/derived_inert
4:19:00 AM [vite] (client) [console.warn] https://svelte.dev/e/derived_inert
4:19:00 AM [vite] (client) [console.warn] https://svelte.dev/e/derived_inert
4:19:00 AM [vite] (client) [console.warn] https://svelte.dev/e/derived_inert
4:19:00 AM [vite] (client) [console.warn] https://svelte.dev/e/derived_inert
4:19:00 AM [vite] (client) [console.warn] https://svelte.dev/e/derived_inert
4:19:00 AM [vite] (client) [console.warn] https://svelte.dev/e/derived_inert
4:19:00 AM [vite] (client) [console.warn] https://svelte.dev/e/derived_inert
4:19:00 AM [vite] (client) [console.warn] https://svelte.dev/e/derived_inert
4:19:00 AM [vite] (client) [console.warn] https://svelte.dev/e/derived_inert
4:19:00 AM [vite] (client) [console.warn] https://svelte.dev/e/derived_inert
4:19:00 AM [vite] (client) [console.warn] https://svelte.dev/e/derived_inert
4:19:00 AM [vite] (client) [console.warn] https://svelte.dev/e/derived_inert
4:19:00 AM [vite] (client) [console.warn] https://svelte.dev/e/derived_inert
4:19:00 AM [vite] (client) [console.warn] https://svelte.dev/e/derived_inert
4:19:00 AM [vite] (client) [console.warn] https://svelte.dev/e/derived_inert
4:19:00 AM [vite] (client) [console.warn] https://svelte.dev/e/derived_inert
4:19:00 AM [vite] (client) [console.warn] https://svelte.dev/e/derived_inert
4:19:00 AM [vite] (client) [console.warn] https://svelte.dev/e/derived_inert
4:19:00 AM [vite] (client) [console.warn] https://svelte.dev/e/derived_inert
4:19:00 AM [vite] (client) [console.warn] https://svelte.dev/e/derived_inert
4:19:00 AM [vite] (client) [console.warn] https://svelte.dev/e/derived_inert
4:19:00 AM [vite] (client) [console.warn] https://svelte.dev/e/derived_inert
4:19:00 AM [vite] (client) [console.warn] https://svelte.dev/e/derived_inert
4:19:00 AM [vite] (client) [console.warn] https://svelte.dev/e/derived_inert
4:19:00 AM [vite] (client) [console.warn] https://svelte.dev/e/derived_inert
4:19:00 AM [vite] (client) [console.warn] https://svelte.dev/e/derived_inert
4:19:00 AM [vite] (client) [console.warn] https://svelte.dev/e/derived_inert
4:19:00 AM [vite] (client) [console.warn] https://svelte.dev/e/derived_inert
4:19:00 AM [vite] (client) [console.warn] https://svelte.dev/e/derived_inert
4:19:00 AM [vite] (client) [console.warn] https://svelte.dev/e/derived_inert
4:19:00 AM [vite] (client) [console.warn] https://svelte.dev/e/derived_inert
4:19:00 AM [vite] (client) [console.warn] https://svelte.dev/e/derived_inert
4:19:00 AM [vite] (client) [console.warn] https://svelte.dev/e/derived_inert
4:19:00 AM [vite] (client) [console.warn] https://svelte.dev/e/derived_inert
4:19:00 AM [vite] (client) [console.warn] https://svelte.dev/e/derived_inert
4:19:00 AM [vite] (client) [console.warn] https://svelte.dev/e/derived_inert
4:19:04 AM [vite] (client) [console.warn] https://svelte.dev/e/derived_inert
4:19:06 AM [vite] (client) [console.warn] https://svelte.dev/e/derived_inert

 Test Files  60 passed (60)
      Tests  462 passed (462)
   Start at  04:17:54
   Duration  72.54s (transform 0ms, setup 1.12s, import 13.82s, tests 53.64s, environment 0ms)

