^D⠙[1G[0K⠹[1G[0K⠸[1G[0K⠼[1G[0K⠴[1G[0K⠦[1G[0K⠧[1G[0K⠇[1G[0K⠏[1G[0K⠋[1G[0K⠙[1G[0K⠹[1G[0K⠸[1G[0K⠼[1G[0K⠴[1G[0K⠦[1G[0K⠧[1G[0K⠇[1G[0K⠏[1G[0K⠋[1G[0K⠙[1G[0K⠹[1G[0K⠸[1G[0K⠼[1G[0K⠴[1G[0K⠦[1G[0K⠧[1G[0K⠇[1G[0K⠏[1G[0K⠋[1G[0K⠙[1G[0K⠹[1G[0K⠸[1G[0K⠼[1G[0K⠴[1G[0K⠦[1G[0K⠧[1G[0K⠇[1G[0K⠏[1G[0K⠋[1G[0K⠙[1G[0K⠹[1G[0K⠸[1G[0K⠼[1G[0K⠴[1G[0K⠦[1G[0K⠧[1G[0K⠇[1G[0K⠏[1G[0K⠋[1G[0K⠙[1G[0K⠹[1G[0K⠸[1G[0K⠼[1G[0K⠴[1G[0K⠦[1G[0K⠧[1G[0K⠇[1G[0K⠏[1G[0K⠋[1G[0K⠙[1G[0K⠹[1G[0K⠸[1G[0K⠼[1G[0K⠴[1G[0K⠦[1G[0K⠧[1G[0K⠇[1G[0K⠏[1G[0K⠋[1G[0K⠙[1G[0K⠹[1G[0K⠸[1G[0K⠼[1G[0K⠴[1G[0K⠦[1G[0K⠧[1G[0K⠇[1G[0K⠏[1G[0K⠋[1G[0K⠙[1G[0K⠹[1G[0K⠸[1G[0K⠼[1G[0K⠴[1G[0K⠦[1G[0K⠧[1G[0K⠇[1G[0K⠏[1G[0K⠋[1G[0K⠙[1G[0K⠹[1G[0K⠸[1G[0K⠼[1G[0K⠴[1G[0K⠦[1G[0K⠧[1G[0K⠇[1G[0K⠏[1G[0K⠋[1G[0K⠙[1G[0K⠹[1G[0K⠸[1G[0K⠼[1G[0K⠴[1G[0K⠦[1G[0K⠧[1G[0K⠇[1G[0K⠏[1G[0K
> banhall-app@0.1.0 prepare
> svelte-kit sync || echo ''

⠏[1G[0K⠙[1G[0K
added 456 packages, and audited 457 packages in 13s
⠙[1G[0K
⠙[1G[0K110 packages are looking for funding
⠙[1G[0K  run `npm fund` for details
⠙[1G[0K
6 vulnerabilities (4 moderate, 2 high)

To address issues that do not require attention, run:
  npm audit fix

To address all issues, run:
  npm audit fix --force

Run `npm audit` for details.
⠙[1G[0Knpm warn allow-scripts 4 packages have install scripts not yet covered by allowScripts:
npm warn allow-scripts   esbuild@0.27.0 (postinstall: node install.js)
npm warn allow-scripts   esbuild@0.28.1 (postinstall: node install.js)
npm warn allow-scripts   fsevents@2.3.3 (install: (install scripts present))
npm warn allow-scripts   fsevents@2.3.2 (install: (install scripts present))
npm warn allow-scripts
npm warn allow-scripts Run `npm approve-scripts --allow-scripts-pending` to review, or `npm approve-scripts <pkg>` to allow.
⠙[1G[0K