
> banhall-app@0.1.0 test:component
> vitest run --config vitest.component.config.ts

4:49:41 AM [vite-plugin-svelte] no Svelte config found at /Users/johnnynguyen/Documents/Repos/Banhall-bmad-published-status-fix - using default configuration.

 RUN  v4.1.10 /Users/johnnynguyen/Documents/Repos/Banhall-bmad-published-status-fix

4:49:41 AM [vite-plugin-svelte] no Svelte config found at /Users/johnnynguyen/Documents/Repos/Banhall-bmad-published-status-fix - using default configuration.
4:49:44 AM [vite] (client) [optimizer] bundling dependencies...
4:50:39 AM [vite] (client) [console.warn] https://svelte.dev/e/derived_inert
4:50:39 AM [vite] (client) [console.warn] https://svelte.dev/e/derived_inert
4:50:39 AM [vite] (client) [console.warn] https://svelte.dev/e/derived_inert
4:50:39 AM [vite] (client) [console.warn] https://svelte.dev/e/derived_inert
4:50:39 AM [vite] (client) [console.warn] https://svelte.dev/e/derived_inert
4:50:39 AM [vite] (client) [console.warn] https://svelte.dev/e/derived_inert
4:50:41 AM [vite] (client) [console.warn] https://svelte.dev/e/derived_inert
4:50:41 AM [vite] (client) [console.warn] https://svelte.dev/e/derived_inert
4:50:41 AM [vite] (client) [console.warn] https://svelte.dev/e/derived_inert
4:50:41 AM [vite] (client) [console.warn] https://svelte.dev/e/derived_inert
4:50:41 AM [vite] (client) [console.warn] https://svelte.dev/e/derived_inert
4:50:41 AM [vite] (client) [console.warn] https://svelte.dev/e/derived_inert
4:50:41 AM [vite] (client) [console.warn] https://svelte.dev/e/derived_inert
4:50:41 AM [vite] (client) [console.warn] https://svelte.dev/e/derived_inert
4:50:41 AM [vite] (client) [console.warn] https://svelte.dev/e/derived_inert
4:50:41 AM [vite] (client) [console.warn] https://svelte.dev/e/derived_inert
4:50:41 AM [vite] (client) [console.warn] https://svelte.dev/e/derived_inert
4:50:41 AM [vite] (client) [console.warn] https://svelte.dev/e/derived_inert
4:50:41 AM [vite] (client) [console.warn] https://svelte.dev/e/derived_inert
4:50:41 AM [vite] (client) [console.warn] https://svelte.dev/e/derived_inert
4:50:41 AM [vite] (client) [console.warn] https://svelte.dev/e/derived_inert
4:50:41 AM [vite] (client) [console.warn] https://svelte.dev/e/derived_inert
4:50:41 AM [vite] (client) [console.warn] https://svelte.dev/e/derived_inert
4:50:41 AM [vite] (client) [console.warn] https://svelte.dev/e/derived_inert
4:50:41 AM [vite] (client) [console.warn] https://svelte.dev/e/derived_inert
4:50:41 AM [vite] (client) [console.warn] https://svelte.dev/e/derived_inert
4:50:41 AM [vite] (client) [console.warn] https://svelte.dev/e/derived_inert
4:50:41 AM [vite] (client) [console.warn] https://svelte.dev/e/derived_inert
4:50:41 AM [vite] (client) [console.warn] https://svelte.dev/e/derived_inert
4:50:41 AM [vite] (client) [console.warn] https://svelte.dev/e/derived_inert
4:50:41 AM [vite] (client) [console.warn] https://svelte.dev/e/derived_inert
4:50:41 AM [vite] (client) [console.warn] https://svelte.dev/e/derived_inert
4:50:41 AM [vite] (client) [console.warn] https://svelte.dev/e/derived_inert
4:50:41 AM [vite] (client) [console.warn] https://svelte.dev/e/derived_inert
4:50:41 AM [vite] (client) [console.warn] https://svelte.dev/e/derived_inert
4:50:41 AM [vite] (client) [console.warn] https://svelte.dev/e/derived_inert
4:50:46 AM [vite] (client) [console.warn] https://svelte.dev/e/derived_inert
4:50:47 AM [vite] (client) [console.warn] https://svelte.dev/e/derived_inert
4:50:47 AM [vite] (client) [console.warn] https://svelte.dev/e/derived_inert
4:50:47 AM [vite] (client) [console.warn] https://svelte.dev/e/derived_inert
4:50:47 AM [vite] (client) [console.warn] https://svelte.dev/e/derived_inert
4:50:47 AM [vite] (client) [console.warn] https://svelte.dev/e/derived_inert
4:50:47 AM [vite] (client) [console.warn] https://svelte.dev/e/derived_inert
4:50:47 AM [vite] (client) [console.warn] https://svelte.dev/e/derived_inert
4:50:47 AM [vite] (client) [console.warn] https://svelte.dev/e/derived_inert
4:50:47 AM [vite] (client) [console.warn] https://svelte.dev/e/derived_inert
4:50:47 AM [vite] (client) [console.warn] https://svelte.dev/e/derived_inert
4:50:47 AM [vite] (client) [console.warn] https://svelte.dev/e/derived_inert
4:50:47 AM [vite] (client) [console.warn] https://svelte.dev/e/derived_inert
4:50:47 AM [vite] (client) [console.warn] https://svelte.dev/e/derived_inert
4:50:47 AM [vite] (client) [console.warn] https://svelte.dev/e/derived_inert
4:50:47 AM [vite] (client) [console.warn] https://svelte.dev/e/derived_inert
4:50:47 AM [vite] (client) [console.warn] https://svelte.dev/e/derived_inert
4:50:47 AM [vite] (client) [console.warn] https://svelte.dev/e/derived_inert
4:50:47 AM [vite] (client) [console.warn] https://svelte.dev/e/derived_inert
4:50:47 AM [vite] (client) [console.warn] https://svelte.dev/e/derived_inert
4:50:47 AM [vite] (client) [console.warn] https://svelte.dev/e/derived_inert
4:50:47 AM [vite] (client) [console.warn] https://svelte.dev/e/derived_inert
4:50:47 AM [vite] (client) [console.warn] https://svelte.dev/e/derived_inert
4:50:47 AM [vite] (client) [console.warn] https://svelte.dev/e/derived_inert
4:50:47 AM [vite] (client) [console.warn] https://svelte.dev/e/derived_inert
4:50:47 AM [vite] (client) [console.warn] https://svelte.dev/e/derived_inert
4:50:47 AM [vite] (client) [console.warn] https://svelte.dev/e/derived_inert
4:50:47 AM [vite] (client) [console.warn] https://svelte.dev/e/derived_inert
4:50:47 AM [vite] (client) [console.warn] https://svelte.dev/e/derived_inert
4:50:47 AM [vite] (client) [console.warn] https://svelte.dev/e/derived_inert
4:50:47 AM [vite] (client) [console.warn] https://svelte.dev/e/derived_inert
4:50:47 AM [vite] (client) [console.warn] https://svelte.dev/e/derived_inert
4:50:47 AM [vite] (client) [console.warn] https://svelte.dev/e/derived_inert
4:50:47 AM [vite] (client) [console.warn] https://svelte.dev/e/derived_inert
4:50:47 AM [vite] (client) [console.warn] https://svelte.dev/e/derived_inert
4:50:47 AM [vite] (client) [console.warn] https://svelte.dev/e/derived_inert
4:50:47 AM [vite] (client) [console.warn] https://svelte.dev/e/derived_inert
4:50:47 AM [vite] (client) [console.warn] https://svelte.dev/e/derived_inert
4:50:47 AM [vite] (client) [console.warn] https://svelte.dev/e/derived_inert
4:50:47 AM [vite] (client) [console.warn] https://svelte.dev/e/derived_inert
4:50:47 AM [vite] (client) [console.warn] https://svelte.dev/e/derived_inert
4:50:47 AM [vite] (client) [console.warn] https://svelte.dev/e/derived_inert
4:50:47 AM [vite] (client) [console.warn] https://svelte.dev/e/derived_inert
4:50:47 AM [vite] (client) [console.warn] https://svelte.dev/e/derived_inert
4:50:47 AM [vite] (client) [console.warn] https://svelte.dev/e/derived_inert
4:50:47 AM [vite] (client) [console.warn] https://svelte.dev/e/derived_inert
4:50:47 AM [vite] (client) [console.warn] https://svelte.dev/e/derived_inert
4:50:47 AM [vite] (client) [console.warn] https://svelte.dev/e/derived_inert
4:50:47 AM [vite] (client) [console.warn] https://svelte.dev/e/derived_inert
4:50:47 AM [vite] (client) [console.warn] https://svelte.dev/e/derived_inert
4:50:47 AM [vite] (client) [console.warn] https://svelte.dev/e/derived_inert
4:50:47 AM [vite] (client) [console.warn] https://svelte.dev/e/derived_inert
4:50:47 AM [vite] (client) [console.warn] https://svelte.dev/e/derived_inert
4:50:47 AM [vite] (client) [console.warn] https://svelte.dev/e/derived_inert
4:50:47 AM [vite] (client) [console.warn] https://svelte.dev/e/derived_inert
4:50:47 AM [vite] (client) [console.warn] https://svelte.dev/e/derived_inert
4:50:47 AM [vite] (client) [console.warn] https://svelte.dev/e/derived_inert
4:50:48 AM [vite] (client) [console.warn] https://svelte.dev/e/derived_inert
4:50:48 AM [vite] (client) [console.warn] https://svelte.dev/e/derived_inert
4:50:48 AM [vite] (client) [console.warn] https://svelte.dev/e/derived_inert
4:50:48 AM [vite] (client) [console.warn] https://svelte.dev/e/derived_inert
4:50:48 AM [vite] (client) [console.warn] https://svelte.dev/e/derived_inert
4:50:48 AM [vite] (client) [console.warn] https://svelte.dev/e/derived_inert
4:50:48 AM [vite] (client) [console.warn] https://svelte.dev/e/derived_inert
4:50:48 AM [vite] (client) [console.warn] https://svelte.dev/e/derived_inert
4:50:48 AM [vite] (client) [console.warn] https://svelte.dev/e/derived_inert
4:50:48 AM [vite] (client) [console.warn] https://svelte.dev/e/derived_inert
4:50:48 AM [vite] (client) [console.warn] https://svelte.dev/e/derived_inert
4:50:48 AM [vite] (client) [console.warn] https://svelte.dev/e/derived_inert
4:50:48 AM [vite] (client) [console.warn] https://svelte.dev/e/derived_inert
4:50:48 AM [vite] (client) [console.warn] https://svelte.dev/e/derived_inert
4:50:48 AM [vite] (client) [console.warn] https://svelte.dev/e/derived_inert
4:50:48 AM [vite] (client) [console.warn] https://svelte.dev/e/derived_inert
4:50:48 AM [vite] (client) [console.warn] https://svelte.dev/e/derived_inert
4:50:48 AM [vite] (client) [console.warn] https://svelte.dev/e/derived_inert
4:50:48 AM [vite] (client) [console.warn] https://svelte.dev/e/derived_inert
4:50:48 AM [vite] (client) [console.warn] https://svelte.dev/e/derived_inert
4:50:48 AM [vite] (client) [console.warn] https://svelte.dev/e/derived_inert
4:50:48 AM [vite] (client) [console.warn] https://svelte.dev/e/derived_inert
4:50:48 AM [vite] (client) [console.warn] https://svelte.dev/e/derived_inert
4:50:48 AM [vite] (client) [console.warn] https://svelte.dev/e/derived_inert
4:50:48 AM [vite] (client) [console.warn] https://svelte.dev/e/derived_inert
4:50:48 AM [vite] (client) [console.warn] https://svelte.dev/e/derived_inert
4:50:48 AM [vite] (client) [console.warn] https://svelte.dev/e/derived_inert
4:50:48 AM [vite] (client) [console.warn] https://svelte.dev/e/derived_inert
4:50:48 AM [vite] (client) [console.warn] https://svelte.dev/e/derived_inert
4:50:48 AM [vite] (client) [console.warn] https://svelte.dev/e/derived_inert
4:50:48 AM [vite] (client) [console.warn] https://svelte.dev/e/derived_inert
4:50:48 AM [vite] (client) [console.warn] https://svelte.dev/e/derived_inert
4:50:48 AM [vite] (client) [console.warn] https://svelte.dev/e/derived_inert
4:50:48 AM [vite] (client) [console.warn] https://svelte.dev/e/derived_inert
4:50:48 AM [vite] (client) [console.warn] https://svelte.dev/e/derived_inert
4:50:48 AM [vite] (client) [console.warn] https://svelte.dev/e/derived_inert
4:50:48 AM [vite] (client) [console.warn] https://svelte.dev/e/derived_inert
4:50:48 AM [vite] (client) [console.warn] https://svelte.dev/e/derived_inert
4:50:48 AM [vite] (client) [console.warn] https://svelte.dev/e/derived_inert
4:50:48 AM [vite] (client) [console.warn] https://svelte.dev/e/derived_inert
4:50:48 AM [vite] (client) [console.warn] https://svelte.dev/e/derived_inert
4:50:48 AM [vite] (client) [console.warn] https://svelte.dev/e/derived_inert
4:50:48 AM [vite] (client) [console.warn] https://svelte.dev/e/derived_inert
4:50:48 AM [vite] (client) [console.warn] https://svelte.dev/e/derived_inert
4:50:48 AM [vite] (client) [console.warn] https://svelte.dev/e/derived_inert
4:50:48 AM [vite] (client) [console.warn] https://svelte.dev/e/derived_inert
4:50:48 AM [vite] (client) [console.warn] https://svelte.dev/e/derived_inert
4:50:48 AM [vite] (client) [console.warn] https://svelte.dev/e/derived_inert
4:50:48 AM [vite] (client) [console.warn] https://svelte.dev/e/derived_inert
4:50:48 AM [vite] (client) [console.warn] https://svelte.dev/e/derived_inert
4:50:49 AM [vite] (client) [console.warn] https://svelte.dev/e/derived_inert
4:50:49 AM [vite] (client) [console.warn] https://svelte.dev/e/derived_inert
4:50:49 AM [vite] (client) [console.warn] https://svelte.dev/e/derived_inert
4:50:49 AM [vite] (client) [console.warn] https://svelte.dev/e/derived_inert
4:50:49 AM [vite] (client) [console.warn] https://svelte.dev/e/derived_inert
4:50:49 AM [vite] (client) [console.warn] https://svelte.dev/e/derived_inert
4:50:49 AM [vite] (client) [console.warn] https://svelte.dev/e/derived_inert
4:50:49 AM [vite] (client) [console.warn] https://svelte.dev/e/derived_inert
4:50:49 AM [vite] (client) [console.warn] https://svelte.dev/e/derived_inert
4:50:49 AM [vite] (client) [console.warn] https://svelte.dev/e/derived_inert
4:50:49 AM [vite] (client) [console.warn] https://svelte.dev/e/derived_inert
4:50:49 AM [vite] (client) [console.warn] https://svelte.dev/e/derived_inert
4:50:49 AM [vite] (client) [console.warn] https://svelte.dev/e/derived_inert
4:50:49 AM [vite] (client) [console.warn] https://svelte.dev/e/derived_inert
4:50:49 AM [vite] (client) [console.warn] https://svelte.dev/e/derived_inert
4:50:50 AM [vite] (client) [console.warn] https://svelte.dev/e/derived_inert
4:50:50 AM [vite] (client) [console.warn] https://svelte.dev/e/derived_inert
4:50:50 AM [vite] (client) [console.warn] https://svelte.dev/e/derived_inert
4:50:50 AM [vite] (client) [console.warn] https://svelte.dev/e/derived_inert
4:50:50 AM [vite] (client) [console.warn] https://svelte.dev/e/derived_inert
4:50:50 AM [vite] (client) [console.warn] https://svelte.dev/e/derived_inert
4:50:50 AM [vite] (client) [console.warn] https://svelte.dev/e/derived_inert
4:50:50 AM [vite] (client) [console.warn] https://svelte.dev/e/derived_inert
4:50:50 AM [vite] (client) [console.warn] https://svelte.dev/e/derived_inert
4:50:50 AM [vite] (client) [console.warn] https://svelte.dev/e/derived_inert
4:50:50 AM [vite] (client) [console.warn] https://svelte.dev/e/derived_inert
4:50:50 AM [vite] (client) [console.warn] https://svelte.dev/e/derived_inert
4:50:50 AM [vite] (client) [console.warn] https://svelte.dev/e/derived_inert
4:50:50 AM [vite] (client) [console.warn] https://svelte.dev/e/derived_inert
4:50:50 AM [vite] (client) [console.warn] https://svelte.dev/e/derived_inert
4:50:50 AM [vite] (client) [console.warn] https://svelte.dev/e/derived_inert
4:50:50 AM [vite] (client) [console.warn] https://svelte.dev/e/derived_inert
4:50:50 AM [vite] (client) [console.warn] https://svelte.dev/e/derived_inert
4:50:50 AM [vite] (client) [console.warn] https://svelte.dev/e/derived_inert
4:50:50 AM [vite] (client) [console.warn] https://svelte.dev/e/derived_inert
4:50:50 AM [vite] (client) [console.warn] https://svelte.dev/e/derived_inert
4:50:50 AM [vite] (client) [console.warn] https://svelte.dev/e/derived_inert
4:50:50 AM [vite] (client) [console.warn] https://svelte.dev/e/derived_inert
4:50:50 AM [vite] (client) [console.warn] https://svelte.dev/e/derived_inert
4:50:50 AM [vite] (client) [console.warn] https://svelte.dev/e/derived_inert
4:50:50 AM [vite] (client) [console.warn] https://svelte.dev/e/derived_inert
4:50:50 AM [vite] (client) [console.warn] https://svelte.dev/e/derived_inert
4:50:50 AM [vite] (client) [console.warn] https://svelte.dev/e/derived_inert
4:50:50 AM [vite] (client) [console.warn] https://svelte.dev/e/derived_inert
4:50:50 AM [vite] (client) [console.warn] https://svelte.dev/e/derived_inert
4:50:50 AM [vite] (client) [console.warn] https://svelte.dev/e/derived_inert
4:50:50 AM [vite] (client) [console.warn] https://svelte.dev/e/derived_inert
4:50:50 AM [vite] (client) [console.warn] https://svelte.dev/e/derived_inert
4:50:51 AM [vite] (client) [console.warn] https://svelte.dev/e/derived_inert
4:50:51 AM [vite] (client) [console.warn] https://svelte.dev/e/derived_inert
4:50:51 AM [vite] (client) [console.warn] https://svelte.dev/e/derived_inert
4:50:51 AM [vite] (client) [console.warn] https://svelte.dev/e/derived_inert
4:50:51 AM [vite] (client) [console.warn] https://svelte.dev/e/derived_inert
4:50:51 AM [vite] (client) [console.warn] https://svelte.dev/e/derived_inert
4:50:51 AM [vite] (client) [console.warn] https://svelte.dev/e/derived_inert
4:50:51 AM [vite] (client) [console.warn] https://svelte.dev/e/derived_inert
4:50:51 AM [vite] (client) [console.warn] https://svelte.dev/e/derived_inert
4:50:51 AM [vite] (client) [console.warn] https://svelte.dev/e/derived_inert
4:50:51 AM [vite] (client) [console.warn] https://svelte.dev/e/derived_inert
4:50:51 AM [vite] (client) [console.warn] https://svelte.dev/e/derived_inert
4:50:52 AM [vite] (client) [console.warn] https://svelte.dev/e/derived_inert
4:50:52 AM [vite] (client) [console.warn] https://svelte.dev/e/derived_inert
4:50:52 AM [vite] (client) [console.warn] https://svelte.dev/e/derived_inert
4:50:52 AM [vite] (client) [console.warn] https://svelte.dev/e/derived_inert
4:50:52 AM [vite] (client) [console.warn] https://svelte.dev/e/derived_inert
4:50:52 AM [vite] (client) [console.warn] https://svelte.dev/e/derived_inert
4:50:52 AM [vite] (client) [console.warn] https://svelte.dev/e/derived_inert
4:50:52 AM [vite] (client) [console.warn] https://svelte.dev/e/derived_inert
4:50:52 AM [vite] (client) [console.warn] https://svelte.dev/e/derived_inert
4:50:52 AM [vite] (client) [console.warn] https://svelte.dev/e/derived_inert
4:50:52 AM [vite] (client) [console.warn] https://svelte.dev/e/derived_inert
4:50:52 AM [vite] (client) [console.warn] https://svelte.dev/e/derived_inert
4:50:52 AM [vite] (client) [console.warn] https://svelte.dev/e/derived_inert
4:50:52 AM [vite] (client) [console.warn] https://svelte.dev/e/derived_inert
4:50:52 AM [vite] (client) [console.warn] https://svelte.dev/e/derived_inert
4:50:52 AM [vite] (client) [console.warn] https://svelte.dev/e/derived_inert
4:50:52 AM [vite] (client) [console.warn] https://svelte.dev/e/derived_inert
4:50:52 AM [vite] (client) [console.warn] https://svelte.dev/e/derived_inert
4:50:52 AM [vite] (client) [console.warn] https://svelte.dev/e/derived_inert
4:50:52 AM [vite] (client) [console.warn] https://svelte.dev/e/derived_inert
4:50:52 AM [vite] (client) [console.warn] https://svelte.dev/e/derived_inert
4:50:53 AM [vite] (client) [console.warn] https://svelte.dev/e/derived_inert
4:50:53 AM [vite] (client) [console.warn] https://svelte.dev/e/derived_inert
4:50:53 AM [vite] (client) [console.warn] https://svelte.dev/e/derived_inert
4:50:53 AM [vite] (client) [console.warn] https://svelte.dev/e/derived_inert
4:50:53 AM [vite] (client) [console.warn] https://svelte.dev/e/derived_inert
4:50:53 AM [vite] (client) [console.warn] https://svelte.dev/e/derived_inert
4:50:53 AM [vite] (client) [console.warn] https://svelte.dev/e/derived_inert
4:50:53 AM [vite] (client) [console.warn] https://svelte.dev/e/derived_inert
4:50:53 AM [vite] (client) [console.warn] https://svelte.dev/e/derived_inert
4:50:53 AM [vite] (client) [console.warn] https://svelte.dev/e/derived_inert
4:50:53 AM [vite] (client) [console.warn] https://svelte.dev/e/derived_inert
4:50:53 AM [vite] (client) [console.warn] https://svelte.dev/e/derived_inert
4:50:53 AM [vite] (client) [console.warn] https://svelte.dev/e/derived_inert
4:50:53 AM [vite] (client) [console.warn] https://svelte.dev/e/derived_inert
4:50:53 AM [vite] (client) [console.warn] https://svelte.dev/e/derived_inert
4:50:53 AM [vite] (client) [console.warn] https://svelte.dev/e/derived_inert
4:50:53 AM [vite] (client) [console.warn] https://svelte.dev/e/derived_inert
4:50:53 AM [vite] (client) [console.warn] https://svelte.dev/e/derived_inert
4:50:53 AM [vite] (client) [console.warn] https://svelte.dev/e/derived_inert
4:50:53 AM [vite] (client) [console.warn] https://svelte.dev/e/derived_inert
4:50:53 AM [vite] (client) [console.warn] https://svelte.dev/e/derived_inert
4:50:53 AM [vite] (client) [console.warn] https://svelte.dev/e/derived_inert
4:50:53 AM [vite] (client) [console.warn] https://svelte.dev/e/derived_inert
4:50:53 AM [vite] (client) [console.warn] https://svelte.dev/e/derived_inert
4:50:53 AM [vite] (client) [console.warn] https://svelte.dev/e/derived_inert
4:50:53 AM [vite] (client) [console.warn] https://svelte.dev/e/derived_inert
4:50:53 AM [vite] (client) [console.warn] https://svelte.dev/e/derived_inert
4:50:53 AM [vite] (client) [console.warn] https://svelte.dev/e/derived_inert
4:50:53 AM [vite] (client) [console.warn] https://svelte.dev/e/derived_inert
4:50:53 AM [vite] (client) [console.warn] https://svelte.dev/e/derived_inert
4:50:53 AM [vite] (client) [console.warn] https://svelte.dev/e/derived_inert
4:50:53 AM [vite] (client) [console.warn] https://svelte.dev/e/derived_inert
4:50:53 AM [vite] (client) [console.warn] https://svelte.dev/e/derived_inert
4:50:53 AM [vite] (client) [console.warn] https://svelte.dev/e/derived_inert
4:50:57 AM [vite] (client) [console.warn] https://svelte.dev/e/derived_inert
4:50:57 AM [vite] (client) [console.warn] https://svelte.dev/e/derived_inert
4:50:57 AM [vite] (client) [console.warn] https://svelte.dev/e/derived_inert
4:50:57 AM [vite] (client) [console.warn] https://svelte.dev/e/derived_inert
4:50:57 AM [vite] (client) [console.warn] https://svelte.dev/e/derived_inert
4:50:57 AM [vite] (client) [console.warn] https://svelte.dev/e/derived_inert
4:50:57 AM [vite] (client) [console.warn] https://svelte.dev/e/derived_inert
4:50:57 AM [vite] (client) [console.warn] https://svelte.dev/e/derived_inert
4:50:57 AM [vite] (client) [console.warn] https://svelte.dev/e/derived_inert
4:50:57 AM [vite] (client) [console.warn] https://svelte.dev/e/derived_inert
4:50:57 AM [vite] (client) [console.warn] https://svelte.dev/e/derived_inert
4:50:57 AM [vite] (client) [console.warn] https://svelte.dev/e/derived_inert
4:50:57 AM [vite] (client) [console.warn] https://svelte.dev/e/derived_inert
4:50:57 AM [vite] (client) [console.warn] https://svelte.dev/e/derived_inert
4:50:57 AM [vite] (client) [console.warn] https://svelte.dev/e/derived_inert
4:50:57 AM [vite] (client) [console.warn] https://svelte.dev/e/derived_inert
4:50:57 AM [vite] (client) [console.warn] https://svelte.dev/e/derived_inert
4:50:57 AM [vite] (client) [console.warn] https://svelte.dev/e/derived_inert
4:50:57 AM [vite] (client) [console.warn] https://svelte.dev/e/derived_inert
4:50:57 AM [vite] (client) [console.warn] https://svelte.dev/e/derived_inert
4:50:57 AM [vite] (client) [console.warn] https://svelte.dev/e/derived_inert
4:50:57 AM [vite] (client) [console.warn] https://svelte.dev/e/derived_inert
4:50:57 AM [vite] (client) [console.warn] https://svelte.dev/e/derived_inert
4:50:57 AM [vite] (client) [console.warn] https://svelte.dev/e/derived_inert
4:50:57 AM [vite] (client) [console.warn] https://svelte.dev/e/derived_inert
4:50:57 AM [vite] (client) [console.warn] https://svelte.dev/e/derived_inert
4:50:57 AM [vite] (client) [console.warn] https://svelte.dev/e/derived_inert
4:50:57 AM [vite] (client) [console.warn] https://svelte.dev/e/derived_inert
4:50:57 AM [vite] (client) [console.warn] https://svelte.dev/e/derived_inert
4:50:57 AM [vite] (client) [console.warn] https://svelte.dev/e/derived_inert
4:50:57 AM [vite] (client) [console.warn] https://svelte.dev/e/derived_inert
4:50:57 AM [vite] (client) [console.warn] https://svelte.dev/e/derived_inert
4:50:57 AM [vite] (client) [console.warn] https://svelte.dev/e/derived_inert
4:50:57 AM [vite] (client) [console.warn] https://svelte.dev/e/derived_inert
4:50:57 AM [vite] (client) [console.warn] https://svelte.dev/e/derived_inert
4:50:57 AM [vite] (client) [console.warn] https://svelte.dev/e/derived_inert
4:50:57 AM [vite] (client) [console.warn] https://svelte.dev/e/derived_inert
4:50:57 AM [vite] (client) [console.warn] https://svelte.dev/e/derived_inert
4:50:57 AM [vite] (client) [console.warn] https://svelte.dev/e/derived_inert
4:50:57 AM [vite] (client) [console.warn] https://svelte.dev/e/derived_inert
4:50:57 AM [vite] (client) [console.warn] https://svelte.dev/e/derived_inert
4:50:57 AM [vite] (client) [console.warn] https://svelte.dev/e/derived_inert
4:50:57 AM [vite] (client) [console.warn] https://svelte.dev/e/derived_inert
4:50:57 AM [vite] (client) [console.warn] https://svelte.dev/e/derived_inert
4:50:57 AM [vite] (client) [console.warn] https://svelte.dev/e/derived_inert
4:50:57 AM [vite] (client) [console.warn] https://svelte.dev/e/derived_inert
4:50:57 AM [vite] (client) [console.warn] https://svelte.dev/e/derived_inert
4:50:57 AM [vite] (client) [console.warn] https://svelte.dev/e/derived_inert
4:50:57 AM [vite] (client) [console.warn] https://svelte.dev/e/derived_inert
4:50:57 AM [vite] (client) [console.warn] https://svelte.dev/e/derived_inert
4:50:57 AM [vite] (client) [console.warn] https://svelte.dev/e/derived_inert
4:50:57 AM [vite] (client) [console.warn] https://svelte.dev/e/derived_inert
4:50:57 AM [vite] (client) [console.warn] https://svelte.dev/e/derived_inert
4:50:57 AM [vite] (client) [console.warn] https://svelte.dev/e/derived_inert
4:50:57 AM [vite] (client) [console.warn] https://svelte.dev/e/derived_inert
4:50:57 AM [vite] (client) [console.warn] https://svelte.dev/e/derived_inert
4:50:57 AM [vite] (client) [console.warn] https://svelte.dev/e/derived_inert
4:50:57 AM [vite] (client) [console.warn] https://svelte.dev/e/derived_inert
4:50:57 AM [vite] (client) [console.warn] https://svelte.dev/e/derived_inert
4:50:57 AM [vite] (client) [console.warn] https://svelte.dev/e/derived_inert
4:50:57 AM [vite] (client) [console.warn] https://svelte.dev/e/derived_inert
4:50:57 AM [vite] (client) [console.warn] https://svelte.dev/e/derived_inert
4:50:57 AM [vite] (client) [console.warn] https://svelte.dev/e/derived_inert
4:50:57 AM [vite] (client) [console.warn] https://svelte.dev/e/derived_inert
4:50:57 AM [vite] (client) [console.warn] https://svelte.dev/e/derived_inert
4:50:57 AM [vite] (client) [console.warn] https://svelte.dev/e/derived_inert
4:50:57 AM [vite] (client) [console.warn] https://svelte.dev/e/derived_inert
4:50:57 AM [vite] (client) [console.warn] https://svelte.dev/e/derived_inert
4:50:57 AM [vite] (client) [console.warn] https://svelte.dev/e/derived_inert
4:50:57 AM [vite] (client) [console.warn] https://svelte.dev/e/derived_inert
4:50:57 AM [vite] (client) [console.warn] https://svelte.dev/e/derived_inert
4:50:57 AM [vite] (client) [console.warn] https://svelte.dev/e/derived_inert
4:50:57 AM [vite] (client) [console.warn] https://svelte.dev/e/derived_inert
4:50:57 AM [vite] (client) [console.warn] https://svelte.dev/e/derived_inert
4:50:57 AM [vite] (client) [console.warn] https://svelte.dev/e/derived_inert
4:50:57 AM [vite] (client) [console.warn] https://svelte.dev/e/derived_inert
4:50:57 AM [vite] (client) [console.warn] https://svelte.dev/e/derived_inert
4:50:57 AM [vite] (client) [console.warn] https://svelte.dev/e/derived_inert
4:50:57 AM [vite] (client) [console.warn] https://svelte.dev/e/derived_inert
4:50:57 AM [vite] (client) [console.warn] https://svelte.dev/e/derived_inert
4:50:57 AM [vite] (client) [console.warn] https://svelte.dev/e/derived_inert
4:50:57 AM [vite] (client) [console.warn] https://svelte.dev/e/derived_inert
4:50:57 AM [vite] (client) [console.warn] https://svelte.dev/e/derived_inert
4:50:57 AM [vite] (client) [console.warn] https://svelte.dev/e/derived_inert
4:50:57 AM [vite] (client) [console.warn] https://svelte.dev/e/derived_inert
4:50:57 AM [vite] (client) [console.warn] https://svelte.dev/e/derived_inert
4:50:57 AM [vite] (client) [console.warn] https://svelte.dev/e/derived_inert
4:50:57 AM [vite] (client) [console.warn] https://svelte.dev/e/derived_inert
4:50:57 AM [vite] (client) [console.warn] https://svelte.dev/e/derived_inert
4:50:57 AM [vite] (client) [console.warn] https://svelte.dev/e/derived_inert
4:50:57 AM [vite] (client) [console.warn] https://svelte.dev/e/derived_inert
4:50:57 AM [vite] (client) [console.warn] https://svelte.dev/e/derived_inert
4:50:57 AM [vite] (client) [console.warn] https://svelte.dev/e/derived_inert
4:50:57 AM [vite] (client) [console.warn] https://svelte.dev/e/derived_inert
4:50:57 AM [vite] (client) [console.warn] https://svelte.dev/e/derived_inert
4:50:57 AM [vite] (client) [console.warn] https://svelte.dev/e/derived_inert
4:50:57 AM [vite] (client) [console.warn] https://svelte.dev/e/derived_inert
4:50:57 AM [vite] (client) [console.warn] https://svelte.dev/e/derived_inert
4:50:57 AM [vite] (client) [console.warn] https://svelte.dev/e/derived_inert
4:50:57 AM [vite] (client) [console.warn] https://svelte.dev/e/derived_inert
4:50:57 AM [vite] (client) [console.warn] https://svelte.dev/e/derived_inert
4:50:57 AM [vite] (client) [console.warn] https://svelte.dev/e/derived_inert
4:50:57 AM [vite] (client) [console.warn] https://svelte.dev/e/derived_inert
4:50:57 AM [vite] (client) [console.warn] https://svelte.dev/e/derived_inert
4:50:57 AM [vite] (client) [console.warn] https://svelte.dev/e/derived_inert
4:50:57 AM [vite] (client) [console.warn] https://svelte.dev/e/derived_inert
4:50:57 AM [vite] (client) [console.warn] https://svelte.dev/e/derived_inert
4:50:57 AM [vite] (client) [console.warn] https://svelte.dev/e/derived_inert
4:50:57 AM [vite] (client) [console.warn] https://svelte.dev/e/derived_inert
4:50:57 AM [vite] (client) [console.warn] https://svelte.dev/e/derived_inert
4:50:57 AM [vite] (client) [console.warn] https://svelte.dev/e/derived_inert
4:50:57 AM [vite] (client) [console.warn] https://svelte.dev/e/derived_inert
4:50:57 AM [vite] (client) [console.warn] https://svelte.dev/e/derived_inert
4:50:57 AM [vite] (client) [console.warn] https://svelte.dev/e/derived_inert
4:50:57 AM [vite] (client) [console.warn] https://svelte.dev/e/derived_inert
4:50:57 AM [vite] (client) [console.warn] https://svelte.dev/e/derived_inert
4:50:57 AM [vite] (client) [console.warn] https://svelte.dev/e/derived_inert
4:50:57 AM [vite] (client) [console.warn] https://svelte.dev/e/derived_inert
4:50:57 AM [vite] (client) [console.warn] https://svelte.dev/e/derived_inert
4:50:57 AM [vite] (client) [console.warn] https://svelte.dev/e/derived_inert
4:50:57 AM [vite] (client) [console.warn] https://svelte.dev/e/derived_inert
4:50:57 AM [vite] (client) [console.warn] https://svelte.dev/e/derived_inert
4:50:57 AM [vite] (client) [console.warn] https://svelte.dev/e/derived_inert
4:50:57 AM [vite] (client) [console.warn] https://svelte.dev/e/derived_inert
4:50:57 AM [vite] (client) [console.warn] https://svelte.dev/e/derived_inert
4:50:57 AM [vite] (client) [console.warn] https://svelte.dev/e/derived_inert
4:50:57 AM [vite] (client) [console.warn] https://svelte.dev/e/derived_inert
4:50:57 AM [vite] (client) [console.warn] https://svelte.dev/e/derived_inert
4:50:57 AM [vite] (client) [console.warn] https://svelte.dev/e/derived_inert
4:50:57 AM [vite] (client) [console.warn] https://svelte.dev/e/derived_inert
4:50:57 AM [vite] (client) [console.warn] https://svelte.dev/e/derived_inert
4:50:57 AM [vite] (client) [console.warn] https://svelte.dev/e/derived_inert
4:50:57 AM [vite] (client) [console.warn] https://svelte.dev/e/derived_inert
4:50:57 AM [vite] (client) [console.warn] https://svelte.dev/e/derived_inert
4:50:57 AM [vite] (client) [console.warn] https://svelte.dev/e/derived_inert
4:50:57 AM [vite] (client) [console.warn] https://svelte.dev/e/derived_inert
4:50:57 AM [vite] (client) [console.warn] https://svelte.dev/e/derived_inert
4:50:57 AM [vite] (client) [console.warn] https://svelte.dev/e/derived_inert
4:50:57 AM [vite] (client) [console.warn] https://svelte.dev/e/derived_inert
4:50:57 AM [vite] (client) [console.warn] https://svelte.dev/e/derived_inert
4:50:57 AM [vite] (client) [console.warn] https://svelte.dev/e/derived_inert
4:50:57 AM [vite] (client) [console.warn] https://svelte.dev/e/derived_inert
4:50:57 AM [vite] (client) [console.warn] https://svelte.dev/e/derived_inert
4:50:57 AM [vite] (client) [console.warn] https://svelte.dev/e/derived_inert
4:50:57 AM [vite] (client) [console.warn] https://svelte.dev/e/derived_inert
4:50:57 AM [vite] (client) [console.warn] https://svelte.dev/e/derived_inert
4:50:57 AM [vite] (client) [console.warn] https://svelte.dev/e/derived_inert
4:50:57 AM [vite] (client) [console.warn] https://svelte.dev/e/derived_inert
4:50:57 AM [vite] (client) [console.warn] https://svelte.dev/e/derived_inert
4:50:57 AM [vite] (client) [console.warn] https://svelte.dev/e/derived_inert
4:50:57 AM [vite] (client) [console.warn] https://svelte.dev/e/derived_inert
4:50:57 AM [vite] (client) [console.warn] https://svelte.dev/e/derived_inert
4:50:57 AM [vite] (client) [console.warn] https://svelte.dev/e/derived_inert
4:50:57 AM [vite] (client) [console.warn] https://svelte.dev/e/derived_inert
4:50:57 AM [vite] (client) [console.warn] https://svelte.dev/e/derived_inert
4:50:57 AM [vite] (client) [console.warn] https://svelte.dev/e/derived_inert
4:50:57 AM [vite] (client) [console.warn] https://svelte.dev/e/derived_inert
4:50:57 AM [vite] (client) [console.warn] https://svelte.dev/e/derived_inert
4:50:57 AM [vite] (client) [console.warn] https://svelte.dev/e/derived_inert
4:50:57 AM [vite] (client) [console.warn] https://svelte.dev/e/derived_inert
4:50:57 AM [vite] (client) [console.warn] https://svelte.dev/e/derived_inert
4:50:57 AM [vite] (client) [console.warn] https://svelte.dev/e/derived_inert
4:50:57 AM [vite] (client) [console.warn] https://svelte.dev/e/derived_inert
4:50:57 AM [vite] (client) [console.warn] https://svelte.dev/e/derived_inert
4:50:57 AM [vite] (client) [console.warn] https://svelte.dev/e/derived_inert
4:50:57 AM [vite] (client) [console.warn] https://svelte.dev/e/derived_inert
4:50:57 AM [vite] (client) [console.warn] https://svelte.dev/e/derived_inert
4:50:57 AM [vite] (client) [console.warn] https://svelte.dev/e/derived_inert
4:50:57 AM [vite] (client) [console.warn] https://svelte.dev/e/derived_inert
4:50:57 AM [vite] (client) [console.warn] https://svelte.dev/e/derived_inert
4:50:57 AM [vite] (client) [console.warn] https://svelte.dev/e/derived_inert
4:50:57 AM [vite] (client) [console.warn] https://svelte.dev/e/derived_inert
4:50:57 AM [vite] (client) [console.warn] https://svelte.dev/e/derived_inert
4:50:57 AM [vite] (client) [console.warn] https://svelte.dev/e/derived_inert
4:51:01 AM [vite] (client) [console.warn] https://svelte.dev/e/derived_inert
4:51:01 AM [vite] (client) [console.warn] https://svelte.dev/e/derived_inert
4:51:02 AM [vite] (client) [console.warn] https://svelte.dev/e/derived_inert
4:51:03 AM [vite] (client) [console.warn] https://svelte.dev/e/derived_inert
4:51:03 AM [vite] (client) [console.warn] https://svelte.dev/e/derived_inert
4:51:03 AM [vite] (client) [console.warn] https://svelte.dev/e/derived_inert
4:51:03 AM [vite] (client) [console.warn] https://svelte.dev/e/derived_inert
4:51:04 AM [vite] (client) [console.warn] https://svelte.dev/e/derived_inert
4:51:04 AM [vite] (client) [console.warn] https://svelte.dev/e/derived_inert
4:51:04 AM [vite] (client) [console.warn] https://svelte.dev/e/derived_inert
4:51:04 AM [vite] (client) [console.warn] https://svelte.dev/e/derived_inert
4:51:04 AM [vite] (client) [console.warn] https://svelte.dev/e/derived_inert
4:51:04 AM [vite] (client) [console.warn] https://svelte.dev/e/derived_inert
4:51:04 AM [vite] (client) [console.warn] https://svelte.dev/e/derived_inert
4:51:04 AM [vite] (client) [console.warn] https://svelte.dev/e/derived_inert
4:51:04 AM [vite] (client) [console.warn] https://svelte.dev/e/derived_inert
4:51:04 AM [vite] (client) [console.warn] https://svelte.dev/e/derived_inert
4:51:04 AM [vite] (client) [console.warn] https://svelte.dev/e/derived_inert
4:51:04 AM [vite] (client) [console.warn] https://svelte.dev/e/derived_inert
4:51:04 AM [vite] (client) [console.warn] https://svelte.dev/e/derived_inert
4:51:04 AM [vite] (client) [console.warn] https://svelte.dev/e/derived_inert
4:51:04 AM [vite] (client) [console.warn] https://svelte.dev/e/derived_inert
4:51:04 AM [vite] (client) [console.warn] https://svelte.dev/e/derived_inert
4:51:04 AM [vite] (client) [console.warn] https://svelte.dev/e/derived_inert
4:51:04 AM [vite] (client) [console.warn] https://svelte.dev/e/derived_inert
4:51:04 AM [vite] (client) [console.warn] https://svelte.dev/e/derived_inert
4:51:04 AM [vite] (client) [console.warn] https://svelte.dev/e/derived_inert
4:51:04 AM [vite] (client) [console.warn] https://svelte.dev/e/derived_inert
4:51:04 AM [vite] (client) [console.warn] https://svelte.dev/e/derived_inert
4:51:04 AM [vite] (client) [console.warn] https://svelte.dev/e/derived_inert
4:51:04 AM [vite] (client) [console.warn] https://svelte.dev/e/derived_inert
4:51:04 AM [vite] (client) [console.warn] https://svelte.dev/e/derived_inert
4:51:04 AM [vite] (client) [console.warn] https://svelte.dev/e/derived_inert
4:51:04 AM [vite] (client) [console.warn] https://svelte.dev/e/derived_inert
4:51:04 AM [vite] (client) [console.warn] https://svelte.dev/e/derived_inert
4:51:04 AM [vite] (client) [console.warn] https://svelte.dev/e/derived_inert
4:51:04 AM [vite] (client) [console.warn] https://svelte.dev/e/derived_inert
4:51:04 AM [vite] (client) [console.warn] https://svelte.dev/e/derived_inert
4:51:04 AM [vite] (client) [console.warn] https://svelte.dev/e/derived_inert
4:51:04 AM [vite] (client) [console.warn] https://svelte.dev/e/derived_inert
4:51:04 AM [vite] (client) [console.warn] https://svelte.dev/e/derived_inert
4:51:04 AM [vite] (client) [console.warn] https://svelte.dev/e/derived_inert
4:51:04 AM [vite] (client) [console.warn] https://svelte.dev/e/derived_inert
4:51:04 AM [vite] (client) [console.warn] https://svelte.dev/e/derived_inert
4:51:04 AM [vite] (client) [console.warn] https://svelte.dev/e/derived_inert
4:51:04 AM [vite] (client) [console.warn] https://svelte.dev/e/derived_inert
4:51:04 AM [vite] (client) [console.warn] https://svelte.dev/e/derived_inert
4:51:04 AM [vite] (client) [console.warn] https://svelte.dev/e/derived_inert
4:51:04 AM [vite] (client) [console.warn] https://svelte.dev/e/derived_inert
4:51:04 AM [vite] (client) [console.warn] https://svelte.dev/e/derived_inert
4:51:04 AM [vite] (client) [console.warn] https://svelte.dev/e/derived_inert
4:51:04 AM [vite] (client) [console.warn] https://svelte.dev/e/derived_inert
4:51:04 AM [vite] (client) [console.warn] https://svelte.dev/e/derived_inert
4:51:04 AM [vite] (client) [console.warn] https://svelte.dev/e/derived_inert
4:51:04 AM [vite] (client) [console.warn] https://svelte.dev/e/derived_inert
4:51:04 AM [vite] (client) [console.warn] https://svelte.dev/e/derived_inert
4:51:04 AM [vite] (client) [console.warn] https://svelte.dev/e/derived_inert
4:51:04 AM [vite] (client) [console.warn] https://svelte.dev/e/derived_inert
4:51:04 AM [vite] (client) [console.warn] https://svelte.dev/e/derived_inert
4:51:04 AM [vite] (client) [console.warn] https://svelte.dev/e/derived_inert
4:51:04 AM [vite] (client) [console.warn] https://svelte.dev/e/derived_inert
4:51:04 AM [vite] (client) [console.warn] https://svelte.dev/e/derived_inert
4:51:04 AM [vite] (client) [console.warn] https://svelte.dev/e/derived_inert
4:51:04 AM [vite] (client) [console.warn] https://svelte.dev/e/derived_inert
4:51:04 AM [vite] (client) [console.warn] https://svelte.dev/e/derived_inert
4:51:04 AM [vite] (client) [console.warn] https://svelte.dev/e/derived_inert
4:51:04 AM [vite] (client) [console.warn] https://svelte.dev/e/derived_inert
4:51:04 AM [vite] (client) [console.warn] https://svelte.dev/e/derived_inert
4:51:04 AM [vite] (client) [console.warn] https://svelte.dev/e/derived_inert
4:51:04 AM [vite] (client) [console.warn] https://svelte.dev/e/derived_inert
4:51:04 AM [vite] (client) [console.warn] https://svelte.dev/e/derived_inert
4:51:04 AM [vite] (client) [console.warn] https://svelte.dev/e/derived_inert
4:51:04 AM [vite] (client) [console.warn] https://svelte.dev/e/derived_inert
4:51:04 AM [vite] (client) [console.warn] https://svelte.dev/e/derived_inert
4:51:04 AM [vite] (client) [console.warn] https://svelte.dev/e/derived_inert
4:51:04 AM [vite] (client) [console.warn] https://svelte.dev/e/derived_inert
4:51:04 AM [vite] (client) [console.warn] https://svelte.dev/e/derived_inert
4:51:04 AM [vite] (client) [console.warn] https://svelte.dev/e/derived_inert
4:51:04 AM [vite] (client) [console.warn] https://svelte.dev/e/derived_inert
4:51:04 AM [vite] (client) [console.warn] https://svelte.dev/e/derived_inert
4:51:04 AM [vite] (client) [console.warn] https://svelte.dev/e/derived_inert
4:51:04 AM [vite] (client) [console.warn] https://svelte.dev/e/derived_inert
4:51:04 AM [vite] (client) [console.warn] https://svelte.dev/e/derived_inert
4:51:04 AM [vite] (client) [console.warn] https://svelte.dev/e/derived_inert
4:51:04 AM [vite] (client) [console.warn] https://svelte.dev/e/derived_inert
4:51:04 AM [vite] (client) [console.warn] https://svelte.dev/e/derived_inert
4:51:04 AM [vite] (client) [console.warn] https://svelte.dev/e/derived_inert
4:51:04 AM [vite] (client) [console.warn] https://svelte.dev/e/derived_inert
4:51:04 AM [vite] (client) [console.warn] https://svelte.dev/e/derived_inert
4:51:04 AM [vite] (client) [console.warn] https://svelte.dev/e/derived_inert
4:51:04 AM [vite] (client) [console.warn] https://svelte.dev/e/derived_inert
4:51:04 AM [vite] (client) [console.warn] https://svelte.dev/e/derived_inert
4:51:04 AM [vite] (client) [console.warn] https://svelte.dev/e/derived_inert
4:51:04 AM [vite] (client) [console.warn] https://svelte.dev/e/derived_inert
4:51:04 AM [vite] (client) [console.warn] https://svelte.dev/e/derived_inert
4:51:04 AM [vite] (client) [console.warn] https://svelte.dev/e/derived_inert
4:51:04 AM [vite] (client) [console.warn] https://svelte.dev/e/derived_inert
4:51:04 AM [vite] (client) [console.warn] https://svelte.dev/e/derived_inert
4:51:04 AM [vite] (client) [console.warn] https://svelte.dev/e/derived_inert
4:51:04 AM [vite] (client) [console.warn] https://svelte.dev/e/derived_inert
4:51:04 AM [vite] (client) [console.warn] https://svelte.dev/e/derived_inert
4:51:04 AM [vite] (client) [console.warn] https://svelte.dev/e/derived_inert
4:51:04 AM [vite] (client) [console.warn] https://svelte.dev/e/derived_inert
4:51:04 AM [vite] (client) [console.warn] https://svelte.dev/e/derived_inert
4:51:04 AM [vite] (client) [console.warn] https://svelte.dev/e/derived_inert
4:51:04 AM [vite] (client) [console.warn] https://svelte.dev/e/derived_inert
4:51:04 AM [vite] (client) [console.warn] https://svelte.dev/e/derived_inert
4:51:04 AM [vite] (client) [console.warn] https://svelte.dev/e/derived_inert
4:51:04 AM [vite] (client) [console.warn] https://svelte.dev/e/derived_inert
4:51:04 AM [vite] (client) [console.warn] https://svelte.dev/e/derived_inert
4:51:04 AM [vite] (client) [console.warn] https://svelte.dev/e/derived_inert
4:51:04 AM [vite] (client) [console.warn] https://svelte.dev/e/derived_inert
4:51:04 AM [vite] (client) [console.warn] https://svelte.dev/e/derived_inert
4:51:04 AM [vite] (client) [console.warn] https://svelte.dev/e/derived_inert
4:51:04 AM [vite] (client) [console.warn] https://svelte.dev/e/derived_inert
4:51:04 AM [vite] (client) [console.warn] https://svelte.dev/e/derived_inert
4:51:04 AM [vite] (client) [console.warn] https://svelte.dev/e/derived_inert
4:51:04 AM [vite] (client) [console.warn] https://svelte.dev/e/derived_inert
4:51:04 AM [vite] (client) [console.warn] https://svelte.dev/e/derived_inert
4:51:04 AM [vite] (client) [console.warn] https://svelte.dev/e/derived_inert
4:51:04 AM [vite] (client) [console.warn] https://svelte.dev/e/derived_inert
4:51:04 AM [vite] (client) [console.warn] https://svelte.dev/e/derived_inert
4:51:04 AM [vite] (client) [console.warn] https://svelte.dev/e/derived_inert
4:51:04 AM [vite] (client) [console.warn] https://svelte.dev/e/derived_inert
4:51:04 AM [vite] (client) [console.warn] https://svelte.dev/e/derived_inert
4:51:04 AM [vite] (client) [console.warn] https://svelte.dev/e/derived_inert
4:51:04 AM [vite] (client) [console.warn] https://svelte.dev/e/derived_inert
4:51:04 AM [vite] (client) [console.warn] https://svelte.dev/e/derived_inert
4:51:04 AM [vite] (client) [console.warn] https://svelte.dev/e/derived_inert
4:51:04 AM [vite] (client) [console.warn] https://svelte.dev/e/derived_inert
4:51:04 AM [vite] (client) [console.warn] https://svelte.dev/e/derived_inert
4:51:05 AM [vite] (client) [console.warn] https://svelte.dev/e/derived_inert

 Test Files  60 passed (60)
      Tests  462 passed (462)
   Start at  04:49:41
   Duration  84.90s (transform 0ms, setup 954ms, import 14.34s, tests 54.32s, environment 0ms)

