
> banhall-app@0.1.0 test:component
> vitest run --config vitest.component.config.ts

4:54:23 AM [vite-plugin-svelte] no Svelte config found at /Users/johnnynguyen/Documents/Repos/Banhall-bmad-published-status-fix - using default configuration.

 RUN  v4.1.10 /Users/johnnynguyen/Documents/Repos/Banhall-bmad-published-status-fix

4:54:23 AM [vite-plugin-svelte] no Svelte config found at /Users/johnnynguyen/Documents/Repos/Banhall-bmad-published-status-fix - using default configuration.
4:55:03 AM [vite] (client) [console.warn] https://svelte.dev/e/derived_inert
4:55:03 AM [vite] (client) [console.warn] https://svelte.dev/e/derived_inert
4:55:03 AM [vite] (client) [console.warn] https://svelte.dev/e/derived_inert
4:55:03 AM [vite] (client) [console.warn] https://svelte.dev/e/derived_inert
4:55:03 AM [vite] (client) [console.warn] https://svelte.dev/e/derived_inert
4:55:03 AM [vite] (client) [console.warn] https://svelte.dev/e/derived_inert
4:55:03 AM [vite] (client) [console.warn] https://svelte.dev/e/derived_inert
4:55:03 AM [vite] (client) [console.warn] https://svelte.dev/e/derived_inert
4:55:03 AM [vite] (client) [console.warn] https://svelte.dev/e/derived_inert
4:55:03 AM [vite] (client) [console.warn] https://svelte.dev/e/derived_inert
4:55:03 AM [vite] (client) [console.warn] https://svelte.dev/e/derived_inert
4:55:03 AM [vite] (client) [console.warn] https://svelte.dev/e/derived_inert
4:55:03 AM [vite] (client) [console.warn] https://svelte.dev/e/derived_inert
4:55:03 AM [vite] (client) [console.warn] https://svelte.dev/e/derived_inert
4:55:03 AM [vite] (client) [console.warn] https://svelte.dev/e/derived_inert
4:55:03 AM [vite] (client) [console.warn] https://svelte.dev/e/derived_inert
4:55:03 AM [vite] (client) [console.warn] https://svelte.dev/e/derived_inert
4:55:03 AM [vite] (client) [console.warn] https://svelte.dev/e/derived_inert
4:55:03 AM [vite] (client) [console.warn] https://svelte.dev/e/derived_inert
4:55:03 AM [vite] (client) [console.warn] https://svelte.dev/e/derived_inert
4:55:03 AM [vite] (client) [console.warn] https://svelte.dev/e/derived_inert
4:55:03 AM [vite] (client) [console.warn] https://svelte.dev/e/derived_inert
4:55:03 AM [vite] (client) [console.warn] https://svelte.dev/e/derived_inert
4:55:03 AM [vite] (client) [console.warn] https://svelte.dev/e/derived_inert
4:55:03 AM [vite] (client) [console.warn] https://svelte.dev/e/derived_inert
4:55:03 AM [vite] (client) [console.warn] https://svelte.dev/e/derived_inert
4:55:03 AM [vite] (client) [console.warn] https://svelte.dev/e/derived_inert
4:55:03 AM [vite] (client) [console.warn] https://svelte.dev/e/derived_inert
4:55:03 AM [vite] (client) [console.warn] https://svelte.dev/e/derived_inert
4:55:03 AM [vite] (client) [console.warn] https://svelte.dev/e/derived_inert
4:55:03 AM [vite] (client) [console.warn] https://svelte.dev/e/derived_inert
4:55:03 AM [vite] (client) [console.warn] https://svelte.dev/e/derived_inert
4:55:03 AM [vite] (client) [console.warn] https://svelte.dev/e/derived_inert
4:55:03 AM [vite] (client) [console.warn] https://svelte.dev/e/derived_inert
4:55:03 AM [vite] (client) [console.warn] https://svelte.dev/e/derived_inert
4:55:03 AM [vite] (client) [console.warn] https://svelte.dev/e/derived_inert
4:55:03 AM [vite] (client) [console.warn] https://svelte.dev/e/derived_inert
4:55:03 AM [vite] (client) [console.warn] https://svelte.dev/e/derived_inert
4:55:03 AM [vite] (client) [console.warn] https://svelte.dev/e/derived_inert
4:55:03 AM [vite] (client) [console.warn] https://svelte.dev/e/derived_inert
4:55:03 AM [vite] (client) [console.warn] https://svelte.dev/e/derived_inert
4:55:03 AM [vite] (client) [console.warn] https://svelte.dev/e/derived_inert
4:55:03 AM [vite] (client) [console.warn] https://svelte.dev/e/derived_inert
4:55:03 AM [vite] (client) [console.warn] https://svelte.dev/e/derived_inert
4:55:03 AM [vite] (client) [console.warn] https://svelte.dev/e/derived_inert
4:55:03 AM [vite] (client) [console.warn] https://svelte.dev/e/derived_inert
4:55:03 AM [vite] (client) [console.warn] https://svelte.dev/e/derived_inert
4:55:04 AM [vite] (client) [console.warn] https://svelte.dev/e/derived_inert
4:55:04 AM [vite] (client) [console.warn] https://svelte.dev/e/derived_inert
4:55:04 AM [vite] (client) [console.warn] https://svelte.dev/e/derived_inert
4:55:04 AM [vite] (client) [console.warn] https://svelte.dev/e/derived_inert
4:55:04 AM [vite] (client) [console.warn] https://svelte.dev/e/derived_inert
4:55:04 AM [vite] (client) [console.warn] https://svelte.dev/e/derived_inert
4:55:04 AM [vite] (client) [console.warn] https://svelte.dev/e/derived_inert
4:55:04 AM [vite] (client) [console.warn] https://svelte.dev/e/derived_inert
4:55:04 AM [vite] (client) [console.warn] https://svelte.dev/e/derived_inert
4:55:04 AM [vite] (client) [console.warn] https://svelte.dev/e/derived_inert
4:55:04 AM [vite] (client) [console.warn] https://svelte.dev/e/derived_inert
4:55:04 AM [vite] (client) [console.warn] https://svelte.dev/e/derived_inert
4:55:04 AM [vite] (client) [console.warn] https://svelte.dev/e/derived_inert
4:55:04 AM [vite] (client) [console.warn] https://svelte.dev/e/derived_inert
4:55:04 AM [vite] (client) [console.warn] https://svelte.dev/e/derived_inert
4:55:04 AM [vite] (client) [console.warn] https://svelte.dev/e/derived_inert
4:55:04 AM [vite] (client) [console.warn] https://svelte.dev/e/derived_inert
4:55:04 AM [vite] (client) [console.warn] https://svelte.dev/e/derived_inert
4:55:04 AM [vite] (client) [console.warn] https://svelte.dev/e/derived_inert
4:55:04 AM [vite] (client) [console.warn] https://svelte.dev/e/derived_inert
4:55:04 AM [vite] (client) [console.warn] https://svelte.dev/e/derived_inert
4:55:04 AM [vite] (client) [console.warn] https://svelte.dev/e/derived_inert
4:55:04 AM [vite] (client) [console.warn] https://svelte.dev/e/derived_inert
4:55:04 AM [vite] (client) [console.warn] https://svelte.dev/e/derived_inert
4:55:04 AM [vite] (client) [console.warn] https://svelte.dev/e/derived_inert
4:55:04 AM [vite] (client) [console.warn] https://svelte.dev/e/derived_inert
4:55:04 AM [vite] (client) [console.warn] https://svelte.dev/e/derived_inert
4:55:04 AM [vite] (client) [console.warn] https://svelte.dev/e/derived_inert
4:55:04 AM [vite] (client) [console.warn] https://svelte.dev/e/derived_inert
4:55:04 AM [vite] (client) [console.warn] https://svelte.dev/e/derived_inert
4:55:04 AM [vite] (client) [console.warn] https://svelte.dev/e/derived_inert
4:55:04 AM [vite] (client) [console.warn] https://svelte.dev/e/derived_inert
4:55:04 AM [vite] (client) [console.warn] https://svelte.dev/e/derived_inert
4:55:04 AM [vite] (client) [console.warn] https://svelte.dev/e/derived_inert
4:55:04 AM [vite] (client) [console.warn] https://svelte.dev/e/derived_inert
4:55:04 AM [vite] (client) [console.warn] https://svelte.dev/e/derived_inert
4:55:04 AM [vite] (client) [console.warn] https://svelte.dev/e/derived_inert
4:55:04 AM [vite] (client) [console.warn] https://svelte.dev/e/derived_inert
4:55:04 AM [vite] (client) [console.warn] https://svelte.dev/e/derived_inert
4:55:04 AM [vite] (client) [console.warn] https://svelte.dev/e/derived_inert
4:55:04 AM [vite] (client) [console.warn] https://svelte.dev/e/derived_inert
4:55:04 AM [vite] (client) [console.warn] https://svelte.dev/e/derived_inert
4:55:04 AM [vite] (client) [console.warn] https://svelte.dev/e/derived_inert
4:55:04 AM [vite] (client) [console.warn] https://svelte.dev/e/derived_inert
4:55:04 AM [vite] (client) [console.warn] https://svelte.dev/e/derived_inert
4:55:04 AM [vite] (client) [console.warn] https://svelte.dev/e/derived_inert
4:55:05 AM [vite] (client) [console.warn] https://svelte.dev/e/derived_inert
4:55:05 AM [vite] (client) [console.warn] https://svelte.dev/e/derived_inert
4:55:05 AM [vite] (client) [console.warn] https://svelte.dev/e/derived_inert
4:55:05 AM [vite] (client) [console.warn] https://svelte.dev/e/derived_inert
4:55:05 AM [vite] (client) [console.warn] https://svelte.dev/e/derived_inert
4:55:05 AM [vite] (client) [console.warn] https://svelte.dev/e/derived_inert
4:55:05 AM [vite] (client) [console.warn] https://svelte.dev/e/derived_inert
4:55:05 AM [vite] (client) [console.warn] https://svelte.dev/e/derived_inert
4:55:05 AM [vite] (client) [console.warn] https://svelte.dev/e/derived_inert
4:55:05 AM [vite] (client) [console.warn] https://svelte.dev/e/derived_inert
4:55:05 AM [vite] (client) [console.warn] https://svelte.dev/e/derived_inert
4:55:05 AM [vite] (client) [console.warn] https://svelte.dev/e/derived_inert
4:55:05 AM [vite] (client) [console.warn] https://svelte.dev/e/derived_inert
4:55:05 AM [vite] (client) [console.warn] https://svelte.dev/e/derived_inert
4:55:05 AM [vite] (client) [console.warn] https://svelte.dev/e/derived_inert
4:55:05 AM [vite] (client) [console.warn] https://svelte.dev/e/derived_inert
4:55:05 AM [vite] (client) [console.warn] https://svelte.dev/e/derived_inert
4:55:05 AM [vite] (client) [console.warn] https://svelte.dev/e/derived_inert
4:55:05 AM [vite] (client) [console.warn] https://svelte.dev/e/derived_inert
4:55:05 AM [vite] (client) [console.warn] https://svelte.dev/e/derived_inert
4:55:05 AM [vite] (client) [console.warn] https://svelte.dev/e/derived_inert
4:55:05 AM [vite] (client) [console.warn] https://svelte.dev/e/derived_inert
4:55:05 AM [vite] (client) [console.warn] https://svelte.dev/e/derived_inert
4:55:05 AM [vite] (client) [console.warn] https://svelte.dev/e/derived_inert
4:55:05 AM [vite] (client) [console.warn] https://svelte.dev/e/derived_inert
4:55:05 AM [vite] (client) [console.warn] https://svelte.dev/e/derived_inert
4:55:05 AM [vite] (client) [console.warn] https://svelte.dev/e/derived_inert
4:55:05 AM [vite] (client) [console.warn] https://svelte.dev/e/derived_inert
4:55:05 AM [vite] (client) [console.warn] https://svelte.dev/e/derived_inert
4:55:06 AM [vite] (client) [console.warn] https://svelte.dev/e/derived_inert
4:55:06 AM [vite] (client) [console.warn] https://svelte.dev/e/derived_inert
4:55:06 AM [vite] (client) [console.warn] https://svelte.dev/e/derived_inert
4:55:06 AM [vite] (client) [console.warn] https://svelte.dev/e/derived_inert
4:55:06 AM [vite] (client) [console.warn] https://svelte.dev/e/derived_inert
4:55:06 AM [vite] (client) [console.warn] https://svelte.dev/e/derived_inert
4:55:06 AM [vite] (client) [console.warn] https://svelte.dev/e/derived_inert
4:55:06 AM [vite] (client) [console.warn] https://svelte.dev/e/derived_inert
4:55:06 AM [vite] (client) [console.warn] https://svelte.dev/e/derived_inert
4:55:06 AM [vite] (client) [console.warn] https://svelte.dev/e/derived_inert
4:55:06 AM [vite] (client) [console.warn] https://svelte.dev/e/derived_inert
4:55:06 AM [vite] (client) [console.warn] https://svelte.dev/e/derived_inert
4:55:07 AM [vite] (client) [console.warn] https://svelte.dev/e/derived_inert
4:55:07 AM [vite] (client) [console.warn] https://svelte.dev/e/derived_inert
4:55:07 AM [vite] (client) [console.warn] https://svelte.dev/e/derived_inert
4:55:07 AM [vite] (client) [console.warn] https://svelte.dev/e/derived_inert
4:55:07 AM [vite] (client) [console.warn] https://svelte.dev/e/derived_inert
4:55:07 AM [vite] (client) [console.warn] https://svelte.dev/e/derived_inert
4:55:07 AM [vite] (client) [console.warn] https://svelte.dev/e/derived_inert
4:55:07 AM [vite] (client) [console.warn] https://svelte.dev/e/derived_inert
4:55:07 AM [vite] (client) [console.warn] https://svelte.dev/e/derived_inert
4:55:07 AM [vite] (client) [console.warn] https://svelte.dev/e/derived_inert
4:55:07 AM [vite] (client) [console.warn] https://svelte.dev/e/derived_inert
4:55:07 AM [vite] (client) [console.warn] https://svelte.dev/e/derived_inert
4:55:07 AM [vite] (client) [console.warn] https://svelte.dev/e/derived_inert
4:55:07 AM [vite] (client) [console.warn] https://svelte.dev/e/derived_inert
4:55:07 AM [vite] (client) [console.warn] https://svelte.dev/e/derived_inert
4:55:07 AM [vite] (client) [console.warn] https://svelte.dev/e/derived_inert
4:55:07 AM [vite] (client) [console.warn] https://svelte.dev/e/derived_inert
4:55:07 AM [vite] (client) [console.warn] https://svelte.dev/e/derived_inert
4:55:07 AM [vite] (client) [console.warn] https://svelte.dev/e/derived_inert
4:55:07 AM [vite] (client) [console.warn] https://svelte.dev/e/derived_inert
4:55:07 AM [vite] (client) [console.warn] https://svelte.dev/e/derived_inert
4:55:08 AM [vite] (client) [console.warn] https://svelte.dev/e/derived_inert
4:55:08 AM [vite] (client) [console.warn] https://svelte.dev/e/derived_inert
4:55:08 AM [vite] (client) [console.warn] https://svelte.dev/e/derived_inert
4:55:08 AM [vite] (client) [console.warn] https://svelte.dev/e/derived_inert
4:55:08 AM [vite] (client) [console.warn] https://svelte.dev/e/derived_inert
4:55:08 AM [vite] (client) [console.warn] https://svelte.dev/e/derived_inert
4:55:08 AM [vite] (client) [console.warn] https://svelte.dev/e/derived_inert
4:55:08 AM [vite] (client) [console.warn] https://svelte.dev/e/derived_inert
4:55:08 AM [vite] (client) [console.warn] https://svelte.dev/e/derived_inert
4:55:08 AM [vite] (client) [console.warn] https://svelte.dev/e/derived_inert
4:55:08 AM [vite] (client) [console.warn] https://svelte.dev/e/derived_inert
4:55:08 AM [vite] (client) [console.warn] https://svelte.dev/e/derived_inert
4:55:08 AM [vite] (client) [console.warn] https://svelte.dev/e/derived_inert
4:55:08 AM [vite] (client) [console.warn] https://svelte.dev/e/derived_inert
4:55:08 AM [vite] (client) [console.warn] https://svelte.dev/e/derived_inert
4:55:08 AM [vite] (client) [console.warn] https://svelte.dev/e/derived_inert
4:55:08 AM [vite] (client) [console.warn] https://svelte.dev/e/derived_inert
4:55:08 AM [vite] (client) [console.warn] https://svelte.dev/e/derived_inert
4:55:08 AM [vite] (client) [console.warn] https://svelte.dev/e/derived_inert
4:55:08 AM [vite] (client) [console.warn] https://svelte.dev/e/derived_inert
4:55:08 AM [vite] (client) [console.warn] https://svelte.dev/e/derived_inert
4:55:08 AM [vite] (client) [console.warn] https://svelte.dev/e/derived_inert
4:55:08 AM [vite] (client) [console.warn] https://svelte.dev/e/derived_inert
4:55:08 AM [vite] (client) [console.warn] https://svelte.dev/e/derived_inert
4:55:08 AM [vite] (client) [console.warn] https://svelte.dev/e/derived_inert
4:55:08 AM [vite] (client) [console.warn] https://svelte.dev/e/derived_inert
4:55:08 AM [vite] (client) [console.warn] https://svelte.dev/e/derived_inert
4:55:08 AM [vite] (client) [console.warn] https://svelte.dev/e/derived_inert
4:55:08 AM [vite] (client) [console.warn] https://svelte.dev/e/derived_inert
4:55:08 AM [vite] (client) [console.warn] https://svelte.dev/e/derived_inert
4:55:08 AM [vite] (client) [console.warn] https://svelte.dev/e/derived_inert
4:55:08 AM [vite] (client) [console.warn] https://svelte.dev/e/derived_inert
4:55:08 AM [vite] (client) [console.warn] https://svelte.dev/e/derived_inert
4:55:09 AM [vite] (client) [console.warn] https://svelte.dev/e/derived_inert
4:55:09 AM [vite] (client) [console.warn] https://svelte.dev/e/derived_inert
4:55:09 AM [vite] (client) [console.warn] https://svelte.dev/e/derived_inert
4:55:09 AM [vite] (client) [console.warn] https://svelte.dev/e/derived_inert
4:55:09 AM [vite] (client) [console.warn] https://svelte.dev/e/derived_inert
4:55:09 AM [vite] (client) [console.warn] https://svelte.dev/e/derived_inert
4:55:09 AM [vite] (client) [console.warn] https://svelte.dev/e/derived_inert
4:55:09 AM [vite] (client) [console.warn] https://svelte.dev/e/derived_inert
4:55:09 AM [vite] (client) [console.warn] https://svelte.dev/e/derived_inert
4:55:09 AM [vite] (client) [console.warn] https://svelte.dev/e/derived_inert
4:55:09 AM [vite] (client) [console.warn] https://svelte.dev/e/derived_inert
4:55:09 AM [vite] (client) [console.warn] https://svelte.dev/e/derived_inert
4:55:09 AM [vite] (client) [console.warn] https://svelte.dev/e/derived_inert
4:55:09 AM [vite] (client) [console.warn] https://svelte.dev/e/derived_inert
4:55:09 AM [vite] (client) [console.warn] https://svelte.dev/e/derived_inert
4:55:09 AM [vite] (client) [console.warn] https://svelte.dev/e/derived_inert
4:55:09 AM [vite] (client) [console.warn] https://svelte.dev/e/derived_inert
4:55:09 AM [vite] (client) [console.warn] https://svelte.dev/e/derived_inert
4:55:09 AM [vite] (client) [console.warn] https://svelte.dev/e/derived_inert
4:55:09 AM [vite] (client) [console.warn] https://svelte.dev/e/derived_inert
4:55:09 AM [vite] (client) [console.warn] https://svelte.dev/e/derived_inert
4:55:09 AM [vite] (client) [console.warn] https://svelte.dev/e/derived_inert
4:55:09 AM [vite] (client) [console.warn] https://svelte.dev/e/derived_inert
4:55:09 AM [vite] (client) [console.warn] https://svelte.dev/e/derived_inert
4:55:09 AM [vite] (client) [console.warn] https://svelte.dev/e/derived_inert
4:55:09 AM [vite] (client) [console.warn] https://svelte.dev/e/derived_inert
4:55:09 AM [vite] (client) [console.warn] https://svelte.dev/e/derived_inert
4:55:09 AM [vite] (client) [console.warn] https://svelte.dev/e/derived_inert
4:55:09 AM [vite] (client) [console.warn] https://svelte.dev/e/derived_inert
4:55:09 AM [vite] (client) [console.warn] https://svelte.dev/e/derived_inert
4:55:09 AM [vite] (client) [console.warn] https://svelte.dev/e/derived_inert
4:55:09 AM [vite] (client) [console.warn] https://svelte.dev/e/derived_inert
4:55:09 AM [vite] (client) [console.warn] https://svelte.dev/e/derived_inert
4:55:09 AM [vite] (client) [console.warn] https://svelte.dev/e/derived_inert
4:55:21 AM [vite] (client) [console.warn] https://svelte.dev/e/derived_inert
4:55:21 AM [vite] (client) [console.warn] https://svelte.dev/e/derived_inert
4:55:21 AM [vite] (client) [console.warn] https://svelte.dev/e/derived_inert
4:55:21 AM [vite] (client) [console.warn] https://svelte.dev/e/derived_inert
4:55:21 AM [vite] (client) [console.warn] https://svelte.dev/e/derived_inert
4:55:21 AM [vite] (client) [console.warn] https://svelte.dev/e/derived_inert
4:55:24 AM [vite] (client) [console.warn] https://svelte.dev/e/derived_inert
4:55:24 AM [vite] (client) [console.warn] https://svelte.dev/e/derived_inert
4:55:24 AM [vite] (client) [console.warn] https://svelte.dev/e/derived_inert
4:55:24 AM [vite] (client) [console.warn] https://svelte.dev/e/derived_inert
4:55:24 AM [vite] (client) [console.warn] https://svelte.dev/e/derived_inert
4:55:24 AM [vite] (client) [console.warn] https://svelte.dev/e/derived_inert
4:55:24 AM [vite] (client) [console.warn] https://svelte.dev/e/derived_inert
4:55:24 AM [vite] (client) [console.warn] https://svelte.dev/e/derived_inert
4:55:24 AM [vite] (client) [console.warn] https://svelte.dev/e/derived_inert
4:55:24 AM [vite] (client) [console.warn] https://svelte.dev/e/derived_inert
4:55:24 AM [vite] (client) [console.warn] https://svelte.dev/e/derived_inert
4:55:24 AM [vite] (client) [console.warn] https://svelte.dev/e/derived_inert
4:55:24 AM [vite] (client) [console.warn] https://svelte.dev/e/derived_inert
4:55:24 AM [vite] (client) [console.warn] https://svelte.dev/e/derived_inert
4:55:24 AM [vite] (client) [console.warn] https://svelte.dev/e/derived_inert
4:55:24 AM [vite] (client) [console.warn] https://svelte.dev/e/derived_inert
4:55:24 AM [vite] (client) [console.warn] https://svelte.dev/e/derived_inert
4:55:24 AM [vite] (client) [console.warn] https://svelte.dev/e/derived_inert
4:55:24 AM [vite] (client) [console.warn] https://svelte.dev/e/derived_inert
4:55:24 AM [vite] (client) [console.warn] https://svelte.dev/e/derived_inert
4:55:24 AM [vite] (client) [console.warn] https://svelte.dev/e/derived_inert
4:55:24 AM [vite] (client) [console.warn] https://svelte.dev/e/derived_inert
4:55:24 AM [vite] (client) [console.warn] https://svelte.dev/e/derived_inert
4:55:24 AM [vite] (client) [console.warn] https://svelte.dev/e/derived_inert
4:55:24 AM [vite] (client) [console.warn] https://svelte.dev/e/derived_inert
4:55:24 AM [vite] (client) [console.warn] https://svelte.dev/e/derived_inert
4:55:24 AM [vite] (client) [console.warn] https://svelte.dev/e/derived_inert
4:55:24 AM [vite] (client) [console.warn] https://svelte.dev/e/derived_inert
4:55:24 AM [vite] (client) [console.warn] https://svelte.dev/e/derived_inert
4:55:24 AM [vite] (client) [console.warn] https://svelte.dev/e/derived_inert
4:55:24 AM [vite] (client) [console.warn] https://svelte.dev/e/derived_inert
4:55:24 AM [vite] (client) [console.warn] https://svelte.dev/e/derived_inert
4:55:24 AM [vite] (client) [console.warn] https://svelte.dev/e/derived_inert
4:55:24 AM [vite] (client) [console.warn] https://svelte.dev/e/derived_inert
4:55:24 AM [vite] (client) [console.warn] https://svelte.dev/e/derived_inert
4:55:24 AM [vite] (client) [console.warn] https://svelte.dev/e/derived_inert
4:55:24 AM [vite] (client) [console.warn] https://svelte.dev/e/derived_inert
4:55:24 AM [vite] (client) [console.warn] https://svelte.dev/e/derived_inert
4:55:24 AM [vite] (client) [console.warn] https://svelte.dev/e/derived_inert
4:55:24 AM [vite] (client) [console.warn] https://svelte.dev/e/derived_inert
4:55:24 AM [vite] (client) [console.warn] https://svelte.dev/e/derived_inert
4:55:24 AM [vite] (client) [console.warn] https://svelte.dev/e/derived_inert
4:55:24 AM [vite] (client) [console.warn] https://svelte.dev/e/derived_inert
4:55:24 AM [vite] (client) [console.warn] https://svelte.dev/e/derived_inert
4:55:24 AM [vite] (client) [console.warn] https://svelte.dev/e/derived_inert
4:55:24 AM [vite] (client) [console.warn] https://svelte.dev/e/derived_inert
4:55:24 AM [vite] (client) [console.warn] https://svelte.dev/e/derived_inert
4:55:24 AM [vite] (client) [console.warn] https://svelte.dev/e/derived_inert
4:55:24 AM [vite] (client) [console.warn] https://svelte.dev/e/derived_inert
4:55:24 AM [vite] (client) [console.warn] https://svelte.dev/e/derived_inert
4:55:24 AM [vite] (client) [console.warn] https://svelte.dev/e/derived_inert
4:55:24 AM [vite] (client) [console.warn] https://svelte.dev/e/derived_inert
4:55:24 AM [vite] (client) [console.warn] https://svelte.dev/e/derived_inert
4:55:24 AM [vite] (client) [console.warn] https://svelte.dev/e/derived_inert
4:55:24 AM [vite] (client) [console.warn] https://svelte.dev/e/derived_inert
4:55:24 AM [vite] (client) [console.warn] https://svelte.dev/e/derived_inert
4:55:24 AM [vite] (client) [console.warn] https://svelte.dev/e/derived_inert
4:55:24 AM [vite] (client) [console.warn] https://svelte.dev/e/derived_inert
4:55:24 AM [vite] (client) [console.warn] https://svelte.dev/e/derived_inert
4:55:24 AM [vite] (client) [console.warn] https://svelte.dev/e/derived_inert
4:55:24 AM [vite] (client) [console.warn] https://svelte.dev/e/derived_inert
4:55:24 AM [vite] (client) [console.warn] https://svelte.dev/e/derived_inert
4:55:24 AM [vite] (client) [console.warn] https://svelte.dev/e/derived_inert
4:55:24 AM [vite] (client) [console.warn] https://svelte.dev/e/derived_inert
4:55:24 AM [vite] (client) [console.warn] https://svelte.dev/e/derived_inert
4:55:24 AM [vite] (client) [console.warn] https://svelte.dev/e/derived_inert
4:55:24 AM [vite] (client) [console.warn] https://svelte.dev/e/derived_inert
4:55:24 AM [vite] (client) [console.warn] https://svelte.dev/e/derived_inert
4:55:24 AM [vite] (client) [console.warn] https://svelte.dev/e/derived_inert
4:55:24 AM [vite] (client) [console.warn] https://svelte.dev/e/derived_inert
4:55:24 AM [vite] (client) [console.warn] https://svelte.dev/e/derived_inert
4:55:24 AM [vite] (client) [console.warn] https://svelte.dev/e/derived_inert
4:55:24 AM [vite] (client) [console.warn] https://svelte.dev/e/derived_inert
4:55:24 AM [vite] (client) [console.warn] https://svelte.dev/e/derived_inert
4:55:24 AM [vite] (client) [console.warn] https://svelte.dev/e/derived_inert
4:55:24 AM [vite] (client) [console.warn] https://svelte.dev/e/derived_inert
4:55:24 AM [vite] (client) [console.warn] https://svelte.dev/e/derived_inert
4:55:24 AM [vite] (client) [console.warn] https://svelte.dev/e/derived_inert
4:55:24 AM [vite] (client) [console.warn] https://svelte.dev/e/derived_inert
4:55:24 AM [vite] (client) [console.warn] https://svelte.dev/e/derived_inert
4:55:24 AM [vite] (client) [console.warn] https://svelte.dev/e/derived_inert
4:55:24 AM [vite] (client) [console.warn] https://svelte.dev/e/derived_inert
4:55:24 AM [vite] (client) [console.warn] https://svelte.dev/e/derived_inert
4:55:24 AM [vite] (client) [console.warn] https://svelte.dev/e/derived_inert
4:55:24 AM [vite] (client) [console.warn] https://svelte.dev/e/derived_inert
4:55:24 AM [vite] (client) [console.warn] https://svelte.dev/e/derived_inert
4:55:24 AM [vite] (client) [console.warn] https://svelte.dev/e/derived_inert
4:55:24 AM [vite] (client) [console.warn] https://svelte.dev/e/derived_inert
4:55:24 AM [vite] (client) [console.warn] https://svelte.dev/e/derived_inert
4:55:24 AM [vite] (client) [console.warn] https://svelte.dev/e/derived_inert
4:55:24 AM [vite] (client) [console.warn] https://svelte.dev/e/derived_inert
4:55:24 AM [vite] (client) [console.warn] https://svelte.dev/e/derived_inert
4:55:24 AM [vite] (client) [console.warn] https://svelte.dev/e/derived_inert
4:55:24 AM [vite] (client) [console.warn] https://svelte.dev/e/derived_inert
4:55:24 AM [vite] (client) [console.warn] https://svelte.dev/e/derived_inert
4:55:24 AM [vite] (client) [console.warn] https://svelte.dev/e/derived_inert
4:55:24 AM [vite] (client) [console.warn] https://svelte.dev/e/derived_inert
4:55:24 AM [vite] (client) [console.warn] https://svelte.dev/e/derived_inert
4:55:24 AM [vite] (client) [console.warn] https://svelte.dev/e/derived_inert
4:55:24 AM [vite] (client) [console.warn] https://svelte.dev/e/derived_inert
4:55:24 AM [vite] (client) [console.warn] https://svelte.dev/e/derived_inert
4:55:24 AM [vite] (client) [console.warn] https://svelte.dev/e/derived_inert
4:55:24 AM [vite] (client) [console.warn] https://svelte.dev/e/derived_inert
4:55:24 AM [vite] (client) [console.warn] https://svelte.dev/e/derived_inert
4:55:24 AM [vite] (client) [console.warn] https://svelte.dev/e/derived_inert
4:55:24 AM [vite] (client) [console.warn] https://svelte.dev/e/derived_inert
4:55:24 AM [vite] (client) [console.warn] https://svelte.dev/e/derived_inert
4:55:24 AM [vite] (client) [console.warn] https://svelte.dev/e/derived_inert
4:55:24 AM [vite] (client) [console.warn] https://svelte.dev/e/derived_inert
4:55:24 AM [vite] (client) [console.warn] https://svelte.dev/e/derived_inert
4:55:24 AM [vite] (client) [console.warn] https://svelte.dev/e/derived_inert
4:55:24 AM [vite] (client) [console.warn] https://svelte.dev/e/derived_inert
4:55:24 AM [vite] (client) [console.warn] https://svelte.dev/e/derived_inert
4:55:24 AM [vite] (client) [console.warn] https://svelte.dev/e/derived_inert
4:55:24 AM [vite] (client) [console.warn] https://svelte.dev/e/derived_inert
4:55:24 AM [vite] (client) [console.warn] https://svelte.dev/e/derived_inert
4:55:24 AM [vite] (client) [console.warn] https://svelte.dev/e/derived_inert
4:55:24 AM [vite] (client) [console.warn] https://svelte.dev/e/derived_inert
4:55:24 AM [vite] (client) [console.warn] https://svelte.dev/e/derived_inert
4:55:24 AM [vite] (client) [console.warn] https://svelte.dev/e/derived_inert
4:55:24 AM [vite] (client) [console.warn] https://svelte.dev/e/derived_inert
4:55:24 AM [vite] (client) [console.warn] https://svelte.dev/e/derived_inert
4:55:24 AM [vite] (client) [console.warn] https://svelte.dev/e/derived_inert
4:55:24 AM [vite] (client) [console.warn] https://svelte.dev/e/derived_inert
4:55:24 AM [vite] (client) [console.warn] https://svelte.dev/e/derived_inert
4:55:24 AM [vite] (client) [console.warn] https://svelte.dev/e/derived_inert
4:55:24 AM [vite] (client) [console.warn] https://svelte.dev/e/derived_inert
4:55:24 AM [vite] (client) [console.warn] https://svelte.dev/e/derived_inert
4:55:24 AM [vite] (client) [console.warn] https://svelte.dev/e/derived_inert
4:55:29 AM [vite] (client) [console.warn] https://svelte.dev/e/derived_inert
4:55:29 AM [vite] (client) [console.warn] https://svelte.dev/e/derived_inert
4:55:29 AM [vite] (client) [console.warn] https://svelte.dev/e/derived_inert
4:55:29 AM [vite] (client) [console.warn] https://svelte.dev/e/derived_inert
4:55:29 AM [vite] (client) [console.warn] https://svelte.dev/e/derived_inert
4:55:29 AM [vite] (client) [console.warn] https://svelte.dev/e/derived_inert
4:55:29 AM [vite] (client) [console.warn] https://svelte.dev/e/derived_inert
4:55:29 AM [vite] (client) [console.warn] https://svelte.dev/e/derived_inert
4:55:29 AM [vite] (client) [console.warn] https://svelte.dev/e/derived_inert
4:55:29 AM [vite] (client) [console.warn] https://svelte.dev/e/derived_inert
4:55:29 AM [vite] (client) [console.warn] https://svelte.dev/e/derived_inert
4:55:29 AM [vite] (client) [console.warn] https://svelte.dev/e/derived_inert
4:55:29 AM [vite] (client) [console.warn] https://svelte.dev/e/derived_inert
4:55:29 AM [vite] (client) [console.warn] https://svelte.dev/e/derived_inert
4:55:29 AM [vite] (client) [console.warn] https://svelte.dev/e/derived_inert
4:55:29 AM [vite] (client) [console.warn] https://svelte.dev/e/derived_inert
4:55:29 AM [vite] (client) [console.warn] https://svelte.dev/e/derived_inert
4:55:29 AM [vite] (client) [console.warn] https://svelte.dev/e/derived_inert
4:55:29 AM [vite] (client) [console.warn] https://svelte.dev/e/derived_inert
4:55:29 AM [vite] (client) [console.warn] https://svelte.dev/e/derived_inert
4:55:29 AM [vite] (client) [console.warn] https://svelte.dev/e/derived_inert
4:55:29 AM [vite] (client) [console.warn] https://svelte.dev/e/derived_inert
4:55:29 AM [vite] (client) [console.warn] https://svelte.dev/e/derived_inert
4:55:29 AM [vite] (client) [console.warn] https://svelte.dev/e/derived_inert
4:55:29 AM [vite] (client) [console.warn] https://svelte.dev/e/derived_inert
4:55:29 AM [vite] (client) [console.warn] https://svelte.dev/e/derived_inert
4:55:29 AM [vite] (client) [console.warn] https://svelte.dev/e/derived_inert
4:55:29 AM [vite] (client) [console.warn] https://svelte.dev/e/derived_inert
4:55:29 AM [vite] (client) [console.warn] https://svelte.dev/e/derived_inert
4:55:29 AM [vite] (client) [console.warn] https://svelte.dev/e/derived_inert
4:55:32 AM [vite] (client) [console.warn] https://svelte.dev/e/derived_inert
4:55:33 AM [vite] (client) [console.warn] https://svelte.dev/e/derived_inert
4:55:33 AM [vite] (client) [console.warn] https://svelte.dev/e/derived_inert
4:55:33 AM [vite] (client) [console.warn] https://svelte.dev/e/derived_inert
4:55:33 AM [vite] (client) [console.warn] https://svelte.dev/e/derived_inert
4:55:33 AM [vite] (client) [console.warn] https://svelte.dev/e/derived_inert
4:55:33 AM [vite] (client) [console.warn] https://svelte.dev/e/derived_inert
4:55:33 AM [vite] (client) [console.warn] https://svelte.dev/e/derived_inert
4:55:33 AM [vite] (client) [console.warn] https://svelte.dev/e/derived_inert
4:55:33 AM [vite] (client) [console.warn] https://svelte.dev/e/derived_inert
4:55:33 AM [vite] (client) [console.warn] https://svelte.dev/e/derived_inert
4:55:33 AM [vite] (client) [console.warn] https://svelte.dev/e/derived_inert
4:55:33 AM [vite] (client) [console.warn] https://svelte.dev/e/derived_inert
4:55:33 AM [vite] (client) [console.warn] https://svelte.dev/e/derived_inert
4:55:33 AM [vite] (client) [console.warn] https://svelte.dev/e/derived_inert
4:55:33 AM [vite] (client) [console.warn] https://svelte.dev/e/derived_inert
4:55:33 AM [vite] (client) [console.warn] https://svelte.dev/e/derived_inert
4:55:33 AM [vite] (client) [console.warn] https://svelte.dev/e/derived_inert
4:55:33 AM [vite] (client) [console.warn] https://svelte.dev/e/derived_inert
4:55:33 AM [vite] (client) [console.warn] https://svelte.dev/e/derived_inert
4:55:33 AM [vite] (client) [console.warn] https://svelte.dev/e/derived_inert
4:55:33 AM [vite] (client) [console.warn] https://svelte.dev/e/derived_inert
4:55:33 AM [vite] (client) [console.warn] https://svelte.dev/e/derived_inert
4:55:33 AM [vite] (client) [console.warn] https://svelte.dev/e/derived_inert
4:55:33 AM [vite] (client) [console.warn] https://svelte.dev/e/derived_inert
4:55:33 AM [vite] (client) [console.warn] https://svelte.dev/e/derived_inert
4:55:33 AM [vite] (client) [console.warn] https://svelte.dev/e/derived_inert
4:55:33 AM [vite] (client) [console.warn] https://svelte.dev/e/derived_inert
4:55:33 AM [vite] (client) [console.warn] https://svelte.dev/e/derived_inert
4:55:33 AM [vite] (client) [console.warn] https://svelte.dev/e/derived_inert
4:55:33 AM [vite] (client) [console.warn] https://svelte.dev/e/derived_inert
4:55:33 AM [vite] (client) [console.warn] https://svelte.dev/e/derived_inert
4:55:33 AM [vite] (client) [console.warn] https://svelte.dev/e/derived_inert
4:55:33 AM [vite] (client) [console.warn] https://svelte.dev/e/derived_inert
4:55:33 AM [vite] (client) [console.warn] https://svelte.dev/e/derived_inert
4:55:33 AM [vite] (client) [console.warn] https://svelte.dev/e/derived_inert
4:55:33 AM [vite] (client) [console.warn] https://svelte.dev/e/derived_inert
4:55:33 AM [vite] (client) [console.warn] https://svelte.dev/e/derived_inert
4:55:33 AM [vite] (client) [console.warn] https://svelte.dev/e/derived_inert
4:55:33 AM [vite] (client) [console.warn] https://svelte.dev/e/derived_inert
4:55:33 AM [vite] (client) [console.warn] https://svelte.dev/e/derived_inert
4:55:33 AM [vite] (client) [console.warn] https://svelte.dev/e/derived_inert
4:55:33 AM [vite] (client) [console.warn] https://svelte.dev/e/derived_inert
4:55:33 AM [vite] (client) [console.warn] https://svelte.dev/e/derived_inert
4:55:33 AM [vite] (client) [console.warn] https://svelte.dev/e/derived_inert
4:55:33 AM [vite] (client) [console.warn] https://svelte.dev/e/derived_inert
4:55:33 AM [vite] (client) [console.warn] https://svelte.dev/e/derived_inert
4:55:33 AM [vite] (client) [console.warn] https://svelte.dev/e/derived_inert
4:55:33 AM [vite] (client) [console.warn] https://svelte.dev/e/derived_inert
4:55:33 AM [vite] (client) [console.warn] https://svelte.dev/e/derived_inert
4:55:33 AM [vite] (client) [console.warn] https://svelte.dev/e/derived_inert
4:55:33 AM [vite] (client) [console.warn] https://svelte.dev/e/derived_inert
4:55:33 AM [vite] (client) [console.warn] https://svelte.dev/e/derived_inert
4:55:33 AM [vite] (client) [console.warn] https://svelte.dev/e/derived_inert
4:55:33 AM [vite] (client) [console.warn] https://svelte.dev/e/derived_inert
4:55:33 AM [vite] (client) [console.warn] https://svelte.dev/e/derived_inert
4:55:33 AM [vite] (client) [console.warn] https://svelte.dev/e/derived_inert
4:55:33 AM [vite] (client) [console.warn] https://svelte.dev/e/derived_inert
4:55:33 AM [vite] (client) [console.warn] https://svelte.dev/e/derived_inert
4:55:33 AM [vite] (client) [console.warn] https://svelte.dev/e/derived_inert
4:55:33 AM [vite] (client) [console.warn] https://svelte.dev/e/derived_inert
4:55:33 AM [vite] (client) [console.warn] https://svelte.dev/e/derived_inert
4:55:33 AM [vite] (client) [console.warn] https://svelte.dev/e/derived_inert
4:55:33 AM [vite] (client) [console.warn] https://svelte.dev/e/derived_inert
4:55:33 AM [vite] (client) [console.warn] https://svelte.dev/e/derived_inert
4:55:33 AM [vite] (client) [console.warn] https://svelte.dev/e/derived_inert
4:55:33 AM [vite] (client) [console.warn] https://svelte.dev/e/derived_inert
4:55:33 AM [vite] (client) [console.warn] https://svelte.dev/e/derived_inert
4:55:33 AM [vite] (client) [console.warn] https://svelte.dev/e/derived_inert
4:55:33 AM [vite] (client) [console.warn] https://svelte.dev/e/derived_inert
4:55:33 AM [vite] (client) [console.warn] https://svelte.dev/e/derived_inert
4:55:33 AM [vite] (client) [console.warn] https://svelte.dev/e/derived_inert
4:55:33 AM [vite] (client) [console.warn] https://svelte.dev/e/derived_inert
4:55:33 AM [vite] (client) [console.warn] https://svelte.dev/e/derived_inert
4:55:33 AM [vite] (client) [console.warn] https://svelte.dev/e/derived_inert
4:55:33 AM [vite] (client) [console.warn] https://svelte.dev/e/derived_inert
4:55:33 AM [vite] (client) [console.warn] https://svelte.dev/e/derived_inert
4:55:33 AM [vite] (client) [console.warn] https://svelte.dev/e/derived_inert
4:55:33 AM [vite] (client) [console.warn] https://svelte.dev/e/derived_inert
4:55:33 AM [vite] (client) [console.warn] https://svelte.dev/e/derived_inert
4:55:33 AM [vite] (client) [console.warn] https://svelte.dev/e/derived_inert
4:55:33 AM [vite] (client) [console.warn] https://svelte.dev/e/derived_inert
4:55:33 AM [vite] (client) [console.warn] https://svelte.dev/e/derived_inert
4:55:33 AM [vite] (client) [console.warn] https://svelte.dev/e/derived_inert
4:55:33 AM [vite] (client) [console.warn] https://svelte.dev/e/derived_inert
4:55:33 AM [vite] (client) [console.warn] https://svelte.dev/e/derived_inert
4:55:33 AM [vite] (client) [console.warn] https://svelte.dev/e/derived_inert
4:55:33 AM [vite] (client) [console.warn] https://svelte.dev/e/derived_inert
4:55:33 AM [vite] (client) [console.warn] https://svelte.dev/e/derived_inert
4:55:33 AM [vite] (client) [console.warn] https://svelte.dev/e/derived_inert
4:55:33 AM [vite] (client) [console.warn] https://svelte.dev/e/derived_inert
4:55:33 AM [vite] (client) [console.warn] https://svelte.dev/e/derived_inert
4:55:33 AM [vite] (client) [console.warn] https://svelte.dev/e/derived_inert
4:55:33 AM [vite] (client) [console.warn] https://svelte.dev/e/derived_inert
4:55:33 AM [vite] (client) [console.warn] https://svelte.dev/e/derived_inert
4:55:33 AM [vite] (client) [console.warn] https://svelte.dev/e/derived_inert
4:55:33 AM [vite] (client) [console.warn] https://svelte.dev/e/derived_inert
4:55:33 AM [vite] (client) [console.warn] https://svelte.dev/e/derived_inert
4:55:33 AM [vite] (client) [console.warn] https://svelte.dev/e/derived_inert
4:55:33 AM [vite] (client) [console.warn] https://svelte.dev/e/derived_inert
4:55:33 AM [vite] (client) [console.warn] https://svelte.dev/e/derived_inert
4:55:33 AM [vite] (client) [console.warn] https://svelte.dev/e/derived_inert
4:55:33 AM [vite] (client) [console.warn] https://svelte.dev/e/derived_inert
4:55:33 AM [vite] (client) [console.warn] https://svelte.dev/e/derived_inert
4:55:33 AM [vite] (client) [console.warn] https://svelte.dev/e/derived_inert
4:55:33 AM [vite] (client) [console.warn] https://svelte.dev/e/derived_inert
4:55:33 AM [vite] (client) [console.warn] https://svelte.dev/e/derived_inert
4:55:33 AM [vite] (client) [console.warn] https://svelte.dev/e/derived_inert
4:55:33 AM [vite] (client) [console.warn] https://svelte.dev/e/derived_inert
4:55:33 AM [vite] (client) [console.warn] https://svelte.dev/e/derived_inert
4:55:33 AM [vite] (client) [console.warn] https://svelte.dev/e/derived_inert
4:55:33 AM [vite] (client) [console.warn] https://svelte.dev/e/derived_inert
4:55:33 AM [vite] (client) [console.warn] https://svelte.dev/e/derived_inert
4:55:33 AM [vite] (client) [console.warn] https://svelte.dev/e/derived_inert
4:55:33 AM [vite] (client) [console.warn] https://svelte.dev/e/derived_inert
4:55:33 AM [vite] (client) [console.warn] https://svelte.dev/e/derived_inert
4:55:33 AM [vite] (client) [console.warn] https://svelte.dev/e/derived_inert
4:55:33 AM [vite] (client) [console.warn] https://svelte.dev/e/derived_inert
4:55:33 AM [vite] (client) [console.warn] https://svelte.dev/e/derived_inert
4:55:33 AM [vite] (client) [console.warn] https://svelte.dev/e/derived_inert
4:55:33 AM [vite] (client) [console.warn] https://svelte.dev/e/derived_inert
4:55:33 AM [vite] (client) [console.warn] https://svelte.dev/e/derived_inert
4:55:33 AM [vite] (client) [console.warn] https://svelte.dev/e/derived_inert
4:55:33 AM [vite] (client) [console.warn] https://svelte.dev/e/derived_inert
4:55:33 AM [vite] (client) [console.warn] https://svelte.dev/e/derived_inert
4:55:33 AM [vite] (client) [console.warn] https://svelte.dev/e/derived_inert
4:55:33 AM [vite] (client) [console.warn] https://svelte.dev/e/derived_inert
4:55:33 AM [vite] (client) [console.warn] https://svelte.dev/e/derived_inert
4:55:33 AM [vite] (client) [console.warn] https://svelte.dev/e/derived_inert
4:55:33 AM [vite] (client) [console.warn] https://svelte.dev/e/derived_inert
4:55:33 AM [vite] (client) [console.warn] https://svelte.dev/e/derived_inert
4:55:33 AM [vite] (client) [console.warn] https://svelte.dev/e/derived_inert
4:55:33 AM [vite] (client) [console.warn] https://svelte.dev/e/derived_inert
4:55:33 AM [vite] (client) [console.warn] https://svelte.dev/e/derived_inert
4:55:33 AM [vite] (client) [console.warn] https://svelte.dev/e/derived_inert
4:55:33 AM [vite] (client) [console.warn] https://svelte.dev/e/derived_inert
4:55:33 AM [vite] (client) [console.warn] https://svelte.dev/e/derived_inert
4:55:33 AM [vite] (client) [console.warn] https://svelte.dev/e/derived_inert
4:55:33 AM [vite] (client) [console.warn] https://svelte.dev/e/derived_inert
4:55:33 AM [vite] (client) [console.warn] https://svelte.dev/e/derived_inert
4:55:33 AM [vite] (client) [console.warn] https://svelte.dev/e/derived_inert
4:55:33 AM [vite] (client) [console.warn] https://svelte.dev/e/derived_inert
4:55:33 AM [vite] (client) [console.warn] https://svelte.dev/e/derived_inert
4:55:33 AM [vite] (client) [console.warn] https://svelte.dev/e/derived_inert
4:55:33 AM [vite] (client) [console.warn] https://svelte.dev/e/derived_inert
4:55:33 AM [vite] (client) [console.warn] https://svelte.dev/e/derived_inert
4:55:33 AM [vite] (client) [console.warn] https://svelte.dev/e/derived_inert
4:55:33 AM [vite] (client) [console.warn] https://svelte.dev/e/derived_inert
4:55:33 AM [vite] (client) [console.warn] https://svelte.dev/e/derived_inert
4:55:33 AM [vite] (client) [console.warn] https://svelte.dev/e/derived_inert
4:55:33 AM [vite] (client) [console.warn] https://svelte.dev/e/derived_inert
4:55:33 AM [vite] (client) [console.warn] https://svelte.dev/e/derived_inert
4:55:33 AM [vite] (client) [console.warn] https://svelte.dev/e/derived_inert
4:55:33 AM [vite] (client) [console.warn] https://svelte.dev/e/derived_inert
4:55:33 AM [vite] (client) [console.warn] https://svelte.dev/e/derived_inert
4:55:33 AM [vite] (client) [console.warn] https://svelte.dev/e/derived_inert
4:55:33 AM [vite] (client) [console.warn] https://svelte.dev/e/derived_inert
4:55:33 AM [vite] (client) [console.warn] https://svelte.dev/e/derived_inert
4:55:33 AM [vite] (client) [console.warn] https://svelte.dev/e/derived_inert
4:55:33 AM [vite] (client) [console.warn] https://svelte.dev/e/derived_inert
4:55:33 AM [vite] (client) [console.warn] https://svelte.dev/e/derived_inert
4:55:33 AM [vite] (client) [console.warn] https://svelte.dev/e/derived_inert
4:55:33 AM [vite] (client) [console.warn] https://svelte.dev/e/derived_inert
4:55:33 AM [vite] (client) [console.warn] https://svelte.dev/e/derived_inert
4:55:33 AM [vite] (client) [console.warn] https://svelte.dev/e/derived_inert
4:55:33 AM [vite] (client) [console.warn] https://svelte.dev/e/derived_inert
4:55:33 AM [vite] (client) [console.warn] https://svelte.dev/e/derived_inert
4:55:33 AM [vite] (client) [console.warn] https://svelte.dev/e/derived_inert
4:55:33 AM [vite] (client) [console.warn] https://svelte.dev/e/derived_inert
4:55:33 AM [vite] (client) [console.warn] https://svelte.dev/e/derived_inert
4:55:33 AM [vite] (client) [console.warn] https://svelte.dev/e/derived_inert
4:55:33 AM [vite] (client) [console.warn] https://svelte.dev/e/derived_inert
4:55:33 AM [vite] (client) [console.warn] https://svelte.dev/e/derived_inert
4:55:33 AM [vite] (client) [console.warn] https://svelte.dev/e/derived_inert
4:55:33 AM [vite] (client) [console.warn] https://svelte.dev/e/derived_inert
4:55:33 AM [vite] (client) [console.warn] https://svelte.dev/e/derived_inert
4:55:33 AM [vite] (client) [console.warn] https://svelte.dev/e/derived_inert
4:55:33 AM [vite] (client) [console.warn] https://svelte.dev/e/derived_inert
4:55:33 AM [vite] (client) [console.warn] https://svelte.dev/e/derived_inert
4:55:33 AM [vite] (client) [console.warn] https://svelte.dev/e/derived_inert
4:55:33 AM [vite] (client) [console.warn] https://svelte.dev/e/derived_inert
4:55:33 AM [vite] (client) [console.warn] https://svelte.dev/e/derived_inert
4:55:33 AM [vite] (client) [console.warn] https://svelte.dev/e/derived_inert
4:55:33 AM [vite] (client) [console.warn] https://svelte.dev/e/derived_inert
4:55:33 AM [vite] (client) [console.warn] https://svelte.dev/e/derived_inert
4:55:33 AM [vite] (client) [console.warn] https://svelte.dev/e/derived_inert
4:55:33 AM [vite] (client) [console.warn] https://svelte.dev/e/derived_inert
4:55:33 AM [vite] (client) [console.warn] https://svelte.dev/e/derived_inert
4:55:33 AM [vite] (client) [console.warn] https://svelte.dev/e/derived_inert
4:55:33 AM [vite] (client) [console.warn] https://svelte.dev/e/derived_inert
4:55:33 AM [vite] (client) [console.warn] https://svelte.dev/e/derived_inert
4:55:33 AM [vite] (client) [console.warn] https://svelte.dev/e/derived_inert
4:55:33 AM [vite] (client) [console.warn] https://svelte.dev/e/derived_inert
4:55:33 AM [vite] (client) [console.warn] https://svelte.dev/e/derived_inert
4:55:33 AM [vite] (client) [console.warn] https://svelte.dev/e/derived_inert
4:55:33 AM [vite] (client) [console.warn] https://svelte.dev/e/derived_inert
4:55:34 AM [vite] (client) [console.warn] https://svelte.dev/e/derived_inert
4:55:34 AM [vite] (client) [console.warn] https://svelte.dev/e/derived_inert
4:55:34 AM [vite] (client) [console.warn] https://svelte.dev/e/derived_inert
4:55:34 AM [vite] (client) [console.warn] https://svelte.dev/e/derived_inert
4:55:34 AM [vite] (client) [console.warn] https://svelte.dev/e/derived_inert
4:55:38 AM [vite] (client) [console.warn] https://svelte.dev/e/derived_inert
4:55:39 AM [vite] (client) [console.warn] https://svelte.dev/e/derived_inert

 Test Files  60 passed (60)
      Tests  463 passed (463)
   Start at  04:54:23
   Duration  77.48s (transform 0ms, setup 839ms, import 14.47s, tests 58.09s, environment 0ms)

