Merge made by the 'ort' strategy.
 .../ProjectWorkflowMenu.original.svelte            | 573 ++++++++++++++++++
 .../backend-review-final.log                       |   9 +
 .audit/dw43-review-menu-verification/backend.log   |   9 +
 .../before-existing-suite-mutant.log               | 210 +++++++
 .../before-new-test-mutant.log                     |  54 ++
 .../dw43-review-menu-verification/check-final.log  |   8 +
 .../check-review-final.log                         |   8 +
 .audit/dw43-review-menu-verification/check.log     |   8 +
 .../component-full.log                             | 625 +++++++++++++++++++
 .../component-review-final.log                     | 659 +++++++++++++++++++++
 .audit/dw43-review-menu-verification/decisions.tsv |   6 +
 .audit/dw43-review-menu-verification/evidence.md   |  47 ++
 .../findings-blind-hunter.md                       |  11 +
 .../findings-edge-case-hunter.md                   |   1 +
 .../findings-verification-gap.md                   |   1 +
 .audit/dw43-review-menu-verification/handoff.md    |  17 +
 .audit/dw43-review-menu-verification/npm-ci.log    |  26 +
 .../npm-test-restored.log                          |  13 +
 .../npm-test-review-final.log                      |  13 +
 .audit/dw43-review-menu-verification/npm-test.log  |  13 +
 .../review-diff.patch                              | 227 +++++++
 .../review-final-mutant.log                        |  54 ++
 .../dw43-review-menu-verification/review-triage.md |  21 +
 .../targeted-after.log                             |  15 +
 .../targeted-initial.log                           |  86 +++
 .../targeted-review-final-restored.log             |  15 +
 .../verified-source-sha256.tsv                     |   3 +
 .../dw43-review-prompts/blind-hunter.md            | 238 ++++++++
 .../dw43-review-prompts/edge-case-hunter.md        | 234 ++++++++
 .../dw43-review-prompts/verification-gap.md        | 234 ++++++++
 .../spec-dw43-review-menu-verification.md          |  78 +++
 .../project/ProjectWorkflowMenu.component.test.ts  | 119 ++++
 src/lib/test/convex-svelte-stub.svelte.ts          |   8 +
 33 files changed, 3643 insertions(+)
 create mode 100644 .audit/dw43-review-menu-verification/ProjectWorkflowMenu.original.svelte
 create mode 100644 .audit/dw43-review-menu-verification/backend-review-final.log
 create mode 100644 .audit/dw43-review-menu-verification/backend.log
 create mode 100644 .audit/dw43-review-menu-verification/before-existing-suite-mutant.log
 create mode 100644 .audit/dw43-review-menu-verification/before-new-test-mutant.log
 create mode 100644 .audit/dw43-review-menu-verification/check-final.log
 create mode 100644 .audit/dw43-review-menu-verification/check-review-final.log
 create mode 100644 .audit/dw43-review-menu-verification/check.log
 create mode 100644 .audit/dw43-review-menu-verification/component-full.log
 create mode 100644 .audit/dw43-review-menu-verification/component-review-final.log
 create mode 100644 .audit/dw43-review-menu-verification/decisions.tsv
 create mode 100644 .audit/dw43-review-menu-verification/evidence.md
 create mode 100644 .audit/dw43-review-menu-verification/findings-blind-hunter.md
 create mode 100644 .audit/dw43-review-menu-verification/findings-edge-case-hunter.md
 create mode 100644 .audit/dw43-review-menu-verification/findings-verification-gap.md
 create mode 100644 .audit/dw43-review-menu-verification/handoff.md
 create mode 100644 .audit/dw43-review-menu-verification/npm-ci.log
 create mode 100644 .audit/dw43-review-menu-verification/npm-test-restored.log
 create mode 100644 .audit/dw43-review-menu-verification/npm-test-review-final.log
 create mode 100644 .audit/dw43-review-menu-verification/npm-test.log
 create mode 100644 .audit/dw43-review-menu-verification/review-diff.patch
 create mode 100644 .audit/dw43-review-menu-verification/review-final-mutant.log
 create mode 100644 .audit/dw43-review-menu-verification/review-triage.md
 create mode 100644 .audit/dw43-review-menu-verification/targeted-after.log
 create mode 100644 .audit/dw43-review-menu-verification/targeted-initial.log
 create mode 100644 .audit/dw43-review-menu-verification/targeted-review-final-restored.log
 create mode 100644 .audit/dw43-review-menu-verification/verified-source-sha256.tsv
 create mode 100644 _bmad-output/implementation-artifacts/dw43-review-prompts/blind-hunter.md
 create mode 100644 _bmad-output/implementation-artifacts/dw43-review-prompts/edge-case-hunter.md
 create mode 100644 _bmad-output/implementation-artifacts/dw43-review-prompts/verification-gap.md
 create mode 100644 _bmad-output/implementation-artifacts/spec-dw43-review-menu-verification.md
 create mode 100644 src/lib/components/project/ProjectWorkflowMenu.component.test.ts

Exit status: 0
