Merge made by the 'ort' strategy.
 .../baseline-failure.log                           |  50 ++
 .audit/analyzer-provenance-repair/check-final.log  |   9 +
 .audit/analyzer-provenance-repair/check.log        |   8 +
 .../convex-tsc-final.log                           |   1 +
 .audit/analyzer-provenance-repair/convex-tsc.log   |   0
 .audit/analyzer-provenance-repair/decisions.tsv    |   4 +
 .../dependency-proof.log                           |   9 +
 .audit/analyzer-provenance-repair/diff-check.log   |   1 +
 .audit/analyzer-provenance-repair/evidence.md      |  69 +++
 .../findings-blind-hunter.md                       |  10 +
 .../findings-edge-case-hunter.md                   |   1 +
 .../findings-verification-gap.md                   |   1 +
 .../analyzer-provenance-repair/focused-final.log   |  10 +
 .audit/analyzer-provenance-repair/focused.log      |   9 +
 .audit/analyzer-provenance-repair/full-test.log    |  13 +
 .audit/analyzer-provenance-repair/gate-exits.tsv   |   5 +
 .../analyzer-provenance-repair/generated-check.log |   1 +
 .audit/analyzer-provenance-repair/install.log      |  26 ++
 .audit/analyzer-provenance-repair/review-check.log |   9 +
 .../review-convex-tsc.log                          |   1 +
 .../review-diff-check.log                          |   1 +
 .../analyzer-provenance-repair/review-focused.log  |   9 +
 .../review-full-test.log                           |  14 +
 .../review-gate-exits.tsv                          |   5 +
 .../review-generated-check.log                     |   1 +
 .audit/analyzer-provenance-repair/review-triage.md |  18 +
 .audit/analyzer-provenance-repair/review.diff      | 508 ++++++++++++++++++++
 .../verified-source-sha256.tsv                     |   3 +
 ...alyzer-provenance-review-blind-hunter-prompt.md | 519 +++++++++++++++++++++
 ...er-provenance-review-edge-case-hunter-prompt.md | 515 ++++++++++++++++++++
 ...er-provenance-review-verification-gap-prompt.md | 515 ++++++++++++++++++++
 .../spec-analyzer-provenance-repair.md             | 100 ++++
 convex/ai/pipeline.compare.test.ts                 |  38 +-
 convex/ai/promptProgram.ts                         |  10 +-
 tests/aiUsage.test.ts                              |  28 ++
 35 files changed, 2516 insertions(+), 5 deletions(-)
 create mode 100644 .audit/analyzer-provenance-repair/baseline-failure.log
 create mode 100644 .audit/analyzer-provenance-repair/check-final.log
 create mode 100644 .audit/analyzer-provenance-repair/check.log
 create mode 100644 .audit/analyzer-provenance-repair/convex-tsc-final.log
 create mode 100644 .audit/analyzer-provenance-repair/convex-tsc.log
 create mode 100644 .audit/analyzer-provenance-repair/decisions.tsv
 create mode 100644 .audit/analyzer-provenance-repair/dependency-proof.log
 create mode 100644 .audit/analyzer-provenance-repair/diff-check.log
 create mode 100644 .audit/analyzer-provenance-repair/evidence.md
 create mode 100644 .audit/analyzer-provenance-repair/findings-blind-hunter.md
 create mode 100644 .audit/analyzer-provenance-repair/findings-edge-case-hunter.md
 create mode 100644 .audit/analyzer-provenance-repair/findings-verification-gap.md
 create mode 100644 .audit/analyzer-provenance-repair/focused-final.log
 create mode 100644 .audit/analyzer-provenance-repair/focused.log
 create mode 100644 .audit/analyzer-provenance-repair/full-test.log
 create mode 100644 .audit/analyzer-provenance-repair/gate-exits.tsv
 create mode 100644 .audit/analyzer-provenance-repair/generated-check.log
 create mode 100644 .audit/analyzer-provenance-repair/install.log
 create mode 100644 .audit/analyzer-provenance-repair/review-check.log
 create mode 100644 .audit/analyzer-provenance-repair/review-convex-tsc.log
 create mode 100644 .audit/analyzer-provenance-repair/review-diff-check.log
 create mode 100644 .audit/analyzer-provenance-repair/review-focused.log
 create mode 100644 .audit/analyzer-provenance-repair/review-full-test.log
 create mode 100644 .audit/analyzer-provenance-repair/review-gate-exits.tsv
 create mode 100644 .audit/analyzer-provenance-repair/review-generated-check.log
 create mode 100644 .audit/analyzer-provenance-repair/review-triage.md
 create mode 100644 .audit/analyzer-provenance-repair/review.diff
 create mode 100644 .audit/analyzer-provenance-repair/verified-source-sha256.tsv
 create mode 100644 _bmad-output/implementation-artifacts/analyzer-provenance-review-blind-hunter-prompt.md
 create mode 100644 _bmad-output/implementation-artifacts/analyzer-provenance-review-edge-case-hunter-prompt.md
 create mode 100644 _bmad-output/implementation-artifacts/analyzer-provenance-review-verification-gap-prompt.md
 create mode 100644 _bmad-output/implementation-artifacts/spec-analyzer-provenance-repair.md

Exit status: 0
