
> banhall-app@0.1.0 test:component
> vitest run --config vitest.component.config.ts

2:52:58 AM [vite-plugin-svelte] no Svelte config found at /Users/johnnynguyen/Documents/Repos/Banhall-bmad-dw98-fix - using default configuration.

 RUN  v4.1.10 /Users/johnnynguyen/Documents/Repos/Banhall-bmad-dw98-fix

2:52:58 AM [vite-plugin-svelte] no Svelte config found at /Users/johnnynguyen/Documents/Repos/Banhall-bmad-dw98-fix - using default configuration.
2:53:43 AM [vite] (client) [console.warn] https://svelte.dev/e/derived_inert
2:53:43 AM [vite] (client) [console.warn] https://svelte.dev/e/derived_inert
2:53:43 AM [vite] (client) [console.warn] https://svelte.dev/e/derived_inert
2:53:43 AM [vite] (client) [console.warn] https://svelte.dev/e/derived_inert
2:53:43 AM [vite] (client) [console.warn] https://svelte.dev/e/derived_inert
2:53:43 AM [vite] (client) [console.warn] https://svelte.dev/e/derived_inert
2:53:45 AM [vite] (client) [console.warn] https://svelte.dev/e/derived_inert
2:53:45 AM [vite] (client) [console.warn] https://svelte.dev/e/derived_inert
2:53:45 AM [vite] (client) [console.warn] https://svelte.dev/e/derived_inert
2:53:45 AM [vite] (client) [console.warn] https://svelte.dev/e/derived_inert
2:53:45 AM [vite] (client) [console.warn] https://svelte.dev/e/derived_inert
2:53:45 AM [vite] (client) [console.warn] https://svelte.dev/e/derived_inert
2:53:45 AM [vite] (client) [console.warn] https://svelte.dev/e/derived_inert
2:53:45 AM [vite] (client) [console.warn] https://svelte.dev/e/derived_inert
2:53:45 AM [vite] (client) [console.warn] https://svelte.dev/e/derived_inert
2:53:45 AM [vite] (client) [console.warn] https://svelte.dev/e/derived_inert
2:53:45 AM [vite] (client) [console.warn] https://svelte.dev/e/derived_inert
2:53:45 AM [vite] (client) [console.warn] https://svelte.dev/e/derived_inert
2:53:45 AM [vite] (client) [console.warn] https://svelte.dev/e/derived_inert
2:53:45 AM [vite] (client) [console.warn] https://svelte.dev/e/derived_inert
2:53:45 AM [vite] (client) [console.warn] https://svelte.dev/e/derived_inert
2:53:45 AM [vite] (client) [console.warn] https://svelte.dev/e/derived_inert
2:53:45 AM [vite] (client) [console.warn] https://svelte.dev/e/derived_inert
2:53:45 AM [vite] (client) [console.warn] https://svelte.dev/e/derived_inert
2:53:45 AM [vite] (client) [console.warn] https://svelte.dev/e/derived_inert
2:53:45 AM [vite] (client) [console.warn] https://svelte.dev/e/derived_inert
2:53:45 AM [vite] (client) [console.warn] https://svelte.dev/e/derived_inert
2:53:45 AM [vite] (client) [console.warn] https://svelte.dev/e/derived_inert
2:53:45 AM [vite] (client) [console.warn] https://svelte.dev/e/derived_inert
2:53:45 AM [vite] (client) [console.warn] https://svelte.dev/e/derived_inert
2:53:45 AM [vite] (client) [console.warn] https://svelte.dev/e/derived_inert
2:53:45 AM [vite] (client) [console.warn] https://svelte.dev/e/derived_inert
2:53:45 AM [vite] (client) [console.warn] https://svelte.dev/e/derived_inert
2:53:45 AM [vite] (client) [console.warn] https://svelte.dev/e/derived_inert
2:53:45 AM [vite] (client) [console.warn] https://svelte.dev/e/derived_inert
2:53:45 AM [vite] (client) [console.warn] https://svelte.dev/e/derived_inert
2:53:51 AM [vite] (client) [console.warn] https://svelte.dev/e/derived_inert
2:53:51 AM [vite] (client) [console.warn] https://svelte.dev/e/derived_inert
2:53:51 AM [vite] (client) [console.warn] https://svelte.dev/e/derived_inert
2:53:51 AM [vite] (client) [console.warn] https://svelte.dev/e/derived_inert
2:53:51 AM [vite] (client) [console.warn] https://svelte.dev/e/derived_inert
2:53:51 AM [vite] (client) [console.warn] https://svelte.dev/e/derived_inert
2:53:51 AM [vite] (client) [console.warn] https://svelte.dev/e/derived_inert
2:53:51 AM [vite] (client) [console.warn] https://svelte.dev/e/derived_inert
2:53:51 AM [vite] (client) [console.warn] https://svelte.dev/e/derived_inert
2:53:51 AM [vite] (client) [console.warn] https://svelte.dev/e/derived_inert
2:53:51 AM [vite] (client) [console.warn] https://svelte.dev/e/derived_inert
2:53:51 AM [vite] (client) [console.warn] https://svelte.dev/e/derived_inert
2:53:51 AM [vite] (client) [console.warn] https://svelte.dev/e/derived_inert
2:53:51 AM [vite] (client) [console.warn] https://svelte.dev/e/derived_inert
2:53:51 AM [vite] (client) [console.warn] https://svelte.dev/e/derived_inert
2:53:51 AM [vite] (client) [console.warn] https://svelte.dev/e/derived_inert
2:53:51 AM [vite] (client) [console.warn] https://svelte.dev/e/derived_inert
2:53:51 AM [vite] (client) [console.warn] https://svelte.dev/e/derived_inert
2:53:51 AM [vite] (client) [console.warn] https://svelte.dev/e/derived_inert
2:53:51 AM [vite] (client) [console.warn] https://svelte.dev/e/derived_inert
2:53:51 AM [vite] (client) [console.warn] https://svelte.dev/e/derived_inert
2:53:51 AM [vite] (client) [console.warn] https://svelte.dev/e/derived_inert
2:53:51 AM [vite] (client) [console.warn] https://svelte.dev/e/derived_inert
2:53:51 AM [vite] (client) [console.warn] https://svelte.dev/e/derived_inert
2:53:51 AM [vite] (client) [console.warn] https://svelte.dev/e/derived_inert
2:53:51 AM [vite] (client) [console.warn] https://svelte.dev/e/derived_inert
2:53:51 AM [vite] (client) [console.warn] https://svelte.dev/e/derived_inert
2:53:51 AM [vite] (client) [console.warn] https://svelte.dev/e/derived_inert
2:53:51 AM [vite] (client) [console.warn] https://svelte.dev/e/derived_inert
2:53:51 AM [vite] (client) [console.warn] https://svelte.dev/e/derived_inert
2:53:51 AM [vite] (client) [console.warn] https://svelte.dev/e/derived_inert
2:53:51 AM [vite] (client) [console.warn] https://svelte.dev/e/derived_inert
2:53:51 AM [vite] (client) [console.warn] https://svelte.dev/e/derived_inert
2:53:51 AM [vite] (client) [console.warn] https://svelte.dev/e/derived_inert
2:53:51 AM [vite] (client) [console.warn] https://svelte.dev/e/derived_inert
2:53:51 AM [vite] (client) [console.warn] https://svelte.dev/e/derived_inert
2:53:51 AM [vite] (client) [console.warn] https://svelte.dev/e/derived_inert
2:53:51 AM [vite] (client) [console.warn] https://svelte.dev/e/derived_inert
2:53:51 AM [vite] (client) [console.warn] https://svelte.dev/e/derived_inert
2:53:51 AM [vite] (client) [console.warn] https://svelte.dev/e/derived_inert
2:53:51 AM [vite] (client) [console.warn] https://svelte.dev/e/derived_inert
2:53:51 AM [vite] (client) [console.warn] https://svelte.dev/e/derived_inert
2:53:51 AM [vite] (client) [console.warn] https://svelte.dev/e/derived_inert
2:53:51 AM [vite] (client) [console.warn] https://svelte.dev/e/derived_inert
2:53:51 AM [vite] (client) [console.warn] https://svelte.dev/e/derived_inert
2:53:51 AM [vite] (client) [console.warn] https://svelte.dev/e/derived_inert
2:53:51 AM [vite] (client) [console.warn] https://svelte.dev/e/derived_inert
2:53:51 AM [vite] (client) [console.warn] https://svelte.dev/e/derived_inert
2:53:51 AM [vite] (client) [console.warn] https://svelte.dev/e/derived_inert
2:53:51 AM [vite] (client) [console.warn] https://svelte.dev/e/derived_inert
2:53:51 AM [vite] (client) [console.warn] https://svelte.dev/e/derived_inert
2:53:51 AM [vite] (client) [console.warn] https://svelte.dev/e/derived_inert
2:53:51 AM [vite] (client) [console.warn] https://svelte.dev/e/derived_inert
2:53:51 AM [vite] (client) [console.warn] https://svelte.dev/e/derived_inert
2:53:51 AM [vite] (client) [console.warn] https://svelte.dev/e/derived_inert
2:53:51 AM [vite] (client) [console.warn] https://svelte.dev/e/derived_inert
2:53:51 AM [vite] (client) [console.warn] https://svelte.dev/e/derived_inert
2:53:52 AM [vite] (client) [console.warn] https://svelte.dev/e/derived_inert
2:53:52 AM [vite] (client) [console.warn] https://svelte.dev/e/derived_inert
2:53:52 AM [vite] (client) [console.warn] https://svelte.dev/e/derived_inert
2:53:52 AM [vite] (client) [console.warn] https://svelte.dev/e/derived_inert
2:53:52 AM [vite] (client) [console.warn] https://svelte.dev/e/derived_inert
2:53:52 AM [vite] (client) [console.warn] https://svelte.dev/e/derived_inert
2:53:52 AM [vite] (client) [console.warn] https://svelte.dev/e/derived_inert
2:53:52 AM [vite] (client) [console.warn] https://svelte.dev/e/derived_inert
2:53:52 AM [vite] (client) [console.warn] https://svelte.dev/e/derived_inert
2:53:52 AM [vite] (client) [console.warn] https://svelte.dev/e/derived_inert
2:53:52 AM [vite] (client) [console.warn] https://svelte.dev/e/derived_inert
2:53:52 AM [vite] (client) [console.warn] https://svelte.dev/e/derived_inert
2:53:52 AM [vite] (client) [console.warn] https://svelte.dev/e/derived_inert
2:53:52 AM [vite] (client) [console.warn] https://svelte.dev/e/derived_inert
2:53:52 AM [vite] (client) [console.warn] https://svelte.dev/e/derived_inert
2:53:52 AM [vite] (client) [console.warn] https://svelte.dev/e/derived_inert
2:53:52 AM [vite] (client) [console.warn] https://svelte.dev/e/derived_inert
2:53:52 AM [vite] (client) [console.warn] https://svelte.dev/e/derived_inert
2:53:52 AM [vite] (client) [console.warn] https://svelte.dev/e/derived_inert
2:53:52 AM [vite] (client) [console.warn] https://svelte.dev/e/derived_inert
2:53:52 AM [vite] (client) [console.warn] https://svelte.dev/e/derived_inert
2:53:52 AM [vite] (client) [console.warn] https://svelte.dev/e/derived_inert
2:53:52 AM [vite] (client) [console.warn] https://svelte.dev/e/derived_inert
2:53:52 AM [vite] (client) [console.warn] https://svelte.dev/e/derived_inert
2:53:52 AM [vite] (client) [console.warn] https://svelte.dev/e/derived_inert
2:53:52 AM [vite] (client) [console.warn] https://svelte.dev/e/derived_inert
2:53:52 AM [vite] (client) [console.warn] https://svelte.dev/e/derived_inert
2:53:52 AM [vite] (client) [console.warn] https://svelte.dev/e/derived_inert
2:53:52 AM [vite] (client) [console.warn] https://svelte.dev/e/derived_inert
2:53:52 AM [vite] (client) [console.warn] https://svelte.dev/e/derived_inert
2:53:52 AM [vite] (client) [console.warn] https://svelte.dev/e/derived_inert
2:53:52 AM [vite] (client) [console.warn] https://svelte.dev/e/derived_inert
2:53:52 AM [vite] (client) [console.warn] https://svelte.dev/e/derived_inert
2:53:52 AM [vite] (client) [console.warn] https://svelte.dev/e/derived_inert
2:53:52 AM [vite] (client) [console.warn] https://svelte.dev/e/derived_inert
2:53:52 AM [vite] (client) [console.warn] https://svelte.dev/e/derived_inert
2:53:52 AM [vite] (client) [console.warn] https://svelte.dev/e/derived_inert
2:53:52 AM [vite] (client) [console.warn] https://svelte.dev/e/derived_inert
2:53:52 AM [vite] (client) [console.warn] https://svelte.dev/e/derived_inert
2:53:52 AM [vite] (client) [console.warn] https://svelte.dev/e/derived_inert
2:53:53 AM [vite] (client) [console.warn] https://svelte.dev/e/derived_inert
2:53:53 AM [vite] (client) [console.warn] https://svelte.dev/e/derived_inert
2:53:53 AM [vite] (client) [console.warn] https://svelte.dev/e/derived_inert
2:53:53 AM [vite] (client) [console.warn] https://svelte.dev/e/derived_inert
2:53:53 AM [vite] (client) [console.warn] https://svelte.dev/e/derived_inert
2:53:53 AM [vite] (client) [console.warn] https://svelte.dev/e/derived_inert
2:53:53 AM [vite] (client) [console.warn] https://svelte.dev/e/derived_inert
2:53:53 AM [vite] (client) [console.warn] https://svelte.dev/e/derived_inert
2:53:53 AM [vite] (client) [console.warn] https://svelte.dev/e/derived_inert
2:53:53 AM [vite] (client) [console.warn] https://svelte.dev/e/derived_inert
2:53:53 AM [vite] (client) [console.warn] https://svelte.dev/e/derived_inert
2:53:53 AM [vite] (client) [console.warn] https://svelte.dev/e/derived_inert
2:53:53 AM [vite] (client) [console.warn] https://svelte.dev/e/derived_inert
2:53:53 AM [vite] (client) [console.warn] https://svelte.dev/e/derived_inert
2:53:53 AM [vite] (client) [console.warn] https://svelte.dev/e/derived_inert
2:53:53 AM [vite] (client) [console.warn] https://svelte.dev/e/derived_inert
2:53:53 AM [vite] (client) [console.warn] https://svelte.dev/e/derived_inert
2:53:53 AM [vite] (client) [console.warn] https://svelte.dev/e/derived_inert
2:53:53 AM [vite] (client) [console.warn] https://svelte.dev/e/derived_inert
2:53:53 AM [vite] (client) [console.warn] https://svelte.dev/e/derived_inert
2:53:53 AM [vite] (client) [console.warn] https://svelte.dev/e/derived_inert
2:53:53 AM [vite] (client) [console.warn] https://svelte.dev/e/derived_inert
2:53:53 AM [vite] (client) [console.warn] https://svelte.dev/e/derived_inert
2:53:53 AM [vite] (client) [console.warn] https://svelte.dev/e/derived_inert
2:53:53 AM [vite] (client) [console.warn] https://svelte.dev/e/derived_inert
2:53:54 AM [vite] (client) [console.warn] https://svelte.dev/e/derived_inert
2:53:54 AM [vite] (client) [console.warn] https://svelte.dev/e/derived_inert
2:53:54 AM [vite] (client) [console.warn] https://svelte.dev/e/derived_inert
2:53:54 AM [vite] (client) [console.warn] https://svelte.dev/e/derived_inert
2:53:54 AM [vite] (client) [console.warn] https://svelte.dev/e/derived_inert
2:53:54 AM [vite] (client) [console.warn] https://svelte.dev/e/derived_inert
2:53:54 AM [vite] (client) [console.warn] https://svelte.dev/e/derived_inert
2:53:54 AM [vite] (client) [console.warn] https://svelte.dev/e/derived_inert
2:53:54 AM [vite] (client) [console.warn] https://svelte.dev/e/derived_inert
2:53:54 AM [vite] (client) [console.warn] https://svelte.dev/e/derived_inert
2:53:54 AM [vite] (client) [console.warn] https://svelte.dev/e/derived_inert
2:53:54 AM [vite] (client) [console.warn] https://svelte.dev/e/derived_inert
2:53:55 AM [vite] (client) [console.warn] https://svelte.dev/e/derived_inert
2:53:55 AM [vite] (client) [console.warn] https://svelte.dev/e/derived_inert
2:53:55 AM [vite] (client) [console.warn] https://svelte.dev/e/derived_inert
2:53:55 AM [vite] (client) [console.warn] https://svelte.dev/e/derived_inert
2:53:55 AM [vite] (client) [console.warn] https://svelte.dev/e/derived_inert
2:53:55 AM [vite] (client) [console.warn] https://svelte.dev/e/derived_inert
2:53:55 AM [vite] (client) [console.warn] https://svelte.dev/e/derived_inert
2:53:55 AM [vite] (client) [console.warn] https://svelte.dev/e/derived_inert
2:53:55 AM [vite] (client) [console.warn] https://svelte.dev/e/derived_inert
2:53:55 AM [vite] (client) [console.warn] https://svelte.dev/e/derived_inert
2:53:55 AM [vite] (client) [console.warn] https://svelte.dev/e/derived_inert
2:53:55 AM [vite] (client) [console.warn] https://svelte.dev/e/derived_inert
2:53:55 AM [vite] (client) [console.warn] https://svelte.dev/e/derived_inert
2:53:55 AM [vite] (client) [console.warn] https://svelte.dev/e/derived_inert
2:53:55 AM [vite] (client) [console.warn] https://svelte.dev/e/derived_inert
2:53:55 AM [vite] (client) [console.warn] https://svelte.dev/e/derived_inert
2:53:55 AM [vite] (client) [console.warn] https://svelte.dev/e/derived_inert
2:53:55 AM [vite] (client) [console.warn] https://svelte.dev/e/derived_inert
2:53:55 AM [vite] (client) [console.warn] https://svelte.dev/e/derived_inert
2:53:55 AM [vite] (client) [console.warn] https://svelte.dev/e/derived_inert
2:53:55 AM [vite] (client) [console.warn] https://svelte.dev/e/derived_inert
2:53:55 AM [vite] (client) [console.warn] https://svelte.dev/e/derived_inert
2:53:55 AM [vite] (client) [console.warn] https://svelte.dev/e/derived_inert
2:53:55 AM [vite] (client) [console.warn] https://svelte.dev/e/derived_inert
2:53:55 AM [vite] (client) [console.warn] https://svelte.dev/e/derived_inert
2:53:55 AM [vite] (client) [console.warn] https://svelte.dev/e/derived_inert
2:53:55 AM [vite] (client) [console.warn] https://svelte.dev/e/derived_inert
2:53:55 AM [vite] (client) [console.warn] https://svelte.dev/e/derived_inert
2:53:55 AM [vite] (client) [console.warn] https://svelte.dev/e/derived_inert
2:53:56 AM [vite] (client) [console.warn] https://svelte.dev/e/derived_inert
2:53:56 AM [vite] (client) [console.warn] https://svelte.dev/e/derived_inert
2:53:56 AM [vite] (client) [console.warn] https://svelte.dev/e/derived_inert
2:53:56 AM [vite] (client) [console.warn] https://svelte.dev/e/derived_inert
2:53:56 AM [vite] (client) [console.warn] https://svelte.dev/e/derived_inert
2:53:56 AM [vite] (client) [console.warn] https://svelte.dev/e/derived_inert
2:53:56 AM [vite] (client) [console.warn] https://svelte.dev/e/derived_inert
2:53:56 AM [vite] (client) [console.warn] https://svelte.dev/e/derived_inert
2:53:56 AM [vite] (client) [console.warn] https://svelte.dev/e/derived_inert
2:53:56 AM [vite] (client) [console.warn] https://svelte.dev/e/derived_inert
2:53:56 AM [vite] (client) [console.warn] https://svelte.dev/e/derived_inert
2:53:56 AM [vite] (client) [console.warn] https://svelte.dev/e/derived_inert
2:53:56 AM [vite] (client) [console.warn] https://svelte.dev/e/derived_inert
2:53:56 AM [vite] (client) [console.warn] https://svelte.dev/e/derived_inert
2:53:56 AM [vite] (client) [console.warn] https://svelte.dev/e/derived_inert
2:53:56 AM [vite] (client) [console.warn] https://svelte.dev/e/derived_inert
2:53:56 AM [vite] (client) [console.warn] https://svelte.dev/e/derived_inert
2:53:56 AM [vite] (client) [console.warn] https://svelte.dev/e/derived_inert
2:53:56 AM [vite] (client) [console.warn] https://svelte.dev/e/derived_inert
2:53:56 AM [vite] (client) [console.warn] https://svelte.dev/e/derived_inert
2:53:56 AM [vite] (client) [console.warn] https://svelte.dev/e/derived_inert
2:53:56 AM [vite] (client) [console.warn] https://svelte.dev/e/derived_inert
2:53:56 AM [vite] (client) [console.warn] https://svelte.dev/e/derived_inert
2:53:56 AM [vite] (client) [console.warn] https://svelte.dev/e/derived_inert
2:53:56 AM [vite] (client) [console.warn] https://svelte.dev/e/derived_inert
2:53:57 AM [vite] (client) [console.warn] https://svelte.dev/e/derived_inert
2:53:57 AM [vite] (client) [console.warn] https://svelte.dev/e/derived_inert
2:53:57 AM [vite] (client) [console.warn] https://svelte.dev/e/derived_inert
2:53:57 AM [vite] (client) [console.warn] https://svelte.dev/e/derived_inert
2:53:57 AM [vite] (client) [console.warn] https://svelte.dev/e/derived_inert
2:53:57 AM [vite] (client) [console.warn] https://svelte.dev/e/derived_inert
2:53:57 AM [vite] (client) [console.warn] https://svelte.dev/e/derived_inert
2:53:57 AM [vite] (client) [console.warn] https://svelte.dev/e/derived_inert
2:53:57 AM [vite] (client) [console.warn] https://svelte.dev/e/derived_inert
2:53:57 AM [vite] (client) [console.warn] https://svelte.dev/e/derived_inert
2:53:57 AM [vite] (client) [console.warn] https://svelte.dev/e/derived_inert
2:53:57 AM [vite] (client) [console.warn] https://svelte.dev/e/derived_inert
2:53:57 AM [vite] (client) [console.warn] https://svelte.dev/e/derived_inert
2:53:57 AM [vite] (client) [console.warn] https://svelte.dev/e/derived_inert
2:53:57 AM [vite] (client) [console.warn] https://svelte.dev/e/derived_inert
2:53:57 AM [vite] (client) [console.warn] https://svelte.dev/e/derived_inert
2:53:57 AM [vite] (client) [console.warn] https://svelte.dev/e/derived_inert
2:53:57 AM [vite] (client) [console.warn] https://svelte.dev/e/derived_inert
2:53:57 AM [vite] (client) [console.warn] https://svelte.dev/e/derived_inert
2:53:57 AM [vite] (client) [console.warn] https://svelte.dev/e/derived_inert
2:53:57 AM [vite] (client) [console.warn] https://svelte.dev/e/derived_inert
2:53:57 AM [vite] (client) [console.warn] https://svelte.dev/e/derived_inert
2:53:57 AM [vite] (client) [console.warn] https://svelte.dev/e/derived_inert
2:53:57 AM [vite] (client) [console.warn] https://svelte.dev/e/derived_inert
2:53:57 AM [vite] (client) [console.warn] https://svelte.dev/e/derived_inert
2:53:57 AM [vite] (client) [console.warn] https://svelte.dev/e/derived_inert
2:53:57 AM [vite] (client) [console.warn] https://svelte.dev/e/derived_inert
2:53:57 AM [vite] (client) [console.warn] https://svelte.dev/e/derived_inert
2:53:57 AM [vite] (client) [console.warn] https://svelte.dev/e/derived_inert
2:53:57 AM [vite] (client) [console.warn] https://svelte.dev/e/derived_inert
2:53:57 AM [vite] (client) [console.warn] https://svelte.dev/e/derived_inert
2:53:57 AM [vite] (client) [console.warn] https://svelte.dev/e/derived_inert
2:53:57 AM [vite] (client) [console.warn] https://svelte.dev/e/derived_inert
2:53:57 AM [vite] (client) [console.warn] https://svelte.dev/e/derived_inert
2:54:01 AM [vite] (client) [console.warn] https://svelte.dev/e/derived_inert
2:54:01 AM [vite] (client) [console.warn] https://svelte.dev/e/derived_inert
2:54:01 AM [vite] (client) [console.warn] https://svelte.dev/e/derived_inert
2:54:01 AM [vite] (client) [console.warn] https://svelte.dev/e/derived_inert
2:54:01 AM [vite] (client) [console.warn] https://svelte.dev/e/derived_inert
2:54:01 AM [vite] (client) [console.warn] https://svelte.dev/e/derived_inert
2:54:01 AM [vite] (client) [console.warn] https://svelte.dev/e/derived_inert
2:54:01 AM [vite] (client) [console.warn] https://svelte.dev/e/derived_inert
2:54:01 AM [vite] (client) [console.warn] https://svelte.dev/e/derived_inert
2:54:01 AM [vite] (client) [console.warn] https://svelte.dev/e/derived_inert
2:54:01 AM [vite] (client) [console.warn] https://svelte.dev/e/derived_inert
2:54:01 AM [vite] (client) [console.warn] https://svelte.dev/e/derived_inert
2:54:01 AM [vite] (client) [console.warn] https://svelte.dev/e/derived_inert
2:54:01 AM [vite] (client) [console.warn] https://svelte.dev/e/derived_inert
2:54:01 AM [vite] (client) [console.warn] https://svelte.dev/e/derived_inert
2:54:01 AM [vite] (client) [console.warn] https://svelte.dev/e/derived_inert
2:54:01 AM [vite] (client) [console.warn] https://svelte.dev/e/derived_inert
2:54:01 AM [vite] (client) [console.warn] https://svelte.dev/e/derived_inert
2:54:01 AM [vite] (client) [console.warn] https://svelte.dev/e/derived_inert
2:54:01 AM [vite] (client) [console.warn] https://svelte.dev/e/derived_inert
2:54:01 AM [vite] (client) [console.warn] https://svelte.dev/e/derived_inert
2:54:01 AM [vite] (client) [console.warn] https://svelte.dev/e/derived_inert
2:54:01 AM [vite] (client) [console.warn] https://svelte.dev/e/derived_inert
2:54:01 AM [vite] (client) [console.warn] https://svelte.dev/e/derived_inert
2:54:01 AM [vite] (client) [console.warn] https://svelte.dev/e/derived_inert
2:54:01 AM [vite] (client) [console.warn] https://svelte.dev/e/derived_inert
2:54:01 AM [vite] (client) [console.warn] https://svelte.dev/e/derived_inert
2:54:01 AM [vite] (client) [console.warn] https://svelte.dev/e/derived_inert
2:54:01 AM [vite] (client) [console.warn] https://svelte.dev/e/derived_inert
2:54:01 AM [vite] (client) [console.warn] https://svelte.dev/e/derived_inert
2:54:01 AM [vite] (client) [console.warn] https://svelte.dev/e/derived_inert
2:54:01 AM [vite] (client) [console.warn] https://svelte.dev/e/derived_inert
2:54:01 AM [vite] (client) [console.warn] https://svelte.dev/e/derived_inert
2:54:01 AM [vite] (client) [console.warn] https://svelte.dev/e/derived_inert
2:54:01 AM [vite] (client) [console.warn] https://svelte.dev/e/derived_inert
2:54:01 AM [vite] (client) [console.warn] https://svelte.dev/e/derived_inert
2:54:01 AM [vite] (client) [console.warn] https://svelte.dev/e/derived_inert
2:54:01 AM [vite] (client) [console.warn] https://svelte.dev/e/derived_inert
2:54:01 AM [vite] (client) [console.warn] https://svelte.dev/e/derived_inert
2:54:01 AM [vite] (client) [console.warn] https://svelte.dev/e/derived_inert
2:54:01 AM [vite] (client) [console.warn] https://svelte.dev/e/derived_inert
2:54:01 AM [vite] (client) [console.warn] https://svelte.dev/e/derived_inert
2:54:01 AM [vite] (client) [console.warn] https://svelte.dev/e/derived_inert
2:54:01 AM [vite] (client) [console.warn] https://svelte.dev/e/derived_inert
2:54:01 AM [vite] (client) [console.warn] https://svelte.dev/e/derived_inert
2:54:01 AM [vite] (client) [console.warn] https://svelte.dev/e/derived_inert
2:54:01 AM [vite] (client) [console.warn] https://svelte.dev/e/derived_inert
2:54:01 AM [vite] (client) [console.warn] https://svelte.dev/e/derived_inert
2:54:01 AM [vite] (client) [console.warn] https://svelte.dev/e/derived_inert
2:54:01 AM [vite] (client) [console.warn] https://svelte.dev/e/derived_inert
2:54:01 AM [vite] (client) [console.warn] https://svelte.dev/e/derived_inert
2:54:01 AM [vite] (client) [console.warn] https://svelte.dev/e/derived_inert
2:54:01 AM [vite] (client) [console.warn] https://svelte.dev/e/derived_inert
2:54:01 AM [vite] (client) [console.warn] https://svelte.dev/e/derived_inert
2:54:01 AM [vite] (client) [console.warn] https://svelte.dev/e/derived_inert
2:54:01 AM [vite] (client) [console.warn] https://svelte.dev/e/derived_inert
2:54:01 AM [vite] (client) [console.warn] https://svelte.dev/e/derived_inert
2:54:01 AM [vite] (client) [console.warn] https://svelte.dev/e/derived_inert
2:54:01 AM [vite] (client) [console.warn] https://svelte.dev/e/derived_inert
2:54:01 AM [vite] (client) [console.warn] https://svelte.dev/e/derived_inert
2:54:01 AM [vite] (client) [console.warn] https://svelte.dev/e/derived_inert
2:54:01 AM [vite] (client) [console.warn] https://svelte.dev/e/derived_inert
2:54:01 AM [vite] (client) [console.warn] https://svelte.dev/e/derived_inert
2:54:01 AM [vite] (client) [console.warn] https://svelte.dev/e/derived_inert
2:54:01 AM [vite] (client) [console.warn] https://svelte.dev/e/derived_inert
2:54:01 AM [vite] (client) [console.warn] https://svelte.dev/e/derived_inert
2:54:01 AM [vite] (client) [console.warn] https://svelte.dev/e/derived_inert
2:54:01 AM [vite] (client) [console.warn] https://svelte.dev/e/derived_inert
2:54:01 AM [vite] (client) [console.warn] https://svelte.dev/e/derived_inert
2:54:01 AM [vite] (client) [console.warn] https://svelte.dev/e/derived_inert
2:54:01 AM [vite] (client) [console.warn] https://svelte.dev/e/derived_inert
2:54:01 AM [vite] (client) [console.warn] https://svelte.dev/e/derived_inert
2:54:01 AM [vite] (client) [console.warn] https://svelte.dev/e/derived_inert
2:54:01 AM [vite] (client) [console.warn] https://svelte.dev/e/derived_inert
2:54:01 AM [vite] (client) [console.warn] https://svelte.dev/e/derived_inert
2:54:01 AM [vite] (client) [console.warn] https://svelte.dev/e/derived_inert
2:54:01 AM [vite] (client) [console.warn] https://svelte.dev/e/derived_inert
2:54:01 AM [vite] (client) [console.warn] https://svelte.dev/e/derived_inert
2:54:01 AM [vite] (client) [console.warn] https://svelte.dev/e/derived_inert
2:54:01 AM [vite] (client) [console.warn] https://svelte.dev/e/derived_inert
2:54:01 AM [vite] (client) [console.warn] https://svelte.dev/e/derived_inert
2:54:01 AM [vite] (client) [console.warn] https://svelte.dev/e/derived_inert
2:54:01 AM [vite] (client) [console.warn] https://svelte.dev/e/derived_inert
2:54:01 AM [vite] (client) [console.warn] https://svelte.dev/e/derived_inert
2:54:01 AM [vite] (client) [console.warn] https://svelte.dev/e/derived_inert
2:54:01 AM [vite] (client) [console.warn] https://svelte.dev/e/derived_inert
2:54:01 AM [vite] (client) [console.warn] https://svelte.dev/e/derived_inert
2:54:01 AM [vite] (client) [console.warn] https://svelte.dev/e/derived_inert
2:54:01 AM [vite] (client) [console.warn] https://svelte.dev/e/derived_inert
2:54:01 AM [vite] (client) [console.warn] https://svelte.dev/e/derived_inert
2:54:01 AM [vite] (client) [console.warn] https://svelte.dev/e/derived_inert
2:54:01 AM [vite] (client) [console.warn] https://svelte.dev/e/derived_inert
2:54:01 AM [vite] (client) [console.warn] https://svelte.dev/e/derived_inert
2:54:01 AM [vite] (client) [console.warn] https://svelte.dev/e/derived_inert
2:54:01 AM [vite] (client) [console.warn] https://svelte.dev/e/derived_inert
2:54:01 AM [vite] (client) [console.warn] https://svelte.dev/e/derived_inert
2:54:01 AM [vite] (client) [console.warn] https://svelte.dev/e/derived_inert
2:54:01 AM [vite] (client) [console.warn] https://svelte.dev/e/derived_inert
2:54:01 AM [vite] (client) [console.warn] https://svelte.dev/e/derived_inert
2:54:01 AM [vite] (client) [console.warn] https://svelte.dev/e/derived_inert
2:54:01 AM [vite] (client) [console.warn] https://svelte.dev/e/derived_inert
2:54:01 AM [vite] (client) [console.warn] https://svelte.dev/e/derived_inert
2:54:01 AM [vite] (client) [console.warn] https://svelte.dev/e/derived_inert
2:54:01 AM [vite] (client) [console.warn] https://svelte.dev/e/derived_inert
2:54:01 AM [vite] (client) [console.warn] https://svelte.dev/e/derived_inert
2:54:01 AM [vite] (client) [console.warn] https://svelte.dev/e/derived_inert
2:54:01 AM [vite] (client) [console.warn] https://svelte.dev/e/derived_inert
2:54:01 AM [vite] (client) [console.warn] https://svelte.dev/e/derived_inert
2:54:01 AM [vite] (client) [console.warn] https://svelte.dev/e/derived_inert
2:54:01 AM [vite] (client) [console.warn] https://svelte.dev/e/derived_inert
2:54:01 AM [vite] (client) [console.warn] https://svelte.dev/e/derived_inert
2:54:01 AM [vite] (client) [console.warn] https://svelte.dev/e/derived_inert
2:54:01 AM [vite] (client) [console.warn] https://svelte.dev/e/derived_inert
2:54:01 AM [vite] (client) [console.warn] https://svelte.dev/e/derived_inert
2:54:01 AM [vite] (client) [console.warn] https://svelte.dev/e/derived_inert
2:54:01 AM [vite] (client) [console.warn] https://svelte.dev/e/derived_inert
2:54:01 AM [vite] (client) [console.warn] https://svelte.dev/e/derived_inert
2:54:01 AM [vite] (client) [console.warn] https://svelte.dev/e/derived_inert
2:54:01 AM [vite] (client) [console.warn] https://svelte.dev/e/derived_inert
2:54:01 AM [vite] (client) [console.warn] https://svelte.dev/e/derived_inert
2:54:01 AM [vite] (client) [console.warn] https://svelte.dev/e/derived_inert
2:54:01 AM [vite] (client) [console.warn] https://svelte.dev/e/derived_inert
2:54:01 AM [vite] (client) [console.warn] https://svelte.dev/e/derived_inert
2:54:01 AM [vite] (client) [console.warn] https://svelte.dev/e/derived_inert
2:54:01 AM [vite] (client) [console.warn] https://svelte.dev/e/derived_inert
2:54:01 AM [vite] (client) [console.warn] https://svelte.dev/e/derived_inert
2:54:01 AM [vite] (client) [console.warn] https://svelte.dev/e/derived_inert
2:54:01 AM [vite] (client) [console.warn] https://svelte.dev/e/derived_inert
2:54:01 AM [vite] (client) [console.warn] https://svelte.dev/e/derived_inert
2:54:01 AM [vite] (client) [console.warn] https://svelte.dev/e/derived_inert
2:54:01 AM [vite] (client) [console.warn] https://svelte.dev/e/derived_inert
2:54:01 AM [vite] (client) [console.warn] https://svelte.dev/e/derived_inert
2:54:01 AM [vite] (client) [console.warn] https://svelte.dev/e/derived_inert
2:54:01 AM [vite] (client) [console.warn] https://svelte.dev/e/derived_inert
2:54:01 AM [vite] (client) [console.warn] https://svelte.dev/e/derived_inert
2:54:01 AM [vite] (client) [console.warn] https://svelte.dev/e/derived_inert
2:54:01 AM [vite] (client) [console.warn] https://svelte.dev/e/derived_inert
2:54:01 AM [vite] (client) [console.warn] https://svelte.dev/e/derived_inert
2:54:01 AM [vite] (client) [console.warn] https://svelte.dev/e/derived_inert
2:54:01 AM [vite] (client) [console.warn] https://svelte.dev/e/derived_inert
2:54:01 AM [vite] (client) [console.warn] https://svelte.dev/e/derived_inert
2:54:01 AM [vite] (client) [console.warn] https://svelte.dev/e/derived_inert
2:54:01 AM [vite] (client) [console.warn] https://svelte.dev/e/derived_inert
2:54:01 AM [vite] (client) [console.warn] https://svelte.dev/e/derived_inert
2:54:01 AM [vite] (client) [console.warn] https://svelte.dev/e/derived_inert
2:54:01 AM [vite] (client) [console.warn] https://svelte.dev/e/derived_inert
2:54:01 AM [vite] (client) [console.warn] https://svelte.dev/e/derived_inert
2:54:01 AM [vite] (client) [console.warn] https://svelte.dev/e/derived_inert
2:54:01 AM [vite] (client) [console.warn] https://svelte.dev/e/derived_inert
2:54:01 AM [vite] (client) [console.warn] https://svelte.dev/e/derived_inert
2:54:01 AM [vite] (client) [console.warn] https://svelte.dev/e/derived_inert
2:54:01 AM [vite] (client) [console.warn] https://svelte.dev/e/derived_inert
2:54:01 AM [vite] (client) [console.warn] https://svelte.dev/e/derived_inert
2:54:01 AM [vite] (client) [console.warn] https://svelte.dev/e/derived_inert
2:54:01 AM [vite] (client) [console.warn] https://svelte.dev/e/derived_inert
2:54:01 AM [vite] (client) [console.warn] https://svelte.dev/e/derived_inert
2:54:01 AM [vite] (client) [console.warn] https://svelte.dev/e/derived_inert
2:54:01 AM [vite] (client) [console.warn] https://svelte.dev/e/derived_inert
2:54:01 AM [vite] (client) [console.warn] https://svelte.dev/e/derived_inert
2:54:01 AM [vite] (client) [console.warn] https://svelte.dev/e/derived_inert
2:54:01 AM [vite] (client) [console.warn] https://svelte.dev/e/derived_inert
2:54:01 AM [vite] (client) [console.warn] https://svelte.dev/e/derived_inert
2:54:01 AM [vite] (client) [console.warn] https://svelte.dev/e/derived_inert
2:54:01 AM [vite] (client) [console.warn] https://svelte.dev/e/derived_inert
2:54:01 AM [vite] (client) [console.warn] https://svelte.dev/e/derived_inert
2:54:01 AM [vite] (client) [console.warn] https://svelte.dev/e/derived_inert
2:54:01 AM [vite] (client) [console.warn] https://svelte.dev/e/derived_inert
2:54:01 AM [vite] (client) [console.warn] https://svelte.dev/e/derived_inert
2:54:01 AM [vite] (client) [console.warn] https://svelte.dev/e/derived_inert
2:54:01 AM [vite] (client) [console.warn] https://svelte.dev/e/derived_inert
2:54:01 AM [vite] (client) [console.warn] https://svelte.dev/e/derived_inert
2:54:01 AM [vite] (client) [console.warn] https://svelte.dev/e/derived_inert
2:54:01 AM [vite] (client) [console.warn] https://svelte.dev/e/derived_inert
2:54:01 AM [vite] (client) [console.warn] https://svelte.dev/e/derived_inert
2:54:01 AM [vite] (client) [console.warn] https://svelte.dev/e/derived_inert
2:54:01 AM [vite] (client) [console.warn] https://svelte.dev/e/derived_inert
2:54:01 AM [vite] (client) [console.warn] https://svelte.dev/e/derived_inert
2:54:01 AM [vite] (client) [console.warn] https://svelte.dev/e/derived_inert
2:54:01 AM [vite] (client) [console.warn] https://svelte.dev/e/derived_inert
2:54:01 AM [vite] (client) [console.warn] https://svelte.dev/e/derived_inert
2:54:01 AM [vite] (client) [console.warn] https://svelte.dev/e/derived_inert
2:54:01 AM [vite] (client) [console.warn] https://svelte.dev/e/derived_inert
2:54:01 AM [vite] (client) [console.warn] https://svelte.dev/e/derived_inert
2:54:01 AM [vite] (client) [console.warn] https://svelte.dev/e/derived_inert
2:54:01 AM [vite] (client) [console.warn] https://svelte.dev/e/derived_inert
2:54:01 AM [vite] (client) [console.warn] https://svelte.dev/e/derived_inert
2:54:01 AM [vite] (client) [console.warn] https://svelte.dev/e/derived_inert
2:54:01 AM [vite] (client) [console.warn] https://svelte.dev/e/derived_inert
2:54:01 AM [vite] (client) [console.warn] https://svelte.dev/e/derived_inert
2:54:01 AM [vite] (client) [console.warn] https://svelte.dev/e/derived_inert
2:54:01 AM [vite] (client) [console.warn] https://svelte.dev/e/derived_inert
2:54:01 AM [vite] (client) [console.warn] https://svelte.dev/e/derived_inert
2:54:01 AM [vite] (client) [console.warn] https://svelte.dev/e/derived_inert
2:54:01 AM [vite] (client) [console.warn] https://svelte.dev/e/derived_inert
2:54:01 AM [vite] (client) [console.warn] https://svelte.dev/e/derived_inert
2:54:06 AM [vite] (client) [console.warn] https://svelte.dev/e/derived_inert
2:54:07 AM [vite] (client) [console.warn] https://svelte.dev/e/derived_inert
2:54:07 AM [vite] (client) [console.warn] https://svelte.dev/e/derived_inert
2:54:09 AM [vite] (client) [console.warn] https://svelte.dev/e/derived_inert
2:54:09 AM [vite] (client) [console.warn] https://svelte.dev/e/derived_inert
2:54:09 AM [vite] (client) [console.warn] https://svelte.dev/e/derived_inert
2:54:09 AM [vite] (client) [console.warn] https://svelte.dev/e/derived_inert
2:54:10 AM [vite] (client) [console.warn] https://svelte.dev/e/derived_inert
2:54:10 AM [vite] (client) [console.warn] https://svelte.dev/e/derived_inert
2:54:10 AM [vite] (client) [console.warn] https://svelte.dev/e/derived_inert
2:54:10 AM [vite] (client) [console.warn] https://svelte.dev/e/derived_inert
2:54:10 AM [vite] (client) [console.warn] https://svelte.dev/e/derived_inert
2:54:10 AM [vite] (client) [console.warn] https://svelte.dev/e/derived_inert
2:54:10 AM [vite] (client) [console.warn] https://svelte.dev/e/derived_inert
2:54:10 AM [vite] (client) [console.warn] https://svelte.dev/e/derived_inert
2:54:10 AM [vite] (client) [console.warn] https://svelte.dev/e/derived_inert
2:54:10 AM [vite] (client) [console.warn] https://svelte.dev/e/derived_inert
2:54:10 AM [vite] (client) [console.warn] https://svelte.dev/e/derived_inert
2:54:10 AM [vite] (client) [console.warn] https://svelte.dev/e/derived_inert
2:54:10 AM [vite] (client) [console.warn] https://svelte.dev/e/derived_inert
2:54:10 AM [vite] (client) [console.warn] https://svelte.dev/e/derived_inert
2:54:10 AM [vite] (client) [console.warn] https://svelte.dev/e/derived_inert
2:54:10 AM [vite] (client) [console.warn] https://svelte.dev/e/derived_inert
2:54:10 AM [vite] (client) [console.warn] https://svelte.dev/e/derived_inert
2:54:10 AM [vite] (client) [console.warn] https://svelte.dev/e/derived_inert
2:54:10 AM [vite] (client) [console.warn] https://svelte.dev/e/derived_inert
2:54:10 AM [vite] (client) [console.warn] https://svelte.dev/e/derived_inert
2:54:10 AM [vite] (client) [console.warn] https://svelte.dev/e/derived_inert
2:54:10 AM [vite] (client) [console.warn] https://svelte.dev/e/derived_inert
2:54:10 AM [vite] (client) [console.warn] https://svelte.dev/e/derived_inert
2:54:10 AM [vite] (client) [console.warn] https://svelte.dev/e/derived_inert
2:54:10 AM [vite] (client) [console.warn] https://svelte.dev/e/derived_inert
2:54:10 AM [vite] (client) [console.warn] https://svelte.dev/e/derived_inert
2:54:10 AM [vite] (client) [console.warn] https://svelte.dev/e/derived_inert
2:54:10 AM [vite] (client) [console.warn] https://svelte.dev/e/derived_inert
2:54:10 AM [vite] (client) [console.warn] https://svelte.dev/e/derived_inert
2:54:10 AM [vite] (client) [console.warn] https://svelte.dev/e/derived_inert
2:54:10 AM [vite] (client) [console.warn] https://svelte.dev/e/derived_inert
2:54:10 AM [vite] (client) [console.warn] https://svelte.dev/e/derived_inert
2:54:10 AM [vite] (client) [console.warn] https://svelte.dev/e/derived_inert
2:54:10 AM [vite] (client) [console.warn] https://svelte.dev/e/derived_inert
2:54:10 AM [vite] (client) [console.warn] https://svelte.dev/e/derived_inert
2:54:10 AM [vite] (client) [console.warn] https://svelte.dev/e/derived_inert
2:54:10 AM [vite] (client) [console.warn] https://svelte.dev/e/derived_inert
2:54:10 AM [vite] (client) [console.warn] https://svelte.dev/e/derived_inert
2:54:10 AM [vite] (client) [console.warn] https://svelte.dev/e/derived_inert
2:54:10 AM [vite] (client) [console.warn] https://svelte.dev/e/derived_inert
2:54:10 AM [vite] (client) [console.warn] https://svelte.dev/e/derived_inert
2:54:10 AM [vite] (client) [console.warn] https://svelte.dev/e/derived_inert
2:54:10 AM [vite] (client) [console.warn] https://svelte.dev/e/derived_inert
2:54:10 AM [vite] (client) [console.warn] https://svelte.dev/e/derived_inert
2:54:10 AM [vite] (client) [console.warn] https://svelte.dev/e/derived_inert
2:54:10 AM [vite] (client) [console.warn] https://svelte.dev/e/derived_inert
2:54:10 AM [vite] (client) [console.warn] https://svelte.dev/e/derived_inert
2:54:10 AM [vite] (client) [console.warn] https://svelte.dev/e/derived_inert
2:54:10 AM [vite] (client) [console.warn] https://svelte.dev/e/derived_inert
2:54:10 AM [vite] (client) [console.warn] https://svelte.dev/e/derived_inert
2:54:10 AM [vite] (client) [console.warn] https://svelte.dev/e/derived_inert
2:54:10 AM [vite] (client) [console.warn] https://svelte.dev/e/derived_inert
2:54:10 AM [vite] (client) [console.warn] https://svelte.dev/e/derived_inert
2:54:10 AM [vite] (client) [console.warn] https://svelte.dev/e/derived_inert
2:54:10 AM [vite] (client) [console.warn] https://svelte.dev/e/derived_inert
2:54:10 AM [vite] (client) [console.warn] https://svelte.dev/e/derived_inert
2:54:10 AM [vite] (client) [console.warn] https://svelte.dev/e/derived_inert
2:54:10 AM [vite] (client) [console.warn] https://svelte.dev/e/derived_inert
2:54:10 AM [vite] (client) [console.warn] https://svelte.dev/e/derived_inert
2:54:10 AM [vite] (client) [console.warn] https://svelte.dev/e/derived_inert
2:54:10 AM [vite] (client) [console.warn] https://svelte.dev/e/derived_inert
2:54:10 AM [vite] (client) [console.warn] https://svelte.dev/e/derived_inert
2:54:10 AM [vite] (client) [console.warn] https://svelte.dev/e/derived_inert
2:54:10 AM [vite] (client) [console.warn] https://svelte.dev/e/derived_inert
2:54:10 AM [vite] (client) [console.warn] https://svelte.dev/e/derived_inert
2:54:10 AM [vite] (client) [console.warn] https://svelte.dev/e/derived_inert
2:54:10 AM [vite] (client) [console.warn] https://svelte.dev/e/derived_inert
2:54:10 AM [vite] (client) [console.warn] https://svelte.dev/e/derived_inert
2:54:10 AM [vite] (client) [console.warn] https://svelte.dev/e/derived_inert
2:54:10 AM [vite] (client) [console.warn] https://svelte.dev/e/derived_inert
2:54:10 AM [vite] (client) [console.warn] https://svelte.dev/e/derived_inert
2:54:10 AM [vite] (client) [console.warn] https://svelte.dev/e/derived_inert
2:54:10 AM [vite] (client) [console.warn] https://svelte.dev/e/derived_inert
2:54:10 AM [vite] (client) [console.warn] https://svelte.dev/e/derived_inert
2:54:10 AM [vite] (client) [console.warn] https://svelte.dev/e/derived_inert
2:54:10 AM [vite] (client) [console.warn] https://svelte.dev/e/derived_inert
2:54:10 AM [vite] (client) [console.warn] https://svelte.dev/e/derived_inert
2:54:10 AM [vite] (client) [console.warn] https://svelte.dev/e/derived_inert
2:54:10 AM [vite] (client) [console.warn] https://svelte.dev/e/derived_inert
2:54:10 AM [vite] (client) [console.warn] https://svelte.dev/e/derived_inert
2:54:10 AM [vite] (client) [console.warn] https://svelte.dev/e/derived_inert
2:54:10 AM [vite] (client) [console.warn] https://svelte.dev/e/derived_inert
2:54:10 AM [vite] (client) [console.warn] https://svelte.dev/e/derived_inert
2:54:10 AM [vite] (client) [console.warn] https://svelte.dev/e/derived_inert
2:54:10 AM [vite] (client) [console.warn] https://svelte.dev/e/derived_inert
2:54:10 AM [vite] (client) [console.warn] https://svelte.dev/e/derived_inert
2:54:10 AM [vite] (client) [console.warn] https://svelte.dev/e/derived_inert
2:54:10 AM [vite] (client) [console.warn] https://svelte.dev/e/derived_inert
2:54:10 AM [vite] (client) [console.warn] https://svelte.dev/e/derived_inert
2:54:10 AM [vite] (client) [console.warn] https://svelte.dev/e/derived_inert
2:54:10 AM [vite] (client) [console.warn] https://svelte.dev/e/derived_inert
2:54:10 AM [vite] (client) [console.warn] https://svelte.dev/e/derived_inert
2:54:10 AM [vite] (client) [console.warn] https://svelte.dev/e/derived_inert
2:54:10 AM [vite] (client) [console.warn] https://svelte.dev/e/derived_inert
2:54:10 AM [vite] (client) [console.warn] https://svelte.dev/e/derived_inert
2:54:10 AM [vite] (client) [console.warn] https://svelte.dev/e/derived_inert
2:54:10 AM [vite] (client) [console.warn] https://svelte.dev/e/derived_inert
2:54:10 AM [vite] (client) [console.warn] https://svelte.dev/e/derived_inert
2:54:10 AM [vite] (client) [console.warn] https://svelte.dev/e/derived_inert
2:54:10 AM [vite] (client) [console.warn] https://svelte.dev/e/derived_inert
2:54:10 AM [vite] (client) [console.warn] https://svelte.dev/e/derived_inert
2:54:10 AM [vite] (client) [console.warn] https://svelte.dev/e/derived_inert
2:54:10 AM [vite] (client) [console.warn] https://svelte.dev/e/derived_inert
2:54:10 AM [vite] (client) [console.warn] https://svelte.dev/e/derived_inert
2:54:10 AM [vite] (client) [console.warn] https://svelte.dev/e/derived_inert
2:54:10 AM [vite] (client) [console.warn] https://svelte.dev/e/derived_inert
2:54:10 AM [vite] (client) [console.warn] https://svelte.dev/e/derived_inert
2:54:10 AM [vite] (client) [console.warn] https://svelte.dev/e/derived_inert
2:54:10 AM [vite] (client) [console.warn] https://svelte.dev/e/derived_inert
2:54:10 AM [vite] (client) [console.warn] https://svelte.dev/e/derived_inert
2:54:10 AM [vite] (client) [console.warn] https://svelte.dev/e/derived_inert
2:54:10 AM [vite] (client) [console.warn] https://svelte.dev/e/derived_inert
2:54:10 AM [vite] (client) [console.warn] https://svelte.dev/e/derived_inert
2:54:10 AM [vite] (client) [console.warn] https://svelte.dev/e/derived_inert
2:54:10 AM [vite] (client) [console.warn] https://svelte.dev/e/derived_inert
2:54:10 AM [vite] (client) [console.warn] https://svelte.dev/e/derived_inert
2:54:10 AM [vite] (client) [console.warn] https://svelte.dev/e/derived_inert
2:54:10 AM [vite] (client) [console.warn] https://svelte.dev/e/derived_inert
2:54:10 AM [vite] (client) [console.warn] https://svelte.dev/e/derived_inert
2:54:10 AM [vite] (client) [console.warn] https://svelte.dev/e/derived_inert
2:54:10 AM [vite] (client) [console.warn] https://svelte.dev/e/derived_inert
2:54:10 AM [vite] (client) [console.warn] https://svelte.dev/e/derived_inert
2:54:10 AM [vite] (client) [console.warn] https://svelte.dev/e/derived_inert
2:54:10 AM [vite] (client) [console.warn] https://svelte.dev/e/derived_inert
2:54:11 AM [vite] (client) [console.warn] https://svelte.dev/e/derived_inert

 Test Files  59 passed (59)
      Tests  429 passed (429)
   Start at  02:52:58
   Duration  73.77s (transform 0ms, setup 996ms, import 15.16s, tests 52.84s, environment 0ms)
