
 RUN  v4.1.10 /Users/johnnynguyen/Documents/Repos/Banhall-bmad-completion/.bmad-loop/runs/20260904-162523-6e72/worktrees/dw-blocking-qa-native-followup

 ❯ |convex| convex/qaBlocking.test.ts (63 tests | 2 failed | 60 skipped) 145ms
     × branching inline wrapper preserves marker and because (missing because) 91ms
     × branching inline wrapper preserves marker and because (split because) 4ms

⎯⎯⎯⎯⎯⎯⎯ Failed Tests 2 ⎯⎯⎯⎯⎯⎯⎯

 FAIL  |convex| convex/qaBlocking.test.ts > fresh review extraction boundaries > branching inline wrapper preserves marker and because (missing because)
AssertionError: expected [] to deeply equal ArrayContaining{…}

- Expected
+ Received

- ArrayContaining [
-   ObjectContaining {
-     "blocking": true,
-     "check": "because_clause",
-     "contentHash": "49422f6d06f34b2eae703bcf9a2b535e185a06d1e25baedee9fa94691538884c",
-     "reportId": "0000000000000000000010007reports",
-     "revisionNumber": 1,
-   },
- ]
+ []

 ❯ convex/qaBlocking.test.ts:452:29
    450|       await f.actor.mutation(api.projects.publishForReview, { projectI…
    451|     } else {
    452|       expect(await rows(f)).toEqual(expect.arrayContaining([expect.obj…
       |                             ^
    453|       await expectBlocked(f);
    454|     }

⎯⎯⎯⎯⎯⎯⎯⎯⎯⎯⎯⎯⎯⎯⎯⎯⎯⎯⎯⎯⎯⎯⎯⎯[1/2]⎯

 FAIL  |convex| convex/qaBlocking.test.ts > fresh review extraction boundaries > branching inline wrapper preserves marker and because (split because)
AssertionError: expected [ 'QA_BLOCKING', …(3) ] to not include 'QA_BLOCKING'
 ❯ convex/qaBlocking.test.ts:448:66
    446|     await f.actor.mutation(api.reports.updateReportContent, { reportId…
    447|     if (valid) {
    448|       expect((await readiness(f)).blockers.map(b => b.code)).not.toCon…
       |                                                                  ^
    449|       expect((await rows(f)).filter(r => r.blocking)).toEqual([]);
    450|       await f.actor.mutation(api.projects.publishForReview, { projectI…

⎯⎯⎯⎯⎯⎯⎯⎯⎯⎯⎯⎯⎯⎯⎯⎯⎯⎯⎯⎯⎯⎯⎯⎯[2/2]⎯


 Test Files  1 failed (1)
      Tests  2 failed | 1 passed | 60 skipped (63)
   Start at  17:46:21
   Duration  562ms (transform 302ms, setup 0ms, import 264ms, tests 145ms, environment 39ms)

