
 RUN  v4.1.10 /Users/johnnynguyen/Documents/Repos/Banhall/.bmad-loop/runs/20260911-120649-26de/worktrees/6

 ❯ |convex| convex/comparisons.test.ts (35 tests | 3 failed | 32 skipped) 819ms
     × a corpus of exactly 500 rows is complete; 501 requires withholding 452ms
     × large project and financial documents truncate details before their reads exhaust the budget 211ms
     × large distinct judge documents stop label reads and preserve history 154ms

⎯⎯⎯⎯⎯⎯⎯ Failed Tests 3 ⎯⎯⎯⎯⎯⎯⎯

 FAIL  |convex| convex/comparisons.test.ts > comparisons — list and readout completeness > a corpus of exactly 500 rows is complete; 501 requires withholding
AssertionError: expected false to be true // Object.is equality

- Expected
+ Received

- true
+ false

 ❯ convex/comparisons.test.ts:1395:34
    1393|     const exact = await f.admin.query(api.comparisons.successMetrics, …
    1394|     expect(exact.scannedRows).toBe(500);
    1395|     expect(exact.corpusComplete).toBe(true);
       |                                  ^
    1396|     await f.admin.mutation(api.comparisons.record, recordArgs(f));
    1397|     const overflow = await f.admin.query(api.comparisons.successMetric…

⎯⎯⎯⎯⎯⎯⎯⎯⎯⎯⎯⎯⎯⎯⎯⎯⎯⎯⎯⎯⎯⎯⎯⎯[1/3]⎯

 FAIL  |convex| convex/comparisons.test.ts > comparisons — list and readout completeness > large project and financial documents truncate details before their reads exhaust the budget
AssertionError: expected false to be true // Object.is equality

- Expected
+ Received

- true
+ false

 ❯ convex/comparisons.test.ts:1437:47
    1435|     expect(measured.result.projectCount).toBe(8);
    1436|     expect(measured.result.projects.length).toBeGreaterThan(0);
    1437|     expect(measured.result.projectsTruncated).toBe(true);
       |                                               ^
    1438|     expect(measured.result.excluded.developmentTruncated).toBe(true);
    1439|     expect(measured.result.sm1.eligibleProjects).toBe(8);

⎯⎯⎯⎯⎯⎯⎯⎯⎯⎯⎯⎯⎯⎯⎯⎯⎯⎯⎯⎯⎯⎯⎯⎯[2/3]⎯

 FAIL  |convex| convex/comparisons.test.ts > comparisons — list and readout completeness > large distinct judge documents stop label reads and preserve history
AssertionError: expected false to be true // Object.is equality

- Expected
+ Received

- true
+ false

 ❯ convex/comparisons.test.ts:1492:7
    1490|         (row) => row.judgeLabel === "Judge label unavailable (read lim…
    1491|       )
    1492|     ).toBe(true);
       |       ^
    1493|     expect(measured.result.records[0].judgeLabel).toBe("Judge 11");
    1494|     expect(measured.bytes).toBeLessThan(5_000_000);

⎯⎯⎯⎯⎯⎯⎯⎯⎯⎯⎯⎯⎯⎯⎯⎯⎯⎯⎯⎯⎯⎯⎯⎯[3/3]⎯


 Test Files  1 failed (1)
      Tests  3 failed | 32 skipped (35)
   Start at  05:58:56
   Duration  1.36s (transform 265ms, setup 0ms, import 380ms, tests 819ms, environment 42ms)
