
> banhall-app@0.1.0 test:component
> vitest run --config vitest.component.config.ts src/lib/components/project/ProjectHighlights.component.test.ts src/lib/components/project/StageChangeDialog.component.test.ts

5:05:10 PM [vite-plugin-svelte] no Svelte config found at /Users/johnnynguyen/Documents/Repos/Banhall-bmad-review-menu-verification - using default configuration.

 RUN  v4.1.10 /Users/johnnynguyen/Documents/Repos/Banhall-bmad-review-menu-verification

5:05:10 PM [vite-plugin-svelte] no Svelte config found at /Users/johnnynguyen/Documents/Repos/Banhall-bmad-review-menu-verification - using default configuration.
5:05:12 PM [vite] (client) [console.warn] https://svelte.dev/e/derived_inert
5:05:12 PM [vite] (client) [console.warn] https://svelte.dev/e/derived_inert
5:05:12 PM [vite] (client) [console.warn] https://svelte.dev/e/derived_inert
5:05:12 PM [vite] (client) [console.warn] https://svelte.dev/e/derived_inert
5:05:12 PM [vite] (client) [console.warn] https://svelte.dev/e/derived_inert
5:05:12 PM [vite] (client) [console.warn] https://svelte.dev/e/derived_inert
5:05:12 PM [vite] (client) [console.warn] https://svelte.dev/e/derived_inert
5:05:12 PM [vite] (client) [console.warn] https://svelte.dev/e/derived_inert
5:05:12 PM [vite] (client) [console.warn] https://svelte.dev/e/derived_inert
5:05:12 PM [vite] (client) [console.warn] https://svelte.dev/e/derived_inert
5:05:12 PM [vite] (client) [console.warn] https://svelte.dev/e/derived_inert
5:05:12 PM [vite] (client) [console.warn] https://svelte.dev/e/derived_inert
5:05:12 PM [vite] (client) [console.warn] https://svelte.dev/e/derived_inert
5:05:12 PM [vite] (client) [console.warn] https://svelte.dev/e/derived_inert
5:05:12 PM [vite] (client) [console.warn] https://svelte.dev/e/derived_inert
5:05:12 PM [vite] (client) [console.warn] https://svelte.dev/e/derived_inert
5:05:12 PM [vite] (client) [console.warn] https://svelte.dev/e/derived_inert
5:05:12 PM [vite] (client) [console.warn] https://svelte.dev/e/derived_inert
5:05:12 PM [vite] (client) [console.warn] https://svelte.dev/e/derived_inert
5:05:12 PM [vite] (client) [console.warn] https://svelte.dev/e/derived_inert
5:05:12 PM [vite] (client) [console.warn] https://svelte.dev/e/derived_inert
5:05:12 PM [vite] (client) [console.warn] https://svelte.dev/e/derived_inert
5:05:12 PM [vite] (client) [console.warn] https://svelte.dev/e/derived_inert
5:05:12 PM [vite] (client) [console.warn] https://svelte.dev/e/derived_inert
5:05:12 PM [vite] (client) [console.warn] https://svelte.dev/e/derived_inert
5:05:12 PM [vite] (client) [console.warn] https://svelte.dev/e/derived_inert
5:05:12 PM [vite] (client) [console.warn] https://svelte.dev/e/derived_inert
5:05:12 PM [vite] (client) [console.warn] https://svelte.dev/e/derived_inert
5:05:12 PM [vite] (client) [console.warn] https://svelte.dev/e/derived_inert
5:05:12 PM [vite] (client) [console.warn] https://svelte.dev/e/derived_inert
5:05:12 PM [vite] (client) [console.warn] https://svelte.dev/e/derived_inert
5:05:12 PM [vite] (client) [console.warn] https://svelte.dev/e/derived_inert
5:05:12 PM [vite] (client) [console.warn] https://svelte.dev/e/derived_inert
5:05:12 PM [vite] (client) [console.warn] https://svelte.dev/e/derived_inert
5:05:12 PM [vite] (client) [console.warn] https://svelte.dev/e/derived_inert
5:05:12 PM [vite] (client) [console.warn] https://svelte.dev/e/derived_inert
5:05:12 PM [vite] (client) [console.warn] https://svelte.dev/e/derived_inert
5:05:12 PM [vite] (client) [console.warn] https://svelte.dev/e/derived_inert
5:05:12 PM [vite] (client) [console.warn] https://svelte.dev/e/derived_inert
5:05:12 PM [vite] (client) [console.warn] https://svelte.dev/e/derived_inert
5:05:12 PM [vite] (client) [console.warn] https://svelte.dev/e/derived_inert
5:05:12 PM [vite] (client) [console.warn] https://svelte.dev/e/derived_inert
5:05:12 PM [vite] (client) [console.warn] https://svelte.dev/e/derived_inert
5:05:12 PM [vite] (client) [console.warn] https://svelte.dev/e/derived_inert
5:05:12 PM [vite] (client) [console.warn] https://svelte.dev/e/derived_inert
5:05:12 PM [vite] (client) [console.warn] https://svelte.dev/e/derived_inert
5:05:12 PM [vite] (client) [console.warn] https://svelte.dev/e/derived_inert
5:05:12 PM [vite] (client) [console.warn] https://svelte.dev/e/derived_inert
5:05:12 PM [vite] (client) [console.warn] https://svelte.dev/e/derived_inert
5:05:12 PM [vite] (client) [console.warn] https://svelte.dev/e/derived_inert
5:05:12 PM [vite] (client) [console.warn] https://svelte.dev/e/derived_inert
5:05:12 PM [vite] (client) [console.warn] https://svelte.dev/e/derived_inert
5:05:12 PM [vite] (client) [console.warn] https://svelte.dev/e/derived_inert
5:05:12 PM [vite] (client) [console.warn] https://svelte.dev/e/derived_inert
5:05:12 PM [vite] (client) [console.warn] https://svelte.dev/e/derived_inert
5:05:12 PM [vite] (client) [console.warn] https://svelte.dev/e/derived_inert
5:05:12 PM [vite] (client) [console.warn] https://svelte.dev/e/derived_inert
5:05:12 PM [vite] (client) [console.warn] https://svelte.dev/e/derived_inert
5:05:12 PM [vite] (client) [console.warn] https://svelte.dev/e/derived_inert
5:05:12 PM [vite] (client) [console.warn] https://svelte.dev/e/derived_inert
5:05:12 PM [vite] (client) [console.warn] https://svelte.dev/e/derived_inert
5:05:12 PM [vite] (client) [console.warn] https://svelte.dev/e/derived_inert
5:05:12 PM [vite] (client) [console.warn] https://svelte.dev/e/derived_inert
5:05:12 PM [vite] (client) [console.warn] https://svelte.dev/e/derived_inert
5:05:12 PM [vite] (client) [console.warn] https://svelte.dev/e/derived_inert
5:05:12 PM [vite] (client) [console.warn] https://svelte.dev/e/derived_inert
5:05:12 PM [vite] (client) [console.warn] https://svelte.dev/e/derived_inert
5:05:12 PM [vite] (client) [console.warn] https://svelte.dev/e/derived_inert
5:05:12 PM [vite] (client) [console.warn] https://svelte.dev/e/derived_inert
5:05:12 PM [vite] (client) [console.warn] https://svelte.dev/e/derived_inert
5:05:12 PM [vite] (client) [console.warn] https://svelte.dev/e/derived_inert
5:05:12 PM [vite] (client) [console.warn] https://svelte.dev/e/derived_inert
5:05:12 PM [vite] (client) [console.warn] https://svelte.dev/e/derived_inert
5:05:12 PM [vite] (client) [console.warn] https://svelte.dev/e/derived_inert
5:05:12 PM [vite] (client) [console.warn] https://svelte.dev/e/derived_inert
5:05:12 PM [vite] (client) [console.warn] https://svelte.dev/e/derived_inert
5:05:12 PM [vite] (client) [console.warn] https://svelte.dev/e/derived_inert
5:05:12 PM [vite] (client) [console.warn] https://svelte.dev/e/derived_inert
5:05:12 PM [vite] (client) [console.warn] https://svelte.dev/e/derived_inert
5:05:12 PM [vite] (client) [console.warn] https://svelte.dev/e/derived_inert
5:05:12 PM [vite] (client) [console.warn] https://svelte.dev/e/derived_inert
5:05:12 PM [vite] (client) [console.warn] https://svelte.dev/e/derived_inert
5:05:12 PM [vite] (client) [console.warn] https://svelte.dev/e/derived_inert
5:05:12 PM [vite] (client) [console.warn] https://svelte.dev/e/derived_inert
5:05:12 PM [vite] (client) [console.warn] https://svelte.dev/e/derived_inert
5:05:12 PM [vite] (client) [console.warn] https://svelte.dev/e/derived_inert
5:05:12 PM [vite] (client) [console.warn] https://svelte.dev/e/derived_inert
5:05:12 PM [vite] (client) [console.warn] https://svelte.dev/e/derived_inert
5:05:12 PM [vite] (client) [console.warn] https://svelte.dev/e/derived_inert
5:05:12 PM [vite] (client) [console.warn] https://svelte.dev/e/derived_inert
5:05:12 PM [vite] (client) [console.warn] https://svelte.dev/e/derived_inert
5:05:12 PM [vite] (client) [console.warn] https://svelte.dev/e/derived_inert
5:05:12 PM [vite] (client) [console.warn] https://svelte.dev/e/derived_inert
5:05:12 PM [vite] (client) [console.warn] https://svelte.dev/e/derived_inert
5:05:12 PM [vite] (client) [console.warn] https://svelte.dev/e/derived_inert
5:05:12 PM [vite] (client) [console.warn] https://svelte.dev/e/derived_inert
5:05:12 PM [vite] (client) [console.warn] https://svelte.dev/e/derived_inert
5:05:12 PM [vite] (client) [console.warn] https://svelte.dev/e/derived_inert
5:05:12 PM [vite] (client) [console.warn] https://svelte.dev/e/derived_inert
5:05:12 PM [vite] (client) [console.warn] https://svelte.dev/e/derived_inert
5:05:12 PM [vite] (client) [console.warn] https://svelte.dev/e/derived_inert
5:05:12 PM [vite] (client) [console.warn] https://svelte.dev/e/derived_inert
5:05:12 PM [vite] (client) [console.warn] https://svelte.dev/e/derived_inert
5:05:12 PM [vite] (client) [console.warn] https://svelte.dev/e/derived_inert
5:05:12 PM [vite] (client) [console.warn] https://svelte.dev/e/derived_inert
5:05:12 PM [vite] (client) [console.warn] https://svelte.dev/e/derived_inert
5:05:12 PM [vite] (client) [console.warn] https://svelte.dev/e/derived_inert
5:05:12 PM [vite] (client) [console.warn] https://svelte.dev/e/derived_inert
5:05:12 PM [vite] (client) [console.warn] https://svelte.dev/e/derived_inert
5:05:12 PM [vite] (client) [console.warn] https://svelte.dev/e/derived_inert
5:05:12 PM [vite] (client) [console.warn] https://svelte.dev/e/derived_inert
5:05:12 PM [vite] (client) [console.warn] https://svelte.dev/e/derived_inert
5:05:12 PM [vite] (client) [console.warn] https://svelte.dev/e/derived_inert
5:05:12 PM [vite] (client) [console.warn] https://svelte.dev/e/derived_inert
5:05:12 PM [vite] (client) [console.warn] https://svelte.dev/e/derived_inert
5:05:12 PM [vite] (client) [console.warn] https://svelte.dev/e/derived_inert
5:05:12 PM [vite] (client) [console.warn] https://svelte.dev/e/derived_inert
5:05:12 PM [vite] (client) [console.warn] https://svelte.dev/e/derived_inert
5:05:12 PM [vite] (client) [console.warn] https://svelte.dev/e/derived_inert
5:05:12 PM [vite] (client) [console.warn] https://svelte.dev/e/derived_inert
5:05:12 PM [vite] (client) [console.warn] https://svelte.dev/e/derived_inert
5:05:12 PM [vite] (client) [console.warn] https://svelte.dev/e/derived_inert
5:05:12 PM [vite] (client) [console.warn] https://svelte.dev/e/derived_inert
5:05:12 PM [vite] (client) [console.warn] https://svelte.dev/e/derived_inert
5:05:12 PM [vite] (client) [console.warn] https://svelte.dev/e/derived_inert
5:05:12 PM [vite] (client) [console.warn] https://svelte.dev/e/derived_inert
5:05:12 PM [vite] (client) [console.warn] https://svelte.dev/e/derived_inert
5:05:12 PM [vite] (client) [console.warn] https://svelte.dev/e/derived_inert
5:05:12 PM [vite] (client) [console.warn] https://svelte.dev/e/derived_inert
5:05:12 PM [vite] (client) [console.warn] https://svelte.dev/e/derived_inert
5:05:12 PM [vite] (client) [console.warn] https://svelte.dev/e/derived_inert
5:05:12 PM [vite] (client) [console.warn] https://svelte.dev/e/derived_inert
5:05:12 PM [vite] (client) [console.warn] https://svelte.dev/e/derived_inert
5:05:12 PM [vite] (client) [console.warn] https://svelte.dev/e/derived_inert
5:05:12 PM [vite] (client) [console.warn] https://svelte.dev/e/derived_inert
5:05:12 PM [vite] (client) [console.warn] https://svelte.dev/e/derived_inert
5:05:12 PM [vite] (client) [console.warn] https://svelte.dev/e/derived_inert
5:05:12 PM [vite] (client) [console.warn] https://svelte.dev/e/derived_inert
5:05:12 PM [vite] (client) [console.warn] https://svelte.dev/e/derived_inert
5:05:12 PM [vite] (client) [console.warn] https://svelte.dev/e/derived_inert
5:05:12 PM [vite] (client) [console.warn] https://svelte.dev/e/derived_inert
5:05:12 PM [vite] (client) [console.warn] https://svelte.dev/e/derived_inert
5:05:12 PM [vite] (client) [console.warn] https://svelte.dev/e/derived_inert
5:05:12 PM [vite] (client) [console.warn] https://svelte.dev/e/derived_inert
5:05:12 PM [vite] (client) [console.warn] https://svelte.dev/e/derived_inert
5:05:12 PM [vite] (client) [console.warn] https://svelte.dev/e/derived_inert
5:05:12 PM [vite] (client) [console.warn] https://svelte.dev/e/derived_inert
5:05:12 PM [vite] (client) [console.warn] https://svelte.dev/e/derived_inert
5:05:12 PM [vite] (client) [console.warn] https://svelte.dev/e/derived_inert
5:05:12 PM [vite] (client) [console.warn] https://svelte.dev/e/derived_inert
5:05:12 PM [vite] (client) [console.warn] https://svelte.dev/e/derived_inert
5:05:12 PM [vite] (client) [console.warn] https://svelte.dev/e/derived_inert
5:05:12 PM [vite] (client) [console.warn] https://svelte.dev/e/derived_inert
5:05:12 PM [vite] (client) [console.warn] https://svelte.dev/e/derived_inert
5:05:12 PM [vite] (client) [console.warn] https://svelte.dev/e/derived_inert
5:05:12 PM [vite] (client) [console.warn] https://svelte.dev/e/derived_inert
5:05:12 PM [vite] (client) [console.warn] https://svelte.dev/e/derived_inert
5:05:12 PM [vite] (client) [console.warn] https://svelte.dev/e/derived_inert
5:05:12 PM [vite] (client) [console.warn] https://svelte.dev/e/derived_inert
5:05:12 PM [vite] (client) [console.warn] https://svelte.dev/e/derived_inert
5:05:12 PM [vite] (client) [console.warn] https://svelte.dev/e/derived_inert
5:05:12 PM [vite] (client) [console.warn] https://svelte.dev/e/derived_inert
5:05:12 PM [vite] (client) [console.warn] https://svelte.dev/e/derived_inert
5:05:12 PM [vite] (client) [console.warn] https://svelte.dev/e/derived_inert
5:05:12 PM [vite] (client) [console.warn] https://svelte.dev/e/derived_inert
5:05:12 PM [vite] (client) [console.warn] https://svelte.dev/e/derived_inert
5:05:12 PM [vite] (client) [console.warn] https://svelte.dev/e/derived_inert
5:05:12 PM [vite] (client) [console.warn] https://svelte.dev/e/derived_inert
5:05:12 PM [vite] (client) [console.warn] https://svelte.dev/e/derived_inert
5:05:12 PM [vite] (client) [console.warn] https://svelte.dev/e/derived_inert
5:05:12 PM [vite] (client) [console.warn] https://svelte.dev/e/derived_inert
5:05:12 PM [vite] (client) [console.warn] https://svelte.dev/e/derived_inert
5:05:12 PM [vite] (client) [console.warn] https://svelte.dev/e/derived_inert
5:05:12 PM [vite] (client) [console.warn] https://svelte.dev/e/derived_inert
5:05:12 PM [vite] (client) [console.warn] https://svelte.dev/e/derived_inert
5:05:12 PM [vite] (client) [console.warn] https://svelte.dev/e/derived_inert
5:05:12 PM [vite] (client) [console.warn] https://svelte.dev/e/derived_inert
5:05:12 PM [vite] (client) [console.warn] https://svelte.dev/e/derived_inert
5:05:12 PM [vite] (client) [console.warn] https://svelte.dev/e/derived_inert
5:05:12 PM [vite] (client) [console.warn] https://svelte.dev/e/derived_inert
5:05:12 PM [vite] (client) [console.warn] https://svelte.dev/e/derived_inert
5:05:12 PM [vite] (client) [console.warn] https://svelte.dev/e/derived_inert
5:05:12 PM [vite] (client) [console.warn] https://svelte.dev/e/derived_inert
5:05:12 PM [vite] (client) [console.warn] https://svelte.dev/e/derived_inert
5:05:12 PM [vite] (client) [console.warn] https://svelte.dev/e/derived_inert
5:05:12 PM [vite] (client) [console.warn] https://svelte.dev/e/derived_inert
5:05:12 PM [vite] (client) [console.warn] https://svelte.dev/e/derived_inert
5:05:12 PM [vite] (client) [console.warn] https://svelte.dev/e/derived_inert
5:05:12 PM [vite] (client) [console.warn] https://svelte.dev/e/derived_inert
5:05:12 PM [vite] (client) [console.warn] https://svelte.dev/e/derived_inert
5:05:12 PM [vite] (client) [console.warn] https://svelte.dev/e/derived_inert
5:05:12 PM [vite] (client) [console.warn] https://svelte.dev/e/derived_inert
5:05:12 PM [vite] (client) [console.warn] https://svelte.dev/e/derived_inert
5:05:12 PM [vite] (client) [console.warn] https://svelte.dev/e/derived_inert
5:05:12 PM [vite] (client) [console.warn] https://svelte.dev/e/derived_inert

 Test Files  2 passed (2)
      Tests  10 passed (10)
   Start at  17:05:10
   Duration  9.19s (transform 0ms, setup 545ms, import 6.95s, tests 366ms, environment 0ms)

