
> banhall-app@0.1.0 test:component
> vitest run --config vitest.component.config.ts

5:06:01 PM [vite-plugin-svelte] no Svelte config found at /Users/johnnynguyen/Documents/Repos/Banhall-bmad-review-menu-verification - using default configuration.

 RUN  v4.1.10 /Users/johnnynguyen/Documents/Repos/Banhall-bmad-review-menu-verification

5:06:01 PM [vite-plugin-svelte] no Svelte config found at /Users/johnnynguyen/Documents/Repos/Banhall-bmad-review-menu-verification - using default configuration.
5:06:11 PM [vite] (client) [console.warn] https://svelte.dev/e/derived_inert
5:06:11 PM [vite] (client) [console.warn] https://svelte.dev/e/derived_inert
5:06:11 PM [vite] (client) [console.warn] https://svelte.dev/e/derived_inert
5:06:11 PM [vite] (client) [console.warn] https://svelte.dev/e/derived_inert
5:06:11 PM [vite] (client) [console.warn] https://svelte.dev/e/derived_inert
5:06:11 PM [vite] (client) [console.warn] https://svelte.dev/e/derived_inert
5:06:11 PM [vite] (client) [console.warn] https://svelte.dev/e/derived_inert
5:06:11 PM [vite] (client) [console.warn] https://svelte.dev/e/derived_inert
5:06:11 PM [vite] (client) [console.warn] https://svelte.dev/e/derived_inert
5:06:11 PM [vite] (client) [console.warn] https://svelte.dev/e/derived_inert
5:06:11 PM [vite] (client) [console.warn] https://svelte.dev/e/derived_inert
5:06:11 PM [vite] (client) [console.warn] https://svelte.dev/e/derived_inert
5:06:11 PM [vite] (client) [console.warn] https://svelte.dev/e/derived_inert
5:06:11 PM [vite] (client) [console.warn] https://svelte.dev/e/derived_inert
5:06:11 PM [vite] (client) [console.warn] https://svelte.dev/e/derived_inert
5:06:11 PM [vite] (client) [console.warn] https://svelte.dev/e/derived_inert
5:06:11 PM [vite] (client) [console.warn] https://svelte.dev/e/derived_inert
5:06:11 PM [vite] (client) [console.warn] https://svelte.dev/e/derived_inert
5:06:11 PM [vite] (client) [console.warn] https://svelte.dev/e/derived_inert
5:06:11 PM [vite] (client) [console.warn] https://svelte.dev/e/derived_inert
5:06:11 PM [vite] (client) [console.warn] https://svelte.dev/e/derived_inert
5:06:11 PM [vite] (client) [console.warn] https://svelte.dev/e/derived_inert
5:06:11 PM [vite] (client) [console.warn] https://svelte.dev/e/derived_inert
5:06:11 PM [vite] (client) [console.warn] https://svelte.dev/e/derived_inert
5:06:11 PM [vite] (client) [console.warn] https://svelte.dev/e/derived_inert
5:06:11 PM [vite] (client) [console.warn] https://svelte.dev/e/derived_inert
5:06:11 PM [vite] (client) [console.warn] https://svelte.dev/e/derived_inert
5:06:11 PM [vite] (client) [console.warn] https://svelte.dev/e/derived_inert
5:06:11 PM [vite] (client) [console.warn] https://svelte.dev/e/derived_inert
5:06:11 PM [vite] (client) [console.warn] https://svelte.dev/e/derived_inert
5:06:18 PM [vite] (client) [console.warn] https://svelte.dev/e/derived_inert
5:06:18 PM [vite] (client) [console.warn] https://svelte.dev/e/derived_inert
5:06:18 PM [vite] (client) [console.warn] https://svelte.dev/e/derived_inert
5:06:18 PM [vite] (client) [console.warn] https://svelte.dev/e/derived_inert
5:06:18 PM [vite] (client) [console.warn] https://svelte.dev/e/derived_inert
5:06:19 PM [vite] (client) [console.warn] https://svelte.dev/e/derived_inert
5:06:19 PM [vite] (client) [console.warn] https://svelte.dev/e/derived_inert
5:06:19 PM [vite] (client) [console.warn] https://svelte.dev/e/derived_inert
5:06:19 PM [vite] (client) [console.warn] https://svelte.dev/e/derived_inert
5:06:19 PM [vite] (client) [console.warn] https://svelte.dev/e/derived_inert
5:06:19 PM [vite] (client) [console.warn] https://svelte.dev/e/derived_inert
5:06:19 PM [vite] (client) [console.warn] https://svelte.dev/e/derived_inert
5:06:19 PM [vite] (client) [console.warn] https://svelte.dev/e/derived_inert
5:06:19 PM [vite] (client) [console.warn] https://svelte.dev/e/derived_inert
5:06:19 PM [vite] (client) [console.warn] https://svelte.dev/e/derived_inert
5:06:19 PM [vite] (client) [console.warn] https://svelte.dev/e/derived_inert
5:06:19 PM [vite] (client) [console.warn] https://svelte.dev/e/derived_inert
5:06:19 PM [vite] (client) [console.warn] https://svelte.dev/e/derived_inert
5:06:19 PM [vite] (client) [console.warn] https://svelte.dev/e/derived_inert
5:06:19 PM [vite] (client) [console.warn] https://svelte.dev/e/derived_inert
5:06:19 PM [vite] (client) [console.warn] https://svelte.dev/e/derived_inert
5:06:19 PM [vite] (client) [console.warn] https://svelte.dev/e/derived_inert
5:06:19 PM [vite] (client) [console.warn] https://svelte.dev/e/derived_inert
5:06:19 PM [vite] (client) [console.warn] https://svelte.dev/e/derived_inert
5:06:19 PM [vite] (client) [console.warn] https://svelte.dev/e/derived_inert
5:06:19 PM [vite] (client) [console.warn] https://svelte.dev/e/derived_inert
5:06:19 PM [vite] (client) [console.warn] https://svelte.dev/e/derived_inert
5:06:19 PM [vite] (client) [console.warn] https://svelte.dev/e/derived_inert
5:06:19 PM [vite] (client) [console.warn] https://svelte.dev/e/derived_inert
5:06:19 PM [vite] (client) [console.warn] https://svelte.dev/e/derived_inert
5:06:19 PM [vite] (client) [console.warn] https://svelte.dev/e/derived_inert
5:06:19 PM [vite] (client) [console.warn] https://svelte.dev/e/derived_inert
5:06:19 PM [vite] (client) [console.warn] https://svelte.dev/e/derived_inert
5:06:19 PM [vite] (client) [console.warn] https://svelte.dev/e/derived_inert
5:06:19 PM [vite] (client) [console.warn] https://svelte.dev/e/derived_inert
5:06:19 PM [vite] (client) [console.warn] https://svelte.dev/e/derived_inert
5:06:19 PM [vite] (client) [console.warn] https://svelte.dev/e/derived_inert
5:06:19 PM [vite] (client) [console.warn] https://svelte.dev/e/derived_inert
5:06:19 PM [vite] (client) [console.warn] https://svelte.dev/e/derived_inert
5:06:19 PM [vite] (client) [console.warn] https://svelte.dev/e/derived_inert
5:06:19 PM [vite] (client) [console.warn] https://svelte.dev/e/derived_inert
5:06:19 PM [vite] (client) [console.warn] https://svelte.dev/e/derived_inert
5:06:19 PM [vite] (client) [console.warn] https://svelte.dev/e/derived_inert
5:06:19 PM [vite] (client) [console.warn] https://svelte.dev/e/derived_inert
5:06:19 PM [vite] (client) [console.warn] https://svelte.dev/e/derived_inert
5:06:19 PM [vite] (client) [console.warn] https://svelte.dev/e/derived_inert
5:06:19 PM [vite] (client) [console.warn] https://svelte.dev/e/derived_inert
5:06:19 PM [vite] (client) [console.warn] https://svelte.dev/e/derived_inert
5:06:19 PM [vite] (client) [console.warn] https://svelte.dev/e/derived_inert
5:06:19 PM [vite] (client) [console.warn] https://svelte.dev/e/derived_inert
5:06:19 PM [vite] (client) [console.warn] https://svelte.dev/e/derived_inert
5:06:19 PM [vite] (client) [console.warn] https://svelte.dev/e/derived_inert
5:06:19 PM [vite] (client) [console.warn] https://svelte.dev/e/derived_inert
5:06:19 PM [vite] (client) [console.warn] https://svelte.dev/e/derived_inert
5:06:19 PM [vite] (client) [console.warn] https://svelte.dev/e/derived_inert
5:06:19 PM [vite] (client) [console.warn] https://svelte.dev/e/derived_inert
5:06:19 PM [vite] (client) [console.warn] https://svelte.dev/e/derived_inert
5:06:20 PM [vite] (client) [console.warn] https://svelte.dev/e/derived_inert
5:06:20 PM [vite] (client) [console.warn] https://svelte.dev/e/derived_inert
5:06:20 PM [vite] (client) [console.warn] https://svelte.dev/e/derived_inert
5:06:20 PM [vite] (client) [console.warn] https://svelte.dev/e/derived_inert
5:06:20 PM [vite] (client) [console.warn] https://svelte.dev/e/derived_inert
5:06:20 PM [vite] (client) [console.warn] https://svelte.dev/e/derived_inert
5:06:20 PM [vite] (client) [console.warn] https://svelte.dev/e/derived_inert
5:06:20 PM [vite] (client) [console.warn] https://svelte.dev/e/derived_inert
5:06:20 PM [vite] (client) [console.warn] https://svelte.dev/e/derived_inert
5:06:20 PM [vite] (client) [console.warn] https://svelte.dev/e/derived_inert
5:06:20 PM [vite] (client) [console.warn] https://svelte.dev/e/derived_inert
5:06:20 PM [vite] (client) [console.warn] https://svelte.dev/e/derived_inert
5:06:20 PM [vite] (client) [console.warn] https://svelte.dev/e/derived_inert
5:06:20 PM [vite] (client) [console.warn] https://svelte.dev/e/derived_inert
5:06:20 PM [vite] (client) [console.warn] https://svelte.dev/e/derived_inert
5:06:20 PM [vite] (client) [console.warn] https://svelte.dev/e/derived_inert
5:06:20 PM [vite] (client) [console.warn] https://svelte.dev/e/derived_inert
5:06:20 PM [vite] (client) [console.warn] https://svelte.dev/e/derived_inert
5:06:20 PM [vite] (client) [console.warn] https://svelte.dev/e/derived_inert
5:06:20 PM [vite] (client) [console.warn] https://svelte.dev/e/derived_inert
5:06:20 PM [vite] (client) [console.warn] https://svelte.dev/e/derived_inert
5:06:20 PM [vite] (client) [console.warn] https://svelte.dev/e/derived_inert
5:06:20 PM [vite] (client) [console.warn] https://svelte.dev/e/derived_inert
5:06:20 PM [vite] (client) [console.warn] https://svelte.dev/e/derived_inert
5:06:20 PM [vite] (client) [console.warn] https://svelte.dev/e/derived_inert
5:06:20 PM [vite] (client) [console.warn] https://svelte.dev/e/derived_inert
5:06:20 PM [vite] (client) [console.warn] https://svelte.dev/e/derived_inert
5:06:20 PM [vite] (client) [console.warn] https://svelte.dev/e/derived_inert
5:06:20 PM [vite] (client) [console.warn] https://svelte.dev/e/derived_inert
5:06:20 PM [vite] (client) [console.warn] https://svelte.dev/e/derived_inert
5:06:20 PM [vite] (client) [console.warn] https://svelte.dev/e/derived_inert
5:06:20 PM [vite] (client) [console.warn] https://svelte.dev/e/derived_inert
5:06:20 PM [vite] (client) [console.warn] https://svelte.dev/e/derived_inert
5:06:20 PM [vite] (client) [console.warn] https://svelte.dev/e/derived_inert
5:06:20 PM [vite] (client) [console.warn] https://svelte.dev/e/derived_inert
5:06:20 PM [vite] (client) [console.warn] https://svelte.dev/e/derived_inert
5:06:20 PM [vite] (client) [console.warn] https://svelte.dev/e/derived_inert
5:06:20 PM [vite] (client) [console.warn] https://svelte.dev/e/derived_inert
5:06:20 PM [vite] (client) [console.warn] https://svelte.dev/e/derived_inert
5:06:20 PM [vite] (client) [console.warn] https://svelte.dev/e/derived_inert
5:06:21 PM [vite] (client) [console.warn] https://svelte.dev/e/derived_inert
5:06:21 PM [vite] (client) [console.warn] https://svelte.dev/e/derived_inert
5:06:21 PM [vite] (client) [console.warn] https://svelte.dev/e/derived_inert
5:06:21 PM [vite] (client) [console.warn] https://svelte.dev/e/derived_inert
5:06:21 PM [vite] (client) [console.warn] https://svelte.dev/e/derived_inert
5:06:21 PM [vite] (client) [console.warn] https://svelte.dev/e/derived_inert
5:06:21 PM [vite] (client) [console.warn] https://svelte.dev/e/derived_inert
5:06:21 PM [vite] (client) [console.warn] https://svelte.dev/e/derived_inert
5:06:21 PM [vite] (client) [console.warn] https://svelte.dev/e/derived_inert
5:06:21 PM [vite] (client) [console.warn] https://svelte.dev/e/derived_inert
5:06:21 PM [vite] (client) [console.warn] https://svelte.dev/e/derived_inert
5:06:21 PM [vite] (client) [console.warn] https://svelte.dev/e/derived_inert
5:06:21 PM [vite] (client) [console.warn] https://svelte.dev/e/derived_inert
5:06:21 PM [vite] (client) [console.warn] https://svelte.dev/e/derived_inert
5:06:21 PM [vite] (client) [console.warn] https://svelte.dev/e/derived_inert
5:06:21 PM [vite] (client) [console.warn] https://svelte.dev/e/derived_inert
5:06:21 PM [vite] (client) [console.warn] https://svelte.dev/e/derived_inert
5:06:21 PM [vite] (client) [console.warn] https://svelte.dev/e/derived_inert
5:06:21 PM [vite] (client) [console.warn] https://svelte.dev/e/derived_inert
5:06:21 PM [vite] (client) [console.warn] https://svelte.dev/e/derived_inert
5:06:21 PM [vite] (client) [console.warn] https://svelte.dev/e/derived_inert
5:06:21 PM [vite] (client) [console.warn] https://svelte.dev/e/derived_inert
5:06:21 PM [vite] (client) [console.warn] https://svelte.dev/e/derived_inert
5:06:21 PM [vite] (client) [console.warn] https://svelte.dev/e/derived_inert
5:06:21 PM [vite] (client) [console.warn] https://svelte.dev/e/derived_inert
5:06:22 PM [vite] (client) [console.warn] https://svelte.dev/e/derived_inert
5:06:22 PM [vite] (client) [console.warn] https://svelte.dev/e/derived_inert
5:06:22 PM [vite] (client) [console.warn] https://svelte.dev/e/derived_inert
5:06:22 PM [vite] (client) [console.warn] https://svelte.dev/e/derived_inert
5:06:22 PM [vite] (client) [console.warn] https://svelte.dev/e/derived_inert
5:06:22 PM [vite] (client) [console.warn] https://svelte.dev/e/derived_inert
5:06:22 PM [vite] (client) [console.warn] https://svelte.dev/e/derived_inert
5:06:22 PM [vite] (client) [console.warn] https://svelte.dev/e/derived_inert
5:06:22 PM [vite] (client) [console.warn] https://svelte.dev/e/derived_inert
5:06:22 PM [vite] (client) [console.warn] https://svelte.dev/e/derived_inert
5:06:22 PM [vite] (client) [console.warn] https://svelte.dev/e/derived_inert
5:06:22 PM [vite] (client) [console.warn] https://svelte.dev/e/derived_inert
5:06:23 PM [vite] (client) [console.warn] https://svelte.dev/e/derived_inert
5:06:23 PM [vite] (client) [console.warn] https://svelte.dev/e/derived_inert
5:06:23 PM [vite] (client) [console.warn] https://svelte.dev/e/derived_inert
5:06:23 PM [vite] (client) [console.warn] https://svelte.dev/e/derived_inert
5:06:23 PM [vite] (client) [console.warn] https://svelte.dev/e/derived_inert
5:06:23 PM [vite] (client) [console.warn] https://svelte.dev/e/derived_inert
5:06:23 PM [vite] (client) [console.warn] https://svelte.dev/e/derived_inert
5:06:23 PM [vite] (client) [console.warn] https://svelte.dev/e/derived_inert
5:06:23 PM [vite] (client) [console.warn] https://svelte.dev/e/derived_inert
5:06:23 PM [vite] (client) [console.warn] https://svelte.dev/e/derived_inert
5:06:23 PM [vite] (client) [console.warn] https://svelte.dev/e/derived_inert
5:06:23 PM [vite] (client) [console.warn] https://svelte.dev/e/derived_inert
5:06:23 PM [vite] (client) [console.warn] https://svelte.dev/e/derived_inert
5:06:23 PM [vite] (client) [console.warn] https://svelte.dev/e/derived_inert
5:06:23 PM [vite] (client) [console.warn] https://svelte.dev/e/derived_inert
5:06:23 PM [vite] (client) [console.warn] https://svelte.dev/e/derived_inert
5:06:23 PM [vite] (client) [console.warn] https://svelte.dev/e/derived_inert
5:06:23 PM [vite] (client) [console.warn] https://svelte.dev/e/derived_inert
5:06:23 PM [vite] (client) [console.warn] https://svelte.dev/e/derived_inert
5:06:23 PM [vite] (client) [console.warn] https://svelte.dev/e/derived_inert
5:06:23 PM [vite] (client) [console.warn] https://svelte.dev/e/derived_inert
5:06:24 PM [vite] (client) [console.warn] https://svelte.dev/e/derived_inert
5:06:24 PM [vite] (client) [console.warn] https://svelte.dev/e/derived_inert
5:06:24 PM [vite] (client) [console.warn] https://svelte.dev/e/derived_inert
5:06:24 PM [vite] (client) [console.warn] https://svelte.dev/e/derived_inert
5:06:24 PM [vite] (client) [console.warn] https://svelte.dev/e/derived_inert
5:06:24 PM [vite] (client) [console.warn] https://svelte.dev/e/derived_inert
5:06:24 PM [vite] (client) [console.warn] https://svelte.dev/e/derived_inert
5:06:24 PM [vite] (client) [console.warn] https://svelte.dev/e/derived_inert
5:06:24 PM [vite] (client) [console.warn] https://svelte.dev/e/derived_inert
5:06:24 PM [vite] (client) [console.warn] https://svelte.dev/e/derived_inert
5:06:24 PM [vite] (client) [console.warn] https://svelte.dev/e/derived_inert
5:06:24 PM [vite] (client) [console.warn] https://svelte.dev/e/derived_inert
5:06:24 PM [vite] (client) [console.warn] https://svelte.dev/e/derived_inert
5:06:24 PM [vite] (client) [console.warn] https://svelte.dev/e/derived_inert
5:06:24 PM [vite] (client) [console.warn] https://svelte.dev/e/derived_inert
5:06:24 PM [vite] (client) [console.warn] https://svelte.dev/e/derived_inert
5:06:24 PM [vite] (client) [console.warn] https://svelte.dev/e/derived_inert
5:06:24 PM [vite] (client) [console.warn] https://svelte.dev/e/derived_inert
5:06:24 PM [vite] (client) [console.warn] https://svelte.dev/e/derived_inert
5:06:24 PM [vite] (client) [console.warn] https://svelte.dev/e/derived_inert
5:06:24 PM [vite] (client) [console.warn] https://svelte.dev/e/derived_inert
5:06:24 PM [vite] (client) [console.warn] https://svelte.dev/e/derived_inert
5:06:24 PM [vite] (client) [console.warn] https://svelte.dev/e/derived_inert
5:06:24 PM [vite] (client) [console.warn] https://svelte.dev/e/derived_inert
5:06:24 PM [vite] (client) [console.warn] https://svelte.dev/e/derived_inert
5:06:24 PM [vite] (client) [console.warn] https://svelte.dev/e/derived_inert
5:06:24 PM [vite] (client) [console.warn] https://svelte.dev/e/derived_inert
5:06:24 PM [vite] (client) [console.warn] https://svelte.dev/e/derived_inert
5:06:24 PM [vite] (client) [console.warn] https://svelte.dev/e/derived_inert
5:06:24 PM [vite] (client) [console.warn] https://svelte.dev/e/derived_inert
5:06:24 PM [vite] (client) [console.warn] https://svelte.dev/e/derived_inert
5:06:24 PM [vite] (client) [console.warn] https://svelte.dev/e/derived_inert
5:06:24 PM [vite] (client) [console.warn] https://svelte.dev/e/derived_inert
5:06:25 PM [vite] (client) [console.warn] https://svelte.dev/e/derived_inert
5:06:25 PM [vite] (client) [console.warn] https://svelte.dev/e/derived_inert
5:06:25 PM [vite] (client) [console.warn] https://svelte.dev/e/derived_inert
5:06:25 PM [vite] (client) [console.warn] https://svelte.dev/e/derived_inert
5:06:25 PM [vite] (client) [console.warn] https://svelte.dev/e/derived_inert
5:06:25 PM [vite] (client) [console.warn] https://svelte.dev/e/derived_inert
5:06:25 PM [vite] (client) [console.warn] https://svelte.dev/e/derived_inert
5:06:25 PM [vite] (client) [console.warn] https://svelte.dev/e/derived_inert
5:06:25 PM [vite] (client) [console.warn] https://svelte.dev/e/derived_inert
5:06:25 PM [vite] (client) [console.warn] https://svelte.dev/e/derived_inert
5:06:25 PM [vite] (client) [console.warn] https://svelte.dev/e/derived_inert
5:06:25 PM [vite] (client) [console.warn] https://svelte.dev/e/derived_inert
5:06:25 PM [vite] (client) [console.warn] https://svelte.dev/e/derived_inert
5:06:25 PM [vite] (client) [console.warn] https://svelte.dev/e/derived_inert
5:06:25 PM [vite] (client) [console.warn] https://svelte.dev/e/derived_inert
5:06:25 PM [vite] (client) [console.warn] https://svelte.dev/e/derived_inert
5:06:25 PM [vite] (client) [console.warn] https://svelte.dev/e/derived_inert
5:06:26 PM [vite] (client) [console.warn] https://svelte.dev/e/derived_inert
5:06:26 PM [vite] (client) [console.warn] https://svelte.dev/e/derived_inert
5:06:26 PM [vite] (client) [console.warn] https://svelte.dev/e/derived_inert
5:06:26 PM [vite] (client) [console.warn] https://svelte.dev/e/derived_inert
5:06:26 PM [vite] (client) [console.warn] https://svelte.dev/e/derived_inert
5:06:26 PM [vite] (client) [console.warn] https://svelte.dev/e/derived_inert
5:06:26 PM [vite] (client) [console.warn] https://svelte.dev/e/derived_inert
5:06:26 PM [vite] (client) [console.warn] https://svelte.dev/e/derived_inert
5:06:26 PM [vite] (client) [console.warn] https://svelte.dev/e/derived_inert
5:06:26 PM [vite] (client) [console.warn] https://svelte.dev/e/derived_inert
5:06:26 PM [vite] (client) [console.warn] https://svelte.dev/e/derived_inert
5:06:26 PM [vite] (client) [console.warn] https://svelte.dev/e/derived_inert
5:06:26 PM [vite] (client) [console.warn] https://svelte.dev/e/derived_inert
5:06:26 PM [vite] (client) [console.warn] https://svelte.dev/e/derived_inert
5:06:26 PM [vite] (client) [console.warn] https://svelte.dev/e/derived_inert
5:06:26 PM [vite] (client) [console.warn] https://svelte.dev/e/derived_inert
5:06:26 PM [vite] (client) [console.warn] https://svelte.dev/e/derived_inert
5:06:31 PM [vite] (client) [console.warn] https://svelte.dev/e/derived_inert
5:06:31 PM [vite] (client) [console.warn] https://svelte.dev/e/derived_inert
5:06:31 PM [vite] (client) [console.warn] https://svelte.dev/e/derived_inert
5:06:31 PM [vite] (client) [console.warn] https://svelte.dev/e/derived_inert
5:06:31 PM [vite] (client) [console.warn] https://svelte.dev/e/derived_inert
5:06:31 PM [vite] (client) [console.warn] https://svelte.dev/e/derived_inert
5:06:31 PM [vite] (client) [console.warn] https://svelte.dev/e/derived_inert
5:06:31 PM [vite] (client) [console.warn] https://svelte.dev/e/derived_inert
5:06:31 PM [vite] (client) [console.warn] https://svelte.dev/e/derived_inert
5:06:31 PM [vite] (client) [console.warn] https://svelte.dev/e/derived_inert
5:06:31 PM [vite] (client) [console.warn] https://svelte.dev/e/derived_inert
5:06:31 PM [vite] (client) [console.warn] https://svelte.dev/e/derived_inert
5:06:31 PM [vite] (client) [console.warn] https://svelte.dev/e/derived_inert
5:06:31 PM [vite] (client) [console.warn] https://svelte.dev/e/derived_inert
5:06:31 PM [vite] (client) [console.warn] https://svelte.dev/e/derived_inert
5:06:31 PM [vite] (client) [console.warn] https://svelte.dev/e/derived_inert
5:06:31 PM [vite] (client) [console.warn] https://svelte.dev/e/derived_inert
5:06:31 PM [vite] (client) [console.warn] https://svelte.dev/e/derived_inert
5:06:31 PM [vite] (client) [console.warn] https://svelte.dev/e/derived_inert
5:06:31 PM [vite] (client) [console.warn] https://svelte.dev/e/derived_inert
5:06:31 PM [vite] (client) [console.warn] https://svelte.dev/e/derived_inert
5:06:31 PM [vite] (client) [console.warn] https://svelte.dev/e/derived_inert
5:06:31 PM [vite] (client) [console.warn] https://svelte.dev/e/derived_inert
5:06:31 PM [vite] (client) [console.warn] https://svelte.dev/e/derived_inert
5:06:31 PM [vite] (client) [console.warn] https://svelte.dev/e/derived_inert
5:06:31 PM [vite] (client) [console.warn] https://svelte.dev/e/derived_inert
5:06:31 PM [vite] (client) [console.warn] https://svelte.dev/e/derived_inert
5:06:31 PM [vite] (client) [console.warn] https://svelte.dev/e/derived_inert
5:06:31 PM [vite] (client) [console.warn] https://svelte.dev/e/derived_inert
5:06:31 PM [vite] (client) [console.warn] https://svelte.dev/e/derived_inert
5:06:31 PM [vite] (client) [console.warn] https://svelte.dev/e/derived_inert
5:06:31 PM [vite] (client) [console.warn] https://svelte.dev/e/derived_inert
5:06:31 PM [vite] (client) [console.warn] https://svelte.dev/e/derived_inert
5:06:31 PM [vite] (client) [console.warn] https://svelte.dev/e/derived_inert
5:06:31 PM [vite] (client) [console.warn] https://svelte.dev/e/derived_inert
5:06:31 PM [vite] (client) [console.warn] https://svelte.dev/e/derived_inert
5:06:31 PM [vite] (client) [console.warn] https://svelte.dev/e/derived_inert
5:06:31 PM [vite] (client) [console.warn] https://svelte.dev/e/derived_inert
5:06:31 PM [vite] (client) [console.warn] https://svelte.dev/e/derived_inert
5:06:31 PM [vite] (client) [console.warn] https://svelte.dev/e/derived_inert
5:06:31 PM [vite] (client) [console.warn] https://svelte.dev/e/derived_inert
5:06:31 PM [vite] (client) [console.warn] https://svelte.dev/e/derived_inert
5:06:31 PM [vite] (client) [console.warn] https://svelte.dev/e/derived_inert
5:06:31 PM [vite] (client) [console.warn] https://svelte.dev/e/derived_inert
5:06:31 PM [vite] (client) [console.warn] https://svelte.dev/e/derived_inert
5:06:31 PM [vite] (client) [console.warn] https://svelte.dev/e/derived_inert
5:06:31 PM [vite] (client) [console.warn] https://svelte.dev/e/derived_inert
5:06:31 PM [vite] (client) [console.warn] https://svelte.dev/e/derived_inert
5:06:31 PM [vite] (client) [console.warn] https://svelte.dev/e/derived_inert
5:06:31 PM [vite] (client) [console.warn] https://svelte.dev/e/derived_inert
5:06:31 PM [vite] (client) [console.warn] https://svelte.dev/e/derived_inert
5:06:31 PM [vite] (client) [console.warn] https://svelte.dev/e/derived_inert
5:06:31 PM [vite] (client) [console.warn] https://svelte.dev/e/derived_inert
5:06:31 PM [vite] (client) [console.warn] https://svelte.dev/e/derived_inert
5:06:31 PM [vite] (client) [console.warn] https://svelte.dev/e/derived_inert
5:06:31 PM [vite] (client) [console.warn] https://svelte.dev/e/derived_inert
5:06:31 PM [vite] (client) [console.warn] https://svelte.dev/e/derived_inert
5:06:31 PM [vite] (client) [console.warn] https://svelte.dev/e/derived_inert
5:06:31 PM [vite] (client) [console.warn] https://svelte.dev/e/derived_inert
5:06:31 PM [vite] (client) [console.warn] https://svelte.dev/e/derived_inert
5:06:31 PM [vite] (client) [console.warn] https://svelte.dev/e/derived_inert
5:06:31 PM [vite] (client) [console.warn] https://svelte.dev/e/derived_inert
5:06:31 PM [vite] (client) [console.warn] https://svelte.dev/e/derived_inert
5:06:31 PM [vite] (client) [console.warn] https://svelte.dev/e/derived_inert
5:06:31 PM [vite] (client) [console.warn] https://svelte.dev/e/derived_inert
5:06:31 PM [vite] (client) [console.warn] https://svelte.dev/e/derived_inert
5:06:31 PM [vite] (client) [console.warn] https://svelte.dev/e/derived_inert
5:06:31 PM [vite] (client) [console.warn] https://svelte.dev/e/derived_inert
5:06:31 PM [vite] (client) [console.warn] https://svelte.dev/e/derived_inert
5:06:31 PM [vite] (client) [console.warn] https://svelte.dev/e/derived_inert
5:06:31 PM [vite] (client) [console.warn] https://svelte.dev/e/derived_inert
5:06:31 PM [vite] (client) [console.warn] https://svelte.dev/e/derived_inert
5:06:31 PM [vite] (client) [console.warn] https://svelte.dev/e/derived_inert
5:06:31 PM [vite] (client) [console.warn] https://svelte.dev/e/derived_inert
5:06:31 PM [vite] (client) [console.warn] https://svelte.dev/e/derived_inert
5:06:31 PM [vite] (client) [console.warn] https://svelte.dev/e/derived_inert
5:06:31 PM [vite] (client) [console.warn] https://svelte.dev/e/derived_inert
5:06:31 PM [vite] (client) [console.warn] https://svelte.dev/e/derived_inert
5:06:31 PM [vite] (client) [console.warn] https://svelte.dev/e/derived_inert
5:06:31 PM [vite] (client) [console.warn] https://svelte.dev/e/derived_inert
5:06:31 PM [vite] (client) [console.warn] https://svelte.dev/e/derived_inert
5:06:31 PM [vite] (client) [console.warn] https://svelte.dev/e/derived_inert
5:06:31 PM [vite] (client) [console.warn] https://svelte.dev/e/derived_inert
5:06:31 PM [vite] (client) [console.warn] https://svelte.dev/e/derived_inert
5:06:31 PM [vite] (client) [console.warn] https://svelte.dev/e/derived_inert
5:06:31 PM [vite] (client) [console.warn] https://svelte.dev/e/derived_inert
5:06:31 PM [vite] (client) [console.warn] https://svelte.dev/e/derived_inert
5:06:31 PM [vite] (client) [console.warn] https://svelte.dev/e/derived_inert
5:06:31 PM [vite] (client) [console.warn] https://svelte.dev/e/derived_inert
5:06:31 PM [vite] (client) [console.warn] https://svelte.dev/e/derived_inert
5:06:31 PM [vite] (client) [console.warn] https://svelte.dev/e/derived_inert
5:06:31 PM [vite] (client) [console.warn] https://svelte.dev/e/derived_inert
5:06:31 PM [vite] (client) [console.warn] https://svelte.dev/e/derived_inert
5:06:31 PM [vite] (client) [console.warn] https://svelte.dev/e/derived_inert
5:06:31 PM [vite] (client) [console.warn] https://svelte.dev/e/derived_inert
5:06:31 PM [vite] (client) [console.warn] https://svelte.dev/e/derived_inert
5:06:31 PM [vite] (client) [console.warn] https://svelte.dev/e/derived_inert
5:06:31 PM [vite] (client) [console.warn] https://svelte.dev/e/derived_inert
5:06:31 PM [vite] (client) [console.warn] https://svelte.dev/e/derived_inert
5:06:31 PM [vite] (client) [console.warn] https://svelte.dev/e/derived_inert
5:06:31 PM [vite] (client) [console.warn] https://svelte.dev/e/derived_inert
5:06:31 PM [vite] (client) [console.warn] https://svelte.dev/e/derived_inert
5:06:31 PM [vite] (client) [console.warn] https://svelte.dev/e/derived_inert
5:06:31 PM [vite] (client) [console.warn] https://svelte.dev/e/derived_inert
5:06:31 PM [vite] (client) [console.warn] https://svelte.dev/e/derived_inert
5:06:31 PM [vite] (client) [console.warn] https://svelte.dev/e/derived_inert
5:06:31 PM [vite] (client) [console.warn] https://svelte.dev/e/derived_inert
5:06:31 PM [vite] (client) [console.warn] https://svelte.dev/e/derived_inert
5:06:31 PM [vite] (client) [console.warn] https://svelte.dev/e/derived_inert
5:06:31 PM [vite] (client) [console.warn] https://svelte.dev/e/derived_inert
5:06:31 PM [vite] (client) [console.warn] https://svelte.dev/e/derived_inert
5:06:31 PM [vite] (client) [console.warn] https://svelte.dev/e/derived_inert
5:06:31 PM [vite] (client) [console.warn] https://svelte.dev/e/derived_inert
5:06:31 PM [vite] (client) [console.warn] https://svelte.dev/e/derived_inert
5:06:31 PM [vite] (client) [console.warn] https://svelte.dev/e/derived_inert
5:06:31 PM [vite] (client) [console.warn] https://svelte.dev/e/derived_inert
5:06:31 PM [vite] (client) [console.warn] https://svelte.dev/e/derived_inert
5:06:31 PM [vite] (client) [console.warn] https://svelte.dev/e/derived_inert
5:06:31 PM [vite] (client) [console.warn] https://svelte.dev/e/derived_inert
5:06:31 PM [vite] (client) [console.warn] https://svelte.dev/e/derived_inert
5:06:31 PM [vite] (client) [console.warn] https://svelte.dev/e/derived_inert
5:06:31 PM [vite] (client) [console.warn] https://svelte.dev/e/derived_inert
5:06:31 PM [vite] (client) [console.warn] https://svelte.dev/e/derived_inert
5:06:31 PM [vite] (client) [console.warn] https://svelte.dev/e/derived_inert
5:06:31 PM [vite] (client) [console.warn] https://svelte.dev/e/derived_inert
5:06:31 PM [vite] (client) [console.warn] https://svelte.dev/e/derived_inert
5:06:31 PM [vite] (client) [console.warn] https://svelte.dev/e/derived_inert
5:06:31 PM [vite] (client) [console.warn] https://svelte.dev/e/derived_inert
5:06:31 PM [vite] (client) [console.warn] https://svelte.dev/e/derived_inert
5:06:31 PM [vite] (client) [console.warn] https://svelte.dev/e/derived_inert
5:06:31 PM [vite] (client) [console.warn] https://svelte.dev/e/derived_inert
5:06:31 PM [vite] (client) [console.warn] https://svelte.dev/e/derived_inert
5:06:31 PM [vite] (client) [console.warn] https://svelte.dev/e/derived_inert
5:06:31 PM [vite] (client) [console.warn] https://svelte.dev/e/derived_inert
5:06:31 PM [vite] (client) [console.warn] https://svelte.dev/e/derived_inert
5:06:31 PM [vite] (client) [console.warn] https://svelte.dev/e/derived_inert
5:06:31 PM [vite] (client) [console.warn] https://svelte.dev/e/derived_inert
5:06:31 PM [vite] (client) [console.warn] https://svelte.dev/e/derived_inert
5:06:31 PM [vite] (client) [console.warn] https://svelte.dev/e/derived_inert
5:06:31 PM [vite] (client) [console.warn] https://svelte.dev/e/derived_inert
5:06:31 PM [vite] (client) [console.warn] https://svelte.dev/e/derived_inert
5:06:31 PM [vite] (client) [console.warn] https://svelte.dev/e/derived_inert
5:06:31 PM [vite] (client) [console.warn] https://svelte.dev/e/derived_inert
5:06:31 PM [vite] (client) [console.warn] https://svelte.dev/e/derived_inert
5:06:31 PM [vite] (client) [console.warn] https://svelte.dev/e/derived_inert
5:06:31 PM [vite] (client) [console.warn] https://svelte.dev/e/derived_inert
5:06:31 PM [vite] (client) [console.warn] https://svelte.dev/e/derived_inert
5:06:31 PM [vite] (client) [console.warn] https://svelte.dev/e/derived_inert
5:06:31 PM [vite] (client) [console.warn] https://svelte.dev/e/derived_inert
5:06:31 PM [vite] (client) [console.warn] https://svelte.dev/e/derived_inert
5:06:31 PM [vite] (client) [console.warn] https://svelte.dev/e/derived_inert
5:06:31 PM [vite] (client) [console.warn] https://svelte.dev/e/derived_inert
5:06:31 PM [vite] (client) [console.warn] https://svelte.dev/e/derived_inert
5:06:31 PM [vite] (client) [console.warn] https://svelte.dev/e/derived_inert
5:06:31 PM [vite] (client) [console.warn] https://svelte.dev/e/derived_inert
5:06:31 PM [vite] (client) [console.warn] https://svelte.dev/e/derived_inert
5:06:31 PM [vite] (client) [console.warn] https://svelte.dev/e/derived_inert
5:06:31 PM [vite] (client) [console.warn] https://svelte.dev/e/derived_inert
5:06:31 PM [vite] (client) [console.warn] https://svelte.dev/e/derived_inert
5:06:31 PM [vite] (client) [console.warn] https://svelte.dev/e/derived_inert
5:06:31 PM [vite] (client) [console.warn] https://svelte.dev/e/derived_inert
5:06:31 PM [vite] (client) [console.warn] https://svelte.dev/e/derived_inert
5:06:31 PM [vite] (client) [console.warn] https://svelte.dev/e/derived_inert
5:06:31 PM [vite] (client) [console.warn] https://svelte.dev/e/derived_inert
5:06:31 PM [vite] (client) [console.warn] https://svelte.dev/e/derived_inert
5:06:31 PM [vite] (client) [console.warn] https://svelte.dev/e/derived_inert
5:06:31 PM [vite] (client) [console.warn] https://svelte.dev/e/derived_inert
5:06:31 PM [vite] (client) [console.warn] https://svelte.dev/e/derived_inert
5:06:31 PM [vite] (client) [console.warn] https://svelte.dev/e/derived_inert
5:06:31 PM [vite] (client) [console.warn] https://svelte.dev/e/derived_inert
5:06:31 PM [vite] (client) [console.warn] https://svelte.dev/e/derived_inert
5:06:31 PM [vite] (client) [console.warn] https://svelte.dev/e/derived_inert
5:06:31 PM [vite] (client) [console.warn] https://svelte.dev/e/derived_inert
5:06:31 PM [vite] (client) [console.warn] https://svelte.dev/e/derived_inert
5:06:31 PM [vite] (client) [console.warn] https://svelte.dev/e/derived_inert
5:06:31 PM [vite] (client) [console.warn] https://svelte.dev/e/derived_inert
5:06:31 PM [vite] (client) [console.warn] https://svelte.dev/e/derived_inert
5:06:31 PM [vite] (client) [console.warn] https://svelte.dev/e/derived_inert
5:06:31 PM [vite] (client) [console.warn] https://svelte.dev/e/derived_inert
5:06:31 PM [vite] (client) [console.warn] https://svelte.dev/e/derived_inert
5:06:31 PM [vite] (client) [console.warn] https://svelte.dev/e/derived_inert
5:06:31 PM [vite] (client) [console.warn] https://svelte.dev/e/derived_inert
5:06:31 PM [vite] (client) [console.warn] https://svelte.dev/e/derived_inert
5:06:31 PM [vite] (client) [console.warn] https://svelte.dev/e/derived_inert
5:06:31 PM [vite] (client) [console.warn] https://svelte.dev/e/derived_inert
5:06:31 PM [vite] (client) [console.warn] https://svelte.dev/e/derived_inert
5:06:31 PM [vite] (client) [console.warn] https://svelte.dev/e/derived_inert
5:06:31 PM [vite] (client) [console.warn] https://svelte.dev/e/derived_inert
5:06:31 PM [vite] (client) [console.warn] https://svelte.dev/e/derived_inert
5:06:31 PM [vite] (client) [console.warn] https://svelte.dev/e/derived_inert
5:06:31 PM [vite] (client) [console.warn] https://svelte.dev/e/derived_inert
5:06:31 PM [vite] (client) [console.warn] https://svelte.dev/e/derived_inert
5:06:31 PM [vite] (client) [console.warn] https://svelte.dev/e/derived_inert
5:06:31 PM [vite] (client) [console.warn] https://svelte.dev/e/derived_inert
5:06:31 PM [vite] (client) [console.warn] https://svelte.dev/e/derived_inert
5:06:31 PM [vite] (client) [console.warn] https://svelte.dev/e/derived_inert
5:06:31 PM [vite] (client) [console.warn] https://svelte.dev/e/derived_inert
5:06:31 PM [vite] (client) [console.warn] https://svelte.dev/e/derived_inert
5:06:31 PM [vite] (client) [console.warn] https://svelte.dev/e/derived_inert
5:06:31 PM [vite] (client) [console.warn] https://svelte.dev/e/derived_inert
5:06:31 PM [vite] (client) [console.warn] https://svelte.dev/e/derived_inert
5:06:31 PM [vite] (client) [console.warn] https://svelte.dev/e/derived_inert
5:06:31 PM [vite] (client) [console.warn] https://svelte.dev/e/derived_inert
5:06:31 PM [vite] (client) [console.warn] https://svelte.dev/e/derived_inert
5:06:31 PM [vite] (client) [console.warn] https://svelte.dev/e/derived_inert
5:06:31 PM [vite] (client) [console.warn] https://svelte.dev/e/derived_inert
5:06:31 PM [vite] (client) [console.warn] https://svelte.dev/e/derived_inert
5:06:31 PM [vite] (client) [console.warn] https://svelte.dev/e/derived_inert
5:06:31 PM [vite] (client) [console.warn] https://svelte.dev/e/derived_inert
5:06:31 PM [vite] (client) [console.warn] https://svelte.dev/e/derived_inert
5:06:31 PM [vite] (client) [console.warn] https://svelte.dev/e/derived_inert
5:06:31 PM [vite] (client) [console.warn] https://svelte.dev/e/derived_inert
5:06:31 PM [vite] (client) [console.warn] https://svelte.dev/e/derived_inert
5:06:31 PM [vite] (client) [console.warn] https://svelte.dev/e/derived_inert
5:06:31 PM [vite] (client) [console.warn] https://svelte.dev/e/derived_inert
5:06:31 PM [vite] (client) [console.warn] https://svelte.dev/e/derived_inert
5:06:31 PM [vite] (client) [console.warn] https://svelte.dev/e/derived_inert
5:06:31 PM [vite] (client) [console.warn] https://svelte.dev/e/derived_inert
5:06:31 PM [vite] (client) [console.warn] https://svelte.dev/e/derived_inert
5:06:31 PM [vite] (client) [console.warn] https://svelte.dev/e/derived_inert
5:06:31 PM [vite] (client) [console.warn] https://svelte.dev/e/derived_inert
5:06:31 PM [vite] (client) [console.warn] https://svelte.dev/e/derived_inert
5:06:37 PM [vite] (client) [console.warn] https://svelte.dev/e/derived_inert
5:06:37 PM [vite] (client) [console.warn] https://svelte.dev/e/derived_inert
5:06:37 PM [vite] (client) [console.warn] https://svelte.dev/e/derived_inert
5:06:37 PM [vite] (client) [console.warn] https://svelte.dev/e/derived_inert
5:06:37 PM [vite] (client) [console.warn] https://svelte.dev/e/derived_inert
5:06:38 PM [vite] (client) [console.warn] https://svelte.dev/e/derived_inert
5:06:39 PM [vite] (client) [console.warn] https://svelte.dev/e/derived_inert
5:06:42 PM [vite] (client) [console.warn] https://svelte.dev/e/derived_inert
5:06:42 PM [vite] (client) [console.warn] https://svelte.dev/e/derived_inert
5:06:42 PM [vite] (client) [console.warn] https://svelte.dev/e/derived_inert
5:06:42 PM [vite] (client) [console.warn] https://svelte.dev/e/derived_inert
5:06:43 PM [vite] (client) [console.warn] https://svelte.dev/e/derived_inert
5:06:43 PM [vite] (client) [console.warn] https://svelte.dev/e/derived_inert
5:06:43 PM [vite] (client) [console.warn] https://svelte.dev/e/derived_inert
5:06:43 PM [vite] (client) [console.warn] https://svelte.dev/e/derived_inert
5:06:43 PM [vite] (client) [console.warn] https://svelte.dev/e/derived_inert
5:06:43 PM [vite] (client) [console.warn] https://svelte.dev/e/derived_inert
5:06:43 PM [vite] (client) [console.warn] https://svelte.dev/e/derived_inert
5:06:43 PM [vite] (client) [console.warn] https://svelte.dev/e/derived_inert
5:06:43 PM [vite] (client) [console.warn] https://svelte.dev/e/derived_inert
5:06:43 PM [vite] (client) [console.warn] https://svelte.dev/e/derived_inert
5:06:43 PM [vite] (client) [console.warn] https://svelte.dev/e/derived_inert
5:06:43 PM [vite] (client) [console.warn] https://svelte.dev/e/derived_inert
5:06:43 PM [vite] (client) [console.warn] https://svelte.dev/e/derived_inert
5:06:43 PM [vite] (client) [console.warn] https://svelte.dev/e/derived_inert
5:06:43 PM [vite] (client) [console.warn] https://svelte.dev/e/derived_inert
5:06:43 PM [vite] (client) [console.warn] https://svelte.dev/e/derived_inert
5:06:43 PM [vite] (client) [console.warn] https://svelte.dev/e/derived_inert
5:06:43 PM [vite] (client) [console.warn] https://svelte.dev/e/derived_inert
5:06:43 PM [vite] (client) [console.warn] https://svelte.dev/e/derived_inert
5:06:43 PM [vite] (client) [console.warn] https://svelte.dev/e/derived_inert
5:06:43 PM [vite] (client) [console.warn] https://svelte.dev/e/derived_inert
5:06:43 PM [vite] (client) [console.warn] https://svelte.dev/e/derived_inert
5:06:43 PM [vite] (client) [console.warn] https://svelte.dev/e/derived_inert
5:06:43 PM [vite] (client) [console.warn] https://svelte.dev/e/derived_inert
5:06:43 PM [vite] (client) [console.warn] https://svelte.dev/e/derived_inert
5:06:43 PM [vite] (client) [console.warn] https://svelte.dev/e/derived_inert
5:06:43 PM [vite] (client) [console.warn] https://svelte.dev/e/derived_inert
5:06:43 PM [vite] (client) [console.warn] https://svelte.dev/e/derived_inert
5:06:43 PM [vite] (client) [console.warn] https://svelte.dev/e/derived_inert
5:06:43 PM [vite] (client) [console.warn] https://svelte.dev/e/derived_inert
5:06:43 PM [vite] (client) [console.warn] https://svelte.dev/e/derived_inert
5:06:43 PM [vite] (client) [console.warn] https://svelte.dev/e/derived_inert
5:06:43 PM [vite] (client) [console.warn] https://svelte.dev/e/derived_inert
5:06:43 PM [vite] (client) [console.warn] https://svelte.dev/e/derived_inert
5:06:43 PM [vite] (client) [console.warn] https://svelte.dev/e/derived_inert
5:06:43 PM [vite] (client) [console.warn] https://svelte.dev/e/derived_inert
5:06:43 PM [vite] (client) [console.warn] https://svelte.dev/e/derived_inert
5:06:43 PM [vite] (client) [console.warn] https://svelte.dev/e/derived_inert
5:06:43 PM [vite] (client) [console.warn] https://svelte.dev/e/derived_inert
5:06:43 PM [vite] (client) [console.warn] https://svelte.dev/e/derived_inert
5:06:43 PM [vite] (client) [console.warn] https://svelte.dev/e/derived_inert
5:06:43 PM [vite] (client) [console.warn] https://svelte.dev/e/derived_inert
5:06:43 PM [vite] (client) [console.warn] https://svelte.dev/e/derived_inert
5:06:43 PM [vite] (client) [console.warn] https://svelte.dev/e/derived_inert
5:06:43 PM [vite] (client) [console.warn] https://svelte.dev/e/derived_inert
5:06:43 PM [vite] (client) [console.warn] https://svelte.dev/e/derived_inert
5:06:43 PM [vite] (client) [console.warn] https://svelte.dev/e/derived_inert
5:06:43 PM [vite] (client) [console.warn] https://svelte.dev/e/derived_inert
5:06:43 PM [vite] (client) [console.warn] https://svelte.dev/e/derived_inert
5:06:43 PM [vite] (client) [console.warn] https://svelte.dev/e/derived_inert
5:06:43 PM [vite] (client) [console.warn] https://svelte.dev/e/derived_inert
5:06:43 PM [vite] (client) [console.warn] https://svelte.dev/e/derived_inert
5:06:43 PM [vite] (client) [console.warn] https://svelte.dev/e/derived_inert
5:06:43 PM [vite] (client) [console.warn] https://svelte.dev/e/derived_inert
5:06:43 PM [vite] (client) [console.warn] https://svelte.dev/e/derived_inert
5:06:43 PM [vite] (client) [console.warn] https://svelte.dev/e/derived_inert
5:06:43 PM [vite] (client) [console.warn] https://svelte.dev/e/derived_inert
5:06:43 PM [vite] (client) [console.warn] https://svelte.dev/e/derived_inert
5:06:43 PM [vite] (client) [console.warn] https://svelte.dev/e/derived_inert
5:06:43 PM [vite] (client) [console.warn] https://svelte.dev/e/derived_inert
5:06:43 PM [vite] (client) [console.warn] https://svelte.dev/e/derived_inert
5:06:43 PM [vite] (client) [console.warn] https://svelte.dev/e/derived_inert
5:06:43 PM [vite] (client) [console.warn] https://svelte.dev/e/derived_inert
5:06:43 PM [vite] (client) [console.warn] https://svelte.dev/e/derived_inert
5:06:43 PM [vite] (client) [console.warn] https://svelte.dev/e/derived_inert
5:06:43 PM [vite] (client) [console.warn] https://svelte.dev/e/derived_inert
5:06:43 PM [vite] (client) [console.warn] https://svelte.dev/e/derived_inert
5:06:43 PM [vite] (client) [console.warn] https://svelte.dev/e/derived_inert
5:06:43 PM [vite] (client) [console.warn] https://svelte.dev/e/derived_inert
5:06:43 PM [vite] (client) [console.warn] https://svelte.dev/e/derived_inert
5:06:43 PM [vite] (client) [console.warn] https://svelte.dev/e/derived_inert
5:06:43 PM [vite] (client) [console.warn] https://svelte.dev/e/derived_inert
5:06:43 PM [vite] (client) [console.warn] https://svelte.dev/e/derived_inert
5:06:43 PM [vite] (client) [console.warn] https://svelte.dev/e/derived_inert
5:06:43 PM [vite] (client) [console.warn] https://svelte.dev/e/derived_inert
5:06:43 PM [vite] (client) [console.warn] https://svelte.dev/e/derived_inert
5:06:43 PM [vite] (client) [console.warn] https://svelte.dev/e/derived_inert
5:06:43 PM [vite] (client) [console.warn] https://svelte.dev/e/derived_inert
5:06:43 PM [vite] (client) [console.warn] https://svelte.dev/e/derived_inert
5:06:43 PM [vite] (client) [console.warn] https://svelte.dev/e/derived_inert
5:06:43 PM [vite] (client) [console.warn] https://svelte.dev/e/derived_inert
5:06:43 PM [vite] (client) [console.warn] https://svelte.dev/e/derived_inert
5:06:43 PM [vite] (client) [console.warn] https://svelte.dev/e/derived_inert
5:06:43 PM [vite] (client) [console.warn] https://svelte.dev/e/derived_inert
5:06:43 PM [vite] (client) [console.warn] https://svelte.dev/e/derived_inert
5:06:43 PM [vite] (client) [console.warn] https://svelte.dev/e/derived_inert
5:06:43 PM [vite] (client) [console.warn] https://svelte.dev/e/derived_inert
5:06:43 PM [vite] (client) [console.warn] https://svelte.dev/e/derived_inert
5:06:43 PM [vite] (client) [console.warn] https://svelte.dev/e/derived_inert
5:06:43 PM [vite] (client) [console.warn] https://svelte.dev/e/derived_inert
5:06:43 PM [vite] (client) [console.warn] https://svelte.dev/e/derived_inert
5:06:43 PM [vite] (client) [console.warn] https://svelte.dev/e/derived_inert
5:06:43 PM [vite] (client) [console.warn] https://svelte.dev/e/derived_inert
5:06:43 PM [vite] (client) [console.warn] https://svelte.dev/e/derived_inert
5:06:43 PM [vite] (client) [console.warn] https://svelte.dev/e/derived_inert
5:06:43 PM [vite] (client) [console.warn] https://svelte.dev/e/derived_inert
5:06:43 PM [vite] (client) [console.warn] https://svelte.dev/e/derived_inert
5:06:43 PM [vite] (client) [console.warn] https://svelte.dev/e/derived_inert
5:06:43 PM [vite] (client) [console.warn] https://svelte.dev/e/derived_inert
5:06:43 PM [vite] (client) [console.warn] https://svelte.dev/e/derived_inert
5:06:43 PM [vite] (client) [console.warn] https://svelte.dev/e/derived_inert
5:06:43 PM [vite] (client) [console.warn] https://svelte.dev/e/derived_inert
5:06:43 PM [vite] (client) [console.warn] https://svelte.dev/e/derived_inert
5:06:43 PM [vite] (client) [console.warn] https://svelte.dev/e/derived_inert
5:06:43 PM [vite] (client) [console.warn] https://svelte.dev/e/derived_inert
5:06:43 PM [vite] (client) [console.warn] https://svelte.dev/e/derived_inert
5:06:43 PM [vite] (client) [console.warn] https://svelte.dev/e/derived_inert
5:06:43 PM [vite] (client) [console.warn] https://svelte.dev/e/derived_inert
5:06:43 PM [vite] (client) [console.warn] https://svelte.dev/e/derived_inert
5:06:43 PM [vite] (client) [console.warn] https://svelte.dev/e/derived_inert
5:06:43 PM [vite] (client) [console.warn] https://svelte.dev/e/derived_inert
5:06:43 PM [vite] (client) [console.warn] https://svelte.dev/e/derived_inert
5:06:43 PM [vite] (client) [console.warn] https://svelte.dev/e/derived_inert
5:06:43 PM [vite] (client) [console.warn] https://svelte.dev/e/derived_inert
5:06:43 PM [vite] (client) [console.warn] https://svelte.dev/e/derived_inert
5:06:43 PM [vite] (client) [console.warn] https://svelte.dev/e/derived_inert
5:06:43 PM [vite] (client) [console.warn] https://svelte.dev/e/derived_inert
5:06:43 PM [vite] (client) [console.warn] https://svelte.dev/e/derived_inert
5:06:43 PM [vite] (client) [console.warn] https://svelte.dev/e/derived_inert
5:06:43 PM [vite] (client) [console.warn] https://svelte.dev/e/derived_inert
5:06:43 PM [vite] (client) [console.warn] https://svelte.dev/e/derived_inert
5:06:43 PM [vite] (client) [console.warn] https://svelte.dev/e/derived_inert
5:06:43 PM [vite] (client) [console.warn] https://svelte.dev/e/derived_inert
5:06:43 PM [vite] (client) [console.warn] https://svelte.dev/e/derived_inert
5:06:44 PM [vite] (client) [console.warn] https://svelte.dev/e/derived_inert

 Test Files  53 passed (53)
      Tests  315 passed (315)
   Start at  17:06:01
   Duration  44.46s (transform 0ms, setup 1.07s, import 19.41s, tests 18.18s, environment 0ms)

