
> banhall-app@0.1.0 test:component
> vitest run --config vitest.component.config.ts

5:18:12 PM [vite-plugin-svelte] no Svelte config found at /Users/johnnynguyen/Documents/Repos/Banhall-bmad-review-menu-verification - using default configuration.

 RUN  v4.1.10 /Users/johnnynguyen/Documents/Repos/Banhall-bmad-review-menu-verification

5:18:12 PM [vite-plugin-svelte] no Svelte config found at /Users/johnnynguyen/Documents/Repos/Banhall-bmad-review-menu-verification - using default configuration.
5:18:22 PM [vite] (client) [console.warn] https://svelte.dev/e/derived_inert
5:18:22 PM [vite] (client) [console.warn] https://svelte.dev/e/derived_inert
5:18:22 PM [vite] (client) [console.warn] https://svelte.dev/e/derived_inert
5:18:22 PM [vite] (client) [console.warn] https://svelte.dev/e/derived_inert
5:18:22 PM [vite] (client) [console.warn] https://svelte.dev/e/derived_inert
5:18:22 PM [vite] (client) [console.warn] https://svelte.dev/e/derived_inert
5:18:22 PM [vite] (client) [console.warn] https://svelte.dev/e/derived_inert
5:18:22 PM [vite] (client) [console.warn] https://svelte.dev/e/derived_inert
5:18:22 PM [vite] (client) [console.warn] https://svelte.dev/e/derived_inert
5:18:22 PM [vite] (client) [console.warn] https://svelte.dev/e/derived_inert
5:18:22 PM [vite] (client) [console.warn] https://svelte.dev/e/derived_inert
5:18:22 PM [vite] (client) [console.warn] https://svelte.dev/e/derived_inert
5:18:22 PM [vite] (client) [console.warn] https://svelte.dev/e/derived_inert
5:18:23 PM [vite] (client) [console.warn] https://svelte.dev/e/derived_inert
5:18:23 PM [vite] (client) [console.warn] https://svelte.dev/e/derived_inert
5:18:23 PM [vite] (client) [console.warn] https://svelte.dev/e/derived_inert
5:18:23 PM [vite] (client) [console.warn] https://svelte.dev/e/derived_inert
5:18:23 PM [vite] (client) [console.warn] https://svelte.dev/e/derived_inert
5:18:23 PM [vite] (client) [console.warn] https://svelte.dev/e/derived_inert
5:18:23 PM [vite] (client) [console.warn] https://svelte.dev/e/derived_inert
5:18:23 PM [vite] (client) [console.warn] https://svelte.dev/e/derived_inert
5:18:23 PM [vite] (client) [console.warn] https://svelte.dev/e/derived_inert
5:18:23 PM [vite] (client) [console.warn] https://svelte.dev/e/derived_inert
5:18:23 PM [vite] (client) [console.warn] https://svelte.dev/e/derived_inert
5:18:23 PM [vite] (client) [console.warn] https://svelte.dev/e/derived_inert
5:18:23 PM [vite] (client) [console.warn] https://svelte.dev/e/derived_inert
5:18:23 PM [vite] (client) [console.warn] https://svelte.dev/e/derived_inert
5:18:23 PM [vite] (client) [console.warn] https://svelte.dev/e/derived_inert
5:18:23 PM [vite] (client) [console.warn] https://svelte.dev/e/derived_inert
5:18:23 PM [vite] (client) [console.warn] https://svelte.dev/e/derived_inert
5:18:23 PM [vite] (client) [console.warn] https://svelte.dev/e/derived_inert
5:18:23 PM [vite] (client) [console.warn] https://svelte.dev/e/derived_inert
5:18:23 PM [vite] (client) [console.warn] https://svelte.dev/e/derived_inert
5:18:23 PM [vite] (client) [console.warn] https://svelte.dev/e/derived_inert
5:18:23 PM [vite] (client) [console.warn] https://svelte.dev/e/derived_inert
5:18:23 PM [vite] (client) [console.warn] https://svelte.dev/e/derived_inert
5:18:23 PM [vite] (client) [console.warn] https://svelte.dev/e/derived_inert
5:18:23 PM [vite] (client) [console.warn] https://svelte.dev/e/derived_inert
5:18:23 PM [vite] (client) [console.warn] https://svelte.dev/e/derived_inert
5:18:23 PM [vite] (client) [console.warn] https://svelte.dev/e/derived_inert
5:18:23 PM [vite] (client) [console.warn] https://svelte.dev/e/derived_inert
5:18:23 PM [vite] (client) [console.warn] https://svelte.dev/e/derived_inert
5:18:23 PM [vite] (client) [console.warn] https://svelte.dev/e/derived_inert
5:18:23 PM [vite] (client) [console.warn] https://svelte.dev/e/derived_inert
5:18:23 PM [vite] (client) [console.warn] https://svelte.dev/e/derived_inert
5:18:23 PM [vite] (client) [console.warn] https://svelte.dev/e/derived_inert
5:18:23 PM [vite] (client) [console.warn] https://svelte.dev/e/derived_inert
5:18:23 PM [vite] (client) [console.warn] https://svelte.dev/e/derived_inert
5:18:23 PM [vite] (client) [console.warn] https://svelte.dev/e/derived_inert
5:18:23 PM [vite] (client) [console.warn] https://svelte.dev/e/derived_inert
5:18:23 PM [vite] (client) [console.warn] https://svelte.dev/e/derived_inert
5:18:23 PM [vite] (client) [console.warn] https://svelte.dev/e/derived_inert
5:18:23 PM [vite] (client) [console.warn] https://svelte.dev/e/derived_inert
5:18:23 PM [vite] (client) [console.warn] https://svelte.dev/e/derived_inert
5:18:23 PM [vite] (client) [console.warn] https://svelte.dev/e/derived_inert
5:18:23 PM [vite] (client) [console.warn] https://svelte.dev/e/derived_inert
5:18:23 PM [vite] (client) [console.warn] https://svelte.dev/e/derived_inert
5:18:24 PM [vite] (client) [console.warn] https://svelte.dev/e/derived_inert
5:18:24 PM [vite] (client) [console.warn] https://svelte.dev/e/derived_inert
5:18:24 PM [vite] (client) [console.warn] https://svelte.dev/e/derived_inert
5:18:24 PM [vite] (client) [console.warn] https://svelte.dev/e/derived_inert
5:18:24 PM [vite] (client) [console.warn] https://svelte.dev/e/derived_inert
5:18:24 PM [vite] (client) [console.warn] https://svelte.dev/e/derived_inert
5:18:24 PM [vite] (client) [console.warn] https://svelte.dev/e/derived_inert
5:18:24 PM [vite] (client) [console.warn] https://svelte.dev/e/derived_inert
5:18:24 PM [vite] (client) [console.warn] https://svelte.dev/e/derived_inert
5:18:24 PM [vite] (client) [console.warn] https://svelte.dev/e/derived_inert
5:18:24 PM [vite] (client) [console.warn] https://svelte.dev/e/derived_inert
5:18:24 PM [vite] (client) [console.warn] https://svelte.dev/e/derived_inert
5:18:24 PM [vite] (client) [console.warn] https://svelte.dev/e/derived_inert
5:18:24 PM [vite] (client) [console.warn] https://svelte.dev/e/derived_inert
5:18:24 PM [vite] (client) [console.warn] https://svelte.dev/e/derived_inert
5:18:24 PM [vite] (client) [console.warn] https://svelte.dev/e/derived_inert
5:18:24 PM [vite] (client) [console.warn] https://svelte.dev/e/derived_inert
5:18:24 PM [vite] (client) [console.warn] https://svelte.dev/e/derived_inert
5:18:24 PM [vite] (client) [console.warn] https://svelte.dev/e/derived_inert
5:18:24 PM [vite] (client) [console.warn] https://svelte.dev/e/derived_inert
5:18:24 PM [vite] (client) [console.warn] https://svelte.dev/e/derived_inert
5:18:24 PM [vite] (client) [console.warn] https://svelte.dev/e/derived_inert
5:18:24 PM [vite] (client) [console.warn] https://svelte.dev/e/derived_inert
5:18:24 PM [vite] (client) [console.warn] https://svelte.dev/e/derived_inert
5:18:24 PM [vite] (client) [console.warn] https://svelte.dev/e/derived_inert
5:18:24 PM [vite] (client) [console.warn] https://svelte.dev/e/derived_inert
5:18:24 PM [vite] (client) [console.warn] https://svelte.dev/e/derived_inert
5:18:24 PM [vite] (client) [console.warn] https://svelte.dev/e/derived_inert
5:18:24 PM [vite] (client) [console.warn] https://svelte.dev/e/derived_inert
5:18:24 PM [vite] (client) [console.warn] https://svelte.dev/e/derived_inert
5:18:24 PM [vite] (client) [console.warn] https://svelte.dev/e/derived_inert
5:18:24 PM [vite] (client) [console.warn] https://svelte.dev/e/derived_inert
5:18:24 PM [vite] (client) [console.warn] https://svelte.dev/e/derived_inert
5:18:24 PM [vite] (client) [console.warn] https://svelte.dev/e/derived_inert
5:18:24 PM [vite] (client) [console.warn] https://svelte.dev/e/derived_inert
5:18:24 PM [vite] (client) [console.warn] https://svelte.dev/e/derived_inert
5:18:24 PM [vite] (client) [console.warn] https://svelte.dev/e/derived_inert
5:18:24 PM [vite] (client) [console.warn] https://svelte.dev/e/derived_inert
5:18:24 PM [vite] (client) [console.warn] https://svelte.dev/e/derived_inert
5:18:24 PM [vite] (client) [console.warn] https://svelte.dev/e/derived_inert
5:18:24 PM [vite] (client) [console.warn] https://svelte.dev/e/derived_inert
5:18:24 PM [vite] (client) [console.warn] https://svelte.dev/e/derived_inert
5:18:24 PM [vite] (client) [console.warn] https://svelte.dev/e/derived_inert
5:18:24 PM [vite] (client) [console.warn] https://svelte.dev/e/derived_inert
5:18:24 PM [vite] (client) [console.warn] https://svelte.dev/e/derived_inert
5:18:24 PM [vite] (client) [console.warn] https://svelte.dev/e/derived_inert
5:18:24 PM [vite] (client) [console.warn] https://svelte.dev/e/derived_inert
5:18:24 PM [vite] (client) [console.warn] https://svelte.dev/e/derived_inert
5:18:24 PM [vite] (client) [console.warn] https://svelte.dev/e/derived_inert
5:18:24 PM [vite] (client) [console.warn] https://svelte.dev/e/derived_inert
5:18:25 PM [vite] (client) [console.warn] https://svelte.dev/e/derived_inert
5:18:25 PM [vite] (client) [console.warn] https://svelte.dev/e/derived_inert
5:18:25 PM [vite] (client) [console.warn] https://svelte.dev/e/derived_inert
5:18:25 PM [vite] (client) [console.warn] https://svelte.dev/e/derived_inert
5:18:25 PM [vite] (client) [console.warn] https://svelte.dev/e/derived_inert
5:18:25 PM [vite] (client) [console.warn] https://svelte.dev/e/derived_inert
5:18:25 PM [vite] (client) [console.warn] https://svelte.dev/e/derived_inert
5:18:25 PM [vite] (client) [console.warn] https://svelte.dev/e/derived_inert
5:18:25 PM [vite] (client) [console.warn] https://svelte.dev/e/derived_inert
5:18:25 PM [vite] (client) [console.warn] https://svelte.dev/e/derived_inert
5:18:25 PM [vite] (client) [console.warn] https://svelte.dev/e/derived_inert
5:18:25 PM [vite] (client) [console.warn] https://svelte.dev/e/derived_inert
5:18:25 PM [vite] (client) [console.warn] https://svelte.dev/e/derived_inert
5:18:25 PM [vite] (client) [console.warn] https://svelte.dev/e/derived_inert
5:18:25 PM [vite] (client) [console.warn] https://svelte.dev/e/derived_inert
5:18:26 PM [vite] (client) [console.warn] https://svelte.dev/e/derived_inert
5:18:26 PM [vite] (client) [console.warn] https://svelte.dev/e/derived_inert
5:18:26 PM [vite] (client) [console.warn] https://svelte.dev/e/derived_inert
5:18:26 PM [vite] (client) [console.warn] https://svelte.dev/e/derived_inert
5:18:26 PM [vite] (client) [console.warn] https://svelte.dev/e/derived_inert
5:18:26 PM [vite] (client) [console.warn] https://svelte.dev/e/derived_inert
5:18:26 PM [vite] (client) [console.warn] https://svelte.dev/e/derived_inert
5:18:26 PM [vite] (client) [console.warn] https://svelte.dev/e/derived_inert
5:18:26 PM [vite] (client) [console.warn] https://svelte.dev/e/derived_inert
5:18:26 PM [vite] (client) [console.warn] https://svelte.dev/e/derived_inert
5:18:26 PM [vite] (client) [console.warn] https://svelte.dev/e/derived_inert
5:18:26 PM [vite] (client) [console.warn] https://svelte.dev/e/derived_inert
5:18:26 PM [vite] (client) [console.warn] https://svelte.dev/e/derived_inert
5:18:26 PM [vite] (client) [console.warn] https://svelte.dev/e/derived_inert
5:18:26 PM [vite] (client) [console.warn] https://svelte.dev/e/derived_inert
5:18:26 PM [vite] (client) [console.warn] https://svelte.dev/e/derived_inert
5:18:26 PM [vite] (client) [console.warn] https://svelte.dev/e/derived_inert
5:18:26 PM [vite] (client) [console.warn] https://svelte.dev/e/derived_inert
5:18:26 PM [vite] (client) [console.warn] https://svelte.dev/e/derived_inert
5:18:26 PM [vite] (client) [console.warn] https://svelte.dev/e/derived_inert
5:18:26 PM [vite] (client) [console.warn] https://svelte.dev/e/derived_inert
5:18:26 PM [vite] (client) [console.warn] https://svelte.dev/e/derived_inert
5:18:26 PM [vite] (client) [console.warn] https://svelte.dev/e/derived_inert
5:18:26 PM [vite] (client) [console.warn] https://svelte.dev/e/derived_inert
5:18:26 PM [vite] (client) [console.warn] https://svelte.dev/e/derived_inert
5:18:26 PM [vite] (client) [console.warn] https://svelte.dev/e/derived_inert
5:18:26 PM [vite] (client) [console.warn] https://svelte.dev/e/derived_inert
5:18:26 PM [vite] (client) [console.warn] https://svelte.dev/e/derived_inert
5:18:26 PM [vite] (client) [console.warn] https://svelte.dev/e/derived_inert
5:18:26 PM [vite] (client) [console.warn] https://svelte.dev/e/derived_inert
5:18:26 PM [vite] (client) [console.warn] https://svelte.dev/e/derived_inert
5:18:26 PM [vite] (client) [console.warn] https://svelte.dev/e/derived_inert
5:18:26 PM [vite] (client) [console.warn] https://svelte.dev/e/derived_inert
5:18:27 PM [vite] (client) [console.warn] https://svelte.dev/e/derived_inert
5:18:27 PM [vite] (client) [console.warn] https://svelte.dev/e/derived_inert
5:18:27 PM [vite] (client) [console.warn] https://svelte.dev/e/derived_inert
5:18:27 PM [vite] (client) [console.warn] https://svelte.dev/e/derived_inert
5:18:27 PM [vite] (client) [console.warn] https://svelte.dev/e/derived_inert
5:18:27 PM [vite] (client) [console.warn] https://svelte.dev/e/derived_inert
5:18:27 PM [vite] (client) [console.warn] https://svelte.dev/e/derived_inert
5:18:27 PM [vite] (client) [console.warn] https://svelte.dev/e/derived_inert
5:18:27 PM [vite] (client) [console.warn] https://svelte.dev/e/derived_inert
5:18:27 PM [vite] (client) [console.warn] https://svelte.dev/e/derived_inert
5:18:27 PM [vite] (client) [console.warn] https://svelte.dev/e/derived_inert
5:18:27 PM [vite] (client) [console.warn] https://svelte.dev/e/derived_inert
5:18:28 PM [vite] (client) [console.warn] https://svelte.dev/e/derived_inert
5:18:28 PM [vite] (client) [console.warn] https://svelte.dev/e/derived_inert
5:18:28 PM [vite] (client) [console.warn] https://svelte.dev/e/derived_inert
5:18:28 PM [vite] (client) [console.warn] https://svelte.dev/e/derived_inert
5:18:28 PM [vite] (client) [console.warn] https://svelte.dev/e/derived_inert
5:18:28 PM [vite] (client) [console.warn] https://svelte.dev/e/derived_inert
5:18:28 PM [vite] (client) [console.warn] https://svelte.dev/e/derived_inert
5:18:28 PM [vite] (client) [console.warn] https://svelte.dev/e/derived_inert
5:18:28 PM [vite] (client) [console.warn] https://svelte.dev/e/derived_inert
5:18:28 PM [vite] (client) [console.warn] https://svelte.dev/e/derived_inert
5:18:28 PM [vite] (client) [console.warn] https://svelte.dev/e/derived_inert
5:18:28 PM [vite] (client) [console.warn] https://svelte.dev/e/derived_inert
5:18:28 PM [vite] (client) [console.warn] https://svelte.dev/e/derived_inert
5:18:28 PM [vite] (client) [console.warn] https://svelte.dev/e/derived_inert
5:18:28 PM [vite] (client) [console.warn] https://svelte.dev/e/derived_inert
5:18:28 PM [vite] (client) [console.warn] https://svelte.dev/e/derived_inert
5:18:28 PM [vite] (client) [console.warn] https://svelte.dev/e/derived_inert
5:18:28 PM [vite] (client) [console.warn] https://svelte.dev/e/derived_inert
5:18:28 PM [vite] (client) [console.warn] https://svelte.dev/e/derived_inert
5:18:28 PM [vite] (client) [console.warn] https://svelte.dev/e/derived_inert
5:18:28 PM [vite] (client) [console.warn] https://svelte.dev/e/derived_inert
5:18:29 PM [vite] (client) [console.warn] https://svelte.dev/e/derived_inert
5:18:29 PM [vite] (client) [console.warn] https://svelte.dev/e/derived_inert
5:18:29 PM [vite] (client) [console.warn] https://svelte.dev/e/derived_inert
5:18:29 PM [vite] (client) [console.warn] https://svelte.dev/e/derived_inert
5:18:29 PM [vite] (client) [console.warn] https://svelte.dev/e/derived_inert
5:18:29 PM [vite] (client) [console.warn] https://svelte.dev/e/derived_inert
5:18:29 PM [vite] (client) [console.warn] https://svelte.dev/e/derived_inert
5:18:29 PM [vite] (client) [console.warn] https://svelte.dev/e/derived_inert
5:18:29 PM [vite] (client) [console.warn] https://svelte.dev/e/derived_inert
5:18:29 PM [vite] (client) [console.warn] https://svelte.dev/e/derived_inert
5:18:29 PM [vite] (client) [console.warn] https://svelte.dev/e/derived_inert
5:18:29 PM [vite] (client) [console.warn] https://svelte.dev/e/derived_inert
5:18:29 PM [vite] (client) [console.warn] https://svelte.dev/e/derived_inert
5:18:29 PM [vite] (client) [console.warn] https://svelte.dev/e/derived_inert
5:18:29 PM [vite] (client) [console.warn] https://svelte.dev/e/derived_inert
5:18:29 PM [vite] (client) [console.warn] https://svelte.dev/e/derived_inert
5:18:29 PM [vite] (client) [console.warn] https://svelte.dev/e/derived_inert
5:18:29 PM [vite] (client) [console.warn] https://svelte.dev/e/derived_inert
5:18:29 PM [vite] (client) [console.warn] https://svelte.dev/e/derived_inert
5:18:29 PM [vite] (client) [console.warn] https://svelte.dev/e/derived_inert
5:18:29 PM [vite] (client) [console.warn] https://svelte.dev/e/derived_inert
5:18:29 PM [vite] (client) [console.warn] https://svelte.dev/e/derived_inert
5:18:29 PM [vite] (client) [console.warn] https://svelte.dev/e/derived_inert
5:18:29 PM [vite] (client) [console.warn] https://svelte.dev/e/derived_inert
5:18:29 PM [vite] (client) [console.warn] https://svelte.dev/e/derived_inert
5:18:29 PM [vite] (client) [console.warn] https://svelte.dev/e/derived_inert
5:18:29 PM [vite] (client) [console.warn] https://svelte.dev/e/derived_inert
5:18:29 PM [vite] (client) [console.warn] https://svelte.dev/e/derived_inert
5:18:29 PM [vite] (client) [console.warn] https://svelte.dev/e/derived_inert
5:18:29 PM [vite] (client) [console.warn] https://svelte.dev/e/derived_inert
5:18:29 PM [vite] (client) [console.warn] https://svelte.dev/e/derived_inert
5:18:29 PM [vite] (client) [console.warn] https://svelte.dev/e/derived_inert
5:18:29 PM [vite] (client) [console.warn] https://svelte.dev/e/derived_inert
5:18:29 PM [vite] (client) [console.warn] https://svelte.dev/e/derived_inert
5:18:35 PM [vite] (client) [console.warn] https://svelte.dev/e/derived_inert
5:18:35 PM [vite] (client) [console.warn] https://svelte.dev/e/derived_inert
5:18:35 PM [vite] (client) [console.warn] https://svelte.dev/e/derived_inert
5:18:35 PM [vite] (client) [console.warn] https://svelte.dev/e/derived_inert
5:18:35 PM [vite] (client) [console.warn] https://svelte.dev/e/derived_inert
5:18:35 PM [vite] (client) [console.warn] https://svelte.dev/e/derived_inert
5:18:35 PM [vite] (client) [console.warn] https://svelte.dev/e/derived_inert
5:18:35 PM [vite] (client) [console.warn] https://svelte.dev/e/derived_inert
5:18:35 PM [vite] (client) [console.warn] https://svelte.dev/e/derived_inert
5:18:35 PM [vite] (client) [console.warn] https://svelte.dev/e/derived_inert
5:18:35 PM [vite] (client) [console.warn] https://svelte.dev/e/derived_inert
5:18:35 PM [vite] (client) [console.warn] https://svelte.dev/e/derived_inert
5:18:35 PM [vite] (client) [console.warn] https://svelte.dev/e/derived_inert
5:18:35 PM [vite] (client) [console.warn] https://svelte.dev/e/derived_inert
5:18:35 PM [vite] (client) [console.warn] https://svelte.dev/e/derived_inert
5:18:35 PM [vite] (client) [console.warn] https://svelte.dev/e/derived_inert
5:18:35 PM [vite] (client) [console.warn] https://svelte.dev/e/derived_inert
5:18:35 PM [vite] (client) [console.warn] https://svelte.dev/e/derived_inert
5:18:35 PM [vite] (client) [console.warn] https://svelte.dev/e/derived_inert
5:18:35 PM [vite] (client) [console.warn] https://svelte.dev/e/derived_inert
5:18:35 PM [vite] (client) [console.warn] https://svelte.dev/e/derived_inert
5:18:35 PM [vite] (client) [console.warn] https://svelte.dev/e/derived_inert
5:18:35 PM [vite] (client) [console.warn] https://svelte.dev/e/derived_inert
5:18:35 PM [vite] (client) [console.warn] https://svelte.dev/e/derived_inert
5:18:35 PM [vite] (client) [console.warn] https://svelte.dev/e/derived_inert
5:18:35 PM [vite] (client) [console.warn] https://svelte.dev/e/derived_inert
5:18:35 PM [vite] (client) [console.warn] https://svelte.dev/e/derived_inert
5:18:35 PM [vite] (client) [console.warn] https://svelte.dev/e/derived_inert
5:18:35 PM [vite] (client) [console.warn] https://svelte.dev/e/derived_inert
5:18:35 PM [vite] (client) [console.warn] https://svelte.dev/e/derived_inert
5:18:35 PM [vite] (client) [console.warn] https://svelte.dev/e/derived_inert
5:18:35 PM [vite] (client) [console.warn] https://svelte.dev/e/derived_inert
5:18:35 PM [vite] (client) [console.warn] https://svelte.dev/e/derived_inert
5:18:35 PM [vite] (client) [console.warn] https://svelte.dev/e/derived_inert
5:18:35 PM [vite] (client) [console.warn] https://svelte.dev/e/derived_inert
5:18:35 PM [vite] (client) [console.warn] https://svelte.dev/e/derived_inert
5:18:35 PM [vite] (client) [console.warn] https://svelte.dev/e/derived_inert
5:18:35 PM [vite] (client) [console.warn] https://svelte.dev/e/derived_inert
5:18:35 PM [vite] (client) [console.warn] https://svelte.dev/e/derived_inert
5:18:35 PM [vite] (client) [console.warn] https://svelte.dev/e/derived_inert
5:18:35 PM [vite] (client) [console.warn] https://svelte.dev/e/derived_inert
5:18:35 PM [vite] (client) [console.warn] https://svelte.dev/e/derived_inert
5:18:35 PM [vite] (client) [console.warn] https://svelte.dev/e/derived_inert
5:18:35 PM [vite] (client) [console.warn] https://svelte.dev/e/derived_inert
5:18:35 PM [vite] (client) [console.warn] https://svelte.dev/e/derived_inert
5:18:35 PM [vite] (client) [console.warn] https://svelte.dev/e/derived_inert
5:18:35 PM [vite] (client) [console.warn] https://svelte.dev/e/derived_inert
5:18:35 PM [vite] (client) [console.warn] https://svelte.dev/e/derived_inert
5:18:35 PM [vite] (client) [console.warn] https://svelte.dev/e/derived_inert
5:18:35 PM [vite] (client) [console.warn] https://svelte.dev/e/derived_inert
5:18:35 PM [vite] (client) [console.warn] https://svelte.dev/e/derived_inert
5:18:35 PM [vite] (client) [console.warn] https://svelte.dev/e/derived_inert
5:18:36 PM [vite] (client) [console.warn] https://svelte.dev/e/derived_inert
5:18:36 PM [vite] (client) [console.warn] https://svelte.dev/e/derived_inert
5:18:36 PM [vite] (client) [console.warn] https://svelte.dev/e/derived_inert
5:18:36 PM [vite] (client) [console.warn] https://svelte.dev/e/derived_inert
5:18:36 PM [vite] (client) [console.warn] https://svelte.dev/e/derived_inert
5:18:36 PM [vite] (client) [console.warn] https://svelte.dev/e/derived_inert
5:18:36 PM [vite] (client) [console.warn] https://svelte.dev/e/derived_inert
5:18:36 PM [vite] (client) [console.warn] https://svelte.dev/e/derived_inert
5:18:36 PM [vite] (client) [console.warn] https://svelte.dev/e/derived_inert
5:18:36 PM [vite] (client) [console.warn] https://svelte.dev/e/derived_inert
5:18:36 PM [vite] (client) [console.warn] https://svelte.dev/e/derived_inert
5:18:36 PM [vite] (client) [console.warn] https://svelte.dev/e/derived_inert
5:18:36 PM [vite] (client) [console.warn] https://svelte.dev/e/derived_inert
5:18:36 PM [vite] (client) [console.warn] https://svelte.dev/e/derived_inert
5:18:36 PM [vite] (client) [console.warn] https://svelte.dev/e/derived_inert
5:18:36 PM [vite] (client) [console.warn] https://svelte.dev/e/derived_inert
5:18:36 PM [vite] (client) [console.warn] https://svelte.dev/e/derived_inert
5:18:36 PM [vite] (client) [console.warn] https://svelte.dev/e/derived_inert
5:18:36 PM [vite] (client) [console.warn] https://svelte.dev/e/derived_inert
5:18:36 PM [vite] (client) [console.warn] https://svelte.dev/e/derived_inert
5:18:36 PM [vite] (client) [console.warn] https://svelte.dev/e/derived_inert
5:18:36 PM [vite] (client) [console.warn] https://svelte.dev/e/derived_inert
5:18:36 PM [vite] (client) [console.warn] https://svelte.dev/e/derived_inert
5:18:36 PM [vite] (client) [console.warn] https://svelte.dev/e/derived_inert
5:18:36 PM [vite] (client) [console.warn] https://svelte.dev/e/derived_inert
5:18:36 PM [vite] (client) [console.warn] https://svelte.dev/e/derived_inert
5:18:36 PM [vite] (client) [console.warn] https://svelte.dev/e/derived_inert
5:18:36 PM [vite] (client) [console.warn] https://svelte.dev/e/derived_inert
5:18:36 PM [vite] (client) [console.warn] https://svelte.dev/e/derived_inert
5:18:36 PM [vite] (client) [console.warn] https://svelte.dev/e/derived_inert
5:18:36 PM [vite] (client) [console.warn] https://svelte.dev/e/derived_inert
5:18:36 PM [vite] (client) [console.warn] https://svelte.dev/e/derived_inert
5:18:36 PM [vite] (client) [console.warn] https://svelte.dev/e/derived_inert
5:18:36 PM [vite] (client) [console.warn] https://svelte.dev/e/derived_inert
5:18:36 PM [vite] (client) [console.warn] https://svelte.dev/e/derived_inert
5:18:36 PM [vite] (client) [console.warn] https://svelte.dev/e/derived_inert
5:18:36 PM [vite] (client) [console.warn] https://svelte.dev/e/derived_inert
5:18:36 PM [vite] (client) [console.warn] https://svelte.dev/e/derived_inert
5:18:36 PM [vite] (client) [console.warn] https://svelte.dev/e/derived_inert
5:18:36 PM [vite] (client) [console.warn] https://svelte.dev/e/derived_inert
5:18:36 PM [vite] (client) [console.warn] https://svelte.dev/e/derived_inert
5:18:36 PM [vite] (client) [console.warn] https://svelte.dev/e/derived_inert
5:18:36 PM [vite] (client) [console.warn] https://svelte.dev/e/derived_inert
5:18:36 PM [vite] (client) [console.warn] https://svelte.dev/e/derived_inert
5:18:36 PM [vite] (client) [console.warn] https://svelte.dev/e/derived_inert
5:18:36 PM [vite] (client) [console.warn] https://svelte.dev/e/derived_inert
5:18:36 PM [vite] (client) [console.warn] https://svelte.dev/e/derived_inert
5:18:36 PM [vite] (client) [console.warn] https://svelte.dev/e/derived_inert
5:18:36 PM [vite] (client) [console.warn] https://svelte.dev/e/derived_inert
5:18:36 PM [vite] (client) [console.warn] https://svelte.dev/e/derived_inert
5:18:36 PM [vite] (client) [console.warn] https://svelte.dev/e/derived_inert
5:18:36 PM [vite] (client) [console.warn] https://svelte.dev/e/derived_inert
5:18:36 PM [vite] (client) [console.warn] https://svelte.dev/e/derived_inert
5:18:36 PM [vite] (client) [console.warn] https://svelte.dev/e/derived_inert
5:18:36 PM [vite] (client) [console.warn] https://svelte.dev/e/derived_inert
5:18:36 PM [vite] (client) [console.warn] https://svelte.dev/e/derived_inert
5:18:36 PM [vite] (client) [console.warn] https://svelte.dev/e/derived_inert
5:18:36 PM [vite] (client) [console.warn] https://svelte.dev/e/derived_inert
5:18:36 PM [vite] (client) [console.warn] https://svelte.dev/e/derived_inert
5:18:36 PM [vite] (client) [console.warn] https://svelte.dev/e/derived_inert
5:18:36 PM [vite] (client) [console.warn] https://svelte.dev/e/derived_inert
5:18:36 PM [vite] (client) [console.warn] https://svelte.dev/e/derived_inert
5:18:36 PM [vite] (client) [console.warn] https://svelte.dev/e/derived_inert
5:18:36 PM [vite] (client) [console.warn] https://svelte.dev/e/derived_inert
5:18:36 PM [vite] (client) [console.warn] https://svelte.dev/e/derived_inert
5:18:36 PM [vite] (client) [console.warn] https://svelte.dev/e/derived_inert
5:18:36 PM [vite] (client) [console.warn] https://svelte.dev/e/derived_inert
5:18:36 PM [vite] (client) [console.warn] https://svelte.dev/e/derived_inert
5:18:36 PM [vite] (client) [console.warn] https://svelte.dev/e/derived_inert
5:18:36 PM [vite] (client) [console.warn] https://svelte.dev/e/derived_inert
5:18:36 PM [vite] (client) [console.warn] https://svelte.dev/e/derived_inert
5:18:36 PM [vite] (client) [console.warn] https://svelte.dev/e/derived_inert
5:18:36 PM [vite] (client) [console.warn] https://svelte.dev/e/derived_inert
5:18:36 PM [vite] (client) [console.warn] https://svelte.dev/e/derived_inert
5:18:36 PM [vite] (client) [console.warn] https://svelte.dev/e/derived_inert
5:18:36 PM [vite] (client) [console.warn] https://svelte.dev/e/derived_inert
5:18:36 PM [vite] (client) [console.warn] https://svelte.dev/e/derived_inert
5:18:36 PM [vite] (client) [console.warn] https://svelte.dev/e/derived_inert
5:18:36 PM [vite] (client) [console.warn] https://svelte.dev/e/derived_inert
5:18:36 PM [vite] (client) [console.warn] https://svelte.dev/e/derived_inert
5:18:36 PM [vite] (client) [console.warn] https://svelte.dev/e/derived_inert
5:18:36 PM [vite] (client) [console.warn] https://svelte.dev/e/derived_inert
5:18:36 PM [vite] (client) [console.warn] https://svelte.dev/e/derived_inert
5:18:36 PM [vite] (client) [console.warn] https://svelte.dev/e/derived_inert
5:18:36 PM [vite] (client) [console.warn] https://svelte.dev/e/derived_inert
5:18:36 PM [vite] (client) [console.warn] https://svelte.dev/e/derived_inert
5:18:36 PM [vite] (client) [console.warn] https://svelte.dev/e/derived_inert
5:18:36 PM [vite] (client) [console.warn] https://svelte.dev/e/derived_inert
5:18:36 PM [vite] (client) [console.warn] https://svelte.dev/e/derived_inert
5:18:36 PM [vite] (client) [console.warn] https://svelte.dev/e/derived_inert
5:18:36 PM [vite] (client) [console.warn] https://svelte.dev/e/derived_inert
5:18:36 PM [vite] (client) [console.warn] https://svelte.dev/e/derived_inert
5:18:36 PM [vite] (client) [console.warn] https://svelte.dev/e/derived_inert
5:18:36 PM [vite] (client) [console.warn] https://svelte.dev/e/derived_inert
5:18:36 PM [vite] (client) [console.warn] https://svelte.dev/e/derived_inert
5:18:36 PM [vite] (client) [console.warn] https://svelte.dev/e/derived_inert
5:18:36 PM [vite] (client) [console.warn] https://svelte.dev/e/derived_inert
5:18:36 PM [vite] (client) [console.warn] https://svelte.dev/e/derived_inert
5:18:36 PM [vite] (client) [console.warn] https://svelte.dev/e/derived_inert
5:18:36 PM [vite] (client) [console.warn] https://svelte.dev/e/derived_inert
5:18:36 PM [vite] (client) [console.warn] https://svelte.dev/e/derived_inert
5:18:36 PM [vite] (client) [console.warn] https://svelte.dev/e/derived_inert
5:18:36 PM [vite] (client) [console.warn] https://svelte.dev/e/derived_inert
5:18:36 PM [vite] (client) [console.warn] https://svelte.dev/e/derived_inert
5:18:36 PM [vite] (client) [console.warn] https://svelte.dev/e/derived_inert
5:18:36 PM [vite] (client) [console.warn] https://svelte.dev/e/derived_inert
5:18:36 PM [vite] (client) [console.warn] https://svelte.dev/e/derived_inert
5:18:36 PM [vite] (client) [console.warn] https://svelte.dev/e/derived_inert
5:18:36 PM [vite] (client) [console.warn] https://svelte.dev/e/derived_inert
5:18:36 PM [vite] (client) [console.warn] https://svelte.dev/e/derived_inert
5:18:36 PM [vite] (client) [console.warn] https://svelte.dev/e/derived_inert
5:18:36 PM [vite] (client) [console.warn] https://svelte.dev/e/derived_inert
5:18:36 PM [vite] (client) [console.warn] https://svelte.dev/e/derived_inert
5:18:36 PM [vite] (client) [console.warn] https://svelte.dev/e/derived_inert
5:18:36 PM [vite] (client) [console.warn] https://svelte.dev/e/derived_inert
5:18:36 PM [vite] (client) [console.warn] https://svelte.dev/e/derived_inert
5:18:36 PM [vite] (client) [console.warn] https://svelte.dev/e/derived_inert
5:18:36 PM [vite] (client) [console.warn] https://svelte.dev/e/derived_inert
5:18:36 PM [vite] (client) [console.warn] https://svelte.dev/e/derived_inert
5:18:36 PM [vite] (client) [console.warn] https://svelte.dev/e/derived_inert
5:18:36 PM [vite] (client) [console.warn] https://svelte.dev/e/derived_inert
5:18:36 PM [vite] (client) [console.warn] https://svelte.dev/e/derived_inert
5:18:36 PM [vite] (client) [console.warn] https://svelte.dev/e/derived_inert
5:18:36 PM [vite] (client) [console.warn] https://svelte.dev/e/derived_inert
5:18:36 PM [vite] (client) [console.warn] https://svelte.dev/e/derived_inert
5:18:36 PM [vite] (client) [console.warn] https://svelte.dev/e/derived_inert
5:18:36 PM [vite] (client) [console.warn] https://svelte.dev/e/derived_inert
5:18:36 PM [vite] (client) [console.warn] https://svelte.dev/e/derived_inert
5:18:36 PM [vite] (client) [console.warn] https://svelte.dev/e/derived_inert
5:18:36 PM [vite] (client) [console.warn] https://svelte.dev/e/derived_inert
5:18:36 PM [vite] (client) [console.warn] https://svelte.dev/e/derived_inert
5:18:36 PM [vite] (client) [console.warn] https://svelte.dev/e/derived_inert
5:18:36 PM [vite] (client) [console.warn] https://svelte.dev/e/derived_inert
5:18:36 PM [vite] (client) [console.warn] https://svelte.dev/e/derived_inert
5:18:36 PM [vite] (client) [console.warn] https://svelte.dev/e/derived_inert
5:18:36 PM [vite] (client) [console.warn] https://svelte.dev/e/derived_inert
5:18:36 PM [vite] (client) [console.warn] https://svelte.dev/e/derived_inert
5:18:36 PM [vite] (client) [console.warn] https://svelte.dev/e/derived_inert
5:18:36 PM [vite] (client) [console.warn] https://svelte.dev/e/derived_inert
5:18:36 PM [vite] (client) [console.warn] https://svelte.dev/e/derived_inert
5:18:36 PM [vite] (client) [console.warn] https://svelte.dev/e/derived_inert
5:18:36 PM [vite] (client) [console.warn] https://svelte.dev/e/derived_inert
5:18:36 PM [vite] (client) [console.warn] https://svelte.dev/e/derived_inert
5:18:36 PM [vite] (client) [console.warn] https://svelte.dev/e/derived_inert
5:18:36 PM [vite] (client) [console.warn] https://svelte.dev/e/derived_inert
5:18:36 PM [vite] (client) [console.warn] https://svelte.dev/e/derived_inert
5:18:36 PM [vite] (client) [console.warn] https://svelte.dev/e/derived_inert
5:18:36 PM [vite] (client) [console.warn] https://svelte.dev/e/derived_inert
5:18:36 PM [vite] (client) [console.warn] https://svelte.dev/e/derived_inert
5:18:36 PM [vite] (client) [console.warn] https://svelte.dev/e/derived_inert
5:18:36 PM [vite] (client) [console.warn] https://svelte.dev/e/derived_inert
5:18:36 PM [vite] (client) [console.warn] https://svelte.dev/e/derived_inert
5:18:36 PM [vite] (client) [console.warn] https://svelte.dev/e/derived_inert
5:18:36 PM [vite] (client) [console.warn] https://svelte.dev/e/derived_inert
5:18:36 PM [vite] (client) [console.warn] https://svelte.dev/e/derived_inert
5:18:36 PM [vite] (client) [console.warn] https://svelte.dev/e/derived_inert
5:18:36 PM [vite] (client) [console.warn] https://svelte.dev/e/derived_inert
5:18:36 PM [vite] (client) [console.warn] https://svelte.dev/e/derived_inert
5:18:36 PM [vite] (client) [console.warn] https://svelte.dev/e/derived_inert
5:18:36 PM [vite] (client) [console.warn] https://svelte.dev/e/derived_inert
5:18:36 PM [vite] (client) [console.warn] https://svelte.dev/e/derived_inert
5:18:36 PM [vite] (client) [console.warn] https://svelte.dev/e/derived_inert
5:18:36 PM [vite] (client) [console.warn] https://svelte.dev/e/derived_inert
5:18:36 PM [vite] (client) [console.warn] https://svelte.dev/e/derived_inert
5:18:36 PM [vite] (client) [console.warn] https://svelte.dev/e/derived_inert
5:18:36 PM [vite] (client) [console.warn] https://svelte.dev/e/derived_inert
5:18:36 PM [vite] (client) [console.warn] https://svelte.dev/e/derived_inert
5:18:36 PM [vite] (client) [console.warn] https://svelte.dev/e/derived_inert
5:18:36 PM [vite] (client) [console.warn] https://svelte.dev/e/derived_inert
5:18:36 PM [vite] (client) [console.warn] https://svelte.dev/e/derived_inert
5:18:36 PM [vite] (client) [console.warn] https://svelte.dev/e/derived_inert
5:18:36 PM [vite] (client) [console.warn] https://svelte.dev/e/derived_inert
5:18:36 PM [vite] (client) [console.warn] https://svelte.dev/e/derived_inert
5:18:36 PM [vite] (client) [console.warn] https://svelte.dev/e/derived_inert
5:18:36 PM [vite] (client) [console.warn] https://svelte.dev/e/derived_inert
5:18:36 PM [vite] (client) [console.warn] https://svelte.dev/e/derived_inert
5:18:36 PM [vite] (client) [console.warn] https://svelte.dev/e/derived_inert
5:18:36 PM [vite] (client) [console.warn] https://svelte.dev/e/derived_inert
5:18:36 PM [vite] (client) [console.warn] https://svelte.dev/e/derived_inert
5:18:36 PM [vite] (client) [console.warn] https://svelte.dev/e/derived_inert
5:18:36 PM [vite] (client) [console.warn] https://svelte.dev/e/derived_inert
5:18:36 PM [vite] (client) [console.warn] https://svelte.dev/e/derived_inert
5:18:36 PM [vite] (client) [console.warn] https://svelte.dev/e/derived_inert
5:18:36 PM [vite] (client) [console.warn] https://svelte.dev/e/derived_inert
5:18:36 PM [vite] (client) [console.warn] https://svelte.dev/e/derived_inert
5:18:36 PM [vite] (client) [console.warn] https://svelte.dev/e/derived_inert
5:18:36 PM [vite] (client) [console.warn] https://svelte.dev/e/derived_inert
5:18:36 PM [vite] (client) [console.warn] https://svelte.dev/e/derived_inert
5:18:36 PM [vite] (client) [console.warn] https://svelte.dev/e/derived_inert
5:18:36 PM [vite] (client) [console.warn] https://svelte.dev/e/derived_inert
5:18:36 PM [vite] (client) [console.warn] https://svelte.dev/e/derived_inert
5:18:36 PM [vite] (client) [console.warn] https://svelte.dev/e/derived_inert
5:18:36 PM [vite] (client) [console.warn] https://svelte.dev/e/derived_inert
5:18:36 PM [vite] (client) [console.warn] https://svelte.dev/e/derived_inert
5:18:36 PM [vite] (client) [console.warn] https://svelte.dev/e/derived_inert
5:18:36 PM [vite] (client) [console.warn] https://svelte.dev/e/derived_inert
5:18:36 PM [vite] (client) [console.warn] https://svelte.dev/e/derived_inert
5:18:36 PM [vite] (client) [console.warn] https://svelte.dev/e/derived_inert
5:18:36 PM [vite] (client) [console.warn] https://svelte.dev/e/derived_inert
5:18:36 PM [vite] (client) [console.warn] https://svelte.dev/e/derived_inert
5:18:36 PM [vite] (client) [console.warn] https://svelte.dev/e/derived_inert
5:18:36 PM [vite] (client) [console.warn] https://svelte.dev/e/derived_inert
5:18:36 PM [vite] (client) [console.warn] https://svelte.dev/e/derived_inert
5:18:36 PM [vite] (client) [console.warn] https://svelte.dev/e/derived_inert
5:18:36 PM [vite] (client) [console.warn] https://svelte.dev/e/derived_inert
5:18:36 PM [vite] (client) [console.warn] https://svelte.dev/e/derived_inert
5:18:36 PM [vite] (client) [console.warn] https://svelte.dev/e/derived_inert
5:18:36 PM [vite] (client) [console.warn] https://svelte.dev/e/derived_inert
5:18:36 PM [vite] (client) [console.warn] https://svelte.dev/e/derived_inert
5:18:36 PM [vite] (client) [console.warn] https://svelte.dev/e/derived_inert
5:18:36 PM [vite] (client) [console.warn] https://svelte.dev/e/derived_inert
5:18:36 PM [vite] (client) [console.warn] https://svelte.dev/e/derived_inert
5:18:36 PM [vite] (client) [console.warn] https://svelte.dev/e/derived_inert
5:18:36 PM [vite] (client) [console.warn] https://svelte.dev/e/derived_inert
5:18:36 PM [vite] (client) [console.warn] https://svelte.dev/e/derived_inert
5:18:36 PM [vite] (client) [console.warn] https://svelte.dev/e/derived_inert
5:18:36 PM [vite] (client) [console.warn] https://svelte.dev/e/derived_inert
5:18:36 PM [vite] (client) [console.warn] https://svelte.dev/e/derived_inert
5:18:36 PM [vite] (client) [console.warn] https://svelte.dev/e/derived_inert
5:18:36 PM [vite] (client) [console.warn] https://svelte.dev/e/derived_inert
5:18:36 PM [vite] (client) [console.warn] https://svelte.dev/e/derived_inert
5:18:36 PM [vite] (client) [console.warn] https://svelte.dev/e/derived_inert
5:18:36 PM [vite] (client) [console.warn] https://svelte.dev/e/derived_inert
5:18:36 PM [vite] (client) [console.warn] https://svelte.dev/e/derived_inert
5:18:36 PM [vite] (client) [console.warn] https://svelte.dev/e/derived_inert
5:18:36 PM [vite] (client) [console.warn] https://svelte.dev/e/derived_inert
5:18:36 PM [vite] (client) [console.warn] https://svelte.dev/e/derived_inert
5:18:36 PM [vite] (client) [console.warn] https://svelte.dev/e/derived_inert
5:18:36 PM [vite] (client) [console.warn] https://svelte.dev/e/derived_inert
5:18:36 PM [vite] (client) [console.warn] https://svelte.dev/e/derived_inert
5:18:36 PM [vite] (client) [console.warn] https://svelte.dev/e/derived_inert
5:18:36 PM [vite] (client) [console.warn] https://svelte.dev/e/derived_inert
5:18:36 PM [vite] (client) [console.warn] https://svelte.dev/e/derived_inert
5:18:36 PM [vite] (client) [console.warn] https://svelte.dev/e/derived_inert
5:18:36 PM [vite] (client) [console.warn] https://svelte.dev/e/derived_inert
5:18:36 PM [vite] (client) [console.warn] https://svelte.dev/e/derived_inert
5:18:36 PM [vite] (client) [console.warn] https://svelte.dev/e/derived_inert
5:18:36 PM [vite] (client) [console.warn] https://svelte.dev/e/derived_inert
5:18:36 PM [vite] (client) [console.warn] https://svelte.dev/e/derived_inert
5:18:36 PM [vite] (client) [console.warn] https://svelte.dev/e/derived_inert
5:18:36 PM [vite] (client) [console.warn] https://svelte.dev/e/derived_inert
5:18:36 PM [vite] (client) [console.warn] https://svelte.dev/e/derived_inert
5:18:36 PM [vite] (client) [console.warn] https://svelte.dev/e/derived_inert
5:18:36 PM [vite] (client) [console.warn] https://svelte.dev/e/derived_inert
5:18:36 PM [vite] (client) [console.warn] https://svelte.dev/e/derived_inert
5:18:36 PM [vite] (client) [console.warn] https://svelte.dev/e/derived_inert
5:18:36 PM [vite] (client) [console.warn] https://svelte.dev/e/derived_inert
5:18:36 PM [vite] (client) [console.warn] https://svelte.dev/e/derived_inert
5:18:36 PM [vite] (client) [console.warn] https://svelte.dev/e/derived_inert
5:18:36 PM [vite] (client) [console.warn] https://svelte.dev/e/derived_inert
5:18:36 PM [vite] (client) [console.warn] https://svelte.dev/e/derived_inert
5:18:36 PM [vite] (client) [console.warn] https://svelte.dev/e/derived_inert
5:18:36 PM [vite] (client) [console.warn] https://svelte.dev/e/derived_inert
5:18:36 PM [vite] (client) [console.warn] https://svelte.dev/e/derived_inert
5:18:36 PM [vite] (client) [console.warn] https://svelte.dev/e/derived_inert
5:18:36 PM [vite] (client) [console.warn] https://svelte.dev/e/derived_inert
5:18:36 PM [vite] (client) [console.warn] https://svelte.dev/e/derived_inert
5:18:36 PM [vite] (client) [console.warn] https://svelte.dev/e/derived_inert
5:18:36 PM [vite] (client) [console.warn] https://svelte.dev/e/derived_inert
5:18:36 PM [vite] (client) [console.warn] https://svelte.dev/e/derived_inert
5:18:36 PM [vite] (client) [console.warn] https://svelte.dev/e/derived_inert
5:18:36 PM [vite] (client) [console.warn] https://svelte.dev/e/derived_inert
5:18:36 PM [vite] (client) [console.warn] https://svelte.dev/e/derived_inert
5:18:36 PM [vite] (client) [console.warn] https://svelte.dev/e/derived_inert
5:18:36 PM [vite] (client) [console.warn] https://svelte.dev/e/derived_inert
5:18:36 PM [vite] (client) [console.warn] https://svelte.dev/e/derived_inert
5:18:36 PM [vite] (client) [console.warn] https://svelte.dev/e/derived_inert
5:18:36 PM [vite] (client) [console.warn] https://svelte.dev/e/derived_inert
5:18:36 PM [vite] (client) [console.warn] https://svelte.dev/e/derived_inert
5:18:36 PM [vite] (client) [console.warn] https://svelte.dev/e/derived_inert
5:18:36 PM [vite] (client) [console.warn] https://svelte.dev/e/derived_inert
5:18:36 PM [vite] (client) [console.warn] https://svelte.dev/e/derived_inert
5:18:36 PM [vite] (client) [console.warn] https://svelte.dev/e/derived_inert
5:18:36 PM [vite] (client) [console.warn] https://svelte.dev/e/derived_inert
5:18:36 PM [vite] (client) [console.warn] https://svelte.dev/e/derived_inert
5:18:36 PM [vite] (client) [console.warn] https://svelte.dev/e/derived_inert
5:18:36 PM [vite] (client) [console.warn] https://svelte.dev/e/derived_inert
5:18:36 PM [vite] (client) [console.warn] https://svelte.dev/e/derived_inert
5:18:36 PM [vite] (client) [console.warn] https://svelte.dev/e/derived_inert
5:18:36 PM [vite] (client) [console.warn] https://svelte.dev/e/derived_inert
5:18:36 PM [vite] (client) [console.warn] https://svelte.dev/e/derived_inert
5:18:36 PM [vite] (client) [console.warn] https://svelte.dev/e/derived_inert
5:18:36 PM [vite] (client) [console.warn] https://svelte.dev/e/derived_inert
5:18:36 PM [vite] (client) [console.warn] https://svelte.dev/e/derived_inert
5:18:36 PM [vite] (client) [console.warn] https://svelte.dev/e/derived_inert
5:18:36 PM [vite] (client) [console.warn] https://svelte.dev/e/derived_inert
5:18:36 PM [vite] (client) [console.warn] https://svelte.dev/e/derived_inert
5:18:36 PM [vite] (client) [console.warn] https://svelte.dev/e/derived_inert
5:18:36 PM [vite] (client) [console.warn] https://svelte.dev/e/derived_inert
5:18:36 PM [vite] (client) [console.warn] https://svelte.dev/e/derived_inert
5:18:36 PM [vite] (client) [console.warn] https://svelte.dev/e/derived_inert
5:18:36 PM [vite] (client) [console.warn] https://svelte.dev/e/derived_inert
5:18:36 PM [vite] (client) [console.warn] https://svelte.dev/e/derived_inert
5:18:36 PM [vite] (client) [console.warn] https://svelte.dev/e/derived_inert
5:18:36 PM [vite] (client) [console.warn] https://svelte.dev/e/derived_inert
5:18:36 PM [vite] (client) [console.warn] https://svelte.dev/e/derived_inert
5:18:36 PM [vite] (client) [console.warn] https://svelte.dev/e/derived_inert
5:18:36 PM [vite] (client) [console.warn] https://svelte.dev/e/derived_inert
5:18:36 PM [vite] (client) [console.warn] https://svelte.dev/e/derived_inert
5:18:36 PM [vite] (client) [console.warn] https://svelte.dev/e/derived_inert
5:18:36 PM [vite] (client) [console.warn] https://svelte.dev/e/derived_inert
5:18:36 PM [vite] (client) [console.warn] https://svelte.dev/e/derived_inert
5:18:39 PM [vite] (client) [console.warn] https://svelte.dev/e/derived_inert
5:18:41 PM [vite] (client) [console.warn] https://svelte.dev/e/derived_inert
5:18:41 PM [vite] (client) [console.warn] https://svelte.dev/e/derived_inert
5:18:41 PM [vite] (client) [console.warn] https://svelte.dev/e/derived_inert
5:18:41 PM [vite] (client) [console.warn] https://svelte.dev/e/derived_inert
5:18:41 PM [vite] (client) [console.warn] https://svelte.dev/e/derived_inert
5:18:41 PM [vite] (client) [console.warn] https://svelte.dev/e/derived_inert
5:18:41 PM [vite] (client) [console.warn] https://svelte.dev/e/derived_inert
5:18:41 PM [vite] (client) [console.warn] https://svelte.dev/e/derived_inert
5:18:41 PM [vite] (client) [console.warn] https://svelte.dev/e/derived_inert
5:18:41 PM [vite] (client) [console.warn] https://svelte.dev/e/derived_inert
5:18:41 PM [vite] (client) [console.warn] https://svelte.dev/e/derived_inert
5:18:41 PM [vite] (client) [console.warn] https://svelte.dev/e/derived_inert
5:18:41 PM [vite] (client) [console.warn] https://svelte.dev/e/derived_inert
5:18:41 PM [vite] (client) [console.warn] https://svelte.dev/e/derived_inert
5:18:42 PM [vite] (client) [console.warn] https://svelte.dev/e/derived_inert
5:18:42 PM [vite] (client) [console.warn] https://svelte.dev/e/derived_inert
5:18:42 PM [vite] (client) [console.warn] https://svelte.dev/e/derived_inert
5:18:42 PM [vite] (client) [console.warn] https://svelte.dev/e/derived_inert
5:18:42 PM [vite] (client) [console.warn] https://svelte.dev/e/derived_inert
5:18:42 PM [vite] (client) [console.warn] https://svelte.dev/e/derived_inert
5:18:42 PM [vite] (client) [console.warn] https://svelte.dev/e/derived_inert
5:18:42 PM [vite] (client) [console.warn] https://svelte.dev/e/derived_inert
5:18:42 PM [vite] (client) [console.warn] https://svelte.dev/e/derived_inert
5:18:42 PM [vite] (client) [console.warn] https://svelte.dev/e/derived_inert
5:18:42 PM [vite] (client) [console.warn] https://svelte.dev/e/derived_inert
5:18:42 PM [vite] (client) [console.warn] https://svelte.dev/e/derived_inert
5:18:42 PM [vite] (client) [console.warn] https://svelte.dev/e/derived_inert
5:18:42 PM [vite] (client) [console.warn] https://svelte.dev/e/derived_inert
5:18:42 PM [vite] (client) [console.warn] https://svelte.dev/e/derived_inert
5:18:42 PM [vite] (client) [console.warn] https://svelte.dev/e/derived_inert
5:18:42 PM [vite] (client) [console.warn] https://svelte.dev/e/derived_inert
5:18:42 PM [vite] (client) [console.warn] https://svelte.dev/e/derived_inert
5:18:42 PM [vite] (client) [console.warn] https://svelte.dev/e/derived_inert
5:18:52 PM [vite] (client) [console.warn] https://svelte.dev/e/derived_inert
5:18:52 PM [vite] (client) [console.warn] https://svelte.dev/e/derived_inert
5:18:52 PM [vite] (client) [console.warn] https://svelte.dev/e/derived_inert
5:18:52 PM [vite] (client) [console.warn] https://svelte.dev/e/derived_inert
5:18:52 PM [vite] (client) [console.warn] https://svelte.dev/e/derived_inert
5:18:52 PM [vite] (client) [console.warn] https://svelte.dev/e/derived_inert
5:18:52 PM [vite] (client) [console.warn] https://svelte.dev/e/derived_inert
5:18:52 PM [vite] (client) [console.warn] https://svelte.dev/e/derived_inert
5:18:52 PM [vite] (client) [console.warn] https://svelte.dev/e/derived_inert
5:18:52 PM [vite] (client) [console.warn] https://svelte.dev/e/derived_inert
5:18:52 PM [vite] (client) [console.warn] https://svelte.dev/e/derived_inert
5:18:52 PM [vite] (client) [console.warn] https://svelte.dev/e/derived_inert
5:18:52 PM [vite] (client) [console.warn] https://svelte.dev/e/derived_inert
5:18:52 PM [vite] (client) [console.warn] https://svelte.dev/e/derived_inert
5:18:52 PM [vite] (client) [console.warn] https://svelte.dev/e/derived_inert
5:18:52 PM [vite] (client) [console.warn] https://svelte.dev/e/derived_inert
5:18:52 PM [vite] (client) [console.warn] https://svelte.dev/e/derived_inert
5:18:52 PM [vite] (client) [console.warn] https://svelte.dev/e/derived_inert
5:18:52 PM [vite] (client) [console.warn] https://svelte.dev/e/derived_inert
5:18:52 PM [vite] (client) [console.warn] https://svelte.dev/e/derived_inert
5:18:52 PM [vite] (client) [console.warn] https://svelte.dev/e/derived_inert
5:18:52 PM [vite] (client) [console.warn] https://svelte.dev/e/derived_inert
5:18:52 PM [vite] (client) [console.warn] https://svelte.dev/e/derived_inert
5:18:52 PM [vite] (client) [console.warn] https://svelte.dev/e/derived_inert
5:18:53 PM [vite] (client) [console.warn] https://svelte.dev/e/derived_inert
5:18:53 PM [vite] (client) [console.warn] https://svelte.dev/e/derived_inert
5:18:53 PM [vite] (client) [console.warn] https://svelte.dev/e/derived_inert
5:18:53 PM [vite] (client) [console.warn] https://svelte.dev/e/derived_inert
5:18:53 PM [vite] (client) [console.warn] https://svelte.dev/e/derived_inert
5:18:53 PM [vite] (client) [console.warn] https://svelte.dev/e/derived_inert
5:18:53 PM [vite] (client) [console.warn] https://svelte.dev/e/derived_inert
5:18:53 PM [vite] (client) [console.warn] https://svelte.dev/e/derived_inert
5:18:59 PM [vite] (client) [console.warn] https://svelte.dev/e/derived_inert
5:19:01 PM [vite] (client) [console.warn] https://svelte.dev/e/derived_inert

 Test Files  53 passed (53)
      Tests  315 passed (315)
   Start at  17:18:12
   Duration  50.79s (transform 0ms, setup 1.24s, import 23.24s, tests 18.59s, environment 0ms)

