
> banhall-app@0.1.0 test:component
> vitest run --config vitest.component.config.ts src/routes/workspaceRoutes.component.test.ts src/lib/components/ui/Button.component.test.ts src/lib/components/workspace/WorkspaceChrome.component.test.ts src/lib/components/workspace/WorkspaceHeader.component.test.ts src/lib/components/workspace/WorkspaceRail.component.test.ts

2:46:01 PM [vite-plugin-svelte] no Svelte config found at /Users/johnnynguyen/Documents/Repos/Banhall-bmad-browser-fix - using default configuration.

 RUN  v4.1.10 /Users/johnnynguyen/Documents/Repos/Banhall-bmad-browser-fix

2:46:01 PM [vite-plugin-svelte] no Svelte config found at /Users/johnnynguyen/Documents/Repos/Banhall-bmad-browser-fix - using default configuration.
2:46:18 PM [vite] (client) [console.warn] https://svelte.dev/e/derived_inert
2:46:18 PM [vite] (client) [console.warn] https://svelte.dev/e/derived_inert
2:46:18 PM [vite] (client) [console.warn] https://svelte.dev/e/derived_inert
2:46:18 PM [vite] (client) [console.warn] https://svelte.dev/e/derived_inert
2:46:18 PM [vite] (client) [console.warn] https://svelte.dev/e/derived_inert
2:46:18 PM [vite] (client) [console.warn] https://svelte.dev/e/derived_inert
2:46:18 PM [vite] (client) [console.warn] https://svelte.dev/e/derived_inert
2:46:18 PM [vite] (client) [console.warn] https://svelte.dev/e/derived_inert
2:46:18 PM [vite] (client) [console.warn] https://svelte.dev/e/derived_inert
2:46:18 PM [vite] (client) [console.warn] https://svelte.dev/e/derived_inert
2:46:18 PM [vite] (client) [console.warn] https://svelte.dev/e/derived_inert
2:46:18 PM [vite] (client) [console.warn] https://svelte.dev/e/derived_inert
2:46:18 PM [vite] (client) [console.warn] https://svelte.dev/e/derived_inert
2:46:18 PM [vite] (client) [console.warn] https://svelte.dev/e/derived_inert
2:46:18 PM [vite] (client) [console.warn] https://svelte.dev/e/derived_inert
2:46:18 PM [vite] (client) [console.warn] https://svelte.dev/e/derived_inert
2:46:18 PM [vite] (client) [console.warn] https://svelte.dev/e/derived_inert
2:46:18 PM [vite] (client) [console.warn] https://svelte.dev/e/derived_inert
2:46:18 PM [vite] (client) [console.warn] https://svelte.dev/e/derived_inert
2:46:18 PM [vite] (client) [console.warn] https://svelte.dev/e/derived_inert
2:46:18 PM [vite] (client) [console.warn] https://svelte.dev/e/derived_inert
2:46:18 PM [vite] (client) [console.warn] https://svelte.dev/e/derived_inert
2:46:18 PM [vite] (client) [console.warn] https://svelte.dev/e/derived_inert
2:46:18 PM [vite] (client) [console.warn] https://svelte.dev/e/derived_inert
2:46:18 PM [vite] (client) [console.warn] https://svelte.dev/e/derived_inert
2:46:18 PM [vite] (client) [console.warn] https://svelte.dev/e/derived_inert
2:46:18 PM [vite] (client) [console.warn] https://svelte.dev/e/derived_inert
2:46:18 PM [vite] (client) [console.warn] https://svelte.dev/e/derived_inert
2:46:18 PM [vite] (client) [console.warn] https://svelte.dev/e/derived_inert
2:46:18 PM [vite] (client) [console.warn] https://svelte.dev/e/derived_inert
2:46:18 PM [vite] (client) [console.warn] https://svelte.dev/e/derived_inert
2:46:18 PM [vite] (client) [console.warn] https://svelte.dev/e/derived_inert
2:46:18 PM [vite] (client) [console.warn] https://svelte.dev/e/derived_inert
2:46:19 PM [vite] (client) [console.warn] https://svelte.dev/e/derived_inert
2:46:19 PM [vite] (client) [console.warn] https://svelte.dev/e/derived_inert
2:46:19 PM [vite] (client) [console.warn] https://svelte.dev/e/derived_inert
2:46:19 PM [vite] (client) [console.warn] https://svelte.dev/e/derived_inert
2:46:19 PM [vite] (client) [console.warn] https://svelte.dev/e/derived_inert
2:46:19 PM [vite] (client) [console.warn] https://svelte.dev/e/derived_inert
2:46:19 PM [vite] (client) [console.warn] https://svelte.dev/e/derived_inert
2:46:19 PM [vite] (client) [console.warn] https://svelte.dev/e/derived_inert
2:46:19 PM [vite] (client) [console.warn] https://svelte.dev/e/derived_inert
2:46:19 PM [vite] (client) [console.warn] https://svelte.dev/e/derived_inert
2:46:19 PM [vite] (client) [console.warn] https://svelte.dev/e/derived_inert
2:46:19 PM [vite] (client) [console.warn] https://svelte.dev/e/derived_inert
2:46:19 PM [vite] (client) [console.warn] https://svelte.dev/e/derived_inert
2:46:19 PM [vite] (client) [console.warn] https://svelte.dev/e/derived_inert
2:46:19 PM [vite] (client) [console.warn] https://svelte.dev/e/derived_inert
2:46:19 PM [vite] (client) [console.warn] https://svelte.dev/e/derived_inert
2:46:20 PM [vite] (client) [console.warn] https://svelte.dev/e/derived_inert
2:46:20 PM [vite] (client) [console.warn] https://svelte.dev/e/derived_inert
2:46:20 PM [vite] (client) [console.warn] https://svelte.dev/e/derived_inert
2:46:20 PM [vite] (client) [console.warn] https://svelte.dev/e/derived_inert
2:46:20 PM [vite] (client) [console.warn] https://svelte.dev/e/derived_inert
2:46:20 PM [vite] (client) [console.warn] https://svelte.dev/e/derived_inert
2:46:20 PM [vite] (client) [console.warn] https://svelte.dev/e/derived_inert
2:46:20 PM [vite] (client) [console.warn] https://svelte.dev/e/derived_inert
2:46:20 PM [vite] (client) [console.warn] https://svelte.dev/e/derived_inert
2:46:20 PM [vite] (client) [console.warn] https://svelte.dev/e/derived_inert

 Test Files  5 passed (5)
      Tests  52 passed (52)
   Start at  14:46:01
   Duration  22.63s (transform 0ms, setup 899ms, import 15.12s, tests 3.14s, environment 0ms)

