
> banhall-app@0.1.0 test:component
> vitest run --config vitest.component.config.ts

2:47:05 PM [vite-plugin-svelte] no Svelte config found at /Users/johnnynguyen/Documents/Repos/Banhall-bmad-browser-fix - using default configuration.

 RUN  v4.1.10 /Users/johnnynguyen/Documents/Repos/Banhall-bmad-browser-fix

2:47:05 PM [vite-plugin-svelte] no Svelte config found at /Users/johnnynguyen/Documents/Repos/Banhall-bmad-browser-fix - using default configuration.
2:47:15 PM [vite] (client) [console.warn] https://svelte.dev/e/derived_inert
2:47:15 PM [vite] (client) [console.warn] https://svelte.dev/e/derived_inert
2:47:15 PM [vite] (client) [console.warn] https://svelte.dev/e/derived_inert
2:47:15 PM [vite] (client) [console.warn] https://svelte.dev/e/derived_inert
2:47:15 PM [vite] (client) [console.warn] https://svelte.dev/e/derived_inert
2:47:15 PM [vite] (client) [console.warn] https://svelte.dev/e/derived_inert
2:47:15 PM [vite] (client) [console.warn] https://svelte.dev/e/derived_inert
2:47:15 PM [vite] (client) [console.warn] https://svelte.dev/e/derived_inert
2:47:15 PM [vite] (client) [console.warn] https://svelte.dev/e/derived_inert
2:47:15 PM [vite] (client) [console.warn] https://svelte.dev/e/derived_inert
2:47:15 PM [vite] (client) [console.warn] https://svelte.dev/e/derived_inert
2:47:15 PM [vite] (client) [console.warn] https://svelte.dev/e/derived_inert
2:47:15 PM [vite] (client) [console.warn] https://svelte.dev/e/derived_inert
2:47:16 PM [vite] (client) [console.warn] https://svelte.dev/e/derived_inert
2:47:16 PM [vite] (client) [console.warn] https://svelte.dev/e/derived_inert
2:47:16 PM [vite] (client) [console.warn] https://svelte.dev/e/derived_inert
2:47:16 PM [vite] (client) [console.warn] https://svelte.dev/e/derived_inert
2:47:16 PM [vite] (client) [console.warn] https://svelte.dev/e/derived_inert
2:47:16 PM [vite] (client) [console.warn] https://svelte.dev/e/derived_inert
2:47:16 PM [vite] (client) [console.warn] https://svelte.dev/e/derived_inert
2:47:16 PM [vite] (client) [console.warn] https://svelte.dev/e/derived_inert
2:47:16 PM [vite] (client) [console.warn] https://svelte.dev/e/derived_inert
2:47:16 PM [vite] (client) [console.warn] https://svelte.dev/e/derived_inert
2:47:16 PM [vite] (client) [console.warn] https://svelte.dev/e/derived_inert
2:47:16 PM [vite] (client) [console.warn] https://svelte.dev/e/derived_inert
2:47:16 PM [vite] (client) [console.warn] https://svelte.dev/e/derived_inert
2:47:16 PM [vite] (client) [console.warn] https://svelte.dev/e/derived_inert
2:47:16 PM [vite] (client) [console.warn] https://svelte.dev/e/derived_inert
2:47:16 PM [vite] (client) [console.warn] https://svelte.dev/e/derived_inert
2:47:16 PM [vite] (client) [console.warn] https://svelte.dev/e/derived_inert
2:47:16 PM [vite] (client) [console.warn] https://svelte.dev/e/derived_inert
2:47:16 PM [vite] (client) [console.warn] https://svelte.dev/e/derived_inert
2:47:16 PM [vite] (client) [console.warn] https://svelte.dev/e/derived_inert
2:47:17 PM [vite] (client) [console.warn] https://svelte.dev/e/derived_inert
2:47:17 PM [vite] (client) [console.warn] https://svelte.dev/e/derived_inert
2:47:17 PM [vite] (client) [console.warn] https://svelte.dev/e/derived_inert
2:47:17 PM [vite] (client) [console.warn] https://svelte.dev/e/derived_inert
2:47:17 PM [vite] (client) [console.warn] https://svelte.dev/e/derived_inert
2:47:17 PM [vite] (client) [console.warn] https://svelte.dev/e/derived_inert
2:47:17 PM [vite] (client) [console.warn] https://svelte.dev/e/derived_inert
2:47:17 PM [vite] (client) [console.warn] https://svelte.dev/e/derived_inert
2:47:17 PM [vite] (client) [console.warn] https://svelte.dev/e/derived_inert
2:47:17 PM [vite] (client) [console.warn] https://svelte.dev/e/derived_inert
2:47:17 PM [vite] (client) [console.warn] https://svelte.dev/e/derived_inert
2:47:17 PM [vite] (client) [console.warn] https://svelte.dev/e/derived_inert
2:47:17 PM [vite] (client) [console.warn] https://svelte.dev/e/derived_inert
2:47:17 PM [vite] (client) [console.warn] https://svelte.dev/e/derived_inert
2:47:17 PM [vite] (client) [console.warn] https://svelte.dev/e/derived_inert
2:47:17 PM [vite] (client) [console.warn] https://svelte.dev/e/derived_inert
2:47:17 PM [vite] (client) [console.warn] https://svelte.dev/e/derived_inert
2:47:17 PM [vite] (client) [console.warn] https://svelte.dev/e/derived_inert
2:47:17 PM [vite] (client) [console.warn] https://svelte.dev/e/derived_inert
2:47:17 PM [vite] (client) [console.warn] https://svelte.dev/e/derived_inert
2:47:17 PM [vite] (client) [console.warn] https://svelte.dev/e/derived_inert
2:47:17 PM [vite] (client) [console.warn] https://svelte.dev/e/derived_inert
2:47:17 PM [vite] (client) [console.warn] https://svelte.dev/e/derived_inert
2:47:17 PM [vite] (client) [console.warn] https://svelte.dev/e/derived_inert
2:47:17 PM [vite] (client) [console.warn] https://svelte.dev/e/derived_inert
2:47:17 PM [vite] (client) [console.warn] https://svelte.dev/e/derived_inert
2:47:18 PM [vite] (client) [console.warn] https://svelte.dev/e/derived_inert
2:47:18 PM [vite] (client) [console.warn] https://svelte.dev/e/derived_inert
2:47:18 PM [vite] (client) [console.warn] https://svelte.dev/e/derived_inert
2:47:18 PM [vite] (client) [console.warn] https://svelte.dev/e/derived_inert
2:47:19 PM [vite] (client) [console.warn] https://svelte.dev/e/derived_inert
2:47:19 PM [vite] (client) [console.warn] https://svelte.dev/e/derived_inert
2:47:19 PM [vite] (client) [console.warn] https://svelte.dev/e/derived_inert
2:47:19 PM [vite] (client) [console.warn] https://svelte.dev/e/derived_inert
2:47:19 PM [vite] (client) [console.warn] https://svelte.dev/e/derived_inert
2:47:19 PM [vite] (client) [console.warn] https://svelte.dev/e/derived_inert
2:47:19 PM [vite] (client) [console.warn] https://svelte.dev/e/derived_inert
2:47:19 PM [vite] (client) [console.warn] https://svelte.dev/e/derived_inert
2:47:19 PM [vite] (client) [console.warn] https://svelte.dev/e/derived_inert
2:47:19 PM [vite] (client) [console.warn] https://svelte.dev/e/derived_inert
2:47:19 PM [vite] (client) [console.warn] https://svelte.dev/e/derived_inert
2:47:19 PM [vite] (client) [console.warn] https://svelte.dev/e/derived_inert
2:47:19 PM [vite] (client) [console.warn] https://svelte.dev/e/derived_inert
2:47:19 PM [vite] (client) [console.warn] https://svelte.dev/e/derived_inert
2:47:19 PM [vite] (client) [console.warn] https://svelte.dev/e/derived_inert
2:47:19 PM [vite] (client) [console.warn] https://svelte.dev/e/derived_inert
2:47:19 PM [vite] (client) [console.warn] https://svelte.dev/e/derived_inert
2:47:19 PM [vite] (client) [console.warn] https://svelte.dev/e/derived_inert
2:47:19 PM [vite] (client) [console.warn] https://svelte.dev/e/derived_inert
2:47:19 PM [vite] (client) [console.warn] https://svelte.dev/e/derived_inert
2:47:19 PM [vite] (client) [console.warn] https://svelte.dev/e/derived_inert
2:47:19 PM [vite] (client) [console.warn] https://svelte.dev/e/derived_inert
2:47:19 PM [vite] (client) [console.warn] https://svelte.dev/e/derived_inert
2:47:19 PM [vite] (client) [console.warn] https://svelte.dev/e/derived_inert
2:47:19 PM [vite] (client) [console.warn] https://svelte.dev/e/derived_inert
2:47:19 PM [vite] (client) [console.warn] https://svelte.dev/e/derived_inert
2:47:19 PM [vite] (client) [console.warn] https://svelte.dev/e/derived_inert
2:47:19 PM [vite] (client) [console.warn] https://svelte.dev/e/derived_inert
2:47:19 PM [vite] (client) [console.warn] https://svelte.dev/e/derived_inert
2:47:19 PM [vite] (client) [console.warn] https://svelte.dev/e/derived_inert
2:47:19 PM [vite] (client) [console.warn] https://svelte.dev/e/derived_inert
2:47:19 PM [vite] (client) [console.warn] https://svelte.dev/e/derived_inert
2:47:19 PM [vite] (client) [console.warn] https://svelte.dev/e/derived_inert
2:47:19 PM [vite] (client) [console.warn] https://svelte.dev/e/derived_inert
2:47:19 PM [vite] (client) [console.warn] https://svelte.dev/e/derived_inert
2:47:19 PM [vite] (client) [console.warn] https://svelte.dev/e/derived_inert
2:47:19 PM [vite] (client) [console.warn] https://svelte.dev/e/derived_inert
2:47:19 PM [vite] (client) [console.warn] https://svelte.dev/e/derived_inert
2:47:19 PM [vite] (client) [console.warn] https://svelte.dev/e/derived_inert
2:47:19 PM [vite] (client) [console.warn] https://svelte.dev/e/derived_inert
2:47:19 PM [vite] (client) [console.warn] https://svelte.dev/e/derived_inert
2:47:19 PM [vite] (client) [console.warn] https://svelte.dev/e/derived_inert
2:47:19 PM [vite] (client) [console.warn] https://svelte.dev/e/derived_inert
2:47:19 PM [vite] (client) [console.warn] https://svelte.dev/e/derived_inert
2:47:19 PM [vite] (client) [console.warn] https://svelte.dev/e/derived_inert
2:47:19 PM [vite] (client) [console.warn] https://svelte.dev/e/derived_inert
2:47:19 PM [vite] (client) [console.warn] https://svelte.dev/e/derived_inert
2:47:19 PM [vite] (client) [console.warn] https://svelte.dev/e/derived_inert
2:47:19 PM [vite] (client) [console.warn] https://svelte.dev/e/derived_inert
2:47:19 PM [vite] (client) [console.warn] https://svelte.dev/e/derived_inert
2:47:19 PM [vite] (client) [console.warn] https://svelte.dev/e/derived_inert
2:47:19 PM [vite] (client) [console.warn] https://svelte.dev/e/derived_inert
2:47:19 PM [vite] (client) [console.warn] https://svelte.dev/e/derived_inert
2:47:19 PM [vite] (client) [console.warn] https://svelte.dev/e/derived_inert
2:47:19 PM [vite] (client) [console.warn] https://svelte.dev/e/derived_inert
2:47:19 PM [vite] (client) [console.warn] https://svelte.dev/e/derived_inert
2:47:19 PM [vite] (client) [console.warn] https://svelte.dev/e/derived_inert
2:47:19 PM [vite] (client) [console.warn] https://svelte.dev/e/derived_inert
2:47:19 PM [vite] (client) [console.warn] https://svelte.dev/e/derived_inert
2:47:19 PM [vite] (client) [console.warn] https://svelte.dev/e/derived_inert
2:47:19 PM [vite] (client) [console.warn] https://svelte.dev/e/derived_inert
2:47:19 PM [vite] (client) [console.warn] https://svelte.dev/e/derived_inert
2:47:19 PM [vite] (client) [console.warn] https://svelte.dev/e/derived_inert
2:47:19 PM [vite] (client) [console.warn] https://svelte.dev/e/derived_inert
2:47:19 PM [vite] (client) [console.warn] https://svelte.dev/e/derived_inert
2:47:19 PM [vite] (client) [console.warn] https://svelte.dev/e/derived_inert
2:47:19 PM [vite] (client) [console.warn] https://svelte.dev/e/derived_inert
2:47:19 PM [vite] (client) [console.warn] https://svelte.dev/e/derived_inert
2:47:19 PM [vite] (client) [console.warn] https://svelte.dev/e/derived_inert
2:47:19 PM [vite] (client) [console.warn] https://svelte.dev/e/derived_inert
2:47:19 PM [vite] (client) [console.warn] https://svelte.dev/e/derived_inert
2:47:19 PM [vite] (client) [console.warn] https://svelte.dev/e/derived_inert
2:47:19 PM [vite] (client) [console.warn] https://svelte.dev/e/derived_inert
2:47:19 PM [vite] (client) [console.warn] https://svelte.dev/e/derived_inert
2:47:19 PM [vite] (client) [console.warn] https://svelte.dev/e/derived_inert
2:47:19 PM [vite] (client) [console.warn] https://svelte.dev/e/derived_inert
2:47:19 PM [vite] (client) [console.warn] https://svelte.dev/e/derived_inert
2:47:19 PM [vite] (client) [console.warn] https://svelte.dev/e/derived_inert
2:47:19 PM [vite] (client) [console.warn] https://svelte.dev/e/derived_inert
2:47:19 PM [vite] (client) [console.warn] https://svelte.dev/e/derived_inert
2:47:19 PM [vite] (client) [console.warn] https://svelte.dev/e/derived_inert
2:47:19 PM [vite] (client) [console.warn] https://svelte.dev/e/derived_inert
2:47:19 PM [vite] (client) [console.warn] https://svelte.dev/e/derived_inert
2:47:19 PM [vite] (client) [console.warn] https://svelte.dev/e/derived_inert
2:47:19 PM [vite] (client) [console.warn] https://svelte.dev/e/derived_inert
2:47:19 PM [vite] (client) [console.warn] https://svelte.dev/e/derived_inert
2:47:19 PM [vite] (client) [console.warn] https://svelte.dev/e/derived_inert
2:47:19 PM [vite] (client) [console.warn] https://svelte.dev/e/derived_inert
2:47:19 PM [vite] (client) [console.warn] https://svelte.dev/e/derived_inert
2:47:19 PM [vite] (client) [console.warn] https://svelte.dev/e/derived_inert
2:47:19 PM [vite] (client) [console.warn] https://svelte.dev/e/derived_inert
2:47:19 PM [vite] (client) [console.warn] https://svelte.dev/e/derived_inert
2:47:19 PM [vite] (client) [console.warn] https://svelte.dev/e/derived_inert
2:47:19 PM [vite] (client) [console.warn] https://svelte.dev/e/derived_inert
2:47:19 PM [vite] (client) [console.warn] https://svelte.dev/e/derived_inert
2:47:19 PM [vite] (client) [console.warn] https://svelte.dev/e/derived_inert
2:47:19 PM [vite] (client) [console.warn] https://svelte.dev/e/derived_inert
2:47:19 PM [vite] (client) [console.warn] https://svelte.dev/e/derived_inert
2:47:19 PM [vite] (client) [console.warn] https://svelte.dev/e/derived_inert
2:47:19 PM [vite] (client) [console.warn] https://svelte.dev/e/derived_inert
2:47:19 PM [vite] (client) [console.warn] https://svelte.dev/e/derived_inert
2:47:19 PM [vite] (client) [console.warn] https://svelte.dev/e/derived_inert
2:47:19 PM [vite] (client) [console.warn] https://svelte.dev/e/derived_inert
2:47:19 PM [vite] (client) [console.warn] https://svelte.dev/e/derived_inert
2:47:19 PM [vite] (client) [console.warn] https://svelte.dev/e/derived_inert
2:47:19 PM [vite] (client) [console.warn] https://svelte.dev/e/derived_inert
2:47:19 PM [vite] (client) [console.warn] https://svelte.dev/e/derived_inert
2:47:19 PM [vite] (client) [console.warn] https://svelte.dev/e/derived_inert
2:47:19 PM [vite] (client) [console.warn] https://svelte.dev/e/derived_inert
2:47:19 PM [vite] (client) [console.warn] https://svelte.dev/e/derived_inert
2:47:19 PM [vite] (client) [console.warn] https://svelte.dev/e/derived_inert
2:47:19 PM [vite] (client) [console.warn] https://svelte.dev/e/derived_inert
2:47:19 PM [vite] (client) [console.warn] https://svelte.dev/e/derived_inert
2:47:19 PM [vite] (client) [console.warn] https://svelte.dev/e/derived_inert
2:47:19 PM [vite] (client) [console.warn] https://svelte.dev/e/derived_inert
2:47:19 PM [vite] (client) [console.warn] https://svelte.dev/e/derived_inert
2:47:19 PM [vite] (client) [console.warn] https://svelte.dev/e/derived_inert
2:47:19 PM [vite] (client) [console.warn] https://svelte.dev/e/derived_inert
2:47:19 PM [vite] (client) [console.warn] https://svelte.dev/e/derived_inert
2:47:19 PM [vite] (client) [console.warn] https://svelte.dev/e/derived_inert
2:47:19 PM [vite] (client) [console.warn] https://svelte.dev/e/derived_inert
2:47:19 PM [vite] (client) [console.warn] https://svelte.dev/e/derived_inert
2:47:19 PM [vite] (client) [console.warn] https://svelte.dev/e/derived_inert
2:47:19 PM [vite] (client) [console.warn] https://svelte.dev/e/derived_inert
2:47:22 PM [vite] (client) [console.warn] https://svelte.dev/e/derived_inert
2:47:22 PM [vite] (client) [console.warn] https://svelte.dev/e/derived_inert
2:47:22 PM [vite] (client) [console.warn] https://svelte.dev/e/derived_inert
2:47:22 PM [vite] (client) [console.warn] https://svelte.dev/e/derived_inert
2:47:22 PM [vite] (client) [console.warn] https://svelte.dev/e/derived_inert
2:47:22 PM [vite] (client) [console.warn] https://svelte.dev/e/derived_inert
2:47:23 PM [vite] (client) [console.warn] https://svelte.dev/e/derived_inert
2:47:23 PM [vite] (client) [console.warn] https://svelte.dev/e/derived_inert
2:47:23 PM [vite] (client) [console.warn] https://svelte.dev/e/derived_inert
2:47:23 PM [vite] (client) [console.warn] https://svelte.dev/e/derived_inert
2:47:23 PM [vite] (client) [console.warn] https://svelte.dev/e/derived_inert
2:47:23 PM [vite] (client) [console.warn] https://svelte.dev/e/derived_inert
2:47:23 PM [vite] (client) [console.warn] https://svelte.dev/e/derived_inert
2:47:23 PM [vite] (client) [console.warn] https://svelte.dev/e/derived_inert
2:47:23 PM [vite] (client) [console.warn] https://svelte.dev/e/derived_inert
2:47:23 PM [vite] (client) [console.warn] https://svelte.dev/e/derived_inert
2:47:23 PM [vite] (client) [console.warn] https://svelte.dev/e/derived_inert
2:47:23 PM [vite] (client) [console.warn] https://svelte.dev/e/derived_inert
2:47:23 PM [vite] (client) [console.warn] https://svelte.dev/e/derived_inert
2:47:23 PM [vite] (client) [console.warn] https://svelte.dev/e/derived_inert
2:47:23 PM [vite] (client) [console.warn] https://svelte.dev/e/derived_inert
2:47:23 PM [vite] (client) [console.warn] https://svelte.dev/e/derived_inert
2:47:23 PM [vite] (client) [console.warn] https://svelte.dev/e/derived_inert
2:47:23 PM [vite] (client) [console.warn] https://svelte.dev/e/derived_inert
2:47:23 PM [vite] (client) [console.warn] https://svelte.dev/e/derived_inert
2:47:23 PM [vite] (client) [console.warn] https://svelte.dev/e/derived_inert
2:47:23 PM [vite] (client) [console.warn] https://svelte.dev/e/derived_inert
2:47:23 PM [vite] (client) [console.warn] https://svelte.dev/e/derived_inert
2:47:23 PM [vite] (client) [console.warn] https://svelte.dev/e/derived_inert
2:47:23 PM [vite] (client) [console.warn] https://svelte.dev/e/derived_inert
2:47:25 PM [vite] (client) [console.warn] https://svelte.dev/e/derived_inert
2:47:26 PM [vite] (client) [console.warn] https://svelte.dev/e/derived_inert
2:47:26 PM [vite] (client) [console.warn] https://svelte.dev/e/derived_inert
2:47:26 PM [vite] (client) [console.warn] https://svelte.dev/e/derived_inert
2:47:26 PM [vite] (client) [console.warn] https://svelte.dev/e/derived_inert
2:47:26 PM [vite] (client) [console.warn] https://svelte.dev/e/derived_inert
2:47:26 PM [vite] (client) [console.warn] https://svelte.dev/e/derived_inert
2:47:26 PM [vite] (client) [console.warn] https://svelte.dev/e/derived_inert
2:47:26 PM [vite] (client) [console.warn] https://svelte.dev/e/derived_inert
2:47:26 PM [vite] (client) [console.warn] https://svelte.dev/e/derived_inert
2:47:26 PM [vite] (client) [console.warn] https://svelte.dev/e/derived_inert
2:47:26 PM [vite] (client) [console.warn] https://svelte.dev/e/derived_inert
2:47:26 PM [vite] (client) [console.warn] https://svelte.dev/e/derived_inert
2:47:26 PM [vite] (client) [console.warn] https://svelte.dev/e/derived_inert
2:47:26 PM [vite] (client) [console.warn] https://svelte.dev/e/derived_inert
2:47:26 PM [vite] (client) [console.warn] https://svelte.dev/e/derived_inert
2:47:26 PM [vite] (client) [console.warn] https://svelte.dev/e/derived_inert
2:47:26 PM [vite] (client) [console.warn] https://svelte.dev/e/derived_inert
2:47:26 PM [vite] (client) [console.warn] https://svelte.dev/e/derived_inert
2:47:26 PM [vite] (client) [console.warn] https://svelte.dev/e/derived_inert
2:47:26 PM [vite] (client) [console.warn] https://svelte.dev/e/derived_inert
2:47:26 PM [vite] (client) [console.warn] https://svelte.dev/e/derived_inert
2:47:26 PM [vite] (client) [console.warn] https://svelte.dev/e/derived_inert
2:47:26 PM [vite] (client) [console.warn] https://svelte.dev/e/derived_inert
2:47:26 PM [vite] (client) [console.warn] https://svelte.dev/e/derived_inert
2:47:26 PM [vite] (client) [console.warn] https://svelte.dev/e/derived_inert
2:47:26 PM [vite] (client) [console.warn] https://svelte.dev/e/derived_inert
2:47:26 PM [vite] (client) [console.warn] https://svelte.dev/e/derived_inert
2:47:26 PM [vite] (client) [console.warn] https://svelte.dev/e/derived_inert
2:47:26 PM [vite] (client) [console.warn] https://svelte.dev/e/derived_inert
2:47:26 PM [vite] (client) [console.warn] https://svelte.dev/e/derived_inert
2:47:26 PM [vite] (client) [console.warn] https://svelte.dev/e/derived_inert
2:47:26 PM [vite] (client) [console.warn] https://svelte.dev/e/derived_inert
2:47:26 PM [vite] (client) [console.warn] https://svelte.dev/e/derived_inert
2:47:26 PM [vite] (client) [console.warn] https://svelte.dev/e/derived_inert
2:47:26 PM [vite] (client) [console.warn] https://svelte.dev/e/derived_inert
2:47:26 PM [vite] (client) [console.warn] https://svelte.dev/e/derived_inert
2:47:26 PM [vite] (client) [console.warn] https://svelte.dev/e/derived_inert
2:47:26 PM [vite] (client) [console.warn] https://svelte.dev/e/derived_inert
2:47:26 PM [vite] (client) [console.warn] https://svelte.dev/e/derived_inert
2:47:26 PM [vite] (client) [console.warn] https://svelte.dev/e/derived_inert
2:47:26 PM [vite] (client) [console.warn] https://svelte.dev/e/derived_inert
2:47:26 PM [vite] (client) [console.warn] https://svelte.dev/e/derived_inert
2:47:26 PM [vite] (client) [console.warn] https://svelte.dev/e/derived_inert
2:47:26 PM [vite] (client) [console.warn] https://svelte.dev/e/derived_inert
2:47:26 PM [vite] (client) [console.warn] https://svelte.dev/e/derived_inert
2:47:26 PM [vite] (client) [console.warn] https://svelte.dev/e/derived_inert
2:47:26 PM [vite] (client) [console.warn] https://svelte.dev/e/derived_inert
2:47:26 PM [vite] (client) [console.warn] https://svelte.dev/e/derived_inert
2:47:26 PM [vite] (client) [console.warn] https://svelte.dev/e/derived_inert
2:47:26 PM [vite] (client) [console.warn] https://svelte.dev/e/derived_inert
2:47:26 PM [vite] (client) [console.warn] https://svelte.dev/e/derived_inert
2:47:26 PM [vite] (client) [console.warn] https://svelte.dev/e/derived_inert
2:47:26 PM [vite] (client) [console.warn] https://svelte.dev/e/derived_inert
2:47:26 PM [vite] (client) [console.warn] https://svelte.dev/e/derived_inert
2:47:26 PM [vite] (client) [console.warn] https://svelte.dev/e/derived_inert
2:47:26 PM [vite] (client) [console.warn] https://svelte.dev/e/derived_inert
2:47:26 PM [vite] (client) [console.warn] https://svelte.dev/e/derived_inert
2:47:26 PM [vite] (client) [console.warn] https://svelte.dev/e/derived_inert
2:47:26 PM [vite] (client) [console.warn] https://svelte.dev/e/derived_inert
2:47:26 PM [vite] (client) [console.warn] https://svelte.dev/e/derived_inert
2:47:27 PM [vite] (client) [console.warn] https://svelte.dev/e/derived_inert
2:47:27 PM [vite] (client) [console.warn] https://svelte.dev/e/derived_inert
2:47:27 PM [vite] (client) [console.warn] https://svelte.dev/e/derived_inert
2:47:27 PM [vite] (client) [console.warn] https://svelte.dev/e/derived_inert
2:47:27 PM [vite] (client) [console.warn] https://svelte.dev/e/derived_inert
2:47:27 PM [vite] (client) [console.warn] https://svelte.dev/e/derived_inert
2:47:27 PM [vite] (client) [console.warn] https://svelte.dev/e/derived_inert
2:47:27 PM [vite] (client) [console.warn] https://svelte.dev/e/derived_inert
2:47:27 PM [vite] (client) [console.warn] https://svelte.dev/e/derived_inert
2:47:27 PM [vite] (client) [console.warn] https://svelte.dev/e/derived_inert
2:47:27 PM [vite] (client) [console.warn] https://svelte.dev/e/derived_inert
2:47:27 PM [vite] (client) [console.warn] https://svelte.dev/e/derived_inert
2:47:27 PM [vite] (client) [console.warn] https://svelte.dev/e/derived_inert
2:47:27 PM [vite] (client) [console.warn] https://svelte.dev/e/derived_inert
2:47:27 PM [vite] (client) [console.warn] https://svelte.dev/e/derived_inert
2:47:27 PM [vite] (client) [console.warn] https://svelte.dev/e/derived_inert
2:47:27 PM [vite] (client) [console.warn] https://svelte.dev/e/derived_inert
2:47:27 PM [vite] (client) [console.warn] https://svelte.dev/e/derived_inert
2:47:27 PM [vite] (client) [console.warn] https://svelte.dev/e/derived_inert
2:47:27 PM [vite] (client) [console.warn] https://svelte.dev/e/derived_inert
2:47:27 PM [vite] (client) [console.warn] https://svelte.dev/e/derived_inert
2:47:27 PM [vite] (client) [console.warn] https://svelte.dev/e/derived_inert
2:47:27 PM [vite] (client) [console.warn] https://svelte.dev/e/derived_inert
2:47:27 PM [vite] (client) [console.warn] https://svelte.dev/e/derived_inert
2:47:27 PM [vite] (client) [console.warn] https://svelte.dev/e/derived_inert
2:47:27 PM [vite] (client) [console.warn] https://svelte.dev/e/derived_inert
2:47:27 PM [vite] (client) [console.warn] https://svelte.dev/e/derived_inert
2:47:27 PM [vite] (client) [console.warn] https://svelte.dev/e/derived_inert
2:47:27 PM [vite] (client) [console.warn] https://svelte.dev/e/derived_inert
2:47:27 PM [vite] (client) [console.warn] https://svelte.dev/e/derived_inert
2:47:27 PM [vite] (client) [console.warn] https://svelte.dev/e/derived_inert
2:47:27 PM [vite] (client) [console.warn] https://svelte.dev/e/derived_inert
2:47:27 PM [vite] (client) [console.warn] https://svelte.dev/e/derived_inert
2:47:27 PM [vite] (client) [console.warn] https://svelte.dev/e/derived_inert
2:47:27 PM [vite] (client) [console.warn] https://svelte.dev/e/derived_inert
2:47:27 PM [vite] (client) [console.warn] https://svelte.dev/e/derived_inert
2:47:27 PM [vite] (client) [console.warn] https://svelte.dev/e/derived_inert
2:47:27 PM [vite] (client) [console.warn] https://svelte.dev/e/derived_inert
2:47:27 PM [vite] (client) [console.warn] https://svelte.dev/e/derived_inert
2:47:27 PM [vite] (client) [console.warn] https://svelte.dev/e/derived_inert
2:47:27 PM [vite] (client) [console.warn] https://svelte.dev/e/derived_inert
2:47:27 PM [vite] (client) [console.warn] https://svelte.dev/e/derived_inert
2:47:27 PM [vite] (client) [console.warn] https://svelte.dev/e/derived_inert
2:47:27 PM [vite] (client) [console.warn] https://svelte.dev/e/derived_inert
2:47:27 PM [vite] (client) [console.warn] https://svelte.dev/e/derived_inert
2:47:27 PM [vite] (client) [console.warn] https://svelte.dev/e/derived_inert
2:47:27 PM [vite] (client) [console.warn] https://svelte.dev/e/derived_inert
2:47:27 PM [vite] (client) [console.warn] https://svelte.dev/e/derived_inert
2:47:27 PM [vite] (client) [console.warn] https://svelte.dev/e/derived_inert
2:47:27 PM [vite] (client) [console.warn] https://svelte.dev/e/derived_inert
2:47:27 PM [vite] (client) [console.warn] https://svelte.dev/e/derived_inert
2:47:27 PM [vite] (client) [console.warn] https://svelte.dev/e/derived_inert
2:47:27 PM [vite] (client) [console.warn] https://svelte.dev/e/derived_inert
2:47:27 PM [vite] (client) [console.warn] https://svelte.dev/e/derived_inert
2:47:27 PM [vite] (client) [console.warn] https://svelte.dev/e/derived_inert
2:47:27 PM [vite] (client) [console.warn] https://svelte.dev/e/derived_inert
2:47:27 PM [vite] (client) [console.warn] https://svelte.dev/e/derived_inert
2:47:27 PM [vite] (client) [console.warn] https://svelte.dev/e/derived_inert
2:47:27 PM [vite] (client) [console.warn] https://svelte.dev/e/derived_inert
2:47:27 PM [vite] (client) [console.warn] https://svelte.dev/e/derived_inert
2:47:27 PM [vite] (client) [console.warn] https://svelte.dev/e/derived_inert
2:47:27 PM [vite] (client) [console.warn] https://svelte.dev/e/derived_inert
2:47:27 PM [vite] (client) [console.warn] https://svelte.dev/e/derived_inert
2:47:27 PM [vite] (client) [console.warn] https://svelte.dev/e/derived_inert
2:47:27 PM [vite] (client) [console.warn] https://svelte.dev/e/derived_inert
2:47:27 PM [vite] (client) [console.warn] https://svelte.dev/e/derived_inert
2:47:27 PM [vite] (client) [console.warn] https://svelte.dev/e/derived_inert
2:47:27 PM [vite] (client) [console.warn] https://svelte.dev/e/derived_inert
2:47:27 PM [vite] (client) [console.warn] https://svelte.dev/e/derived_inert
2:47:27 PM [vite] (client) [console.warn] https://svelte.dev/e/derived_inert
2:47:27 PM [vite] (client) [console.warn] https://svelte.dev/e/derived_inert
2:47:27 PM [vite] (client) [console.warn] https://svelte.dev/e/derived_inert
2:47:27 PM [vite] (client) [console.warn] https://svelte.dev/e/derived_inert
2:47:27 PM [vite] (client) [console.warn] https://svelte.dev/e/derived_inert
2:47:27 PM [vite] (client) [console.warn] https://svelte.dev/e/derived_inert
2:47:27 PM [vite] (client) [console.warn] https://svelte.dev/e/derived_inert
2:47:27 PM [vite] (client) [console.warn] https://svelte.dev/e/derived_inert
2:47:27 PM [vite] (client) [console.warn] https://svelte.dev/e/derived_inert
2:47:27 PM [vite] (client) [console.warn] https://svelte.dev/e/derived_inert
2:47:27 PM [vite] (client) [console.warn] https://svelte.dev/e/derived_inert
2:47:27 PM [vite] (client) [console.warn] https://svelte.dev/e/derived_inert
2:47:27 PM [vite] (client) [console.warn] https://svelte.dev/e/derived_inert
2:47:27 PM [vite] (client) [console.warn] https://svelte.dev/e/derived_inert
2:47:27 PM [vite] (client) [console.warn] https://svelte.dev/e/derived_inert
2:47:27 PM [vite] (client) [console.warn] https://svelte.dev/e/derived_inert
2:47:27 PM [vite] (client) [console.warn] https://svelte.dev/e/derived_inert
2:47:27 PM [vite] (client) [console.warn] https://svelte.dev/e/derived_inert
2:47:27 PM [vite] (client) [console.warn] https://svelte.dev/e/derived_inert
2:47:27 PM [vite] (client) [console.warn] https://svelte.dev/e/derived_inert
2:47:27 PM [vite] (client) [console.warn] https://svelte.dev/e/derived_inert
2:47:27 PM [vite] (client) [console.warn] https://svelte.dev/e/derived_inert
2:47:27 PM [vite] (client) [console.warn] https://svelte.dev/e/derived_inert
2:47:27 PM [vite] (client) [console.warn] https://svelte.dev/e/derived_inert
2:47:27 PM [vite] (client) [console.warn] https://svelte.dev/e/derived_inert
2:47:27 PM [vite] (client) [console.warn] https://svelte.dev/e/derived_inert
2:47:27 PM [vite] (client) [console.warn] https://svelte.dev/e/derived_inert
2:47:27 PM [vite] (client) [console.warn] https://svelte.dev/e/derived_inert
2:47:27 PM [vite] (client) [console.warn] https://svelte.dev/e/derived_inert
2:47:27 PM [vite] (client) [console.warn] https://svelte.dev/e/derived_inert
2:47:27 PM [vite] (client) [console.warn] https://svelte.dev/e/derived_inert
2:47:27 PM [vite] (client) [console.warn] https://svelte.dev/e/derived_inert
2:47:27 PM [vite] (client) [console.warn] https://svelte.dev/e/derived_inert
2:47:27 PM [vite] (client) [console.warn] https://svelte.dev/e/derived_inert
2:47:27 PM [vite] (client) [console.warn] https://svelte.dev/e/derived_inert
2:47:27 PM [vite] (client) [console.warn] https://svelte.dev/e/derived_inert
2:47:27 PM [vite] (client) [console.warn] https://svelte.dev/e/derived_inert
2:47:27 PM [vite] (client) [console.warn] https://svelte.dev/e/derived_inert
2:47:27 PM [vite] (client) [console.warn] https://svelte.dev/e/derived_inert
2:47:27 PM [vite] (client) [console.warn] https://svelte.dev/e/derived_inert
2:47:27 PM [vite] (client) [console.warn] https://svelte.dev/e/derived_inert
2:47:27 PM [vite] (client) [console.warn] https://svelte.dev/e/derived_inert
2:47:27 PM [vite] (client) [console.warn] https://svelte.dev/e/derived_inert
2:47:27 PM [vite] (client) [console.warn] https://svelte.dev/e/derived_inert
2:47:27 PM [vite] (client) [console.warn] https://svelte.dev/e/derived_inert
2:47:27 PM [vite] (client) [console.warn] https://svelte.dev/e/derived_inert
2:47:27 PM [vite] (client) [console.warn] https://svelte.dev/e/derived_inert
2:47:27 PM [vite] (client) [console.warn] https://svelte.dev/e/derived_inert
2:47:27 PM [vite] (client) [console.warn] https://svelte.dev/e/derived_inert
2:47:27 PM [vite] (client) [console.warn] https://svelte.dev/e/derived_inert
2:47:27 PM [vite] (client) [console.warn] https://svelte.dev/e/derived_inert
2:47:27 PM [vite] (client) [console.warn] https://svelte.dev/e/derived_inert
2:47:27 PM [vite] (client) [console.warn] https://svelte.dev/e/derived_inert
2:47:27 PM [vite] (client) [console.warn] https://svelte.dev/e/derived_inert
2:47:27 PM [vite] (client) [console.warn] https://svelte.dev/e/derived_inert
2:47:27 PM [vite] (client) [console.warn] https://svelte.dev/e/derived_inert
2:47:27 PM [vite] (client) [console.warn] https://svelte.dev/e/derived_inert
2:47:27 PM [vite] (client) [console.warn] https://svelte.dev/e/derived_inert
2:47:27 PM [vite] (client) [console.warn] https://svelte.dev/e/derived_inert
2:47:27 PM [vite] (client) [console.warn] https://svelte.dev/e/derived_inert
2:47:27 PM [vite] (client) [console.warn] https://svelte.dev/e/derived_inert
2:47:27 PM [vite] (client) [console.warn] https://svelte.dev/e/derived_inert
2:47:27 PM [vite] (client) [console.warn] https://svelte.dev/e/derived_inert
2:47:27 PM [vite] (client) [console.warn] https://svelte.dev/e/derived_inert
2:47:27 PM [vite] (client) [console.warn] https://svelte.dev/e/derived_inert
2:47:27 PM [vite] (client) [console.warn] https://svelte.dev/e/derived_inert
2:47:27 PM [vite] (client) [console.warn] https://svelte.dev/e/derived_inert
2:47:27 PM [vite] (client) [console.warn] https://svelte.dev/e/derived_inert
2:47:27 PM [vite] (client) [console.warn] https://svelte.dev/e/derived_inert
2:47:27 PM [vite] (client) [console.warn] https://svelte.dev/e/derived_inert
2:47:27 PM [vite] (client) [console.warn] https://svelte.dev/e/derived_inert
2:47:27 PM [vite] (client) [console.warn] https://svelte.dev/e/derived_inert
2:47:27 PM [vite] (client) [console.warn] https://svelte.dev/e/derived_inert
2:47:27 PM [vite] (client) [console.warn] https://svelte.dev/e/derived_inert
2:47:27 PM [vite] (client) [console.warn] https://svelte.dev/e/derived_inert
2:47:27 PM [vite] (client) [console.warn] https://svelte.dev/e/derived_inert
2:47:27 PM [vite] (client) [console.warn] https://svelte.dev/e/derived_inert
2:47:27 PM [vite] (client) [console.warn] https://svelte.dev/e/derived_inert
2:47:27 PM [vite] (client) [console.warn] https://svelte.dev/e/derived_inert
2:47:27 PM [vite] (client) [console.warn] https://svelte.dev/e/derived_inert
2:47:27 PM [vite] (client) [console.warn] https://svelte.dev/e/derived_inert
2:47:27 PM [vite] (client) [console.warn] https://svelte.dev/e/derived_inert
2:47:27 PM [vite] (client) [console.warn] https://svelte.dev/e/derived_inert
2:47:27 PM [vite] (client) [console.warn] https://svelte.dev/e/derived_inert
2:47:27 PM [vite] (client) [console.warn] https://svelte.dev/e/derived_inert
2:47:27 PM [vite] (client) [console.warn] https://svelte.dev/e/derived_inert
2:47:27 PM [vite] (client) [console.warn] https://svelte.dev/e/derived_inert
2:47:27 PM [vite] (client) [console.warn] https://svelte.dev/e/derived_inert
2:47:27 PM [vite] (client) [console.warn] https://svelte.dev/e/derived_inert
2:47:27 PM [vite] (client) [console.warn] https://svelte.dev/e/derived_inert
2:47:27 PM [vite] (client) [console.warn] https://svelte.dev/e/derived_inert
2:47:27 PM [vite] (client) [console.warn] https://svelte.dev/e/derived_inert
2:47:27 PM [vite] (client) [console.warn] https://svelte.dev/e/derived_inert
2:47:30 PM [vite] (client) [console.warn] https://svelte.dev/e/derived_inert
2:47:31 PM [vite] (client) [console.warn] https://svelte.dev/e/derived_inert
2:47:31 PM [vite] (client) [console.warn] https://svelte.dev/e/derived_inert
2:47:31 PM [vite] (client) [console.warn] https://svelte.dev/e/derived_inert
2:47:31 PM [vite] (client) [console.warn] https://svelte.dev/e/derived_inert
2:47:34 PM [vite] (client) [console.warn] https://svelte.dev/e/derived_inert
2:47:35 PM [vite] (client) [console.warn] https://svelte.dev/e/derived_inert

 Test Files  52 passed (52)
      Tests  304 passed (304)
   Start at  14:47:05
   Duration  31.25s (transform 0ms, setup 959ms, import 16.67s, tests 9.54s, environment 0ms)

