
> banhall-app@0.1.0 test:component
> vitest run --config vitest.component.config.ts src/routes/workspaceRoutes.component.test.ts src/lib/components/ui/Button.component.test.ts src/lib/components/workspace/WorkspaceChrome.component.test.ts src/lib/components/workspace/WorkspaceHeader.component.test.ts src/lib/components/workspace/WorkspaceRail.component.test.ts

2:54:45 PM [vite-plugin-svelte] no Svelte config found at /Users/johnnynguyen/Documents/Repos/Banhall-bmad-browser-fix - using default configuration.

 RUN  v4.1.10 /Users/johnnynguyen/Documents/Repos/Banhall-bmad-browser-fix

2:54:46 PM [vite-plugin-svelte] no Svelte config found at /Users/johnnynguyen/Documents/Repos/Banhall-bmad-browser-fix - using default configuration.
2:55:00 PM [vite] (client) [console.warn] https://svelte.dev/e/derived_inert
2:55:00 PM [vite] (client) [console.warn] https://svelte.dev/e/derived_inert
2:55:00 PM [vite] (client) [console.warn] https://svelte.dev/e/derived_inert
2:55:00 PM [vite] (client) [console.warn] https://svelte.dev/e/derived_inert
2:55:00 PM [vite] (client) [console.warn] https://svelte.dev/e/derived_inert
2:55:00 PM [vite] (client) [console.warn] https://svelte.dev/e/derived_inert
2:55:00 PM [vite] (client) [console.warn] https://svelte.dev/e/derived_inert
2:55:00 PM [vite] (client) [console.warn] https://svelte.dev/e/derived_inert
2:55:00 PM [vite] (client) [console.warn] https://svelte.dev/e/derived_inert
2:55:00 PM [vite] (client) [console.warn] https://svelte.dev/e/derived_inert
2:55:00 PM [vite] (client) [console.warn] https://svelte.dev/e/derived_inert
2:55:00 PM [vite] (client) [console.warn] https://svelte.dev/e/derived_inert
2:55:00 PM [vite] (client) [console.warn] https://svelte.dev/e/derived_inert
2:55:00 PM [vite] (client) [console.warn] https://svelte.dev/e/derived_inert
2:55:00 PM [vite] (client) [console.warn] https://svelte.dev/e/derived_inert
2:55:00 PM [vite] (client) [console.warn] https://svelte.dev/e/derived_inert
2:55:00 PM [vite] (client) [console.warn] https://svelte.dev/e/derived_inert
2:55:00 PM [vite] (client) [console.warn] https://svelte.dev/e/derived_inert
2:55:00 PM [vite] (client) [console.warn] https://svelte.dev/e/derived_inert
2:55:00 PM [vite] (client) [console.warn] https://svelte.dev/e/derived_inert
2:55:00 PM [vite] (client) [console.warn] https://svelte.dev/e/derived_inert
2:55:00 PM [vite] (client) [console.warn] https://svelte.dev/e/derived_inert
2:55:00 PM [vite] (client) [console.warn] https://svelte.dev/e/derived_inert
2:55:00 PM [vite] (client) [console.warn] https://svelte.dev/e/derived_inert
2:55:00 PM [vite] (client) [console.warn] https://svelte.dev/e/derived_inert
2:55:00 PM [vite] (client) [console.warn] https://svelte.dev/e/derived_inert
2:55:00 PM [vite] (client) [console.warn] https://svelte.dev/e/derived_inert
2:55:00 PM [vite] (client) [console.warn] https://svelte.dev/e/derived_inert
2:55:00 PM [vite] (client) [console.warn] https://svelte.dev/e/derived_inert
2:55:00 PM [vite] (client) [console.warn] https://svelte.dev/e/derived_inert
2:55:00 PM [vite] (client) [console.warn] https://svelte.dev/e/derived_inert
2:55:00 PM [vite] (client) [console.warn] https://svelte.dev/e/derived_inert
2:55:00 PM [vite] (client) [console.warn] https://svelte.dev/e/derived_inert
2:55:00 PM [vite] (client) [console.warn] https://svelte.dev/e/derived_inert
2:55:00 PM [vite] (client) [console.warn] https://svelte.dev/e/derived_inert
2:55:00 PM [vite] (client) [console.warn] https://svelte.dev/e/derived_inert
2:55:00 PM [vite] (client) [console.warn] https://svelte.dev/e/derived_inert
2:55:00 PM [vite] (client) [console.warn] https://svelte.dev/e/derived_inert
2:55:00 PM [vite] (client) [console.warn] https://svelte.dev/e/derived_inert
2:55:00 PM [vite] (client) [console.warn] https://svelte.dev/e/derived_inert
2:55:00 PM [vite] (client) [console.warn] https://svelte.dev/e/derived_inert
2:55:00 PM [vite] (client) [console.warn] https://svelte.dev/e/derived_inert
2:55:00 PM [vite] (client) [console.warn] https://svelte.dev/e/derived_inert
2:55:00 PM [vite] (client) [console.warn] https://svelte.dev/e/derived_inert
2:55:00 PM [vite] (client) [console.warn] https://svelte.dev/e/derived_inert
2:55:00 PM [vite] (client) [console.warn] https://svelte.dev/e/derived_inert
2:55:00 PM [vite] (client) [console.warn] https://svelte.dev/e/derived_inert
2:55:01 PM [vite] (client) [console.warn] https://svelte.dev/e/derived_inert
2:55:01 PM [vite] (client) [console.warn] https://svelte.dev/e/derived_inert
2:55:01 PM [vite] (client) [console.warn] https://svelte.dev/e/derived_inert
2:55:01 PM [vite] (client) [console.warn] https://svelte.dev/e/derived_inert
2:55:01 PM [vite] (client) [console.warn] https://svelte.dev/e/derived_inert
2:55:01 PM [vite] (client) [console.warn] https://svelte.dev/e/derived_inert
2:55:01 PM [vite] (client) [console.warn] https://svelte.dev/e/derived_inert
2:55:01 PM [vite] (client) [console.warn] https://svelte.dev/e/derived_inert
2:55:01 PM [vite] (client) [console.warn] https://svelte.dev/e/derived_inert
2:55:01 PM [vite] (client) [console.warn] https://svelte.dev/e/derived_inert
2:55:01 PM [vite] (client) [console.warn] https://svelte.dev/e/derived_inert
2:55:01 PM [vite] (client) [console.warn] https://svelte.dev/e/derived_inert
2:55:01 PM [vite] (client) [console.warn] https://svelte.dev/e/derived_inert
2:55:01 PM [vite] (client) [console.warn] https://svelte.dev/e/derived_inert
2:55:01 PM [vite] (client) [console.warn] https://svelte.dev/e/derived_inert
2:55:01 PM [vite] (client) [console.warn] https://svelte.dev/e/derived_inert
2:55:01 PM [vite] (client) [console.warn] https://svelte.dev/e/derived_inert
2:55:01 PM [vite] (client) [console.warn] https://svelte.dev/e/derived_inert
2:55:01 PM [vite] (client) [console.warn] https://svelte.dev/e/derived_inert
2:55:01 PM [vite] (client) [console.warn] https://svelte.dev/e/derived_inert
2:55:01 PM [vite] (client) [console.warn] https://svelte.dev/e/derived_inert
2:55:01 PM [vite] (client) [console.warn] https://svelte.dev/e/derived_inert
2:55:02 PM [vite] (client) [console.warn] https://svelte.dev/e/derived_inert
2:55:02 PM [vite] (client) [console.warn] https://svelte.dev/e/derived_inert
2:55:02 PM [vite] (client) [console.warn] https://svelte.dev/e/derived_inert
2:55:02 PM [vite] (client) [console.warn] https://svelte.dev/e/derived_inert
2:55:02 PM [vite] (client) [console.warn] https://svelte.dev/e/derived_inert
2:55:02 PM [vite] (client) [console.warn] https://svelte.dev/e/derived_inert
2:55:02 PM [vite] (client) [console.warn] https://svelte.dev/e/derived_inert
2:55:02 PM [vite] (client) [console.warn] https://svelte.dev/e/derived_inert
2:55:02 PM [vite] (client) [console.warn] https://svelte.dev/e/derived_inert
2:55:02 PM [vite] (client) [console.warn] https://svelte.dev/e/derived_inert
2:55:02 PM [vite] (client) [console.warn] https://svelte.dev/e/derived_inert
2:55:02 PM [vite] (client) [console.warn] https://svelte.dev/e/derived_inert
2:55:02 PM [vite] (client) [console.warn] https://svelte.dev/e/derived_inert
2:55:02 PM [vite] (client) [console.warn] https://svelte.dev/e/derived_inert
2:55:02 PM [vite] (client) [console.warn] https://svelte.dev/e/derived_inert
2:55:02 PM [vite] (client) [console.warn] https://svelte.dev/e/derived_inert
2:55:02 PM [vite] (client) [console.warn] https://svelte.dev/e/derived_inert
2:55:02 PM [vite] (client) [console.warn] https://svelte.dev/e/derived_inert
2:55:02 PM [vite] (client) [console.warn] https://svelte.dev/e/derived_inert
2:55:02 PM [vite] (client) [console.warn] https://svelte.dev/e/derived_inert
2:55:02 PM [vite] (client) [console.warn] https://svelte.dev/e/derived_inert
2:55:02 PM [vite] (client) [console.warn] https://svelte.dev/e/derived_inert
2:55:02 PM [vite] (client) [console.warn] https://svelte.dev/e/derived_inert
2:55:02 PM [vite] (client) [console.warn] https://svelte.dev/e/derived_inert
2:55:02 PM [vite] (client) [console.warn] https://svelte.dev/e/derived_inert
2:55:02 PM [vite] (client) [console.warn] https://svelte.dev/e/derived_inert
2:55:02 PM [vite] (client) [console.warn] https://svelte.dev/e/derived_inert
2:55:02 PM [vite] (client) [console.warn] https://svelte.dev/e/derived_inert
2:55:02 PM [vite] (client) [console.warn] https://svelte.dev/e/derived_inert
2:55:02 PM [vite] (client) [console.warn] https://svelte.dev/e/derived_inert
2:55:02 PM [vite] (client) [console.warn] https://svelte.dev/e/derived_inert
2:55:02 PM [vite] (client) [console.warn] https://svelte.dev/e/derived_inert
2:55:02 PM [vite] (client) [console.warn] https://svelte.dev/e/derived_inert
2:55:02 PM [vite] (client) [console.warn] https://svelte.dev/e/derived_inert
2:55:02 PM [vite] (client) [console.warn] https://svelte.dev/e/derived_inert
2:55:02 PM [vite] (client) [console.warn] https://svelte.dev/e/derived_inert
2:55:02 PM [vite] (client) [console.warn] https://svelte.dev/e/derived_inert
2:55:02 PM [vite] (client) [console.warn] https://svelte.dev/e/derived_inert
2:55:02 PM [vite] (client) [console.warn] https://svelte.dev/e/derived_inert
2:55:02 PM [vite] (client) [console.warn] https://svelte.dev/e/derived_inert
2:55:02 PM [vite] (client) [console.warn] https://svelte.dev/e/derived_inert
2:55:02 PM [vite] (client) [console.warn] https://svelte.dev/e/derived_inert
2:55:02 PM [vite] (client) [console.warn] https://svelte.dev/e/derived_inert
2:55:02 PM [vite] (client) [console.warn] https://svelte.dev/e/derived_inert
2:55:02 PM [vite] (client) [console.warn] https://svelte.dev/e/derived_inert
2:55:02 PM [vite] (client) [console.warn] https://svelte.dev/e/derived_inert
2:55:02 PM [vite] (client) [console.warn] https://svelte.dev/e/derived_inert
2:55:02 PM [vite] (client) [console.warn] https://svelte.dev/e/derived_inert
2:55:02 PM [vite] (client) [console.warn] https://svelte.dev/e/derived_inert
2:55:02 PM [vite] (client) [console.warn] https://svelte.dev/e/derived_inert
2:55:02 PM [vite] (client) [console.warn] https://svelte.dev/e/derived_inert
2:55:02 PM [vite] (client) [console.warn] https://svelte.dev/e/derived_inert
2:55:02 PM [vite] (client) [console.warn] https://svelte.dev/e/derived_inert
2:55:03 PM [vite] (client) [console.warn] https://svelte.dev/e/derived_inert
2:55:03 PM [vite] (client) [console.warn] https://svelte.dev/e/derived_inert
2:55:03 PM [vite] (client) [console.warn] https://svelte.dev/e/derived_inert
2:55:03 PM [vite] (client) [console.warn] https://svelte.dev/e/derived_inert
2:55:03 PM [vite] (client) [console.warn] https://svelte.dev/e/derived_inert
2:55:03 PM [vite] (client) [console.warn] https://svelte.dev/e/derived_inert
2:55:03 PM [vite] (client) [console.warn] https://svelte.dev/e/derived_inert
2:55:03 PM [vite] (client) [console.warn] https://svelte.dev/e/derived_inert
2:55:03 PM [vite] (client) [console.warn] https://svelte.dev/e/derived_inert
2:55:03 PM [vite] (client) [console.warn] https://svelte.dev/e/derived_inert
2:55:03 PM [vite] (client) [console.warn] https://svelte.dev/e/derived_inert
2:55:03 PM [vite] (client) [console.warn] https://svelte.dev/e/derived_inert
2:55:04 PM [vite] (client) [console.warn] https://svelte.dev/e/derived_inert
2:55:04 PM [vite] (client) [console.warn] https://svelte.dev/e/derived_inert
2:55:04 PM [vite] (client) [console.warn] https://svelte.dev/e/derived_inert
2:55:04 PM [vite] (client) [console.warn] https://svelte.dev/e/derived_inert
2:55:04 PM [vite] (client) [console.warn] https://svelte.dev/e/derived_inert
2:55:04 PM [vite] (client) [console.warn] https://svelte.dev/e/derived_inert
2:55:04 PM [vite] (client) [console.warn] https://svelte.dev/e/derived_inert
2:55:04 PM [vite] (client) [console.warn] https://svelte.dev/e/derived_inert
2:55:04 PM [vite] (client) [console.warn] https://svelte.dev/e/derived_inert
2:55:04 PM [vite] (client) [console.warn] https://svelte.dev/e/derived_inert
2:55:04 PM [vite] (client) [console.warn] https://svelte.dev/e/derived_inert
2:55:04 PM [vite] (client) [console.warn] https://svelte.dev/e/derived_inert
2:55:04 PM [vite] (client) [console.warn] https://svelte.dev/e/derived_inert
2:55:04 PM [vite] (client) [console.warn] https://svelte.dev/e/derived_inert
2:55:04 PM [vite] (client) [console.warn] https://svelte.dev/e/derived_inert
2:55:04 PM [vite] (client) [console.warn] https://svelte.dev/e/derived_inert
2:55:04 PM [vite] (client) [console.warn] https://svelte.dev/e/derived_inert
2:55:04 PM [vite] (client) [console.warn] https://svelte.dev/e/derived_inert
2:55:04 PM [vite] (client) [console.warn] https://svelte.dev/e/derived_inert
2:55:04 PM [vite] (client) [console.warn] https://svelte.dev/e/derived_inert
2:55:04 PM [vite] (client) [console.warn] https://svelte.dev/e/derived_inert
2:55:05 PM [vite] (client) [console.warn] https://svelte.dev/e/derived_inert
2:55:05 PM [vite] (client) [console.warn] https://svelte.dev/e/derived_inert
2:55:05 PM [vite] (client) [console.warn] https://svelte.dev/e/derived_inert
2:55:05 PM [vite] (client) [console.warn] https://svelte.dev/e/derived_inert
2:55:05 PM [vite] (client) [console.warn] https://svelte.dev/e/derived_inert
2:55:05 PM [vite] (client) [console.warn] https://svelte.dev/e/derived_inert
2:55:05 PM [vite] (client) [console.warn] https://svelte.dev/e/derived_inert
2:55:05 PM [vite] (client) [console.warn] https://svelte.dev/e/derived_inert
2:55:05 PM [vite] (client) [console.warn] https://svelte.dev/e/derived_inert
2:55:05 PM [vite] (client) [console.warn] https://svelte.dev/e/derived_inert
2:55:05 PM [vite] (client) [console.warn] https://svelte.dev/e/derived_inert
2:55:05 PM [vite] (client) [console.warn] https://svelte.dev/e/derived_inert
2:55:05 PM [vite] (client) [console.warn] https://svelte.dev/e/derived_inert
2:55:05 PM [vite] (client) [console.warn] https://svelte.dev/e/derived_inert
2:55:05 PM [vite] (client) [console.warn] https://svelte.dev/e/derived_inert
2:55:05 PM [vite] (client) [console.warn] https://svelte.dev/e/derived_inert
2:55:05 PM [vite] (client) [console.warn] https://svelte.dev/e/derived_inert
2:55:05 PM [vite] (client) [console.warn] https://svelte.dev/e/derived_inert
2:55:05 PM [vite] (client) [console.warn] https://svelte.dev/e/derived_inert
2:55:05 PM [vite] (client) [console.warn] https://svelte.dev/e/derived_inert
2:55:05 PM [vite] (client) [console.warn] https://svelte.dev/e/derived_inert
2:55:05 PM [vite] (client) [console.warn] https://svelte.dev/e/derived_inert
2:55:05 PM [vite] (client) [console.warn] https://svelte.dev/e/derived_inert
2:55:05 PM [vite] (client) [console.warn] https://svelte.dev/e/derived_inert
2:55:05 PM [vite] (client) [console.warn] https://svelte.dev/e/derived_inert
2:55:05 PM [vite] (client) [console.warn] https://svelte.dev/e/derived_inert
2:55:05 PM [vite] (client) [console.warn] https://svelte.dev/e/derived_inert
2:55:05 PM [vite] (client) [console.warn] https://svelte.dev/e/derived_inert
2:55:05 PM [vite] (client) [console.warn] https://svelte.dev/e/derived_inert
2:55:05 PM [vite] (client) [console.warn] https://svelte.dev/e/derived_inert
2:55:05 PM [vite] (client) [console.warn] https://svelte.dev/e/derived_inert
2:55:05 PM [vite] (client) [console.warn] https://svelte.dev/e/derived_inert
2:55:05 PM [vite] (client) [console.warn] https://svelte.dev/e/derived_inert
2:55:06 PM [vite] (client) [console.warn] https://svelte.dev/e/derived_inert
2:55:06 PM [vite] (client) [console.warn] https://svelte.dev/e/derived_inert
2:55:06 PM [vite] (client) [console.warn] https://svelte.dev/e/derived_inert
2:55:06 PM [vite] (client) [console.warn] https://svelte.dev/e/derived_inert
2:55:06 PM [vite] (client) [console.warn] https://svelte.dev/e/derived_inert
2:55:06 PM [vite] (client) [console.warn] https://svelte.dev/e/derived_inert
2:55:06 PM [vite] (client) [console.warn] https://svelte.dev/e/derived_inert
2:55:06 PM [vite] (client) [console.warn] https://svelte.dev/e/derived_inert
2:55:06 PM [vite] (client) [console.warn] https://svelte.dev/e/derived_inert
2:55:06 PM [vite] (client) [console.warn] https://svelte.dev/e/derived_inert
2:55:06 PM [vite] (client) [console.warn] https://svelte.dev/e/derived_inert
2:55:06 PM [vite] (client) [console.warn] https://svelte.dev/e/derived_inert
2:55:06 PM [vite] (client) [console.warn] https://svelte.dev/e/derived_inert
2:55:06 PM [vite] (client) [console.warn] https://svelte.dev/e/derived_inert
2:55:06 PM [vite] (client) [console.warn] https://svelte.dev/e/derived_inert
2:55:06 PM [vite] (client) [console.warn] https://svelte.dev/e/derived_inert
2:55:06 PM [vite] (client) [console.warn] https://svelte.dev/e/derived_inert
2:55:06 PM [vite] (client) [console.warn] https://svelte.dev/e/derived_inert
2:55:06 PM [vite] (client) [console.warn] https://svelte.dev/e/derived_inert
2:55:06 PM [vite] (client) [console.warn] https://svelte.dev/e/derived_inert
2:55:06 PM [vite] (client) [console.warn] https://svelte.dev/e/derived_inert
2:55:06 PM [vite] (client) [console.warn] https://svelte.dev/e/derived_inert
2:55:06 PM [vite] (client) [console.warn] https://svelte.dev/e/derived_inert
2:55:06 PM [vite] (client) [console.warn] https://svelte.dev/e/derived_inert
2:55:06 PM [vite] (client) [console.warn] https://svelte.dev/e/derived_inert
2:55:06 PM [vite] (client) [console.warn] https://svelte.dev/e/derived_inert
2:55:06 PM [vite] (client) [console.warn] https://svelte.dev/e/derived_inert
2:55:06 PM [vite] (client) [console.warn] https://svelte.dev/e/derived_inert
2:55:06 PM [vite] (client) [console.warn] https://svelte.dev/e/derived_inert
2:55:06 PM [vite] (client) [console.warn] https://svelte.dev/e/derived_inert
2:55:06 PM [vite] (client) [console.warn] https://svelte.dev/e/derived_inert
2:55:06 PM [vite] (client) [console.warn] https://svelte.dev/e/derived_inert
2:55:06 PM [vite] (client) [console.warn] https://svelte.dev/e/derived_inert
2:55:06 PM [vite] (client) [console.warn] https://svelte.dev/e/derived_inert

 Test Files  5 passed (5)
      Tests  60 passed (60)
   Start at  14:54:46
   Duration  23.87s (transform 0ms, setup 1.02s, import 12.18s, tests 7.63s, environment 0ms)

