
> banhall-app@0.1.0 test:component
> vitest run --config vitest.component.config.ts

2:56:08 PM [vite-plugin-svelte] no Svelte config found at /Users/johnnynguyen/Documents/Repos/Banhall-bmad-browser-fix - using default configuration.

 RUN  v4.1.10 /Users/johnnynguyen/Documents/Repos/Banhall-bmad-browser-fix

2:56:08 PM [vite-plugin-svelte] no Svelte config found at /Users/johnnynguyen/Documents/Repos/Banhall-bmad-browser-fix - using default configuration.
2:56:34 PM [vite] (client) [console.warn] https://svelte.dev/e/derived_inert
2:56:34 PM [vite] (client) [console.warn] https://svelte.dev/e/derived_inert
2:56:34 PM [vite] (client) [console.warn] https://svelte.dev/e/derived_inert
2:56:34 PM [vite] (client) [console.warn] https://svelte.dev/e/derived_inert
2:56:34 PM [vite] (client) [console.warn] https://svelte.dev/e/derived_inert
2:56:34 PM [vite] (client) [console.warn] https://svelte.dev/e/derived_inert
2:56:34 PM [vite] (client) [console.warn] https://svelte.dev/e/derived_inert
2:56:34 PM [vite] (client) [console.warn] https://svelte.dev/e/derived_inert
2:56:34 PM [vite] (client) [console.warn] https://svelte.dev/e/derived_inert
2:56:34 PM [vite] (client) [console.warn] https://svelte.dev/e/derived_inert
2:56:34 PM [vite] (client) [console.warn] https://svelte.dev/e/derived_inert
2:56:34 PM [vite] (client) [console.warn] https://svelte.dev/e/derived_inert
2:56:34 PM [vite] (client) [console.warn] https://svelte.dev/e/derived_inert
2:56:34 PM [vite] (client) [console.warn] https://svelte.dev/e/derived_inert
2:56:34 PM [vite] (client) [console.warn] https://svelte.dev/e/derived_inert
2:56:34 PM [vite] (client) [console.warn] https://svelte.dev/e/derived_inert
2:56:34 PM [vite] (client) [console.warn] https://svelte.dev/e/derived_inert
2:56:34 PM [vite] (client) [console.warn] https://svelte.dev/e/derived_inert
2:56:34 PM [vite] (client) [console.warn] https://svelte.dev/e/derived_inert
2:56:34 PM [vite] (client) [console.warn] https://svelte.dev/e/derived_inert
2:56:34 PM [vite] (client) [console.warn] https://svelte.dev/e/derived_inert
2:56:34 PM [vite] (client) [console.warn] https://svelte.dev/e/derived_inert
2:56:34 PM [vite] (client) [console.warn] https://svelte.dev/e/derived_inert
2:56:34 PM [vite] (client) [console.warn] https://svelte.dev/e/derived_inert
2:56:34 PM [vite] (client) [console.warn] https://svelte.dev/e/derived_inert
2:56:34 PM [vite] (client) [console.warn] https://svelte.dev/e/derived_inert
2:56:34 PM [vite] (client) [console.warn] https://svelte.dev/e/derived_inert
2:56:34 PM [vite] (client) [console.warn] https://svelte.dev/e/derived_inert
2:56:34 PM [vite] (client) [console.warn] https://svelte.dev/e/derived_inert
2:56:34 PM [vite] (client) [console.warn] https://svelte.dev/e/derived_inert
2:56:34 PM [vite] (client) [console.warn] https://svelte.dev/e/derived_inert
2:56:34 PM [vite] (client) [console.warn] https://svelte.dev/e/derived_inert
2:56:34 PM [vite] (client) [console.warn] https://svelte.dev/e/derived_inert
2:56:34 PM [vite] (client) [console.warn] https://svelte.dev/e/derived_inert
2:56:34 PM [vite] (client) [console.warn] https://svelte.dev/e/derived_inert
2:56:34 PM [vite] (client) [console.warn] https://svelte.dev/e/derived_inert
2:56:34 PM [vite] (client) [console.warn] https://svelte.dev/e/derived_inert
2:56:34 PM [vite] (client) [console.warn] https://svelte.dev/e/derived_inert
2:56:34 PM [vite] (client) [console.warn] https://svelte.dev/e/derived_inert
2:56:34 PM [vite] (client) [console.warn] https://svelte.dev/e/derived_inert
2:56:34 PM [vite] (client) [console.warn] https://svelte.dev/e/derived_inert
2:56:34 PM [vite] (client) [console.warn] https://svelte.dev/e/derived_inert
2:56:34 PM [vite] (client) [console.warn] https://svelte.dev/e/derived_inert
2:56:34 PM [vite] (client) [console.warn] https://svelte.dev/e/derived_inert
2:56:34 PM [vite] (client) [console.warn] https://svelte.dev/e/derived_inert
2:56:34 PM [vite] (client) [console.warn] https://svelte.dev/e/derived_inert
2:56:34 PM [vite] (client) [console.warn] https://svelte.dev/e/derived_inert
2:56:35 PM [vite] (client) [console.warn] https://svelte.dev/e/derived_inert
2:56:35 PM [vite] (client) [console.warn] https://svelte.dev/e/derived_inert
2:56:35 PM [vite] (client) [console.warn] https://svelte.dev/e/derived_inert
2:56:35 PM [vite] (client) [console.warn] https://svelte.dev/e/derived_inert
2:56:35 PM [vite] (client) [console.warn] https://svelte.dev/e/derived_inert
2:56:35 PM [vite] (client) [console.warn] https://svelte.dev/e/derived_inert
2:56:35 PM [vite] (client) [console.warn] https://svelte.dev/e/derived_inert
2:56:35 PM [vite] (client) [console.warn] https://svelte.dev/e/derived_inert
2:56:35 PM [vite] (client) [console.warn] https://svelte.dev/e/derived_inert
2:56:35 PM [vite] (client) [console.warn] https://svelte.dev/e/derived_inert
2:56:35 PM [vite] (client) [console.warn] https://svelte.dev/e/derived_inert
2:56:35 PM [vite] (client) [console.warn] https://svelte.dev/e/derived_inert
2:56:35 PM [vite] (client) [console.warn] https://svelte.dev/e/derived_inert
2:56:35 PM [vite] (client) [console.warn] https://svelte.dev/e/derived_inert
2:56:35 PM [vite] (client) [console.warn] https://svelte.dev/e/derived_inert
2:56:35 PM [vite] (client) [console.warn] https://svelte.dev/e/derived_inert
2:56:35 PM [vite] (client) [console.warn] https://svelte.dev/e/derived_inert
2:56:35 PM [vite] (client) [console.warn] https://svelte.dev/e/derived_inert
2:56:35 PM [vite] (client) [console.warn] https://svelte.dev/e/derived_inert
2:56:35 PM [vite] (client) [console.warn] https://svelte.dev/e/derived_inert
2:56:35 PM [vite] (client) [console.warn] https://svelte.dev/e/derived_inert
2:56:35 PM [vite] (client) [console.warn] https://svelte.dev/e/derived_inert
2:56:35 PM [vite] (client) [console.warn] https://svelte.dev/e/derived_inert
2:56:35 PM [vite] (client) [console.warn] https://svelte.dev/e/derived_inert
2:56:35 PM [vite] (client) [console.warn] https://svelte.dev/e/derived_inert
2:56:35 PM [vite] (client) [console.warn] https://svelte.dev/e/derived_inert
2:56:35 PM [vite] (client) [console.warn] https://svelte.dev/e/derived_inert
2:56:35 PM [vite] (client) [console.warn] https://svelte.dev/e/derived_inert
2:56:35 PM [vite] (client) [console.warn] https://svelte.dev/e/derived_inert
2:56:35 PM [vite] (client) [console.warn] https://svelte.dev/e/derived_inert
2:56:35 PM [vite] (client) [console.warn] https://svelte.dev/e/derived_inert
2:56:35 PM [vite] (client) [console.warn] https://svelte.dev/e/derived_inert
2:56:35 PM [vite] (client) [console.warn] https://svelte.dev/e/derived_inert
2:56:35 PM [vite] (client) [console.warn] https://svelte.dev/e/derived_inert
2:56:35 PM [vite] (client) [console.warn] https://svelte.dev/e/derived_inert
2:56:35 PM [vite] (client) [console.warn] https://svelte.dev/e/derived_inert
2:56:35 PM [vite] (client) [console.warn] https://svelte.dev/e/derived_inert
2:56:35 PM [vite] (client) [console.warn] https://svelte.dev/e/derived_inert
2:56:35 PM [vite] (client) [console.warn] https://svelte.dev/e/derived_inert
2:56:35 PM [vite] (client) [console.warn] https://svelte.dev/e/derived_inert
2:56:35 PM [vite] (client) [console.warn] https://svelte.dev/e/derived_inert
2:56:35 PM [vite] (client) [console.warn] https://svelte.dev/e/derived_inert
2:56:35 PM [vite] (client) [console.warn] https://svelte.dev/e/derived_inert
2:56:35 PM [vite] (client) [console.warn] https://svelte.dev/e/derived_inert
2:56:35 PM [vite] (client) [console.warn] https://svelte.dev/e/derived_inert
2:56:35 PM [vite] (client) [console.warn] https://svelte.dev/e/derived_inert
2:56:35 PM [vite] (client) [console.warn] https://svelte.dev/e/derived_inert
2:56:35 PM [vite] (client) [console.warn] https://svelte.dev/e/derived_inert
2:56:35 PM [vite] (client) [console.warn] https://svelte.dev/e/derived_inert
2:56:35 PM [vite] (client) [console.warn] https://svelte.dev/e/derived_inert
2:56:36 PM [vite] (client) [console.warn] https://svelte.dev/e/derived_inert
2:56:36 PM [vite] (client) [console.warn] https://svelte.dev/e/derived_inert
2:56:36 PM [vite] (client) [console.warn] https://svelte.dev/e/derived_inert
2:56:36 PM [vite] (client) [console.warn] https://svelte.dev/e/derived_inert
2:56:36 PM [vite] (client) [console.warn] https://svelte.dev/e/derived_inert
2:56:36 PM [vite] (client) [console.warn] https://svelte.dev/e/derived_inert
2:56:36 PM [vite] (client) [console.warn] https://svelte.dev/e/derived_inert
2:56:36 PM [vite] (client) [console.warn] https://svelte.dev/e/derived_inert
2:56:36 PM [vite] (client) [console.warn] https://svelte.dev/e/derived_inert
2:56:36 PM [vite] (client) [console.warn] https://svelte.dev/e/derived_inert
2:56:36 PM [vite] (client) [console.warn] https://svelte.dev/e/derived_inert
2:56:36 PM [vite] (client) [console.warn] https://svelte.dev/e/derived_inert
2:56:36 PM [vite] (client) [console.warn] https://svelte.dev/e/derived_inert
2:56:36 PM [vite] (client) [console.warn] https://svelte.dev/e/derived_inert
2:56:36 PM [vite] (client) [console.warn] https://svelte.dev/e/derived_inert
2:56:36 PM [vite] (client) [console.warn] https://svelte.dev/e/derived_inert
2:56:36 PM [vite] (client) [console.warn] https://svelte.dev/e/derived_inert
2:56:36 PM [vite] (client) [console.warn] https://svelte.dev/e/derived_inert
2:56:36 PM [vite] (client) [console.warn] https://svelte.dev/e/derived_inert
2:56:36 PM [vite] (client) [console.warn] https://svelte.dev/e/derived_inert
2:56:36 PM [vite] (client) [console.warn] https://svelte.dev/e/derived_inert
2:56:36 PM [vite] (client) [console.warn] https://svelte.dev/e/derived_inert
2:56:36 PM [vite] (client) [console.warn] https://svelte.dev/e/derived_inert
2:56:36 PM [vite] (client) [console.warn] https://svelte.dev/e/derived_inert
2:56:36 PM [vite] (client) [console.warn] https://svelte.dev/e/derived_inert
2:56:37 PM [vite] (client) [console.warn] https://svelte.dev/e/derived_inert
2:56:37 PM [vite] (client) [console.warn] https://svelte.dev/e/derived_inert
2:56:37 PM [vite] (client) [console.warn] https://svelte.dev/e/derived_inert
2:56:37 PM [vite] (client) [console.warn] https://svelte.dev/e/derived_inert
2:56:37 PM [vite] (client) [console.warn] https://svelte.dev/e/derived_inert
2:56:37 PM [vite] (client) [console.warn] https://svelte.dev/e/derived_inert
2:56:37 PM [vite] (client) [console.warn] https://svelte.dev/e/derived_inert
2:56:37 PM [vite] (client) [console.warn] https://svelte.dev/e/derived_inert
2:56:37 PM [vite] (client) [console.warn] https://svelte.dev/e/derived_inert
2:56:37 PM [vite] (client) [console.warn] https://svelte.dev/e/derived_inert
2:56:37 PM [vite] (client) [console.warn] https://svelte.dev/e/derived_inert
2:56:37 PM [vite] (client) [console.warn] https://svelte.dev/e/derived_inert
2:56:38 PM [vite] (client) [console.warn] https://svelte.dev/e/derived_inert
2:56:38 PM [vite] (client) [console.warn] https://svelte.dev/e/derived_inert
2:56:38 PM [vite] (client) [console.warn] https://svelte.dev/e/derived_inert
2:56:38 PM [vite] (client) [console.warn] https://svelte.dev/e/derived_inert
2:56:38 PM [vite] (client) [console.warn] https://svelte.dev/e/derived_inert
2:56:38 PM [vite] (client) [console.warn] https://svelte.dev/e/derived_inert
2:56:38 PM [vite] (client) [console.warn] https://svelte.dev/e/derived_inert
2:56:38 PM [vite] (client) [console.warn] https://svelte.dev/e/derived_inert
2:56:38 PM [vite] (client) [console.warn] https://svelte.dev/e/derived_inert
2:56:38 PM [vite] (client) [console.warn] https://svelte.dev/e/derived_inert
2:56:38 PM [vite] (client) [console.warn] https://svelte.dev/e/derived_inert
2:56:38 PM [vite] (client) [console.warn] https://svelte.dev/e/derived_inert
2:56:38 PM [vite] (client) [console.warn] https://svelte.dev/e/derived_inert
2:56:38 PM [vite] (client) [console.warn] https://svelte.dev/e/derived_inert
2:56:38 PM [vite] (client) [console.warn] https://svelte.dev/e/derived_inert
2:56:38 PM [vite] (client) [console.warn] https://svelte.dev/e/derived_inert
2:56:38 PM [vite] (client) [console.warn] https://svelte.dev/e/derived_inert
2:56:38 PM [vite] (client) [console.warn] https://svelte.dev/e/derived_inert
2:56:38 PM [vite] (client) [console.warn] https://svelte.dev/e/derived_inert
2:56:38 PM [vite] (client) [console.warn] https://svelte.dev/e/derived_inert
2:56:38 PM [vite] (client) [console.warn] https://svelte.dev/e/derived_inert
2:56:39 PM [vite] (client) [console.warn] https://svelte.dev/e/derived_inert
2:56:39 PM [vite] (client) [console.warn] https://svelte.dev/e/derived_inert
2:56:39 PM [vite] (client) [console.warn] https://svelte.dev/e/derived_inert
2:56:39 PM [vite] (client) [console.warn] https://svelte.dev/e/derived_inert
2:56:39 PM [vite] (client) [console.warn] https://svelte.dev/e/derived_inert
2:56:39 PM [vite] (client) [console.warn] https://svelte.dev/e/derived_inert
2:56:39 PM [vite] (client) [console.warn] https://svelte.dev/e/derived_inert
2:56:39 PM [vite] (client) [console.warn] https://svelte.dev/e/derived_inert
2:56:39 PM [vite] (client) [console.warn] https://svelte.dev/e/derived_inert
2:56:39 PM [vite] (client) [console.warn] https://svelte.dev/e/derived_inert
2:56:39 PM [vite] (client) [console.warn] https://svelte.dev/e/derived_inert
2:56:39 PM [vite] (client) [console.warn] https://svelte.dev/e/derived_inert
2:56:39 PM [vite] (client) [console.warn] https://svelte.dev/e/derived_inert
2:56:39 PM [vite] (client) [console.warn] https://svelte.dev/e/derived_inert
2:56:39 PM [vite] (client) [console.warn] https://svelte.dev/e/derived_inert
2:56:39 PM [vite] (client) [console.warn] https://svelte.dev/e/derived_inert
2:56:39 PM [vite] (client) [console.warn] https://svelte.dev/e/derived_inert
2:56:39 PM [vite] (client) [console.warn] https://svelte.dev/e/derived_inert
2:56:39 PM [vite] (client) [console.warn] https://svelte.dev/e/derived_inert
2:56:39 PM [vite] (client) [console.warn] https://svelte.dev/e/derived_inert
2:56:39 PM [vite] (client) [console.warn] https://svelte.dev/e/derived_inert
2:56:39 PM [vite] (client) [console.warn] https://svelte.dev/e/derived_inert
2:56:39 PM [vite] (client) [console.warn] https://svelte.dev/e/derived_inert
2:56:39 PM [vite] (client) [console.warn] https://svelte.dev/e/derived_inert
2:56:39 PM [vite] (client) [console.warn] https://svelte.dev/e/derived_inert
2:56:39 PM [vite] (client) [console.warn] https://svelte.dev/e/derived_inert
2:56:39 PM [vite] (client) [console.warn] https://svelte.dev/e/derived_inert
2:56:39 PM [vite] (client) [console.warn] https://svelte.dev/e/derived_inert
2:56:39 PM [vite] (client) [console.warn] https://svelte.dev/e/derived_inert
2:56:39 PM [vite] (client) [console.warn] https://svelte.dev/e/derived_inert
2:56:39 PM [vite] (client) [console.warn] https://svelte.dev/e/derived_inert
2:56:39 PM [vite] (client) [console.warn] https://svelte.dev/e/derived_inert
2:56:39 PM [vite] (client) [console.warn] https://svelte.dev/e/derived_inert
2:56:40 PM [vite] (client) [console.warn] https://svelte.dev/e/derived_inert
2:56:40 PM [vite] (client) [console.warn] https://svelte.dev/e/derived_inert
2:56:40 PM [vite] (client) [console.warn] https://svelte.dev/e/derived_inert
2:56:40 PM [vite] (client) [console.warn] https://svelte.dev/e/derived_inert
2:56:40 PM [vite] (client) [console.warn] https://svelte.dev/e/derived_inert
2:56:40 PM [vite] (client) [console.warn] https://svelte.dev/e/derived_inert
2:56:40 PM [vite] (client) [console.warn] https://svelte.dev/e/derived_inert
2:56:40 PM [vite] (client) [console.warn] https://svelte.dev/e/derived_inert
2:56:40 PM [vite] (client) [console.warn] https://svelte.dev/e/derived_inert
2:56:40 PM [vite] (client) [console.warn] https://svelte.dev/e/derived_inert
2:56:40 PM [vite] (client) [console.warn] https://svelte.dev/e/derived_inert
2:56:40 PM [vite] (client) [console.warn] https://svelte.dev/e/derived_inert
2:56:40 PM [vite] (client) [console.warn] https://svelte.dev/e/derived_inert
2:56:40 PM [vite] (client) [console.warn] https://svelte.dev/e/derived_inert
2:56:40 PM [vite] (client) [console.warn] https://svelte.dev/e/derived_inert
2:56:40 PM [vite] (client) [console.warn] https://svelte.dev/e/derived_inert
2:56:40 PM [vite] (client) [console.warn] https://svelte.dev/e/derived_inert
2:56:40 PM [vite] (client) [console.warn] https://svelte.dev/e/derived_inert
2:56:40 PM [vite] (client) [console.warn] https://svelte.dev/e/derived_inert
2:56:40 PM [vite] (client) [console.warn] https://svelte.dev/e/derived_inert
2:56:40 PM [vite] (client) [console.warn] https://svelte.dev/e/derived_inert
2:56:40 PM [vite] (client) [console.warn] https://svelte.dev/e/derived_inert
2:56:40 PM [vite] (client) [console.warn] https://svelte.dev/e/derived_inert
2:56:40 PM [vite] (client) [console.warn] https://svelte.dev/e/derived_inert
2:56:40 PM [vite] (client) [console.warn] https://svelte.dev/e/derived_inert
2:56:40 PM [vite] (client) [console.warn] https://svelte.dev/e/derived_inert
2:56:40 PM [vite] (client) [console.warn] https://svelte.dev/e/derived_inert
2:56:40 PM [vite] (client) [console.warn] https://svelte.dev/e/derived_inert
2:56:40 PM [vite] (client) [console.warn] https://svelte.dev/e/derived_inert
2:56:40 PM [vite] (client) [console.warn] https://svelte.dev/e/derived_inert
2:56:40 PM [vite] (client) [console.warn] https://svelte.dev/e/derived_inert
2:56:40 PM [vite] (client) [console.warn] https://svelte.dev/e/derived_inert
2:56:40 PM [vite] (client) [console.warn] https://svelte.dev/e/derived_inert
2:56:40 PM [vite] (client) [console.warn] https://svelte.dev/e/derived_inert
2:56:41 PM [vite] (client) [console.warn] https://svelte.dev/e/derived_inert
2:56:41 PM [vite] (client) [console.warn] https://svelte.dev/e/derived_inert
2:56:41 PM [vite] (client) [console.warn] https://svelte.dev/e/derived_inert
2:56:41 PM [vite] (client) [console.warn] https://svelte.dev/e/derived_inert
2:56:42 PM [vite] (client) [console.warn] https://svelte.dev/e/derived_inert
2:56:42 PM [vite] (client) [console.warn] https://svelte.dev/e/derived_inert
2:56:42 PM [vite] (client) [console.warn] https://svelte.dev/e/derived_inert
2:56:42 PM [vite] (client) [console.warn] https://svelte.dev/e/derived_inert
2:56:42 PM [vite] (client) [console.warn] https://svelte.dev/e/derived_inert
2:56:42 PM [vite] (client) [console.warn] https://svelte.dev/e/derived_inert
2:56:42 PM [vite] (client) [console.warn] https://svelte.dev/e/derived_inert
2:56:42 PM [vite] (client) [console.warn] https://svelte.dev/e/derived_inert
2:56:42 PM [vite] (client) [console.warn] https://svelte.dev/e/derived_inert
2:56:42 PM [vite] (client) [console.warn] https://svelte.dev/e/derived_inert
2:56:42 PM [vite] (client) [console.warn] https://svelte.dev/e/derived_inert
2:56:42 PM [vite] (client) [console.warn] https://svelte.dev/e/derived_inert
2:56:42 PM [vite] (client) [console.warn] https://svelte.dev/e/derived_inert
2:56:42 PM [vite] (client) [console.warn] https://svelte.dev/e/derived_inert
2:56:42 PM [vite] (client) [console.warn] https://svelte.dev/e/derived_inert
2:56:42 PM [vite] (client) [console.warn] https://svelte.dev/e/derived_inert
2:56:42 PM [vite] (client) [console.warn] https://svelte.dev/e/derived_inert
2:56:42 PM [vite] (client) [console.warn] https://svelte.dev/e/derived_inert
2:56:42 PM [vite] (client) [console.warn] https://svelte.dev/e/derived_inert
2:56:42 PM [vite] (client) [console.warn] https://svelte.dev/e/derived_inert
2:56:42 PM [vite] (client) [console.warn] https://svelte.dev/e/derived_inert
2:56:42 PM [vite] (client) [console.warn] https://svelte.dev/e/derived_inert
2:56:42 PM [vite] (client) [console.warn] https://svelte.dev/e/derived_inert
2:56:42 PM [vite] (client) [console.warn] https://svelte.dev/e/derived_inert
2:56:42 PM [vite] (client) [console.warn] https://svelte.dev/e/derived_inert
2:56:42 PM [vite] (client) [console.warn] https://svelte.dev/e/derived_inert
2:56:42 PM [vite] (client) [console.warn] https://svelte.dev/e/derived_inert
2:56:42 PM [vite] (client) [console.warn] https://svelte.dev/e/derived_inert
2:56:42 PM [vite] (client) [console.warn] https://svelte.dev/e/derived_inert
2:56:42 PM [vite] (client) [console.warn] https://svelte.dev/e/derived_inert
2:56:42 PM [vite] (client) [console.warn] https://svelte.dev/e/derived_inert
2:56:42 PM [vite] (client) [console.warn] https://svelte.dev/e/derived_inert
2:56:42 PM [vite] (client) [console.warn] https://svelte.dev/e/derived_inert
2:56:42 PM [vite] (client) [console.warn] https://svelte.dev/e/derived_inert
2:56:42 PM [vite] (client) [console.warn] https://svelte.dev/e/derived_inert
2:56:42 PM [vite] (client) [console.warn] https://svelte.dev/e/derived_inert
2:56:42 PM [vite] (client) [console.warn] https://svelte.dev/e/derived_inert
2:56:42 PM [vite] (client) [console.warn] https://svelte.dev/e/derived_inert
2:56:42 PM [vite] (client) [console.warn] https://svelte.dev/e/derived_inert
2:56:42 PM [vite] (client) [console.warn] https://svelte.dev/e/derived_inert
2:56:42 PM [vite] (client) [console.warn] https://svelte.dev/e/derived_inert
2:56:42 PM [vite] (client) [console.warn] https://svelte.dev/e/derived_inert
2:56:42 PM [vite] (client) [console.warn] https://svelte.dev/e/derived_inert
2:56:42 PM [vite] (client) [console.warn] https://svelte.dev/e/derived_inert
2:56:42 PM [vite] (client) [console.warn] https://svelte.dev/e/derived_inert
2:56:42 PM [vite] (client) [console.warn] https://svelte.dev/e/derived_inert
2:56:42 PM [vite] (client) [console.warn] https://svelte.dev/e/derived_inert
2:56:42 PM [vite] (client) [console.warn] https://svelte.dev/e/derived_inert
2:56:42 PM [vite] (client) [console.warn] https://svelte.dev/e/derived_inert
2:56:42 PM [vite] (client) [console.warn] https://svelte.dev/e/derived_inert
2:56:42 PM [vite] (client) [console.warn] https://svelte.dev/e/derived_inert
2:56:42 PM [vite] (client) [console.warn] https://svelte.dev/e/derived_inert
2:56:42 PM [vite] (client) [console.warn] https://svelte.dev/e/derived_inert
2:56:42 PM [vite] (client) [console.warn] https://svelte.dev/e/derived_inert
2:56:42 PM [vite] (client) [console.warn] https://svelte.dev/e/derived_inert
2:56:42 PM [vite] (client) [console.warn] https://svelte.dev/e/derived_inert
2:56:42 PM [vite] (client) [console.warn] https://svelte.dev/e/derived_inert
2:56:42 PM [vite] (client) [console.warn] https://svelte.dev/e/derived_inert
2:56:42 PM [vite] (client) [console.warn] https://svelte.dev/e/derived_inert
2:56:42 PM [vite] (client) [console.warn] https://svelte.dev/e/derived_inert
2:56:42 PM [vite] (client) [console.warn] https://svelte.dev/e/derived_inert
2:56:42 PM [vite] (client) [console.warn] https://svelte.dev/e/derived_inert
2:56:42 PM [vite] (client) [console.warn] https://svelte.dev/e/derived_inert
2:56:42 PM [vite] (client) [console.warn] https://svelte.dev/e/derived_inert
2:56:42 PM [vite] (client) [console.warn] https://svelte.dev/e/derived_inert
2:56:42 PM [vite] (client) [console.warn] https://svelte.dev/e/derived_inert
2:56:42 PM [vite] (client) [console.warn] https://svelte.dev/e/derived_inert
2:56:42 PM [vite] (client) [console.warn] https://svelte.dev/e/derived_inert
2:56:42 PM [vite] (client) [console.warn] https://svelte.dev/e/derived_inert
2:56:42 PM [vite] (client) [console.warn] https://svelte.dev/e/derived_inert
2:56:42 PM [vite] (client) [console.warn] https://svelte.dev/e/derived_inert
2:56:42 PM [vite] (client) [console.warn] https://svelte.dev/e/derived_inert
2:56:42 PM [vite] (client) [console.warn] https://svelte.dev/e/derived_inert
2:56:42 PM [vite] (client) [console.warn] https://svelte.dev/e/derived_inert
2:56:42 PM [vite] (client) [console.warn] https://svelte.dev/e/derived_inert
2:56:42 PM [vite] (client) [console.warn] https://svelte.dev/e/derived_inert
2:56:42 PM [vite] (client) [console.warn] https://svelte.dev/e/derived_inert
2:56:42 PM [vite] (client) [console.warn] https://svelte.dev/e/derived_inert
2:56:42 PM [vite] (client) [console.warn] https://svelte.dev/e/derived_inert
2:56:42 PM [vite] (client) [console.warn] https://svelte.dev/e/derived_inert
2:56:42 PM [vite] (client) [console.warn] https://svelte.dev/e/derived_inert
2:56:42 PM [vite] (client) [console.warn] https://svelte.dev/e/derived_inert
2:56:42 PM [vite] (client) [console.warn] https://svelte.dev/e/derived_inert
2:56:42 PM [vite] (client) [console.warn] https://svelte.dev/e/derived_inert
2:56:42 PM [vite] (client) [console.warn] https://svelte.dev/e/derived_inert
2:56:42 PM [vite] (client) [console.warn] https://svelte.dev/e/derived_inert
2:56:42 PM [vite] (client) [console.warn] https://svelte.dev/e/derived_inert
2:56:42 PM [vite] (client) [console.warn] https://svelte.dev/e/derived_inert
2:56:42 PM [vite] (client) [console.warn] https://svelte.dev/e/derived_inert
2:56:42 PM [vite] (client) [console.warn] https://svelte.dev/e/derived_inert
2:56:42 PM [vite] (client) [console.warn] https://svelte.dev/e/derived_inert
2:56:42 PM [vite] (client) [console.warn] https://svelte.dev/e/derived_inert
2:56:42 PM [vite] (client) [console.warn] https://svelte.dev/e/derived_inert
2:56:42 PM [vite] (client) [console.warn] https://svelte.dev/e/derived_inert
2:56:42 PM [vite] (client) [console.warn] https://svelte.dev/e/derived_inert
2:56:42 PM [vite] (client) [console.warn] https://svelte.dev/e/derived_inert
2:56:42 PM [vite] (client) [console.warn] https://svelte.dev/e/derived_inert
2:56:42 PM [vite] (client) [console.warn] https://svelte.dev/e/derived_inert
2:56:42 PM [vite] (client) [console.warn] https://svelte.dev/e/derived_inert
2:56:42 PM [vite] (client) [console.warn] https://svelte.dev/e/derived_inert
2:56:42 PM [vite] (client) [console.warn] https://svelte.dev/e/derived_inert
2:56:42 PM [vite] (client) [console.warn] https://svelte.dev/e/derived_inert
2:56:42 PM [vite] (client) [console.warn] https://svelte.dev/e/derived_inert
2:56:42 PM [vite] (client) [console.warn] https://svelte.dev/e/derived_inert
2:56:42 PM [vite] (client) [console.warn] https://svelte.dev/e/derived_inert
2:56:42 PM [vite] (client) [console.warn] https://svelte.dev/e/derived_inert
2:56:42 PM [vite] (client) [console.warn] https://svelte.dev/e/derived_inert
2:56:42 PM [vite] (client) [console.warn] https://svelte.dev/e/derived_inert
2:56:42 PM [vite] (client) [console.warn] https://svelte.dev/e/derived_inert
2:56:42 PM [vite] (client) [console.warn] https://svelte.dev/e/derived_inert
2:56:42 PM [vite] (client) [console.warn] https://svelte.dev/e/derived_inert
2:56:42 PM [vite] (client) [console.warn] https://svelte.dev/e/derived_inert
2:56:42 PM [vite] (client) [console.warn] https://svelte.dev/e/derived_inert
2:56:42 PM [vite] (client) [console.warn] https://svelte.dev/e/derived_inert
2:56:42 PM [vite] (client) [console.warn] https://svelte.dev/e/derived_inert
2:56:42 PM [vite] (client) [console.warn] https://svelte.dev/e/derived_inert
2:56:42 PM [vite] (client) [console.warn] https://svelte.dev/e/derived_inert
2:56:42 PM [vite] (client) [console.warn] https://svelte.dev/e/derived_inert
2:56:42 PM [vite] (client) [console.warn] https://svelte.dev/e/derived_inert
2:56:42 PM [vite] (client) [console.warn] https://svelte.dev/e/derived_inert
2:56:42 PM [vite] (client) [console.warn] https://svelte.dev/e/derived_inert
2:56:42 PM [vite] (client) [console.warn] https://svelte.dev/e/derived_inert
2:56:42 PM [vite] (client) [console.warn] https://svelte.dev/e/derived_inert
2:56:42 PM [vite] (client) [console.warn] https://svelte.dev/e/derived_inert
2:56:49 PM [vite] (client) [console.warn] https://svelte.dev/e/derived_inert
2:56:49 PM [vite] (client) [console.warn] https://svelte.dev/e/derived_inert
2:56:49 PM [vite] (client) [console.warn] https://svelte.dev/e/derived_inert
2:56:49 PM [vite] (client) [console.warn] https://svelte.dev/e/derived_inert
2:56:49 PM [vite] (client) [console.warn] https://svelte.dev/e/derived_inert
2:56:49 PM [vite] (client) [console.warn] https://svelte.dev/e/derived_inert
2:56:49 PM [vite] (client) [console.warn] https://svelte.dev/e/derived_inert
2:56:49 PM [vite] (client) [console.warn] https://svelte.dev/e/derived_inert
2:56:49 PM [vite] (client) [console.warn] https://svelte.dev/e/derived_inert
2:56:49 PM [vite] (client) [console.warn] https://svelte.dev/e/derived_inert
2:56:49 PM [vite] (client) [console.warn] https://svelte.dev/e/derived_inert
2:56:49 PM [vite] (client) [console.warn] https://svelte.dev/e/derived_inert
2:56:49 PM [vite] (client) [console.warn] https://svelte.dev/e/derived_inert
2:56:49 PM [vite] (client) [console.warn] https://svelte.dev/e/derived_inert
2:56:50 PM [vite] (client) [console.warn] https://svelte.dev/e/derived_inert
2:56:50 PM [vite] (client) [console.warn] https://svelte.dev/e/derived_inert
2:56:50 PM [vite] (client) [console.warn] https://svelte.dev/e/derived_inert
2:56:50 PM [vite] (client) [console.warn] https://svelte.dev/e/derived_inert
2:56:50 PM [vite] (client) [console.warn] https://svelte.dev/e/derived_inert
2:56:50 PM [vite] (client) [console.warn] https://svelte.dev/e/derived_inert
2:56:50 PM [vite] (client) [console.warn] https://svelte.dev/e/derived_inert
2:56:50 PM [vite] (client) [console.warn] https://svelte.dev/e/derived_inert
2:56:50 PM [vite] (client) [console.warn] https://svelte.dev/e/derived_inert
2:56:50 PM [vite] (client) [console.warn] https://svelte.dev/e/derived_inert
2:56:50 PM [vite] (client) [console.warn] https://svelte.dev/e/derived_inert
2:56:50 PM [vite] (client) [console.warn] https://svelte.dev/e/derived_inert
2:56:50 PM [vite] (client) [console.warn] https://svelte.dev/e/derived_inert
2:56:50 PM [vite] (client) [console.warn] https://svelte.dev/e/derived_inert
2:56:50 PM [vite] (client) [console.warn] https://svelte.dev/e/derived_inert
2:56:50 PM [vite] (client) [console.warn] https://svelte.dev/e/derived_inert
2:56:50 PM [vite] (client) [console.warn] https://svelte.dev/e/derived_inert
2:56:50 PM [vite] (client) [console.warn] https://svelte.dev/e/derived_inert
2:56:50 PM [vite] (client) [console.warn] https://svelte.dev/e/derived_inert
2:56:54 PM [vite] (client) [console.warn] https://svelte.dev/e/derived_inert
2:56:55 PM [vite] (client) [console.warn] https://svelte.dev/e/derived_inert
2:56:55 PM [vite] (client) [console.warn] https://svelte.dev/e/derived_inert
2:56:55 PM [vite] (client) [console.warn] https://svelte.dev/e/derived_inert
2:56:55 PM [vite] (client) [console.warn] https://svelte.dev/e/derived_inert
2:56:55 PM [vite] (client) [console.warn] https://svelte.dev/e/derived_inert
2:56:55 PM [vite] (client) [console.warn] https://svelte.dev/e/derived_inert
2:56:55 PM [vite] (client) [console.warn] https://svelte.dev/e/derived_inert
2:56:55 PM [vite] (client) [console.warn] https://svelte.dev/e/derived_inert
2:56:55 PM [vite] (client) [console.warn] https://svelte.dev/e/derived_inert
2:56:55 PM [vite] (client) [console.warn] https://svelte.dev/e/derived_inert
2:56:55 PM [vite] (client) [console.warn] https://svelte.dev/e/derived_inert
2:56:55 PM [vite] (client) [console.warn] https://svelte.dev/e/derived_inert
2:56:55 PM [vite] (client) [console.warn] https://svelte.dev/e/derived_inert
2:56:55 PM [vite] (client) [console.warn] https://svelte.dev/e/derived_inert
2:56:55 PM [vite] (client) [console.warn] https://svelte.dev/e/derived_inert
2:56:55 PM [vite] (client) [console.warn] https://svelte.dev/e/derived_inert
2:56:55 PM [vite] (client) [console.warn] https://svelte.dev/e/derived_inert
2:56:55 PM [vite] (client) [console.warn] https://svelte.dev/e/derived_inert
2:56:55 PM [vite] (client) [console.warn] https://svelte.dev/e/derived_inert
2:56:55 PM [vite] (client) [console.warn] https://svelte.dev/e/derived_inert
2:56:55 PM [vite] (client) [console.warn] https://svelte.dev/e/derived_inert
2:56:55 PM [vite] (client) [console.warn] https://svelte.dev/e/derived_inert
2:56:55 PM [vite] (client) [console.warn] https://svelte.dev/e/derived_inert
2:56:55 PM [vite] (client) [console.warn] https://svelte.dev/e/derived_inert
2:56:55 PM [vite] (client) [console.warn] https://svelte.dev/e/derived_inert
2:56:55 PM [vite] (client) [console.warn] https://svelte.dev/e/derived_inert
2:56:55 PM [vite] (client) [console.warn] https://svelte.dev/e/derived_inert
2:56:55 PM [vite] (client) [console.warn] https://svelte.dev/e/derived_inert
2:56:55 PM [vite] (client) [console.warn] https://svelte.dev/e/derived_inert
2:56:55 PM [vite] (client) [console.warn] https://svelte.dev/e/derived_inert
2:56:55 PM [vite] (client) [console.warn] https://svelte.dev/e/derived_inert
2:56:55 PM [vite] (client) [console.warn] https://svelte.dev/e/derived_inert
2:56:55 PM [vite] (client) [console.warn] https://svelte.dev/e/derived_inert
2:56:55 PM [vite] (client) [console.warn] https://svelte.dev/e/derived_inert
2:56:55 PM [vite] (client) [console.warn] https://svelte.dev/e/derived_inert
2:56:55 PM [vite] (client) [console.warn] https://svelte.dev/e/derived_inert
2:56:55 PM [vite] (client) [console.warn] https://svelte.dev/e/derived_inert
2:56:55 PM [vite] (client) [console.warn] https://svelte.dev/e/derived_inert
2:56:55 PM [vite] (client) [console.warn] https://svelte.dev/e/derived_inert
2:56:55 PM [vite] (client) [console.warn] https://svelte.dev/e/derived_inert
2:56:55 PM [vite] (client) [console.warn] https://svelte.dev/e/derived_inert
2:56:55 PM [vite] (client) [console.warn] https://svelte.dev/e/derived_inert
2:56:55 PM [vite] (client) [console.warn] https://svelte.dev/e/derived_inert
2:56:55 PM [vite] (client) [console.warn] https://svelte.dev/e/derived_inert
2:56:55 PM [vite] (client) [console.warn] https://svelte.dev/e/derived_inert
2:56:55 PM [vite] (client) [console.warn] https://svelte.dev/e/derived_inert
2:56:55 PM [vite] (client) [console.warn] https://svelte.dev/e/derived_inert
2:56:55 PM [vite] (client) [console.warn] https://svelte.dev/e/derived_inert
2:56:55 PM [vite] (client) [console.warn] https://svelte.dev/e/derived_inert
2:56:55 PM [vite] (client) [console.warn] https://svelte.dev/e/derived_inert
2:56:55 PM [vite] (client) [console.warn] https://svelte.dev/e/derived_inert
2:56:55 PM [vite] (client) [console.warn] https://svelte.dev/e/derived_inert
2:56:55 PM [vite] (client) [console.warn] https://svelte.dev/e/derived_inert
2:56:55 PM [vite] (client) [console.warn] https://svelte.dev/e/derived_inert
2:56:55 PM [vite] (client) [console.warn] https://svelte.dev/e/derived_inert
2:56:55 PM [vite] (client) [console.warn] https://svelte.dev/e/derived_inert
2:56:55 PM [vite] (client) [console.warn] https://svelte.dev/e/derived_inert
2:56:55 PM [vite] (client) [console.warn] https://svelte.dev/e/derived_inert
2:56:55 PM [vite] (client) [console.warn] https://svelte.dev/e/derived_inert
2:56:55 PM [vite] (client) [console.warn] https://svelte.dev/e/derived_inert
2:56:55 PM [vite] (client) [console.warn] https://svelte.dev/e/derived_inert
2:56:55 PM [vite] (client) [console.warn] https://svelte.dev/e/derived_inert
2:56:55 PM [vite] (client) [console.warn] https://svelte.dev/e/derived_inert
2:56:55 PM [vite] (client) [console.warn] https://svelte.dev/e/derived_inert
2:56:55 PM [vite] (client) [console.warn] https://svelte.dev/e/derived_inert
2:56:55 PM [vite] (client) [console.warn] https://svelte.dev/e/derived_inert
2:56:55 PM [vite] (client) [console.warn] https://svelte.dev/e/derived_inert
2:56:55 PM [vite] (client) [console.warn] https://svelte.dev/e/derived_inert
2:56:55 PM [vite] (client) [console.warn] https://svelte.dev/e/derived_inert
2:56:55 PM [vite] (client) [console.warn] https://svelte.dev/e/derived_inert
2:56:55 PM [vite] (client) [console.warn] https://svelte.dev/e/derived_inert
2:56:55 PM [vite] (client) [console.warn] https://svelte.dev/e/derived_inert
2:56:55 PM [vite] (client) [console.warn] https://svelte.dev/e/derived_inert
2:56:55 PM [vite] (client) [console.warn] https://svelte.dev/e/derived_inert
2:56:55 PM [vite] (client) [console.warn] https://svelte.dev/e/derived_inert
2:56:55 PM [vite] (client) [console.warn] https://svelte.dev/e/derived_inert
2:56:55 PM [vite] (client) [console.warn] https://svelte.dev/e/derived_inert
2:56:55 PM [vite] (client) [console.warn] https://svelte.dev/e/derived_inert
2:56:55 PM [vite] (client) [console.warn] https://svelte.dev/e/derived_inert
2:56:55 PM [vite] (client) [console.warn] https://svelte.dev/e/derived_inert
2:56:55 PM [vite] (client) [console.warn] https://svelte.dev/e/derived_inert
2:56:55 PM [vite] (client) [console.warn] https://svelte.dev/e/derived_inert
2:56:55 PM [vite] (client) [console.warn] https://svelte.dev/e/derived_inert
2:56:55 PM [vite] (client) [console.warn] https://svelte.dev/e/derived_inert
2:56:55 PM [vite] (client) [console.warn] https://svelte.dev/e/derived_inert
2:56:55 PM [vite] (client) [console.warn] https://svelte.dev/e/derived_inert
2:56:55 PM [vite] (client) [console.warn] https://svelte.dev/e/derived_inert
2:56:55 PM [vite] (client) [console.warn] https://svelte.dev/e/derived_inert
2:56:55 PM [vite] (client) [console.warn] https://svelte.dev/e/derived_inert
2:56:55 PM [vite] (client) [console.warn] https://svelte.dev/e/derived_inert
2:56:55 PM [vite] (client) [console.warn] https://svelte.dev/e/derived_inert
2:56:55 PM [vite] (client) [console.warn] https://svelte.dev/e/derived_inert
2:56:55 PM [vite] (client) [console.warn] https://svelte.dev/e/derived_inert
2:56:55 PM [vite] (client) [console.warn] https://svelte.dev/e/derived_inert
2:56:55 PM [vite] (client) [console.warn] https://svelte.dev/e/derived_inert
2:56:55 PM [vite] (client) [console.warn] https://svelte.dev/e/derived_inert
2:56:55 PM [vite] (client) [console.warn] https://svelte.dev/e/derived_inert
2:56:55 PM [vite] (client) [console.warn] https://svelte.dev/e/derived_inert
2:56:55 PM [vite] (client) [console.warn] https://svelte.dev/e/derived_inert
2:56:55 PM [vite] (client) [console.warn] https://svelte.dev/e/derived_inert
2:56:55 PM [vite] (client) [console.warn] https://svelte.dev/e/derived_inert
2:56:55 PM [vite] (client) [console.warn] https://svelte.dev/e/derived_inert
2:56:55 PM [vite] (client) [console.warn] https://svelte.dev/e/derived_inert
2:56:55 PM [vite] (client) [console.warn] https://svelte.dev/e/derived_inert
2:56:55 PM [vite] (client) [console.warn] https://svelte.dev/e/derived_inert
2:56:55 PM [vite] (client) [console.warn] https://svelte.dev/e/derived_inert
2:56:55 PM [vite] (client) [console.warn] https://svelte.dev/e/derived_inert
2:56:55 PM [vite] (client) [console.warn] https://svelte.dev/e/derived_inert
2:56:55 PM [vite] (client) [console.warn] https://svelte.dev/e/derived_inert
2:56:55 PM [vite] (client) [console.warn] https://svelte.dev/e/derived_inert
2:56:55 PM [vite] (client) [console.warn] https://svelte.dev/e/derived_inert
2:56:55 PM [vite] (client) [console.warn] https://svelte.dev/e/derived_inert
2:56:55 PM [vite] (client) [console.warn] https://svelte.dev/e/derived_inert
2:56:55 PM [vite] (client) [console.warn] https://svelte.dev/e/derived_inert
2:56:55 PM [vite] (client) [console.warn] https://svelte.dev/e/derived_inert
2:56:55 PM [vite] (client) [console.warn] https://svelte.dev/e/derived_inert
2:56:55 PM [vite] (client) [console.warn] https://svelte.dev/e/derived_inert
2:56:55 PM [vite] (client) [console.warn] https://svelte.dev/e/derived_inert
2:56:55 PM [vite] (client) [console.warn] https://svelte.dev/e/derived_inert
2:56:55 PM [vite] (client) [console.warn] https://svelte.dev/e/derived_inert
2:56:55 PM [vite] (client) [console.warn] https://svelte.dev/e/derived_inert
2:56:55 PM [vite] (client) [console.warn] https://svelte.dev/e/derived_inert
2:56:55 PM [vite] (client) [console.warn] https://svelte.dev/e/derived_inert
2:56:55 PM [vite] (client) [console.warn] https://svelte.dev/e/derived_inert
2:56:55 PM [vite] (client) [console.warn] https://svelte.dev/e/derived_inert
2:56:55 PM [vite] (client) [console.warn] https://svelte.dev/e/derived_inert
2:56:55 PM [vite] (client) [console.warn] https://svelte.dev/e/derived_inert
2:56:55 PM [vite] (client) [console.warn] https://svelte.dev/e/derived_inert
2:56:55 PM [vite] (client) [console.warn] https://svelte.dev/e/derived_inert
2:56:55 PM [vite] (client) [console.warn] https://svelte.dev/e/derived_inert
2:56:55 PM [vite] (client) [console.warn] https://svelte.dev/e/derived_inert
2:56:55 PM [vite] (client) [console.warn] https://svelte.dev/e/derived_inert
2:56:55 PM [vite] (client) [console.warn] https://svelte.dev/e/derived_inert
2:56:55 PM [vite] (client) [console.warn] https://svelte.dev/e/derived_inert
2:56:55 PM [vite] (client) [console.warn] https://svelte.dev/e/derived_inert
2:56:55 PM [vite] (client) [console.warn] https://svelte.dev/e/derived_inert
2:56:55 PM [vite] (client) [console.warn] https://svelte.dev/e/derived_inert
2:56:55 PM [vite] (client) [console.warn] https://svelte.dev/e/derived_inert
2:56:55 PM [vite] (client) [console.warn] https://svelte.dev/e/derived_inert
2:56:55 PM [vite] (client) [console.warn] https://svelte.dev/e/derived_inert
2:56:55 PM [vite] (client) [console.warn] https://svelte.dev/e/derived_inert
2:56:55 PM [vite] (client) [console.warn] https://svelte.dev/e/derived_inert
2:56:55 PM [vite] (client) [console.warn] https://svelte.dev/e/derived_inert
2:56:55 PM [vite] (client) [console.warn] https://svelte.dev/e/derived_inert
2:56:55 PM [vite] (client) [console.warn] https://svelte.dev/e/derived_inert
2:56:55 PM [vite] (client) [console.warn] https://svelte.dev/e/derived_inert
2:56:55 PM [vite] (client) [console.warn] https://svelte.dev/e/derived_inert
2:56:55 PM [vite] (client) [console.warn] https://svelte.dev/e/derived_inert
2:56:55 PM [vite] (client) [console.warn] https://svelte.dev/e/derived_inert
2:56:55 PM [vite] (client) [console.warn] https://svelte.dev/e/derived_inert
2:56:55 PM [vite] (client) [console.warn] https://svelte.dev/e/derived_inert
2:56:55 PM [vite] (client) [console.warn] https://svelte.dev/e/derived_inert
2:56:55 PM [vite] (client) [console.warn] https://svelte.dev/e/derived_inert
2:56:55 PM [vite] (client) [console.warn] https://svelte.dev/e/derived_inert
2:56:55 PM [vite] (client) [console.warn] https://svelte.dev/e/derived_inert
2:56:55 PM [vite] (client) [console.warn] https://svelte.dev/e/derived_inert
2:56:55 PM [vite] (client) [console.warn] https://svelte.dev/e/derived_inert
2:56:55 PM [vite] (client) [console.warn] https://svelte.dev/e/derived_inert
2:56:55 PM [vite] (client) [console.warn] https://svelte.dev/e/derived_inert
2:56:55 PM [vite] (client) [console.warn] https://svelte.dev/e/derived_inert
2:56:55 PM [vite] (client) [console.warn] https://svelte.dev/e/derived_inert
2:56:55 PM [vite] (client) [console.warn] https://svelte.dev/e/derived_inert
2:56:55 PM [vite] (client) [console.warn] https://svelte.dev/e/derived_inert
2:56:55 PM [vite] (client) [console.warn] https://svelte.dev/e/derived_inert
2:56:55 PM [vite] (client) [console.warn] https://svelte.dev/e/derived_inert
2:56:55 PM [vite] (client) [console.warn] https://svelte.dev/e/derived_inert
2:56:55 PM [vite] (client) [console.warn] https://svelte.dev/e/derived_inert
2:56:55 PM [vite] (client) [console.warn] https://svelte.dev/e/derived_inert
2:56:55 PM [vite] (client) [console.warn] https://svelte.dev/e/derived_inert
2:56:55 PM [vite] (client) [console.warn] https://svelte.dev/e/derived_inert
2:56:55 PM [vite] (client) [console.warn] https://svelte.dev/e/derived_inert
2:56:55 PM [vite] (client) [console.warn] https://svelte.dev/e/derived_inert
2:56:55 PM [vite] (client) [console.warn] https://svelte.dev/e/derived_inert
2:56:55 PM [vite] (client) [console.warn] https://svelte.dev/e/derived_inert
2:56:55 PM [vite] (client) [console.warn] https://svelte.dev/e/derived_inert
2:56:55 PM [vite] (client) [console.warn] https://svelte.dev/e/derived_inert
2:56:55 PM [vite] (client) [console.warn] https://svelte.dev/e/derived_inert
2:56:55 PM [vite] (client) [console.warn] https://svelte.dev/e/derived_inert
2:56:55 PM [vite] (client) [console.warn] https://svelte.dev/e/derived_inert
2:56:55 PM [vite] (client) [console.warn] https://svelte.dev/e/derived_inert
2:56:55 PM [vite] (client) [console.warn] https://svelte.dev/e/derived_inert
2:56:55 PM [vite] (client) [console.warn] https://svelte.dev/e/derived_inert
2:56:55 PM [vite] (client) [console.warn] https://svelte.dev/e/derived_inert
2:56:55 PM [vite] (client) [console.warn] https://svelte.dev/e/derived_inert
2:56:55 PM [vite] (client) [console.warn] https://svelte.dev/e/derived_inert
2:56:55 PM [vite] (client) [console.warn] https://svelte.dev/e/derived_inert
2:56:55 PM [vite] (client) [console.warn] https://svelte.dev/e/derived_inert
2:56:55 PM [vite] (client) [console.warn] https://svelte.dev/e/derived_inert
2:56:55 PM [vite] (client) [console.warn] https://svelte.dev/e/derived_inert
2:56:55 PM [vite] (client) [console.warn] https://svelte.dev/e/derived_inert
2:56:55 PM [vite] (client) [console.warn] https://svelte.dev/e/derived_inert
2:56:55 PM [vite] (client) [console.warn] https://svelte.dev/e/derived_inert
2:56:55 PM [vite] (client) [console.warn] https://svelte.dev/e/derived_inert
2:56:55 PM [vite] (client) [console.warn] https://svelte.dev/e/derived_inert
2:56:55 PM [vite] (client) [console.warn] https://svelte.dev/e/derived_inert
2:56:55 PM [vite] (client) [console.warn] https://svelte.dev/e/derived_inert
2:56:55 PM [vite] (client) [console.warn] https://svelte.dev/e/derived_inert
2:56:55 PM [vite] (client) [console.warn] https://svelte.dev/e/derived_inert
2:56:55 PM [vite] (client) [console.warn] https://svelte.dev/e/derived_inert
2:56:55 PM [vite] (client) [console.warn] https://svelte.dev/e/derived_inert
2:56:55 PM [vite] (client) [console.warn] https://svelte.dev/e/derived_inert
2:56:55 PM [vite] (client) [console.warn] https://svelte.dev/e/derived_inert
2:56:55 PM [vite] (client) [console.warn] https://svelte.dev/e/derived_inert
2:56:55 PM [vite] (client) [console.warn] https://svelte.dev/e/derived_inert
2:56:55 PM [vite] (client) [console.warn] https://svelte.dev/e/derived_inert
2:56:55 PM [vite] (client) [console.warn] https://svelte.dev/e/derived_inert
2:56:55 PM [vite] (client) [console.warn] https://svelte.dev/e/derived_inert
2:56:55 PM [vite] (client) [console.warn] https://svelte.dev/e/derived_inert
2:56:55 PM [vite] (client) [console.warn] https://svelte.dev/e/derived_inert
2:56:55 PM [vite] (client) [console.warn] https://svelte.dev/e/derived_inert
2:56:55 PM [vite] (client) [console.warn] https://svelte.dev/e/derived_inert
2:56:55 PM [vite] (client) [console.warn] https://svelte.dev/e/derived_inert
2:56:55 PM [vite] (client) [console.warn] https://svelte.dev/e/derived_inert
2:56:55 PM [vite] (client) [console.warn] https://svelte.dev/e/derived_inert
2:56:55 PM [vite] (client) [console.warn] https://svelte.dev/e/derived_inert
2:56:55 PM [vite] (client) [console.warn] https://svelte.dev/e/derived_inert
2:56:55 PM [vite] (client) [console.warn] https://svelte.dev/e/derived_inert
2:56:55 PM [vite] (client) [console.warn] https://svelte.dev/e/derived_inert
2:56:55 PM [vite] (client) [console.warn] https://svelte.dev/e/derived_inert
2:56:55 PM [vite] (client) [console.warn] https://svelte.dev/e/derived_inert
2:56:55 PM [vite] (client) [console.warn] https://svelte.dev/e/derived_inert
2:56:55 PM [vite] (client) [console.warn] https://svelte.dev/e/derived_inert
2:57:00 PM [vite] (client) [console.warn] https://svelte.dev/e/derived_inert
2:57:05 PM [vite] (client) [console.warn] https://svelte.dev/e/derived_inert
2:57:06 PM [vite] (client) [console.warn] https://svelte.dev/e/derived_inert

 Test Files  52 passed (52)
      Tests  311 passed (311)
   Start at  14:56:08
   Duration  60.51s (transform 0ms, setup 4.60s, import 30.33s, tests 15.63s, environment 0ms)

