
> banhall-app@0.1.0 test:component
> vitest run --config vitest.component.config.ts src/routes/workspaceRoutes.component.test.ts src/lib/components/ui/Button.component.test.ts src/lib/components/workspace/WorkspaceChrome.component.test.ts src/lib/components/workspace/WorkspaceHeader.component.test.ts src/lib/components/workspace/WorkspaceRail.component.test.ts

2:55:25 PM [vite-plugin-svelte] no Svelte config found at /Users/johnnynguyen/Documents/Repos/Banhall-bmad-browser-fix - using default configuration.

 RUN  v4.1.10 /Users/johnnynguyen/Documents/Repos/Banhall-bmad-browser-fix

2:55:25 PM [vite-plugin-svelte] no Svelte config found at /Users/johnnynguyen/Documents/Repos/Banhall-bmad-browser-fix - using default configuration.
2:55:46 PM [vite] (client) [console.warn] https://svelte.dev/e/derived_inert
2:55:46 PM [vite] (client) [console.warn] https://svelte.dev/e/derived_inert
2:55:46 PM [vite] (client) [console.warn] https://svelte.dev/e/derived_inert
2:55:46 PM [vite] (client) [console.warn] https://svelte.dev/e/derived_inert
2:55:46 PM [vite] (client) [console.warn] https://svelte.dev/e/derived_inert
2:55:46 PM [vite] (client) [console.warn] https://svelte.dev/e/derived_inert
2:55:46 PM [vite] (client) [console.warn] https://svelte.dev/e/derived_inert
2:55:46 PM [vite] (client) [console.warn] https://svelte.dev/e/derived_inert
2:55:46 PM [vite] (client) [console.warn] https://svelte.dev/e/derived_inert
2:55:46 PM [vite] (client) [console.warn] https://svelte.dev/e/derived_inert
2:55:46 PM [vite] (client) [console.warn] https://svelte.dev/e/derived_inert
2:55:46 PM [vite] (client) [console.warn] https://svelte.dev/e/derived_inert
2:55:46 PM [vite] (client) [console.warn] https://svelte.dev/e/derived_inert
2:55:46 PM [vite] (client) [console.warn] https://svelte.dev/e/derived_inert
2:55:46 PM [vite] (client) [console.warn] https://svelte.dev/e/derived_inert
2:55:46 PM [vite] (client) [console.warn] https://svelte.dev/e/derived_inert
2:55:46 PM [vite] (client) [console.warn] https://svelte.dev/e/derived_inert
2:55:46 PM [vite] (client) [console.warn] https://svelte.dev/e/derived_inert
2:55:46 PM [vite] (client) [console.warn] https://svelte.dev/e/derived_inert
2:55:46 PM [vite] (client) [console.warn] https://svelte.dev/e/derived_inert
2:55:46 PM [vite] (client) [console.warn] https://svelte.dev/e/derived_inert
2:55:46 PM [vite] (client) [console.warn] https://svelte.dev/e/derived_inert
2:55:46 PM [vite] (client) [console.warn] https://svelte.dev/e/derived_inert
2:55:46 PM [vite] (client) [console.warn] https://svelte.dev/e/derived_inert
2:55:46 PM [vite] (client) [console.warn] https://svelte.dev/e/derived_inert
2:55:46 PM [vite] (client) [console.warn] https://svelte.dev/e/derived_inert
2:55:46 PM [vite] (client) [console.warn] https://svelte.dev/e/derived_inert
2:55:46 PM [vite] (client) [console.warn] https://svelte.dev/e/derived_inert
2:55:46 PM [vite] (client) [console.warn] https://svelte.dev/e/derived_inert
2:55:47 PM [vite] (client) [console.warn] https://svelte.dev/e/derived_inert
2:55:47 PM [vite] (client) [console.warn] https://svelte.dev/e/derived_inert
2:55:47 PM [vite] (client) [console.warn] https://svelte.dev/e/derived_inert
2:55:47 PM [vite] (client) [console.warn] https://svelte.dev/e/derived_inert
2:55:47 PM [vite] (client) [console.warn] https://svelte.dev/e/derived_inert
2:55:47 PM [vite] (client) [console.warn] https://svelte.dev/e/derived_inert
2:55:47 PM [vite] (client) [console.warn] https://svelte.dev/e/derived_inert
2:55:47 PM [vite] (client) [console.warn] https://svelte.dev/e/derived_inert
2:55:47 PM [vite] (client) [console.warn] https://svelte.dev/e/derived_inert
2:55:47 PM [vite] (client) [console.warn] https://svelte.dev/e/derived_inert
2:55:47 PM [vite] (client) [console.warn] https://svelte.dev/e/derived_inert
2:55:47 PM [vite] (client) [console.warn] https://svelte.dev/e/derived_inert
2:55:47 PM [vite] (client) [console.warn] https://svelte.dev/e/derived_inert
2:55:47 PM [vite] (client) [console.warn] https://svelte.dev/e/derived_inert
2:55:47 PM [vite] (client) [console.warn] https://svelte.dev/e/derived_inert
2:55:47 PM [vite] (client) [console.warn] https://svelte.dev/e/derived_inert
2:55:47 PM [vite] (client) [console.warn] https://svelte.dev/e/derived_inert
2:55:47 PM [vite] (client) [console.warn] https://svelte.dev/e/derived_inert
2:55:47 PM [vite] (client) [console.warn] https://svelte.dev/e/derived_inert
2:55:47 PM [vite] (client) [console.warn] https://svelte.dev/e/derived_inert
2:55:47 PM [vite] (client) [console.warn] https://svelte.dev/e/derived_inert
2:55:47 PM [vite] (client) [console.warn] https://svelte.dev/e/derived_inert
2:55:47 PM [vite] (client) [console.warn] https://svelte.dev/e/derived_inert
2:55:47 PM [vite] (client) [console.warn] https://svelte.dev/e/derived_inert
2:55:47 PM [vite] (client) [console.warn] https://svelte.dev/e/derived_inert
2:55:47 PM [vite] (client) [console.warn] https://svelte.dev/e/derived_inert
2:55:47 PM [vite] (client) [console.warn] https://svelte.dev/e/derived_inert
2:55:47 PM [vite] (client) [console.warn] https://svelte.dev/e/derived_inert
2:55:48 PM [vite] (client) [console.warn] https://svelte.dev/e/derived_inert
2:55:48 PM [vite] (client) [console.warn] https://svelte.dev/e/derived_inert
2:55:48 PM [vite] (client) [console.warn] https://svelte.dev/e/derived_inert
2:55:48 PM [vite] (client) [console.warn] https://svelte.dev/e/derived_inert
2:55:48 PM [vite] (client) [console.warn] https://svelte.dev/e/derived_inert
2:55:48 PM [vite] (client) [console.warn] https://svelte.dev/e/derived_inert
2:55:48 PM [vite] (client) [console.warn] https://svelte.dev/e/derived_inert
2:55:48 PM [vite] (client) [console.warn] https://svelte.dev/e/derived_inert
2:55:48 PM [vite] (client) [console.warn] https://svelte.dev/e/derived_inert
2:55:48 PM [vite] (client) [console.warn] https://svelte.dev/e/derived_inert
2:55:48 PM [vite] (client) [console.warn] https://svelte.dev/e/derived_inert
2:55:48 PM [vite] (client) [console.warn] https://svelte.dev/e/derived_inert
2:55:48 PM [vite] (client) [console.warn] https://svelte.dev/e/derived_inert
2:55:48 PM [vite] (client) [console.warn] https://svelte.dev/e/derived_inert
2:55:48 PM [vite] (client) [console.warn] https://svelte.dev/e/derived_inert
2:55:48 PM [vite] (client) [console.warn] https://svelte.dev/e/derived_inert
2:55:48 PM [vite] (client) [console.warn] https://svelte.dev/e/derived_inert
2:55:48 PM [vite] (client) [console.warn] https://svelte.dev/e/derived_inert
2:55:48 PM [vite] (client) [console.warn] https://svelte.dev/e/derived_inert
2:55:48 PM [vite] (client) [console.warn] https://svelte.dev/e/derived_inert
2:55:48 PM [vite] (client) [console.warn] https://svelte.dev/e/derived_inert
2:55:48 PM [vite] (client) [console.warn] https://svelte.dev/e/derived_inert
2:55:48 PM [vite] (client) [console.warn] https://svelte.dev/e/derived_inert
2:55:48 PM [vite] (client) [console.warn] https://svelte.dev/e/derived_inert
2:55:48 PM [vite] (client) [console.warn] https://svelte.dev/e/derived_inert
2:55:48 PM [vite] (client) [console.warn] https://svelte.dev/e/derived_inert
2:55:48 PM [vite] (client) [console.warn] https://svelte.dev/e/derived_inert
2:55:48 PM [vite] (client) [console.warn] https://svelte.dev/e/derived_inert
2:55:48 PM [vite] (client) [console.warn] https://svelte.dev/e/derived_inert
2:55:48 PM [vite] (client) [console.warn] https://svelte.dev/e/derived_inert
2:55:48 PM [vite] (client) [console.warn] https://svelte.dev/e/derived_inert
2:55:48 PM [vite] (client) [console.warn] https://svelte.dev/e/derived_inert
2:55:48 PM [vite] (client) [console.warn] https://svelte.dev/e/derived_inert
2:55:48 PM [vite] (client) [console.warn] https://svelte.dev/e/derived_inert
2:55:48 PM [vite] (client) [console.warn] https://svelte.dev/e/derived_inert
2:55:48 PM [vite] (client) [console.warn] https://svelte.dev/e/derived_inert
2:55:48 PM [vite] (client) [console.warn] https://svelte.dev/e/derived_inert
2:55:48 PM [vite] (client) [console.warn] https://svelte.dev/e/derived_inert
2:55:48 PM [vite] (client) [console.warn] https://svelte.dev/e/derived_inert
2:55:48 PM [vite] (client) [console.warn] https://svelte.dev/e/derived_inert
2:55:49 PM [vite] (client) [console.warn] https://svelte.dev/e/derived_inert
2:55:49 PM [vite] (client) [console.warn] https://svelte.dev/e/derived_inert
2:55:49 PM [vite] (client) [console.warn] https://svelte.dev/e/derived_inert
2:55:49 PM [vite] (client) [console.warn] https://svelte.dev/e/derived_inert
2:55:49 PM [vite] (client) [console.warn] https://svelte.dev/e/derived_inert
2:55:49 PM [vite] (client) [console.warn] https://svelte.dev/e/derived_inert
2:55:49 PM [vite] (client) [console.warn] https://svelte.dev/e/derived_inert
2:55:49 PM [vite] (client) [console.warn] https://svelte.dev/e/derived_inert
2:55:49 PM [vite] (client) [console.warn] https://svelte.dev/e/derived_inert
2:55:49 PM [vite] (client) [console.warn] https://svelte.dev/e/derived_inert
2:55:50 PM [vite] (client) [console.warn] https://svelte.dev/e/derived_inert
2:55:50 PM [vite] (client) [console.warn] https://svelte.dev/e/derived_inert
2:55:50 PM [vite] (client) [console.warn] https://svelte.dev/e/derived_inert
2:55:50 PM [vite] (client) [console.warn] https://svelte.dev/e/derived_inert
2:55:50 PM [vite] (client) [console.warn] https://svelte.dev/e/derived_inert
2:55:50 PM [vite] (client) [console.warn] https://svelte.dev/e/derived_inert
2:55:50 PM [vite] (client) [console.warn] https://svelte.dev/e/derived_inert
2:55:50 PM [vite] (client) [console.warn] https://svelte.dev/e/derived_inert
2:55:50 PM [vite] (client) [console.warn] https://svelte.dev/e/derived_inert
2:55:50 PM [vite] (client) [console.warn] https://svelte.dev/e/derived_inert
2:55:50 PM [vite] (client) [console.warn] https://svelte.dev/e/derived_inert
2:55:50 PM [vite] (client) [console.warn] https://svelte.dev/e/derived_inert
2:55:50 PM [vite] (client) [console.warn] https://svelte.dev/e/derived_inert
2:55:50 PM [vite] (client) [console.warn] https://svelte.dev/e/derived_inert
2:55:50 PM [vite] (client) [console.warn] https://svelte.dev/e/derived_inert
2:55:50 PM [vite] (client) [console.warn] https://svelte.dev/e/derived_inert
2:55:50 PM [vite] (client) [console.warn] https://svelte.dev/e/derived_inert
2:55:50 PM [vite] (client) [console.warn] https://svelte.dev/e/derived_inert
2:55:50 PM [vite] (client) [console.warn] https://svelte.dev/e/derived_inert
2:55:50 PM [vite] (client) [console.warn] https://svelte.dev/e/derived_inert
2:55:50 PM [vite] (client) [console.warn] https://svelte.dev/e/derived_inert
2:55:50 PM [vite] (client) [console.warn] https://svelte.dev/e/derived_inert
2:55:50 PM [vite] (client) [console.warn] https://svelte.dev/e/derived_inert
2:55:50 PM [vite] (client) [console.warn] https://svelte.dev/e/derived_inert
2:55:50 PM [vite] (client) [console.warn] https://svelte.dev/e/derived_inert
2:55:50 PM [vite] (client) [console.warn] https://svelte.dev/e/derived_inert
2:55:50 PM [vite] (client) [console.warn] https://svelte.dev/e/derived_inert
2:55:51 PM [vite] (client) [console.warn] https://svelte.dev/e/derived_inert
2:55:51 PM [vite] (client) [console.warn] https://svelte.dev/e/derived_inert
2:55:51 PM [vite] (client) [console.warn] https://svelte.dev/e/derived_inert
2:55:51 PM [vite] (client) [console.warn] https://svelte.dev/e/derived_inert
2:55:51 PM [vite] (client) [console.warn] https://svelte.dev/e/derived_inert
2:55:51 PM [vite] (client) [console.warn] https://svelte.dev/e/derived_inert
2:55:51 PM [vite] (client) [console.warn] https://svelte.dev/e/derived_inert
2:55:51 PM [vite] (client) [console.warn] https://svelte.dev/e/derived_inert
2:55:51 PM [vite] (client) [console.warn] https://svelte.dev/e/derived_inert
2:55:51 PM [vite] (client) [console.warn] https://svelte.dev/e/derived_inert
2:55:51 PM [vite] (client) [console.warn] https://svelte.dev/e/derived_inert
2:55:51 PM [vite] (client) [console.warn] https://svelte.dev/e/derived_inert
2:55:51 PM [vite] (client) [console.warn] https://svelte.dev/e/derived_inert
2:55:51 PM [vite] (client) [console.warn] https://svelte.dev/e/derived_inert
2:55:51 PM [vite] (client) [console.warn] https://svelte.dev/e/derived_inert
2:55:51 PM [vite] (client) [console.warn] https://svelte.dev/e/derived_inert
2:55:51 PM [vite] (client) [console.warn] https://svelte.dev/e/derived_inert
2:55:51 PM [vite] (client) [console.warn] https://svelte.dev/e/derived_inert
2:55:51 PM [vite] (client) [console.warn] https://svelte.dev/e/derived_inert
2:55:51 PM [vite] (client) [console.warn] https://svelte.dev/e/derived_inert
2:55:51 PM [vite] (client) [console.warn] https://svelte.dev/e/derived_inert
2:55:52 PM [vite] (client) [console.warn] https://svelte.dev/e/derived_inert
2:55:52 PM [vite] (client) [console.warn] https://svelte.dev/e/derived_inert
2:55:52 PM [vite] (client) [console.warn] https://svelte.dev/e/derived_inert
2:55:52 PM [vite] (client) [console.warn] https://svelte.dev/e/derived_inert
2:55:52 PM [vite] (client) [console.warn] https://svelte.dev/e/derived_inert
2:55:52 PM [vite] (client) [console.warn] https://svelte.dev/e/derived_inert
2:55:52 PM [vite] (client) [console.warn] https://svelte.dev/e/derived_inert
2:55:52 PM [vite] (client) [console.warn] https://svelte.dev/e/derived_inert
2:55:52 PM [vite] (client) [console.warn] https://svelte.dev/e/derived_inert
2:55:52 PM [vite] (client) [console.warn] https://svelte.dev/e/derived_inert
2:55:52 PM [vite] (client) [console.warn] https://svelte.dev/e/derived_inert
2:55:52 PM [vite] (client) [console.warn] https://svelte.dev/e/derived_inert
2:55:52 PM [vite] (client) [console.warn] https://svelte.dev/e/derived_inert
2:55:52 PM [vite] (client) [console.warn] https://svelte.dev/e/derived_inert
2:55:52 PM [vite] (client) [console.warn] https://svelte.dev/e/derived_inert
2:55:52 PM [vite] (client) [console.warn] https://svelte.dev/e/derived_inert
2:55:52 PM [vite] (client) [console.warn] https://svelte.dev/e/derived_inert
2:55:52 PM [vite] (client) [console.warn] https://svelte.dev/e/derived_inert
2:55:52 PM [vite] (client) [console.warn] https://svelte.dev/e/derived_inert
2:55:52 PM [vite] (client) [console.warn] https://svelte.dev/e/derived_inert
2:55:52 PM [vite] (client) [console.warn] https://svelte.dev/e/derived_inert
2:55:52 PM [vite] (client) [console.warn] https://svelte.dev/e/derived_inert
2:55:52 PM [vite] (client) [console.warn] https://svelte.dev/e/derived_inert
2:55:52 PM [vite] (client) [console.warn] https://svelte.dev/e/derived_inert
2:55:52 PM [vite] (client) [console.warn] https://svelte.dev/e/derived_inert
2:55:52 PM [vite] (client) [console.warn] https://svelte.dev/e/derived_inert
2:55:52 PM [vite] (client) [console.warn] https://svelte.dev/e/derived_inert
2:55:52 PM [vite] (client) [console.warn] https://svelte.dev/e/derived_inert
2:55:52 PM [vite] (client) [console.warn] https://svelte.dev/e/derived_inert
2:55:52 PM [vite] (client) [console.warn] https://svelte.dev/e/derived_inert
2:55:52 PM [vite] (client) [console.warn] https://svelte.dev/e/derived_inert
2:55:52 PM [vite] (client) [console.warn] https://svelte.dev/e/derived_inert
2:55:52 PM [vite] (client) [console.warn] https://svelte.dev/e/derived_inert
2:55:53 PM [vite] (client) [console.warn] https://svelte.dev/e/derived_inert
2:55:53 PM [vite] (client) [console.warn] https://svelte.dev/e/derived_inert
2:55:53 PM [vite] (client) [console.warn] https://svelte.dev/e/derived_inert
2:55:53 PM [vite] (client) [console.warn] https://svelte.dev/e/derived_inert
2:55:53 PM [vite] (client) [console.warn] https://svelte.dev/e/derived_inert
2:55:53 PM [vite] (client) [console.warn] https://svelte.dev/e/derived_inert
2:55:53 PM [vite] (client) [console.warn] https://svelte.dev/e/derived_inert
2:55:53 PM [vite] (client) [console.warn] https://svelte.dev/e/derived_inert
2:55:53 PM [vite] (client) [console.warn] https://svelte.dev/e/derived_inert
2:55:53 PM [vite] (client) [console.warn] https://svelte.dev/e/derived_inert
2:55:53 PM [vite] (client) [console.warn] https://svelte.dev/e/derived_inert
2:55:53 PM [vite] (client) [console.warn] https://svelte.dev/e/derived_inert
2:55:53 PM [vite] (client) [console.warn] https://svelte.dev/e/derived_inert
2:55:53 PM [vite] (client) [console.warn] https://svelte.dev/e/derived_inert
2:55:53 PM [vite] (client) [console.warn] https://svelte.dev/e/derived_inert
2:55:53 PM [vite] (client) [console.warn] https://svelte.dev/e/derived_inert
2:55:53 PM [vite] (client) [console.warn] https://svelte.dev/e/derived_inert
2:55:53 PM [vite] (client) [console.warn] https://svelte.dev/e/derived_inert
2:55:53 PM [vite] (client) [console.warn] https://svelte.dev/e/derived_inert
2:55:53 PM [vite] (client) [console.warn] https://svelte.dev/e/derived_inert
2:55:53 PM [vite] (client) [console.warn] https://svelte.dev/e/derived_inert
2:55:53 PM [vite] (client) [console.warn] https://svelte.dev/e/derived_inert
2:55:53 PM [vite] (client) [console.warn] https://svelte.dev/e/derived_inert
2:55:53 PM [vite] (client) [console.warn] https://svelte.dev/e/derived_inert
2:55:53 PM [vite] (client) [console.warn] https://svelte.dev/e/derived_inert
2:55:53 PM [vite] (client) [console.warn] https://svelte.dev/e/derived_inert
2:55:53 PM [vite] (client) [console.warn] https://svelte.dev/e/derived_inert
2:55:53 PM [vite] (client) [console.warn] https://svelte.dev/e/derived_inert
2:55:53 PM [vite] (client) [console.warn] https://svelte.dev/e/derived_inert
2:55:53 PM [vite] (client) [console.warn] https://svelte.dev/e/derived_inert
2:55:53 PM [vite] (client) [console.warn] https://svelte.dev/e/derived_inert
2:55:53 PM [vite] (client) [console.warn] https://svelte.dev/e/derived_inert
2:55:53 PM [vite] (client) [console.warn] https://svelte.dev/e/derived_inert
2:55:53 PM [vite] (client) [console.warn] https://svelte.dev/e/derived_inert

 Test Files  5 passed (5)
      Tests  60 passed (60)
   Start at  14:55:25
   Duration  35.49s (transform 0ms, setup 998ms, import 22.72s, tests 8.61s, environment 0ms)

