
> banhall-app@0.1.0 test:component
> vitest run --config vitest.component.config.ts

12:01:28 AM [vite-plugin-svelte] no Svelte config found at /Users/johnnynguyen/Documents/Repos/Banhall-bmad-learn-chat/.bmad-loop/runs/20260904-133944-0158/worktrees/6 - using default configuration.

 RUN  v4.1.10 /Users/johnnynguyen/Documents/Repos/Banhall-bmad-learn-chat/.bmad-loop/runs/20260904-133944-0158/worktrees/6

12:01:28 AM [vite-plugin-svelte] no Svelte config found at /Users/johnnynguyen/Documents/Repos/Banhall-bmad-learn-chat/.bmad-loop/runs/20260904-133944-0158/worktrees/6 - using default configuration.
12:01:32 AM [vite] (client) [optimizer] bundling dependencies...
12:02:06 AM [vite] (client) [console.warn] https://svelte.dev/e/derived_inert
12:02:06 AM [vite] (client) [console.warn] https://svelte.dev/e/derived_inert
12:02:06 AM [vite] (client) [console.warn] https://svelte.dev/e/derived_inert
12:02:06 AM [vite] (client) [console.warn] https://svelte.dev/e/derived_inert
12:02:06 AM [vite] (client) [console.warn] https://svelte.dev/e/derived_inert
12:02:06 AM [vite] (client) [console.warn] https://svelte.dev/e/derived_inert
12:02:10 AM [vite] (client) [console.warn] https://svelte.dev/e/derived_inert
12:02:10 AM [vite] (client) [console.warn] https://svelte.dev/e/derived_inert
12:02:10 AM [vite] (client) [console.warn] https://svelte.dev/e/derived_inert
12:02:10 AM [vite] (client) [console.warn] https://svelte.dev/e/derived_inert
12:02:10 AM [vite] (client) [console.warn] https://svelte.dev/e/derived_inert
12:02:10 AM [vite] (client) [console.warn] https://svelte.dev/e/derived_inert
12:02:10 AM [vite] (client) [console.warn] https://svelte.dev/e/derived_inert
12:02:10 AM [vite] (client) [console.warn] https://svelte.dev/e/derived_inert
12:02:10 AM [vite] (client) [console.warn] https://svelte.dev/e/derived_inert
12:02:10 AM [vite] (client) [console.warn] https://svelte.dev/e/derived_inert
12:02:10 AM [vite] (client) [console.warn] https://svelte.dev/e/derived_inert
12:02:10 AM [vite] (client) [console.warn] https://svelte.dev/e/derived_inert
12:02:10 AM [vite] (client) [console.warn] https://svelte.dev/e/derived_inert
12:02:10 AM [vite] (client) [console.warn] https://svelte.dev/e/derived_inert
12:02:10 AM [vite] (client) [console.warn] https://svelte.dev/e/derived_inert
12:02:10 AM [vite] (client) [console.warn] https://svelte.dev/e/derived_inert
12:02:10 AM [vite] (client) [console.warn] https://svelte.dev/e/derived_inert
12:02:10 AM [vite] (client) [console.warn] https://svelte.dev/e/derived_inert
12:02:10 AM [vite] (client) [console.warn] https://svelte.dev/e/derived_inert
12:02:10 AM [vite] (client) [console.warn] https://svelte.dev/e/derived_inert
12:02:10 AM [vite] (client) [console.warn] https://svelte.dev/e/derived_inert
12:02:10 AM [vite] (client) [console.warn] https://svelte.dev/e/derived_inert
12:02:10 AM [vite] (client) [console.warn] https://svelte.dev/e/derived_inert
12:02:10 AM [vite] (client) [console.warn] https://svelte.dev/e/derived_inert
12:02:10 AM [vite] (client) [console.warn] https://svelte.dev/e/derived_inert
12:02:10 AM [vite] (client) [console.warn] https://svelte.dev/e/derived_inert
12:02:10 AM [vite] (client) [console.warn] https://svelte.dev/e/derived_inert
12:02:10 AM [vite] (client) [console.warn] https://svelte.dev/e/derived_inert
12:02:10 AM [vite] (client) [console.warn] https://svelte.dev/e/derived_inert
12:02:10 AM [vite] (client) [console.warn] https://svelte.dev/e/derived_inert
12:02:10 AM [vite] (client) [console.warn] https://svelte.dev/e/derived_inert
12:02:10 AM [vite] (client) [console.warn] https://svelte.dev/e/derived_inert
12:02:10 AM [vite] (client) [console.warn] https://svelte.dev/e/derived_inert
12:02:18 AM [vite] (client) [console.warn] https://svelte.dev/e/derived_inert
12:02:18 AM [vite] (client) [console.warn] https://svelte.dev/e/derived_inert
12:02:18 AM [vite] (client) [console.warn] https://svelte.dev/e/derived_inert
12:02:18 AM [vite] (client) [console.warn] https://svelte.dev/e/derived_inert
12:02:18 AM [vite] (client) [console.warn] https://svelte.dev/e/derived_inert
12:02:18 AM [vite] (client) [console.warn] https://svelte.dev/e/derived_inert
12:02:18 AM [vite] (client) [console.warn] https://svelte.dev/e/derived_inert
12:02:18 AM [vite] (client) [console.warn] https://svelte.dev/e/derived_inert
12:02:18 AM [vite] (client) [console.warn] https://svelte.dev/e/derived_inert
12:02:18 AM [vite] (client) [console.warn] https://svelte.dev/e/derived_inert
12:02:18 AM [vite] (client) [console.warn] https://svelte.dev/e/derived_inert
12:02:18 AM [vite] (client) [console.warn] https://svelte.dev/e/derived_inert
12:02:18 AM [vite] (client) [console.warn] https://svelte.dev/e/derived_inert
12:02:18 AM [vite] (client) [console.warn] https://svelte.dev/e/derived_inert
12:02:18 AM [vite] (client) [console.warn] https://svelte.dev/e/derived_inert
12:02:18 AM [vite] (client) [console.warn] https://svelte.dev/e/derived_inert
12:02:18 AM [vite] (client) [console.warn] https://svelte.dev/e/derived_inert
12:02:18 AM [vite] (client) [console.warn] https://svelte.dev/e/derived_inert
12:02:18 AM [vite] (client) [console.warn] https://svelte.dev/e/derived_inert
12:02:18 AM [vite] (client) [console.warn] https://svelte.dev/e/derived_inert
12:02:18 AM [vite] (client) [console.warn] https://svelte.dev/e/derived_inert
12:02:18 AM [vite] (client) [console.warn] https://svelte.dev/e/derived_inert
12:02:18 AM [vite] (client) [console.warn] https://svelte.dev/e/derived_inert
12:02:18 AM [vite] (client) [console.warn] https://svelte.dev/e/derived_inert
12:02:18 AM [vite] (client) [console.warn] https://svelte.dev/e/derived_inert
12:02:18 AM [vite] (client) [console.warn] https://svelte.dev/e/derived_inert
12:02:18 AM [vite] (client) [console.warn] https://svelte.dev/e/derived_inert
12:02:18 AM [vite] (client) [console.warn] https://svelte.dev/e/derived_inert
12:02:18 AM [vite] (client) [console.warn] https://svelte.dev/e/derived_inert
12:02:18 AM [vite] (client) [console.warn] https://svelte.dev/e/derived_inert
12:02:18 AM [vite] (client) [console.warn] https://svelte.dev/e/derived_inert
12:02:18 AM [vite] (client) [console.warn] https://svelte.dev/e/derived_inert
12:02:18 AM [vite] (client) [console.warn] https://svelte.dev/e/derived_inert
12:02:18 AM [vite] (client) [console.warn] https://svelte.dev/e/derived_inert
12:02:18 AM [vite] (client) [console.warn] https://svelte.dev/e/derived_inert
12:02:18 AM [vite] (client) [console.warn] https://svelte.dev/e/derived_inert
12:02:18 AM [vite] (client) [console.warn] https://svelte.dev/e/derived_inert
12:02:18 AM [vite] (client) [console.warn] https://svelte.dev/e/derived_inert
12:02:18 AM [vite] (client) [console.warn] https://svelte.dev/e/derived_inert
12:02:18 AM [vite] (client) [console.warn] https://svelte.dev/e/derived_inert
12:02:18 AM [vite] (client) [console.warn] https://svelte.dev/e/derived_inert
12:02:18 AM [vite] (client) [console.warn] https://svelte.dev/e/derived_inert
12:02:18 AM [vite] (client) [console.warn] https://svelte.dev/e/derived_inert
12:02:18 AM [vite] (client) [console.warn] https://svelte.dev/e/derived_inert
12:02:18 AM [vite] (client) [console.warn] https://svelte.dev/e/derived_inert
12:02:18 AM [vite] (client) [console.warn] https://svelte.dev/e/derived_inert
12:02:18 AM [vite] (client) [console.warn] https://svelte.dev/e/derived_inert
12:02:19 AM [vite] (client) [console.warn] https://svelte.dev/e/derived_inert
12:02:19 AM [vite] (client) [console.warn] https://svelte.dev/e/derived_inert
12:02:19 AM [vite] (client) [console.warn] https://svelte.dev/e/derived_inert
12:02:19 AM [vite] (client) [console.warn] https://svelte.dev/e/derived_inert
12:02:19 AM [vite] (client) [console.warn] https://svelte.dev/e/derived_inert
12:02:19 AM [vite] (client) [console.warn] https://svelte.dev/e/derived_inert
12:02:19 AM [vite] (client) [console.warn] https://svelte.dev/e/derived_inert
12:02:19 AM [vite] (client) [console.warn] https://svelte.dev/e/derived_inert
12:02:19 AM [vite] (client) [console.warn] https://svelte.dev/e/derived_inert
12:02:19 AM [vite] (client) [console.warn] https://svelte.dev/e/derived_inert
12:02:19 AM [vite] (client) [console.warn] https://svelte.dev/e/derived_inert
12:02:19 AM [vite] (client) [console.warn] https://svelte.dev/e/derived_inert
12:02:19 AM [vite] (client) [console.warn] https://svelte.dev/e/derived_inert
12:02:19 AM [vite] (client) [console.warn] https://svelte.dev/e/derived_inert
12:02:19 AM [vite] (client) [console.warn] https://svelte.dev/e/derived_inert
12:02:19 AM [vite] (client) [console.warn] https://svelte.dev/e/derived_inert
12:02:19 AM [vite] (client) [console.warn] https://svelte.dev/e/derived_inert
12:02:19 AM [vite] (client) [console.warn] https://svelte.dev/e/derived_inert
12:02:19 AM [vite] (client) [console.warn] https://svelte.dev/e/derived_inert
12:02:19 AM [vite] (client) [console.warn] https://svelte.dev/e/derived_inert
12:02:19 AM [vite] (client) [console.warn] https://svelte.dev/e/derived_inert
12:02:19 AM [vite] (client) [console.warn] https://svelte.dev/e/derived_inert
12:02:19 AM [vite] (client) [console.warn] https://svelte.dev/e/derived_inert
12:02:19 AM [vite] (client) [console.warn] https://svelte.dev/e/derived_inert
12:02:19 AM [vite] (client) [console.warn] https://svelte.dev/e/derived_inert
12:02:19 AM [vite] (client) [console.warn] https://svelte.dev/e/derived_inert
12:02:19 AM [vite] (client) [console.warn] https://svelte.dev/e/derived_inert
12:02:19 AM [vite] (client) [console.warn] https://svelte.dev/e/derived_inert
12:02:19 AM [vite] (client) [console.warn] https://svelte.dev/e/derived_inert
12:02:19 AM [vite] (client) [console.warn] https://svelte.dev/e/derived_inert
12:02:19 AM [vite] (client) [console.warn] https://svelte.dev/e/derived_inert
12:02:19 AM [vite] (client) [console.warn] https://svelte.dev/e/derived_inert
12:02:19 AM [vite] (client) [console.warn] https://svelte.dev/e/derived_inert
12:02:19 AM [vite] (client) [console.warn] https://svelte.dev/e/derived_inert
12:02:19 AM [vite] (client) [console.warn] https://svelte.dev/e/derived_inert
12:02:19 AM [vite] (client) [console.warn] https://svelte.dev/e/derived_inert
12:02:19 AM [vite] (client) [console.warn] https://svelte.dev/e/derived_inert
12:02:19 AM [vite] (client) [console.warn] https://svelte.dev/e/derived_inert
12:02:19 AM [vite] (client) [console.warn] https://svelte.dev/e/derived_inert
12:02:19 AM [vite] (client) [console.warn] https://svelte.dev/e/derived_inert
12:02:19 AM [vite] (client) [console.warn] https://svelte.dev/e/derived_inert
12:02:19 AM [vite] (client) [console.warn] https://svelte.dev/e/derived_inert
12:02:19 AM [vite] (client) [console.warn] https://svelte.dev/e/derived_inert
12:02:19 AM [vite] (client) [console.warn] https://svelte.dev/e/derived_inert
12:02:19 AM [vite] (client) [console.warn] https://svelte.dev/e/derived_inert
12:02:19 AM [vite] (client) [console.warn] https://svelte.dev/e/derived_inert
12:02:19 AM [vite] (client) [console.warn] https://svelte.dev/e/derived_inert
12:02:19 AM [vite] (client) [console.warn] https://svelte.dev/e/derived_inert
12:02:19 AM [vite] (client) [console.warn] https://svelte.dev/e/derived_inert
12:02:19 AM [vite] (client) [console.warn] https://svelte.dev/e/derived_inert
12:02:20 AM [vite] (client) [console.warn] https://svelte.dev/e/derived_inert
12:02:20 AM [vite] (client) [console.warn] https://svelte.dev/e/derived_inert
12:02:20 AM [vite] (client) [console.warn] https://svelte.dev/e/derived_inert
12:02:20 AM [vite] (client) [console.warn] https://svelte.dev/e/derived_inert
12:02:20 AM [vite] (client) [console.warn] https://svelte.dev/e/derived_inert
12:02:20 AM [vite] (client) [console.warn] https://svelte.dev/e/derived_inert
12:02:20 AM [vite] (client) [console.warn] https://svelte.dev/e/derived_inert
12:02:20 AM [vite] (client) [console.warn] https://svelte.dev/e/derived_inert
12:02:20 AM [vite] (client) [console.warn] https://svelte.dev/e/derived_inert
12:02:20 AM [vite] (client) [console.warn] https://svelte.dev/e/derived_inert
12:02:20 AM [vite] (client) [console.warn] https://svelte.dev/e/derived_inert
12:02:20 AM [vite] (client) [console.warn] https://svelte.dev/e/derived_inert
12:02:20 AM [vite] (client) [console.warn] https://svelte.dev/e/derived_inert
12:02:20 AM [vite] (client) [console.warn] https://svelte.dev/e/derived_inert
12:02:20 AM [vite] (client) [console.warn] https://svelte.dev/e/derived_inert
12:02:20 AM [vite] (client) [console.warn] https://svelte.dev/e/derived_inert
12:02:20 AM [vite] (client) [console.warn] https://svelte.dev/e/derived_inert
12:02:20 AM [vite] (client) [console.warn] https://svelte.dev/e/derived_inert
12:02:20 AM [vite] (client) [console.warn] https://svelte.dev/e/derived_inert
12:02:20 AM [vite] (client) [console.warn] https://svelte.dev/e/derived_inert
12:02:20 AM [vite] (client) [console.warn] https://svelte.dev/e/derived_inert
12:02:20 AM [vite] (client) [console.warn] https://svelte.dev/e/derived_inert
12:02:20 AM [vite] (client) [console.warn] https://svelte.dev/e/derived_inert
12:02:20 AM [vite] (client) [console.warn] https://svelte.dev/e/derived_inert
12:02:20 AM [vite] (client) [console.warn] https://svelte.dev/e/derived_inert
12:02:21 AM [vite] (client) [console.warn] https://svelte.dev/e/derived_inert
12:02:21 AM [vite] (client) [console.warn] https://svelte.dev/e/derived_inert
12:02:21 AM [vite] (client) [console.warn] https://svelte.dev/e/derived_inert
12:02:21 AM [vite] (client) [console.warn] https://svelte.dev/e/derived_inert
12:02:21 AM [vite] (client) [console.warn] https://svelte.dev/e/derived_inert
12:02:21 AM [vite] (client) [console.warn] https://svelte.dev/e/derived_inert
12:02:21 AM [vite] (client) [console.warn] https://svelte.dev/e/derived_inert
12:02:21 AM [vite] (client) [console.warn] https://svelte.dev/e/derived_inert
12:02:21 AM [vite] (client) [console.warn] https://svelte.dev/e/derived_inert
12:02:21 AM [vite] (client) [console.warn] https://svelte.dev/e/derived_inert
12:02:21 AM [vite] (client) [console.warn] https://svelte.dev/e/derived_inert
12:02:21 AM [vite] (client) [console.warn] https://svelte.dev/e/derived_inert
12:02:22 AM [vite] (client) [console.warn] https://svelte.dev/e/derived_inert
12:02:22 AM [vite] (client) [console.warn] https://svelte.dev/e/derived_inert
12:02:22 AM [vite] (client) [console.warn] https://svelte.dev/e/derived_inert
12:02:22 AM [vite] (client) [console.warn] https://svelte.dev/e/derived_inert
12:02:22 AM [vite] (client) [console.warn] https://svelte.dev/e/derived_inert
12:02:22 AM [vite] (client) [console.warn] https://svelte.dev/e/derived_inert
12:02:22 AM [vite] (client) [console.warn] https://svelte.dev/e/derived_inert
12:02:22 AM [vite] (client) [console.warn] https://svelte.dev/e/derived_inert
12:02:22 AM [vite] (client) [console.warn] https://svelte.dev/e/derived_inert
12:02:22 AM [vite] (client) [console.warn] https://svelte.dev/e/derived_inert
12:02:22 AM [vite] (client) [console.warn] https://svelte.dev/e/derived_inert
12:02:22 AM [vite] (client) [console.warn] https://svelte.dev/e/derived_inert
12:02:22 AM [vite] (client) [console.warn] https://svelte.dev/e/derived_inert
12:02:22 AM [vite] (client) [console.warn] https://svelte.dev/e/derived_inert
12:02:22 AM [vite] (client) [console.warn] https://svelte.dev/e/derived_inert
12:02:22 AM [vite] (client) [console.warn] https://svelte.dev/e/derived_inert
12:02:22 AM [vite] (client) [console.warn] https://svelte.dev/e/derived_inert
12:02:22 AM [vite] (client) [console.warn] https://svelte.dev/e/derived_inert
12:02:22 AM [vite] (client) [console.warn] https://svelte.dev/e/derived_inert
12:02:22 AM [vite] (client) [console.warn] https://svelte.dev/e/derived_inert
12:02:22 AM [vite] (client) [console.warn] https://svelte.dev/e/derived_inert
12:02:23 AM [vite] (client) [console.warn] https://svelte.dev/e/derived_inert
12:02:23 AM [vite] (client) [console.warn] https://svelte.dev/e/derived_inert
12:02:23 AM [vite] (client) [console.warn] https://svelte.dev/e/derived_inert
12:02:23 AM [vite] (client) [console.warn] https://svelte.dev/e/derived_inert
12:02:23 AM [vite] (client) [console.warn] https://svelte.dev/e/derived_inert
12:02:23 AM [vite] (client) [console.warn] https://svelte.dev/e/derived_inert
12:02:23 AM [vite] (client) [console.warn] https://svelte.dev/e/derived_inert
12:02:23 AM [vite] (client) [console.warn] https://svelte.dev/e/derived_inert
12:02:23 AM [vite] (client) [console.warn] https://svelte.dev/e/derived_inert
12:02:23 AM [vite] (client) [console.warn] https://svelte.dev/e/derived_inert
12:02:23 AM [vite] (client) [console.warn] https://svelte.dev/e/derived_inert
12:02:23 AM [vite] (client) [console.warn] https://svelte.dev/e/derived_inert
12:02:23 AM [vite] (client) [console.warn] https://svelte.dev/e/derived_inert
12:02:23 AM [vite] (client) [console.warn] https://svelte.dev/e/derived_inert
12:02:23 AM [vite] (client) [console.warn] https://svelte.dev/e/derived_inert
12:02:23 AM [vite] (client) [console.warn] https://svelte.dev/e/derived_inert
12:02:23 AM [vite] (client) [console.warn] https://svelte.dev/e/derived_inert
12:02:23 AM [vite] (client) [console.warn] https://svelte.dev/e/derived_inert
12:02:23 AM [vite] (client) [console.warn] https://svelte.dev/e/derived_inert
12:02:23 AM [vite] (client) [console.warn] https://svelte.dev/e/derived_inert
12:02:23 AM [vite] (client) [console.warn] https://svelte.dev/e/derived_inert
12:02:23 AM [vite] (client) [console.warn] https://svelte.dev/e/derived_inert
12:02:23 AM [vite] (client) [console.warn] https://svelte.dev/e/derived_inert
12:02:23 AM [vite] (client) [console.warn] https://svelte.dev/e/derived_inert
12:02:23 AM [vite] (client) [console.warn] https://svelte.dev/e/derived_inert
12:02:23 AM [vite] (client) [console.warn] https://svelte.dev/e/derived_inert
12:02:23 AM [vite] (client) [console.warn] https://svelte.dev/e/derived_inert
12:02:23 AM [vite] (client) [console.warn] https://svelte.dev/e/derived_inert
12:02:23 AM [vite] (client) [console.warn] https://svelte.dev/e/derived_inert
12:02:23 AM [vite] (client) [console.warn] https://svelte.dev/e/derived_inert
12:02:23 AM [vite] (client) [console.warn] https://svelte.dev/e/derived_inert
12:02:23 AM [vite] (client) [console.warn] https://svelte.dev/e/derived_inert
12:02:23 AM [vite] (client) [console.warn] https://svelte.dev/e/derived_inert
12:02:24 AM [vite] (client) [console.warn] https://svelte.dev/e/derived_inert
12:02:24 AM [vite] (client) [console.warn] https://svelte.dev/e/derived_inert
12:02:24 AM [vite] (client) [console.warn] https://svelte.dev/e/derived_inert
12:02:24 AM [vite] (client) [console.warn] https://svelte.dev/e/derived_inert
12:02:24 AM [vite] (client) [console.warn] https://svelte.dev/e/derived_inert
12:02:24 AM [vite] (client) [console.warn] https://svelte.dev/e/derived_inert
12:02:24 AM [vite] (client) [console.warn] https://svelte.dev/e/derived_inert
12:02:24 AM [vite] (client) [console.warn] https://svelte.dev/e/derived_inert
12:02:24 AM [vite] (client) [console.warn] https://svelte.dev/e/derived_inert
12:02:24 AM [vite] (client) [console.warn] https://svelte.dev/e/derived_inert
12:02:24 AM [vite] (client) [console.warn] https://svelte.dev/e/derived_inert
12:02:24 AM [vite] (client) [console.warn] https://svelte.dev/e/derived_inert
12:02:24 AM [vite] (client) [console.warn] https://svelte.dev/e/derived_inert
12:02:24 AM [vite] (client) [console.warn] https://svelte.dev/e/derived_inert
12:02:24 AM [vite] (client) [console.warn] https://svelte.dev/e/derived_inert
12:02:24 AM [vite] (client) [console.warn] https://svelte.dev/e/derived_inert
12:02:24 AM [vite] (client) [console.warn] https://svelte.dev/e/derived_inert
12:02:24 AM [vite] (client) [console.warn] https://svelte.dev/e/derived_inert
12:02:24 AM [vite] (client) [console.warn] https://svelte.dev/e/derived_inert
12:02:24 AM [vite] (client) [console.warn] https://svelte.dev/e/derived_inert
12:02:24 AM [vite] (client) [console.warn] https://svelte.dev/e/derived_inert
12:02:24 AM [vite] (client) [console.warn] https://svelte.dev/e/derived_inert
12:02:24 AM [vite] (client) [console.warn] https://svelte.dev/e/derived_inert
12:02:24 AM [vite] (client) [console.warn] https://svelte.dev/e/derived_inert
12:02:24 AM [vite] (client) [console.warn] https://svelte.dev/e/derived_inert
12:02:24 AM [vite] (client) [console.warn] https://svelte.dev/e/derived_inert
12:02:24 AM [vite] (client) [console.warn] https://svelte.dev/e/derived_inert
12:02:24 AM [vite] (client) [console.warn] https://svelte.dev/e/derived_inert
12:02:24 AM [vite] (client) [console.warn] https://svelte.dev/e/derived_inert
12:02:24 AM [vite] (client) [console.warn] https://svelte.dev/e/derived_inert
12:02:24 AM [vite] (client) [console.warn] https://svelte.dev/e/derived_inert
12:02:24 AM [vite] (client) [console.warn] https://svelte.dev/e/derived_inert
12:02:24 AM [vite] (client) [console.warn] https://svelte.dev/e/derived_inert
12:02:24 AM [vite] (client) [console.warn] https://svelte.dev/e/derived_inert
12:02:28 AM [vite] (client) [console.warn] https://svelte.dev/e/derived_inert
12:02:28 AM [vite] (client) [console.warn] https://svelte.dev/e/derived_inert
12:02:28 AM [vite] (client) [console.warn] https://svelte.dev/e/derived_inert
12:02:28 AM [vite] (client) [console.warn] https://svelte.dev/e/derived_inert
12:02:28 AM [vite] (client) [console.warn] https://svelte.dev/e/derived_inert
12:02:28 AM [vite] (client) [console.warn] https://svelte.dev/e/derived_inert
12:02:28 AM [vite] (client) [console.warn] https://svelte.dev/e/derived_inert
12:02:28 AM [vite] (client) [console.warn] https://svelte.dev/e/derived_inert
12:02:28 AM [vite] (client) [console.warn] https://svelte.dev/e/derived_inert
12:02:28 AM [vite] (client) [console.warn] https://svelte.dev/e/derived_inert
12:02:28 AM [vite] (client) [console.warn] https://svelte.dev/e/derived_inert
12:02:28 AM [vite] (client) [console.warn] https://svelte.dev/e/derived_inert
12:02:28 AM [vite] (client) [console.warn] https://svelte.dev/e/derived_inert
12:02:28 AM [vite] (client) [console.warn] https://svelte.dev/e/derived_inert
12:02:28 AM [vite] (client) [console.warn] https://svelte.dev/e/derived_inert
12:02:28 AM [vite] (client) [console.warn] https://svelte.dev/e/derived_inert
12:02:28 AM [vite] (client) [console.warn] https://svelte.dev/e/derived_inert
12:02:28 AM [vite] (client) [console.warn] https://svelte.dev/e/derived_inert
12:02:28 AM [vite] (client) [console.warn] https://svelte.dev/e/derived_inert
12:02:28 AM [vite] (client) [console.warn] https://svelte.dev/e/derived_inert
12:02:28 AM [vite] (client) [console.warn] https://svelte.dev/e/derived_inert
12:02:28 AM [vite] (client) [console.warn] https://svelte.dev/e/derived_inert
12:02:28 AM [vite] (client) [console.warn] https://svelte.dev/e/derived_inert
12:02:28 AM [vite] (client) [console.warn] https://svelte.dev/e/derived_inert
12:02:28 AM [vite] (client) [console.warn] https://svelte.dev/e/derived_inert
12:02:28 AM [vite] (client) [console.warn] https://svelte.dev/e/derived_inert
12:02:28 AM [vite] (client) [console.warn] https://svelte.dev/e/derived_inert
12:02:28 AM [vite] (client) [console.warn] https://svelte.dev/e/derived_inert
12:02:28 AM [vite] (client) [console.warn] https://svelte.dev/e/derived_inert
12:02:28 AM [vite] (client) [console.warn] https://svelte.dev/e/derived_inert
12:02:28 AM [vite] (client) [console.warn] https://svelte.dev/e/derived_inert
12:02:28 AM [vite] (client) [console.warn] https://svelte.dev/e/derived_inert
12:02:28 AM [vite] (client) [console.warn] https://svelte.dev/e/derived_inert
12:02:28 AM [vite] (client) [console.warn] https://svelte.dev/e/derived_inert
12:02:28 AM [vite] (client) [console.warn] https://svelte.dev/e/derived_inert
12:02:28 AM [vite] (client) [console.warn] https://svelte.dev/e/derived_inert
12:02:28 AM [vite] (client) [console.warn] https://svelte.dev/e/derived_inert
12:02:28 AM [vite] (client) [console.warn] https://svelte.dev/e/derived_inert
12:02:28 AM [vite] (client) [console.warn] https://svelte.dev/e/derived_inert
12:02:28 AM [vite] (client) [console.warn] https://svelte.dev/e/derived_inert
12:02:28 AM [vite] (client) [console.warn] https://svelte.dev/e/derived_inert
12:02:28 AM [vite] (client) [console.warn] https://svelte.dev/e/derived_inert
12:02:28 AM [vite] (client) [console.warn] https://svelte.dev/e/derived_inert
12:02:28 AM [vite] (client) [console.warn] https://svelte.dev/e/derived_inert
12:02:28 AM [vite] (client) [console.warn] https://svelte.dev/e/derived_inert
12:02:28 AM [vite] (client) [console.warn] https://svelte.dev/e/derived_inert
12:02:28 AM [vite] (client) [console.warn] https://svelte.dev/e/derived_inert
12:02:28 AM [vite] (client) [console.warn] https://svelte.dev/e/derived_inert
12:02:28 AM [vite] (client) [console.warn] https://svelte.dev/e/derived_inert
12:02:28 AM [vite] (client) [console.warn] https://svelte.dev/e/derived_inert
12:02:28 AM [vite] (client) [console.warn] https://svelte.dev/e/derived_inert
12:02:28 AM [vite] (client) [console.warn] https://svelte.dev/e/derived_inert
12:02:28 AM [vite] (client) [console.warn] https://svelte.dev/e/derived_inert
12:02:28 AM [vite] (client) [console.warn] https://svelte.dev/e/derived_inert
12:02:28 AM [vite] (client) [console.warn] https://svelte.dev/e/derived_inert
12:02:28 AM [vite] (client) [console.warn] https://svelte.dev/e/derived_inert
12:02:28 AM [vite] (client) [console.warn] https://svelte.dev/e/derived_inert
12:02:28 AM [vite] (client) [console.warn] https://svelte.dev/e/derived_inert
12:02:28 AM [vite] (client) [console.warn] https://svelte.dev/e/derived_inert
12:02:28 AM [vite] (client) [console.warn] https://svelte.dev/e/derived_inert
12:02:28 AM [vite] (client) [console.warn] https://svelte.dev/e/derived_inert
12:02:28 AM [vite] (client) [console.warn] https://svelte.dev/e/derived_inert
12:02:28 AM [vite] (client) [console.warn] https://svelte.dev/e/derived_inert
12:02:28 AM [vite] (client) [console.warn] https://svelte.dev/e/derived_inert
12:02:28 AM [vite] (client) [console.warn] https://svelte.dev/e/derived_inert
12:02:28 AM [vite] (client) [console.warn] https://svelte.dev/e/derived_inert
12:02:28 AM [vite] (client) [console.warn] https://svelte.dev/e/derived_inert
12:02:28 AM [vite] (client) [console.warn] https://svelte.dev/e/derived_inert
12:02:28 AM [vite] (client) [console.warn] https://svelte.dev/e/derived_inert
12:02:28 AM [vite] (client) [console.warn] https://svelte.dev/e/derived_inert
12:02:28 AM [vite] (client) [console.warn] https://svelte.dev/e/derived_inert
12:02:28 AM [vite] (client) [console.warn] https://svelte.dev/e/derived_inert
12:02:28 AM [vite] (client) [console.warn] https://svelte.dev/e/derived_inert
12:02:28 AM [vite] (client) [console.warn] https://svelte.dev/e/derived_inert
12:02:28 AM [vite] (client) [console.warn] https://svelte.dev/e/derived_inert
12:02:28 AM [vite] (client) [console.warn] https://svelte.dev/e/derived_inert
12:02:28 AM [vite] (client) [console.warn] https://svelte.dev/e/derived_inert
12:02:28 AM [vite] (client) [console.warn] https://svelte.dev/e/derived_inert
12:02:28 AM [vite] (client) [console.warn] https://svelte.dev/e/derived_inert
12:02:28 AM [vite] (client) [console.warn] https://svelte.dev/e/derived_inert
12:02:28 AM [vite] (client) [console.warn] https://svelte.dev/e/derived_inert
12:02:28 AM [vite] (client) [console.warn] https://svelte.dev/e/derived_inert
12:02:28 AM [vite] (client) [console.warn] https://svelte.dev/e/derived_inert
12:02:28 AM [vite] (client) [console.warn] https://svelte.dev/e/derived_inert
12:02:28 AM [vite] (client) [console.warn] https://svelte.dev/e/derived_inert
12:02:28 AM [vite] (client) [console.warn] https://svelte.dev/e/derived_inert
12:02:28 AM [vite] (client) [console.warn] https://svelte.dev/e/derived_inert
12:02:28 AM [vite] (client) [console.warn] https://svelte.dev/e/derived_inert
12:02:28 AM [vite] (client) [console.warn] https://svelte.dev/e/derived_inert
12:02:28 AM [vite] (client) [console.warn] https://svelte.dev/e/derived_inert
12:02:28 AM [vite] (client) [console.warn] https://svelte.dev/e/derived_inert
12:02:28 AM [vite] (client) [console.warn] https://svelte.dev/e/derived_inert
12:02:28 AM [vite] (client) [console.warn] https://svelte.dev/e/derived_inert
12:02:28 AM [vite] (client) [console.warn] https://svelte.dev/e/derived_inert
12:02:28 AM [vite] (client) [console.warn] https://svelte.dev/e/derived_inert
12:02:28 AM [vite] (client) [console.warn] https://svelte.dev/e/derived_inert
12:02:28 AM [vite] (client) [console.warn] https://svelte.dev/e/derived_inert
12:02:28 AM [vite] (client) [console.warn] https://svelte.dev/e/derived_inert
12:02:28 AM [vite] (client) [console.warn] https://svelte.dev/e/derived_inert
12:02:28 AM [vite] (client) [console.warn] https://svelte.dev/e/derived_inert
12:02:28 AM [vite] (client) [console.warn] https://svelte.dev/e/derived_inert
12:02:28 AM [vite] (client) [console.warn] https://svelte.dev/e/derived_inert
12:02:28 AM [vite] (client) [console.warn] https://svelte.dev/e/derived_inert
12:02:28 AM [vite] (client) [console.warn] https://svelte.dev/e/derived_inert
12:02:28 AM [vite] (client) [console.warn] https://svelte.dev/e/derived_inert
12:02:28 AM [vite] (client) [console.warn] https://svelte.dev/e/derived_inert
12:02:28 AM [vite] (client) [console.warn] https://svelte.dev/e/derived_inert
12:02:28 AM [vite] (client) [console.warn] https://svelte.dev/e/derived_inert
12:02:28 AM [vite] (client) [console.warn] https://svelte.dev/e/derived_inert
12:02:28 AM [vite] (client) [console.warn] https://svelte.dev/e/derived_inert
12:02:28 AM [vite] (client) [console.warn] https://svelte.dev/e/derived_inert
12:02:28 AM [vite] (client) [console.warn] https://svelte.dev/e/derived_inert
12:02:28 AM [vite] (client) [console.warn] https://svelte.dev/e/derived_inert
12:02:28 AM [vite] (client) [console.warn] https://svelte.dev/e/derived_inert
12:02:28 AM [vite] (client) [console.warn] https://svelte.dev/e/derived_inert
12:02:28 AM [vite] (client) [console.warn] https://svelte.dev/e/derived_inert
12:02:28 AM [vite] (client) [console.warn] https://svelte.dev/e/derived_inert
12:02:28 AM [vite] (client) [console.warn] https://svelte.dev/e/derived_inert
12:02:28 AM [vite] (client) [console.warn] https://svelte.dev/e/derived_inert
12:02:28 AM [vite] (client) [console.warn] https://svelte.dev/e/derived_inert
12:02:28 AM [vite] (client) [console.warn] https://svelte.dev/e/derived_inert
12:02:28 AM [vite] (client) [console.warn] https://svelte.dev/e/derived_inert
12:02:28 AM [vite] (client) [console.warn] https://svelte.dev/e/derived_inert
12:02:28 AM [vite] (client) [console.warn] https://svelte.dev/e/derived_inert
12:02:28 AM [vite] (client) [console.warn] https://svelte.dev/e/derived_inert
12:02:28 AM [vite] (client) [console.warn] https://svelte.dev/e/derived_inert
12:02:28 AM [vite] (client) [console.warn] https://svelte.dev/e/derived_inert
12:02:28 AM [vite] (client) [console.warn] https://svelte.dev/e/derived_inert
12:02:28 AM [vite] (client) [console.warn] https://svelte.dev/e/derived_inert
12:02:28 AM [vite] (client) [console.warn] https://svelte.dev/e/derived_inert
12:02:28 AM [vite] (client) [console.warn] https://svelte.dev/e/derived_inert
12:02:28 AM [vite] (client) [console.warn] https://svelte.dev/e/derived_inert
12:02:28 AM [vite] (client) [console.warn] https://svelte.dev/e/derived_inert
12:02:28 AM [vite] (client) [console.warn] https://svelte.dev/e/derived_inert
12:02:28 AM [vite] (client) [console.warn] https://svelte.dev/e/derived_inert
12:02:28 AM [vite] (client) [console.warn] https://svelte.dev/e/derived_inert
12:02:28 AM [vite] (client) [console.warn] https://svelte.dev/e/derived_inert
12:02:28 AM [vite] (client) [console.warn] https://svelte.dev/e/derived_inert
12:02:28 AM [vite] (client) [console.warn] https://svelte.dev/e/derived_inert
12:02:28 AM [vite] (client) [console.warn] https://svelte.dev/e/derived_inert
12:02:28 AM [vite] (client) [console.warn] https://svelte.dev/e/derived_inert
12:02:28 AM [vite] (client) [console.warn] https://svelte.dev/e/derived_inert
12:02:28 AM [vite] (client) [console.warn] https://svelte.dev/e/derived_inert
12:02:28 AM [vite] (client) [console.warn] https://svelte.dev/e/derived_inert
12:02:28 AM [vite] (client) [console.warn] https://svelte.dev/e/derived_inert
12:02:28 AM [vite] (client) [console.warn] https://svelte.dev/e/derived_inert
12:02:28 AM [vite] (client) [console.warn] https://svelte.dev/e/derived_inert
12:02:28 AM [vite] (client) [console.warn] https://svelte.dev/e/derived_inert
12:02:28 AM [vite] (client) [console.warn] https://svelte.dev/e/derived_inert
12:02:28 AM [vite] (client) [console.warn] https://svelte.dev/e/derived_inert
12:02:28 AM [vite] (client) [console.warn] https://svelte.dev/e/derived_inert
12:02:28 AM [vite] (client) [console.warn] https://svelte.dev/e/derived_inert
12:02:28 AM [vite] (client) [console.warn] https://svelte.dev/e/derived_inert
12:02:28 AM [vite] (client) [console.warn] https://svelte.dev/e/derived_inert
12:02:28 AM [vite] (client) [console.warn] https://svelte.dev/e/derived_inert
12:02:28 AM [vite] (client) [console.warn] https://svelte.dev/e/derived_inert
12:02:28 AM [vite] (client) [console.warn] https://svelte.dev/e/derived_inert
12:02:28 AM [vite] (client) [console.warn] https://svelte.dev/e/derived_inert
12:02:28 AM [vite] (client) [console.warn] https://svelte.dev/e/derived_inert
12:02:28 AM [vite] (client) [console.warn] https://svelte.dev/e/derived_inert
12:02:28 AM [vite] (client) [console.warn] https://svelte.dev/e/derived_inert
12:02:28 AM [vite] (client) [console.warn] https://svelte.dev/e/derived_inert
12:02:28 AM [vite] (client) [console.warn] https://svelte.dev/e/derived_inert
12:02:28 AM [vite] (client) [console.warn] https://svelte.dev/e/derived_inert
12:02:28 AM [vite] (client) [console.warn] https://svelte.dev/e/derived_inert
12:02:28 AM [vite] (client) [console.warn] https://svelte.dev/e/derived_inert
12:02:28 AM [vite] (client) [console.warn] https://svelte.dev/e/derived_inert
12:02:28 AM [vite] (client) [console.warn] https://svelte.dev/e/derived_inert
12:02:28 AM [vite] (client) [console.warn] https://svelte.dev/e/derived_inert
12:02:28 AM [vite] (client) [console.warn] https://svelte.dev/e/derived_inert
12:02:28 AM [vite] (client) [console.warn] https://svelte.dev/e/derived_inert
12:02:28 AM [vite] (client) [console.warn] https://svelte.dev/e/derived_inert
12:02:28 AM [vite] (client) [console.warn] https://svelte.dev/e/derived_inert
12:02:28 AM [vite] (client) [console.warn] https://svelte.dev/e/derived_inert
12:02:28 AM [vite] (client) [console.warn] https://svelte.dev/e/derived_inert
12:02:28 AM [vite] (client) [console.warn] https://svelte.dev/e/derived_inert
12:02:28 AM [vite] (client) [console.warn] https://svelte.dev/e/derived_inert
12:02:28 AM [vite] (client) [console.warn] https://svelte.dev/e/derived_inert
12:02:28 AM [vite] (client) [console.warn] https://svelte.dev/e/derived_inert
12:02:28 AM [vite] (client) [console.warn] https://svelte.dev/e/derived_inert
12:02:28 AM [vite] (client) [console.warn] https://svelte.dev/e/derived_inert
12:02:28 AM [vite] (client) [console.warn] https://svelte.dev/e/derived_inert
12:02:28 AM [vite] (client) [console.warn] https://svelte.dev/e/derived_inert
12:02:28 AM [vite] (client) [console.warn] https://svelte.dev/e/derived_inert
12:02:28 AM [vite] (client) [console.warn] https://svelte.dev/e/derived_inert
12:02:28 AM [vite] (client) [console.warn] https://svelte.dev/e/derived_inert
12:02:28 AM [vite] (client) [console.warn] https://svelte.dev/e/derived_inert
12:02:28 AM [vite] (client) [console.warn] https://svelte.dev/e/derived_inert
12:02:28 AM [vite] (client) [console.warn] https://svelte.dev/e/derived_inert
12:02:28 AM [vite] (client) [console.warn] https://svelte.dev/e/derived_inert
12:02:28 AM [vite] (client) [console.warn] https://svelte.dev/e/derived_inert
12:02:28 AM [vite] (client) [console.warn] https://svelte.dev/e/derived_inert
12:02:28 AM [vite] (client) [console.warn] https://svelte.dev/e/derived_inert
12:02:28 AM [vite] (client) [console.warn] https://svelte.dev/e/derived_inert
12:02:33 AM [vite] (client) [console.warn] https://svelte.dev/e/derived_inert
12:02:33 AM [vite] (client) [console.warn] https://svelte.dev/e/derived_inert
12:02:34 AM [vite] (client) [console.warn] https://svelte.dev/e/derived_inert
12:02:36 AM [vite] (client) [console.warn] https://svelte.dev/e/derived_inert
12:02:36 AM [vite] (client) [console.warn] https://svelte.dev/e/derived_inert
12:02:36 AM [vite] (client) [console.warn] https://svelte.dev/e/derived_inert
12:02:36 AM [vite] (client) [console.warn] https://svelte.dev/e/derived_inert
12:02:37 AM [vite] (client) [console.warn] https://svelte.dev/e/derived_inert
12:02:37 AM [vite] (client) [console.warn] https://svelte.dev/e/derived_inert
12:02:37 AM [vite] (client) [console.warn] https://svelte.dev/e/derived_inert
12:02:37 AM [vite] (client) [console.warn] https://svelte.dev/e/derived_inert
12:02:37 AM [vite] (client) [console.warn] https://svelte.dev/e/derived_inert
12:02:37 AM [vite] (client) [console.warn] https://svelte.dev/e/derived_inert
12:02:37 AM [vite] (client) [console.warn] https://svelte.dev/e/derived_inert
12:02:37 AM [vite] (client) [console.warn] https://svelte.dev/e/derived_inert
12:02:37 AM [vite] (client) [console.warn] https://svelte.dev/e/derived_inert
12:02:37 AM [vite] (client) [console.warn] https://svelte.dev/e/derived_inert
12:02:37 AM [vite] (client) [console.warn] https://svelte.dev/e/derived_inert
12:02:37 AM [vite] (client) [console.warn] https://svelte.dev/e/derived_inert
12:02:37 AM [vite] (client) [console.warn] https://svelte.dev/e/derived_inert
12:02:37 AM [vite] (client) [console.warn] https://svelte.dev/e/derived_inert
12:02:37 AM [vite] (client) [console.warn] https://svelte.dev/e/derived_inert
12:02:37 AM [vite] (client) [console.warn] https://svelte.dev/e/derived_inert
12:02:37 AM [vite] (client) [console.warn] https://svelte.dev/e/derived_inert
12:02:37 AM [vite] (client) [console.warn] https://svelte.dev/e/derived_inert
12:02:37 AM [vite] (client) [console.warn] https://svelte.dev/e/derived_inert
12:02:37 AM [vite] (client) [console.warn] https://svelte.dev/e/derived_inert
12:02:37 AM [vite] (client) [console.warn] https://svelte.dev/e/derived_inert
12:02:37 AM [vite] (client) [console.warn] https://svelte.dev/e/derived_inert
12:02:37 AM [vite] (client) [console.warn] https://svelte.dev/e/derived_inert
12:02:37 AM [vite] (client) [console.warn] https://svelte.dev/e/derived_inert
12:02:37 AM [vite] (client) [console.warn] https://svelte.dev/e/derived_inert
12:02:37 AM [vite] (client) [console.warn] https://svelte.dev/e/derived_inert
12:02:37 AM [vite] (client) [console.warn] https://svelte.dev/e/derived_inert
12:02:37 AM [vite] (client) [console.warn] https://svelte.dev/e/derived_inert
12:02:37 AM [vite] (client) [console.warn] https://svelte.dev/e/derived_inert
12:02:37 AM [vite] (client) [console.warn] https://svelte.dev/e/derived_inert
12:02:37 AM [vite] (client) [console.warn] https://svelte.dev/e/derived_inert
12:02:37 AM [vite] (client) [console.warn] https://svelte.dev/e/derived_inert
12:02:37 AM [vite] (client) [console.warn] https://svelte.dev/e/derived_inert
12:02:37 AM [vite] (client) [console.warn] https://svelte.dev/e/derived_inert
12:02:37 AM [vite] (client) [console.warn] https://svelte.dev/e/derived_inert
12:02:37 AM [vite] (client) [console.warn] https://svelte.dev/e/derived_inert
12:02:37 AM [vite] (client) [console.warn] https://svelte.dev/e/derived_inert
12:02:37 AM [vite] (client) [console.warn] https://svelte.dev/e/derived_inert
12:02:37 AM [vite] (client) [console.warn] https://svelte.dev/e/derived_inert
12:02:37 AM [vite] (client) [console.warn] https://svelte.dev/e/derived_inert
12:02:37 AM [vite] (client) [console.warn] https://svelte.dev/e/derived_inert
12:02:37 AM [vite] (client) [console.warn] https://svelte.dev/e/derived_inert
12:02:37 AM [vite] (client) [console.warn] https://svelte.dev/e/derived_inert
12:02:37 AM [vite] (client) [console.warn] https://svelte.dev/e/derived_inert
12:02:37 AM [vite] (client) [console.warn] https://svelte.dev/e/derived_inert
12:02:37 AM [vite] (client) [console.warn] https://svelte.dev/e/derived_inert
12:02:37 AM [vite] (client) [console.warn] https://svelte.dev/e/derived_inert
12:02:37 AM [vite] (client) [console.warn] https://svelte.dev/e/derived_inert
12:02:37 AM [vite] (client) [console.warn] https://svelte.dev/e/derived_inert
12:02:37 AM [vite] (client) [console.warn] https://svelte.dev/e/derived_inert
12:02:37 AM [vite] (client) [console.warn] https://svelte.dev/e/derived_inert
12:02:37 AM [vite] (client) [console.warn] https://svelte.dev/e/derived_inert
12:02:37 AM [vite] (client) [console.warn] https://svelte.dev/e/derived_inert
12:02:37 AM [vite] (client) [console.warn] https://svelte.dev/e/derived_inert
12:02:37 AM [vite] (client) [console.warn] https://svelte.dev/e/derived_inert
12:02:37 AM [vite] (client) [console.warn] https://svelte.dev/e/derived_inert
12:02:37 AM [vite] (client) [console.warn] https://svelte.dev/e/derived_inert
12:02:37 AM [vite] (client) [console.warn] https://svelte.dev/e/derived_inert
12:02:37 AM [vite] (client) [console.warn] https://svelte.dev/e/derived_inert
12:02:37 AM [vite] (client) [console.warn] https://svelte.dev/e/derived_inert
12:02:37 AM [vite] (client) [console.warn] https://svelte.dev/e/derived_inert
12:02:37 AM [vite] (client) [console.warn] https://svelte.dev/e/derived_inert
12:02:37 AM [vite] (client) [console.warn] https://svelte.dev/e/derived_inert
12:02:37 AM [vite] (client) [console.warn] https://svelte.dev/e/derived_inert
12:02:37 AM [vite] (client) [console.warn] https://svelte.dev/e/derived_inert
12:02:37 AM [vite] (client) [console.warn] https://svelte.dev/e/derived_inert
12:02:37 AM [vite] (client) [console.warn] https://svelte.dev/e/derived_inert
12:02:37 AM [vite] (client) [console.warn] https://svelte.dev/e/derived_inert
12:02:37 AM [vite] (client) [console.warn] https://svelte.dev/e/derived_inert
12:02:37 AM [vite] (client) [console.warn] https://svelte.dev/e/derived_inert
12:02:37 AM [vite] (client) [console.warn] https://svelte.dev/e/derived_inert
12:02:37 AM [vite] (client) [console.warn] https://svelte.dev/e/derived_inert
12:02:37 AM [vite] (client) [console.warn] https://svelte.dev/e/derived_inert
12:02:37 AM [vite] (client) [console.warn] https://svelte.dev/e/derived_inert
12:02:37 AM [vite] (client) [console.warn] https://svelte.dev/e/derived_inert
12:02:37 AM [vite] (client) [console.warn] https://svelte.dev/e/derived_inert
12:02:37 AM [vite] (client) [console.warn] https://svelte.dev/e/derived_inert
12:02:37 AM [vite] (client) [console.warn] https://svelte.dev/e/derived_inert
12:02:37 AM [vite] (client) [console.warn] https://svelte.dev/e/derived_inert
12:02:37 AM [vite] (client) [console.warn] https://svelte.dev/e/derived_inert
12:02:37 AM [vite] (client) [console.warn] https://svelte.dev/e/derived_inert
12:02:37 AM [vite] (client) [console.warn] https://svelte.dev/e/derived_inert
12:02:37 AM [vite] (client) [console.warn] https://svelte.dev/e/derived_inert
12:02:37 AM [vite] (client) [console.warn] https://svelte.dev/e/derived_inert
12:02:37 AM [vite] (client) [console.warn] https://svelte.dev/e/derived_inert
12:02:37 AM [vite] (client) [console.warn] https://svelte.dev/e/derived_inert
12:02:37 AM [vite] (client) [console.warn] https://svelte.dev/e/derived_inert
12:02:37 AM [vite] (client) [console.warn] https://svelte.dev/e/derived_inert
12:02:37 AM [vite] (client) [console.warn] https://svelte.dev/e/derived_inert
12:02:37 AM [vite] (client) [console.warn] https://svelte.dev/e/derived_inert
12:02:37 AM [vite] (client) [console.warn] https://svelte.dev/e/derived_inert
12:02:37 AM [vite] (client) [console.warn] https://svelte.dev/e/derived_inert
12:02:37 AM [vite] (client) [console.warn] https://svelte.dev/e/derived_inert
12:02:37 AM [vite] (client) [console.warn] https://svelte.dev/e/derived_inert
12:02:37 AM [vite] (client) [console.warn] https://svelte.dev/e/derived_inert
12:02:37 AM [vite] (client) [console.warn] https://svelte.dev/e/derived_inert
12:02:37 AM [vite] (client) [console.warn] https://svelte.dev/e/derived_inert
12:02:37 AM [vite] (client) [console.warn] https://svelte.dev/e/derived_inert
12:02:37 AM [vite] (client) [console.warn] https://svelte.dev/e/derived_inert
12:02:37 AM [vite] (client) [console.warn] https://svelte.dev/e/derived_inert
12:02:37 AM [vite] (client) [console.warn] https://svelte.dev/e/derived_inert
12:02:37 AM [vite] (client) [console.warn] https://svelte.dev/e/derived_inert
12:02:37 AM [vite] (client) [console.warn] https://svelte.dev/e/derived_inert
12:02:37 AM [vite] (client) [console.warn] https://svelte.dev/e/derived_inert
12:02:37 AM [vite] (client) [console.warn] https://svelte.dev/e/derived_inert
12:02:37 AM [vite] (client) [console.warn] https://svelte.dev/e/derived_inert
12:02:37 AM [vite] (client) [console.warn] https://svelte.dev/e/derived_inert
12:02:37 AM [vite] (client) [console.warn] https://svelte.dev/e/derived_inert
12:02:37 AM [vite] (client) [console.warn] https://svelte.dev/e/derived_inert
12:02:37 AM [vite] (client) [console.warn] https://svelte.dev/e/derived_inert
12:02:37 AM [vite] (client) [console.warn] https://svelte.dev/e/derived_inert
12:02:37 AM [vite] (client) [console.warn] https://svelte.dev/e/derived_inert
12:02:37 AM [vite] (client) [console.warn] https://svelte.dev/e/derived_inert
12:02:37 AM [vite] (client) [console.warn] https://svelte.dev/e/derived_inert
12:02:37 AM [vite] (client) [console.warn] https://svelte.dev/e/derived_inert
12:02:37 AM [vite] (client) [console.warn] https://svelte.dev/e/derived_inert
12:02:37 AM [vite] (client) [console.warn] https://svelte.dev/e/derived_inert
12:02:37 AM [vite] (client) [console.warn] https://svelte.dev/e/derived_inert
12:02:37 AM [vite] (client) [console.warn] https://svelte.dev/e/derived_inert
12:02:37 AM [vite] (client) [console.warn] https://svelte.dev/e/derived_inert
12:02:37 AM [vite] (client) [console.warn] https://svelte.dev/e/derived_inert
12:02:37 AM [vite] (client) [console.warn] https://svelte.dev/e/derived_inert
12:02:37 AM [vite] (client) [console.warn] https://svelte.dev/e/derived_inert
12:02:37 AM [vite] (client) [console.warn] https://svelte.dev/e/derived_inert
12:02:38 AM [vite] (client) [console.warn] https://svelte.dev/e/derived_inert

 Test Files  55 passed (55)
      Tests  347 passed (347)
   Start at  00:01:28
   Duration  71.28s (transform 0ms, setup 2.23s, import 28.78s, tests 18.88s, environment 0ms)
