
> banhall-app@0.1.0 test:component
> vitest run --config vitest.component.config.ts

12:06:39 AM [vite-plugin-svelte] no Svelte config found at /Users/johnnynguyen/Documents/Repos/Banhall-bmad-learn-chat/.bmad-loop/runs/20260904-133944-0158/worktrees/6 - using default configuration.

 RUN  v4.1.10 /Users/johnnynguyen/Documents/Repos/Banhall-bmad-learn-chat/.bmad-loop/runs/20260904-133944-0158/worktrees/6

12:06:39 AM [vite-plugin-svelte] no Svelte config found at /Users/johnnynguyen/Documents/Repos/Banhall-bmad-learn-chat/.bmad-loop/runs/20260904-133944-0158/worktrees/6 - using default configuration.
12:06:42 AM [vite] (client) [console.error] Failed to send message Error: Resend unavailable
    at http://localhost:63315/Users/johnnynguyen/Documents/Repos/Banhall-bmad-learn-chat/.bmad-loop/runs/20260904-133944-0158/worktrees/6/src/lib/components/chat/RegenerateTurn.component.test.ts?import&browserv=1788592001182:183:43
    at async http://localhost:63315/node_modules/@vitest/runner/dist/chunk-artifact.js?v=529185d0:1903:20
12:06:42 AM [vite] (client) [console.error] Failed to send message Error: Please retry resend
    at http://localhost:63315/Users/johnnynguyen/Documents/Repos/Banhall-bmad-learn-chat/.bmad-loop/runs/20260904-133944-0158/worktrees/6/src/lib/components/chat/RegenerateTurn.component.test.ts?import&browserv=1788592001182:310:43
    at async http://localhost:63315/node_modules/@vitest/runner/dist/chunk-artifact.js?v=529185d0:1903:20
12:06:50 AM [vite] (client) [console.warn] https://svelte.dev/e/derived_inert
12:06:50 AM [vite] (client) [console.warn] https://svelte.dev/e/derived_inert
12:06:50 AM [vite] (client) [console.warn] https://svelte.dev/e/derived_inert
12:06:50 AM [vite] (client) [console.warn] https://svelte.dev/e/derived_inert
12:06:50 AM [vite] (client) [console.warn] https://svelte.dev/e/derived_inert
12:06:50 AM [vite] (client) [console.warn] https://svelte.dev/e/derived_inert
12:06:50 AM [vite] (client) [console.warn] https://svelte.dev/e/derived_inert
12:06:50 AM [vite] (client) [console.warn] https://svelte.dev/e/derived_inert
12:06:50 AM [vite] (client) [console.warn] https://svelte.dev/e/derived_inert
12:06:50 AM [vite] (client) [console.warn] https://svelte.dev/e/derived_inert
12:06:50 AM [vite] (client) [console.warn] https://svelte.dev/e/derived_inert
12:06:50 AM [vite] (client) [console.warn] https://svelte.dev/e/derived_inert
12:06:50 AM [vite] (client) [console.warn] https://svelte.dev/e/derived_inert
12:06:50 AM [vite] (client) [console.warn] https://svelte.dev/e/derived_inert
12:06:50 AM [vite] (client) [console.warn] https://svelte.dev/e/derived_inert
12:06:50 AM [vite] (client) [console.warn] https://svelte.dev/e/derived_inert
12:06:50 AM [vite] (client) [console.warn] https://svelte.dev/e/derived_inert
12:06:50 AM [vite] (client) [console.warn] https://svelte.dev/e/derived_inert
12:06:50 AM [vite] (client) [console.warn] https://svelte.dev/e/derived_inert
12:06:50 AM [vite] (client) [console.warn] https://svelte.dev/e/derived_inert
12:06:50 AM [vite] (client) [console.warn] https://svelte.dev/e/derived_inert
12:06:50 AM [vite] (client) [console.warn] https://svelte.dev/e/derived_inert
12:06:50 AM [vite] (client) [console.warn] https://svelte.dev/e/derived_inert
12:06:50 AM [vite] (client) [console.warn] https://svelte.dev/e/derived_inert
12:06:50 AM [vite] (client) [console.warn] https://svelte.dev/e/derived_inert
12:06:50 AM [vite] (client) [console.warn] https://svelte.dev/e/derived_inert
12:06:50 AM [vite] (client) [console.warn] https://svelte.dev/e/derived_inert
12:06:50 AM [vite] (client) [console.warn] https://svelte.dev/e/derived_inert
12:06:50 AM [vite] (client) [console.warn] https://svelte.dev/e/derived_inert
12:06:50 AM [vite] (client) [console.warn] https://svelte.dev/e/derived_inert
12:06:50 AM [vite] (client) [console.warn] https://svelte.dev/e/derived_inert
12:06:50 AM [vite] (client) [console.warn] https://svelte.dev/e/derived_inert
12:06:50 AM [vite] (client) [console.warn] https://svelte.dev/e/derived_inert
12:06:50 AM [vite] (client) [console.warn] https://svelte.dev/e/derived_inert
12:06:50 AM [vite] (client) [console.warn] https://svelte.dev/e/derived_inert
12:06:50 AM [vite] (client) [console.warn] https://svelte.dev/e/derived_inert
12:06:50 AM [vite] (client) [console.warn] https://svelte.dev/e/derived_inert
12:06:50 AM [vite] (client) [console.warn] https://svelte.dev/e/derived_inert
12:06:50 AM [vite] (client) [console.warn] https://svelte.dev/e/derived_inert
12:06:50 AM [vite] (client) [console.warn] https://svelte.dev/e/derived_inert
12:06:50 AM [vite] (client) [console.warn] https://svelte.dev/e/derived_inert
12:06:50 AM [vite] (client) [console.warn] https://svelte.dev/e/derived_inert
12:06:50 AM [vite] (client) [console.warn] https://svelte.dev/e/derived_inert
12:06:50 AM [vite] (client) [console.warn] https://svelte.dev/e/derived_inert
12:06:50 AM [vite] (client) [console.warn] https://svelte.dev/e/derived_inert
12:06:50 AM [vite] (client) [console.warn] https://svelte.dev/e/derived_inert
12:06:50 AM [vite] (client) [console.warn] https://svelte.dev/e/derived_inert
12:06:51 AM [vite] (client) [console.warn] https://svelte.dev/e/derived_inert
12:06:51 AM [vite] (client) [console.warn] https://svelte.dev/e/derived_inert
12:06:51 AM [vite] (client) [console.warn] https://svelte.dev/e/derived_inert
12:06:51 AM [vite] (client) [console.warn] https://svelte.dev/e/derived_inert
12:06:51 AM [vite] (client) [console.warn] https://svelte.dev/e/derived_inert
12:06:51 AM [vite] (client) [console.warn] https://svelte.dev/e/derived_inert
12:06:51 AM [vite] (client) [console.warn] https://svelte.dev/e/derived_inert
12:06:51 AM [vite] (client) [console.warn] https://svelte.dev/e/derived_inert
12:06:51 AM [vite] (client) [console.warn] https://svelte.dev/e/derived_inert
12:06:51 AM [vite] (client) [console.warn] https://svelte.dev/e/derived_inert
12:06:51 AM [vite] (client) [console.warn] https://svelte.dev/e/derived_inert
12:06:51 AM [vite] (client) [console.warn] https://svelte.dev/e/derived_inert
12:06:51 AM [vite] (client) [console.warn] https://svelte.dev/e/derived_inert
12:06:51 AM [vite] (client) [console.warn] https://svelte.dev/e/derived_inert
12:06:51 AM [vite] (client) [console.warn] https://svelte.dev/e/derived_inert
12:06:51 AM [vite] (client) [console.warn] https://svelte.dev/e/derived_inert
12:06:51 AM [vite] (client) [console.warn] https://svelte.dev/e/derived_inert
12:06:51 AM [vite] (client) [console.warn] https://svelte.dev/e/derived_inert
12:06:51 AM [vite] (client) [console.warn] https://svelte.dev/e/derived_inert
12:06:51 AM [vite] (client) [console.warn] https://svelte.dev/e/derived_inert
12:06:51 AM [vite] (client) [console.warn] https://svelte.dev/e/derived_inert
12:06:51 AM [vite] (client) [console.warn] https://svelte.dev/e/derived_inert
12:06:52 AM [vite] (client) [console.warn] https://svelte.dev/e/derived_inert
12:06:52 AM [vite] (client) [console.warn] https://svelte.dev/e/derived_inert
12:06:52 AM [vite] (client) [console.warn] https://svelte.dev/e/derived_inert
12:06:52 AM [vite] (client) [console.warn] https://svelte.dev/e/derived_inert
12:06:52 AM [vite] (client) [console.warn] https://svelte.dev/e/derived_inert
12:06:52 AM [vite] (client) [console.warn] https://svelte.dev/e/derived_inert
12:06:52 AM [vite] (client) [console.warn] https://svelte.dev/e/derived_inert
12:06:52 AM [vite] (client) [console.warn] https://svelte.dev/e/derived_inert
12:06:52 AM [vite] (client) [console.warn] https://svelte.dev/e/derived_inert
12:06:52 AM [vite] (client) [console.warn] https://svelte.dev/e/derived_inert
12:06:52 AM [vite] (client) [console.warn] https://svelte.dev/e/derived_inert
12:06:52 AM [vite] (client) [console.warn] https://svelte.dev/e/derived_inert
12:06:52 AM [vite] (client) [console.warn] https://svelte.dev/e/derived_inert
12:06:52 AM [vite] (client) [console.warn] https://svelte.dev/e/derived_inert
12:06:52 AM [vite] (client) [console.warn] https://svelte.dev/e/derived_inert
12:06:52 AM [vite] (client) [console.warn] https://svelte.dev/e/derived_inert
12:06:52 AM [vite] (client) [console.warn] https://svelte.dev/e/derived_inert
12:06:52 AM [vite] (client) [console.warn] https://svelte.dev/e/derived_inert
12:06:52 AM [vite] (client) [console.warn] https://svelte.dev/e/derived_inert
12:06:52 AM [vite] (client) [console.warn] https://svelte.dev/e/derived_inert
12:06:52 AM [vite] (client) [console.warn] https://svelte.dev/e/derived_inert
12:06:52 AM [vite] (client) [console.warn] https://svelte.dev/e/derived_inert
12:06:52 AM [vite] (client) [console.warn] https://svelte.dev/e/derived_inert
12:06:52 AM [vite] (client) [console.warn] https://svelte.dev/e/derived_inert
12:06:52 AM [vite] (client) [console.warn] https://svelte.dev/e/derived_inert
12:06:52 AM [vite] (client) [console.warn] https://svelte.dev/e/derived_inert
12:06:52 AM [vite] (client) [console.warn] https://svelte.dev/e/derived_inert
12:06:52 AM [vite] (client) [console.warn] https://svelte.dev/e/derived_inert
12:06:52 AM [vite] (client) [console.warn] https://svelte.dev/e/derived_inert
12:06:52 AM [vite] (client) [console.warn] https://svelte.dev/e/derived_inert
12:06:52 AM [vite] (client) [console.warn] https://svelte.dev/e/derived_inert
12:06:52 AM [vite] (client) [console.warn] https://svelte.dev/e/derived_inert
12:06:52 AM [vite] (client) [console.warn] https://svelte.dev/e/derived_inert
12:06:52 AM [vite] (client) [console.warn] https://svelte.dev/e/derived_inert
12:06:52 AM [vite] (client) [console.warn] https://svelte.dev/e/derived_inert
12:06:52 AM [vite] (client) [console.warn] https://svelte.dev/e/derived_inert
12:06:52 AM [vite] (client) [console.warn] https://svelte.dev/e/derived_inert
12:06:52 AM [vite] (client) [console.warn] https://svelte.dev/e/derived_inert
12:06:53 AM [vite] (client) [console.warn] https://svelte.dev/e/derived_inert
12:06:53 AM [vite] (client) [console.warn] https://svelte.dev/e/derived_inert
12:06:53 AM [vite] (client) [console.warn] https://svelte.dev/e/derived_inert
12:06:53 AM [vite] (client) [console.warn] https://svelte.dev/e/derived_inert
12:06:53 AM [vite] (client) [console.warn] https://svelte.dev/e/derived_inert
12:06:53 AM [vite] (client) [console.warn] https://svelte.dev/e/derived_inert
12:06:53 AM [vite] (client) [console.warn] https://svelte.dev/e/derived_inert
12:06:53 AM [vite] (client) [console.warn] https://svelte.dev/e/derived_inert
12:06:53 AM [vite] (client) [console.warn] https://svelte.dev/e/derived_inert
12:06:53 AM [vite] (client) [console.warn] https://svelte.dev/e/derived_inert
12:06:53 AM [vite] (client) [console.warn] https://svelte.dev/e/derived_inert
12:06:53 AM [vite] (client) [console.warn] https://svelte.dev/e/derived_inert
12:06:53 AM [vite] (client) [console.warn] https://svelte.dev/e/derived_inert
12:06:53 AM [vite] (client) [console.warn] https://svelte.dev/e/derived_inert
12:06:53 AM [vite] (client) [console.warn] https://svelte.dev/e/derived_inert
12:06:53 AM [vite] (client) [console.warn] https://svelte.dev/e/derived_inert
12:06:53 AM [vite] (client) [console.warn] https://svelte.dev/e/derived_inert
12:06:53 AM [vite] (client) [console.warn] https://svelte.dev/e/derived_inert
12:06:53 AM [vite] (client) [console.warn] https://svelte.dev/e/derived_inert
12:06:53 AM [vite] (client) [console.warn] https://svelte.dev/e/derived_inert
12:06:53 AM [vite] (client) [console.warn] https://svelte.dev/e/derived_inert
12:06:53 AM [vite] (client) [console.warn] https://svelte.dev/e/derived_inert
12:06:53 AM [vite] (client) [console.warn] https://svelte.dev/e/derived_inert
12:06:53 AM [vite] (client) [console.warn] https://svelte.dev/e/derived_inert
12:06:53 AM [vite] (client) [console.warn] https://svelte.dev/e/derived_inert
12:06:53 AM [vite] (client) [console.warn] https://svelte.dev/e/derived_inert
12:06:53 AM [vite] (client) [console.warn] https://svelte.dev/e/derived_inert
12:06:54 AM [vite] (client) [console.warn] https://svelte.dev/e/derived_inert
12:06:54 AM [vite] (client) [console.warn] https://svelte.dev/e/derived_inert
12:06:54 AM [vite] (client) [console.warn] https://svelte.dev/e/derived_inert
12:06:54 AM [vite] (client) [console.warn] https://svelte.dev/e/derived_inert
12:06:54 AM [vite] (client) [console.warn] https://svelte.dev/e/derived_inert
12:06:54 AM [vite] (client) [console.warn] https://svelte.dev/e/derived_inert
12:06:54 AM [vite] (client) [console.warn] https://svelte.dev/e/derived_inert
12:06:54 AM [vite] (client) [console.warn] https://svelte.dev/e/derived_inert
12:06:54 AM [vite] (client) [console.warn] https://svelte.dev/e/derived_inert
12:06:54 AM [vite] (client) [console.warn] https://svelte.dev/e/derived_inert
12:06:54 AM [vite] (client) [console.warn] https://svelte.dev/e/derived_inert
12:06:54 AM [vite] (client) [console.warn] https://svelte.dev/e/derived_inert
12:06:54 AM [vite] (client) [console.warn] https://svelte.dev/e/derived_inert
12:06:54 AM [vite] (client) [console.warn] https://svelte.dev/e/derived_inert
12:06:54 AM [vite] (client) [console.warn] https://svelte.dev/e/derived_inert
12:06:54 AM [vite] (client) [console.warn] https://svelte.dev/e/derived_inert
12:06:54 AM [vite] (client) [console.warn] https://svelte.dev/e/derived_inert
12:06:54 AM [vite] (client) [console.warn] https://svelte.dev/e/derived_inert
12:06:54 AM [vite] (client) [console.warn] https://svelte.dev/e/derived_inert
12:06:54 AM [vite] (client) [console.warn] https://svelte.dev/e/derived_inert
12:06:54 AM [vite] (client) [console.warn] https://svelte.dev/e/derived_inert
12:06:55 AM [vite] (client) [console.warn] https://svelte.dev/e/derived_inert
12:06:55 AM [vite] (client) [console.warn] https://svelte.dev/e/derived_inert
12:06:55 AM [vite] (client) [console.warn] https://svelte.dev/e/derived_inert
12:06:55 AM [vite] (client) [console.warn] https://svelte.dev/e/derived_inert
12:06:55 AM [vite] (client) [console.warn] https://svelte.dev/e/derived_inert
12:06:55 AM [vite] (client) [console.warn] https://svelte.dev/e/derived_inert
12:06:55 AM [vite] (client) [console.warn] https://svelte.dev/e/derived_inert
12:06:55 AM [vite] (client) [console.warn] https://svelte.dev/e/derived_inert
12:06:55 AM [vite] (client) [console.warn] https://svelte.dev/e/derived_inert
12:06:55 AM [vite] (client) [console.warn] https://svelte.dev/e/derived_inert
12:06:55 AM [vite] (client) [console.warn] https://svelte.dev/e/derived_inert
12:06:55 AM [vite] (client) [console.warn] https://svelte.dev/e/derived_inert
12:06:55 AM [vite] (client) [console.warn] https://svelte.dev/e/derived_inert
12:06:55 AM [vite] (client) [console.warn] https://svelte.dev/e/derived_inert
12:06:55 AM [vite] (client) [console.warn] https://svelte.dev/e/derived_inert
12:06:55 AM [vite] (client) [console.warn] https://svelte.dev/e/derived_inert
12:06:55 AM [vite] (client) [console.warn] https://svelte.dev/e/derived_inert
12:06:55 AM [vite] (client) [console.warn] https://svelte.dev/e/derived_inert
12:06:55 AM [vite] (client) [console.warn] https://svelte.dev/e/derived_inert
12:06:55 AM [vite] (client) [console.warn] https://svelte.dev/e/derived_inert
12:06:55 AM [vite] (client) [console.warn] https://svelte.dev/e/derived_inert
12:06:55 AM [vite] (client) [console.warn] https://svelte.dev/e/derived_inert
12:06:55 AM [vite] (client) [console.warn] https://svelte.dev/e/derived_inert
12:06:55 AM [vite] (client) [console.warn] https://svelte.dev/e/derived_inert
12:06:55 AM [vite] (client) [console.warn] https://svelte.dev/e/derived_inert
12:06:55 AM [vite] (client) [console.warn] https://svelte.dev/e/derived_inert
12:06:55 AM [vite] (client) [console.warn] https://svelte.dev/e/derived_inert
12:06:55 AM [vite] (client) [console.warn] https://svelte.dev/e/derived_inert
12:06:55 AM [vite] (client) [console.warn] https://svelte.dev/e/derived_inert
12:06:55 AM [vite] (client) [console.warn] https://svelte.dev/e/derived_inert
12:06:55 AM [vite] (client) [console.warn] https://svelte.dev/e/derived_inert
12:06:55 AM [vite] (client) [console.warn] https://svelte.dev/e/derived_inert
12:06:55 AM [vite] (client) [console.warn] https://svelte.dev/e/derived_inert
12:06:56 AM [vite] (client) [console.warn] https://svelte.dev/e/derived_inert
12:06:56 AM [vite] (client) [console.warn] https://svelte.dev/e/derived_inert
12:06:56 AM [vite] (client) [console.warn] https://svelte.dev/e/derived_inert
12:06:56 AM [vite] (client) [console.warn] https://svelte.dev/e/derived_inert
12:06:56 AM [vite] (client) [console.warn] https://svelte.dev/e/derived_inert
12:06:56 AM [vite] (client) [console.warn] https://svelte.dev/e/derived_inert
12:06:56 AM [vite] (client) [console.warn] https://svelte.dev/e/derived_inert
12:06:56 AM [vite] (client) [console.warn] https://svelte.dev/e/derived_inert
12:06:56 AM [vite] (client) [console.warn] https://svelte.dev/e/derived_inert
12:06:56 AM [vite] (client) [console.warn] https://svelte.dev/e/derived_inert
12:06:56 AM [vite] (client) [console.warn] https://svelte.dev/e/derived_inert
12:06:56 AM [vite] (client) [console.warn] https://svelte.dev/e/derived_inert
12:06:56 AM [vite] (client) [console.warn] https://svelte.dev/e/derived_inert
12:06:56 AM [vite] (client) [console.warn] https://svelte.dev/e/derived_inert
12:06:56 AM [vite] (client) [console.warn] https://svelte.dev/e/derived_inert
12:06:56 AM [vite] (client) [console.warn] https://svelte.dev/e/derived_inert
12:06:56 AM [vite] (client) [console.warn] https://svelte.dev/e/derived_inert
12:06:56 AM [vite] (client) [console.warn] https://svelte.dev/e/derived_inert
12:06:56 AM [vite] (client) [console.warn] https://svelte.dev/e/derived_inert
12:06:56 AM [vite] (client) [console.warn] https://svelte.dev/e/derived_inert
12:06:56 AM [vite] (client) [console.warn] https://svelte.dev/e/derived_inert
12:06:56 AM [vite] (client) [console.warn] https://svelte.dev/e/derived_inert
12:06:56 AM [vite] (client) [console.warn] https://svelte.dev/e/derived_inert
12:06:56 AM [vite] (client) [console.warn] https://svelte.dev/e/derived_inert
12:06:56 AM [vite] (client) [console.warn] https://svelte.dev/e/derived_inert
12:06:56 AM [vite] (client) [console.warn] https://svelte.dev/e/derived_inert
12:06:56 AM [vite] (client) [console.warn] https://svelte.dev/e/derived_inert
12:06:56 AM [vite] (client) [console.warn] https://svelte.dev/e/derived_inert
12:06:56 AM [vite] (client) [console.warn] https://svelte.dev/e/derived_inert
12:06:56 AM [vite] (client) [console.warn] https://svelte.dev/e/derived_inert
12:06:56 AM [vite] (client) [console.warn] https://svelte.dev/e/derived_inert
12:06:56 AM [vite] (client) [console.warn] https://svelte.dev/e/derived_inert
12:06:56 AM [vite] (client) [console.warn] https://svelte.dev/e/derived_inert
12:06:56 AM [vite] (client) [console.warn] https://svelte.dev/e/derived_inert
12:07:01 AM [vite] (client) [console.warn] https://svelte.dev/e/derived_inert
12:07:01 AM [vite] (client) [console.warn] https://svelte.dev/e/derived_inert
12:07:01 AM [vite] (client) [console.warn] https://svelte.dev/e/derived_inert
12:07:01 AM [vite] (client) [console.warn] https://svelte.dev/e/derived_inert
12:07:01 AM [vite] (client) [console.warn] https://svelte.dev/e/derived_inert
12:07:01 AM [vite] (client) [console.warn] https://svelte.dev/e/derived_inert
12:07:02 AM [vite] (client) [console.warn] https://svelte.dev/e/derived_inert
12:07:02 AM [vite] (client) [console.warn] https://svelte.dev/e/derived_inert
12:07:02 AM [vite] (client) [console.warn] https://svelte.dev/e/derived_inert
12:07:02 AM [vite] (client) [console.warn] https://svelte.dev/e/derived_inert
12:07:03 AM [vite] (client) [console.warn] https://svelte.dev/e/derived_inert
12:07:03 AM [vite] (client) [console.warn] https://svelte.dev/e/derived_inert
12:07:03 AM [vite] (client) [console.warn] https://svelte.dev/e/derived_inert
12:07:03 AM [vite] (client) [console.warn] https://svelte.dev/e/derived_inert
12:07:03 AM [vite] (client) [console.warn] https://svelte.dev/e/derived_inert
12:07:03 AM [vite] (client) [console.warn] https://svelte.dev/e/derived_inert
12:07:03 AM [vite] (client) [console.warn] https://svelte.dev/e/derived_inert
12:07:03 AM [vite] (client) [console.warn] https://svelte.dev/e/derived_inert
12:07:03 AM [vite] (client) [console.warn] https://svelte.dev/e/derived_inert
12:07:03 AM [vite] (client) [console.warn] https://svelte.dev/e/derived_inert
12:07:03 AM [vite] (client) [console.warn] https://svelte.dev/e/derived_inert
12:07:03 AM [vite] (client) [console.warn] https://svelte.dev/e/derived_inert
12:07:03 AM [vite] (client) [console.warn] https://svelte.dev/e/derived_inert
12:07:03 AM [vite] (client) [console.warn] https://svelte.dev/e/derived_inert
12:07:03 AM [vite] (client) [console.warn] https://svelte.dev/e/derived_inert
12:07:03 AM [vite] (client) [console.warn] https://svelte.dev/e/derived_inert
12:07:03 AM [vite] (client) [console.warn] https://svelte.dev/e/derived_inert
12:07:03 AM [vite] (client) [console.warn] https://svelte.dev/e/derived_inert
12:07:03 AM [vite] (client) [console.warn] https://svelte.dev/e/derived_inert
12:07:03 AM [vite] (client) [console.warn] https://svelte.dev/e/derived_inert
12:07:03 AM [vite] (client) [console.warn] https://svelte.dev/e/derived_inert
12:07:03 AM [vite] (client) [console.warn] https://svelte.dev/e/derived_inert
12:07:03 AM [vite] (client) [console.warn] https://svelte.dev/e/derived_inert
12:07:03 AM [vite] (client) [console.warn] https://svelte.dev/e/derived_inert
12:07:03 AM [vite] (client) [console.warn] https://svelte.dev/e/derived_inert
12:07:03 AM [vite] (client) [console.warn] https://svelte.dev/e/derived_inert
12:07:03 AM [vite] (client) [console.warn] https://svelte.dev/e/derived_inert
12:07:03 AM [vite] (client) [console.warn] https://svelte.dev/e/derived_inert
12:07:03 AM [vite] (client) [console.warn] https://svelte.dev/e/derived_inert
12:07:03 AM [vite] (client) [console.warn] https://svelte.dev/e/derived_inert
12:07:03 AM [vite] (client) [console.warn] https://svelte.dev/e/derived_inert
12:07:03 AM [vite] (client) [console.warn] https://svelte.dev/e/derived_inert
12:07:03 AM [vite] (client) [console.warn] https://svelte.dev/e/derived_inert
12:07:03 AM [vite] (client) [console.warn] https://svelte.dev/e/derived_inert
12:07:03 AM [vite] (client) [console.warn] https://svelte.dev/e/derived_inert
12:07:03 AM [vite] (client) [console.warn] https://svelte.dev/e/derived_inert
12:07:03 AM [vite] (client) [console.warn] https://svelte.dev/e/derived_inert
12:07:03 AM [vite] (client) [console.warn] https://svelte.dev/e/derived_inert
12:07:03 AM [vite] (client) [console.warn] https://svelte.dev/e/derived_inert
12:07:03 AM [vite] (client) [console.warn] https://svelte.dev/e/derived_inert
12:07:03 AM [vite] (client) [console.warn] https://svelte.dev/e/derived_inert
12:07:03 AM [vite] (client) [console.warn] https://svelte.dev/e/derived_inert
12:07:03 AM [vite] (client) [console.warn] https://svelte.dev/e/derived_inert
12:07:03 AM [vite] (client) [console.warn] https://svelte.dev/e/derived_inert
12:07:03 AM [vite] (client) [console.warn] https://svelte.dev/e/derived_inert
12:07:03 AM [vite] (client) [console.warn] https://svelte.dev/e/derived_inert
12:07:03 AM [vite] (client) [console.warn] https://svelte.dev/e/derived_inert
12:07:03 AM [vite] (client) [console.warn] https://svelte.dev/e/derived_inert
12:07:03 AM [vite] (client) [console.warn] https://svelte.dev/e/derived_inert
12:07:03 AM [vite] (client) [console.warn] https://svelte.dev/e/derived_inert
12:07:03 AM [vite] (client) [console.warn] https://svelte.dev/e/derived_inert
12:07:03 AM [vite] (client) [console.warn] https://svelte.dev/e/derived_inert
12:07:03 AM [vite] (client) [console.warn] https://svelte.dev/e/derived_inert
12:07:03 AM [vite] (client) [console.warn] https://svelte.dev/e/derived_inert
12:07:03 AM [vite] (client) [console.warn] https://svelte.dev/e/derived_inert
12:07:03 AM [vite] (client) [console.warn] https://svelte.dev/e/derived_inert
12:07:03 AM [vite] (client) [console.warn] https://svelte.dev/e/derived_inert
12:07:03 AM [vite] (client) [console.warn] https://svelte.dev/e/derived_inert
12:07:03 AM [vite] (client) [console.warn] https://svelte.dev/e/derived_inert
12:07:03 AM [vite] (client) [console.warn] https://svelte.dev/e/derived_inert
12:07:03 AM [vite] (client) [console.warn] https://svelte.dev/e/derived_inert
12:07:03 AM [vite] (client) [console.warn] https://svelte.dev/e/derived_inert
12:07:03 AM [vite] (client) [console.warn] https://svelte.dev/e/derived_inert
12:07:03 AM [vite] (client) [console.warn] https://svelte.dev/e/derived_inert
12:07:03 AM [vite] (client) [console.warn] https://svelte.dev/e/derived_inert
12:07:03 AM [vite] (client) [console.warn] https://svelte.dev/e/derived_inert
12:07:03 AM [vite] (client) [console.warn] https://svelte.dev/e/derived_inert
12:07:03 AM [vite] (client) [console.warn] https://svelte.dev/e/derived_inert
12:07:03 AM [vite] (client) [console.warn] https://svelte.dev/e/derived_inert
12:07:03 AM [vite] (client) [console.warn] https://svelte.dev/e/derived_inert
12:07:03 AM [vite] (client) [console.warn] https://svelte.dev/e/derived_inert
12:07:03 AM [vite] (client) [console.warn] https://svelte.dev/e/derived_inert
12:07:03 AM [vite] (client) [console.warn] https://svelte.dev/e/derived_inert
12:07:03 AM [vite] (client) [console.warn] https://svelte.dev/e/derived_inert
12:07:03 AM [vite] (client) [console.warn] https://svelte.dev/e/derived_inert
12:07:03 AM [vite] (client) [console.warn] https://svelte.dev/e/derived_inert
12:07:03 AM [vite] (client) [console.warn] https://svelte.dev/e/derived_inert
12:07:03 AM [vite] (client) [console.warn] https://svelte.dev/e/derived_inert
12:07:03 AM [vite] (client) [console.warn] https://svelte.dev/e/derived_inert
12:07:03 AM [vite] (client) [console.warn] https://svelte.dev/e/derived_inert
12:07:03 AM [vite] (client) [console.warn] https://svelte.dev/e/derived_inert
12:07:03 AM [vite] (client) [console.warn] https://svelte.dev/e/derived_inert
12:07:03 AM [vite] (client) [console.warn] https://svelte.dev/e/derived_inert
12:07:03 AM [vite] (client) [console.warn] https://svelte.dev/e/derived_inert
12:07:03 AM [vite] (client) [console.warn] https://svelte.dev/e/derived_inert
12:07:03 AM [vite] (client) [console.warn] https://svelte.dev/e/derived_inert
12:07:03 AM [vite] (client) [console.warn] https://svelte.dev/e/derived_inert
12:07:03 AM [vite] (client) [console.warn] https://svelte.dev/e/derived_inert
12:07:03 AM [vite] (client) [console.warn] https://svelte.dev/e/derived_inert
12:07:03 AM [vite] (client) [console.warn] https://svelte.dev/e/derived_inert
12:07:03 AM [vite] (client) [console.warn] https://svelte.dev/e/derived_inert
12:07:03 AM [vite] (client) [console.warn] https://svelte.dev/e/derived_inert
12:07:03 AM [vite] (client) [console.warn] https://svelte.dev/e/derived_inert
12:07:03 AM [vite] (client) [console.warn] https://svelte.dev/e/derived_inert
12:07:03 AM [vite] (client) [console.warn] https://svelte.dev/e/derived_inert
12:07:03 AM [vite] (client) [console.warn] https://svelte.dev/e/derived_inert
12:07:03 AM [vite] (client) [console.warn] https://svelte.dev/e/derived_inert
12:07:03 AM [vite] (client) [console.warn] https://svelte.dev/e/derived_inert
12:07:03 AM [vite] (client) [console.warn] https://svelte.dev/e/derived_inert
12:07:03 AM [vite] (client) [console.warn] https://svelte.dev/e/derived_inert
12:07:03 AM [vite] (client) [console.warn] https://svelte.dev/e/derived_inert
12:07:03 AM [vite] (client) [console.warn] https://svelte.dev/e/derived_inert
12:07:03 AM [vite] (client) [console.warn] https://svelte.dev/e/derived_inert
12:07:03 AM [vite] (client) [console.warn] https://svelte.dev/e/derived_inert
12:07:03 AM [vite] (client) [console.warn] https://svelte.dev/e/derived_inert
12:07:03 AM [vite] (client) [console.warn] https://svelte.dev/e/derived_inert
12:07:03 AM [vite] (client) [console.warn] https://svelte.dev/e/derived_inert
12:07:03 AM [vite] (client) [console.warn] https://svelte.dev/e/derived_inert
12:07:03 AM [vite] (client) [console.warn] https://svelte.dev/e/derived_inert
12:07:03 AM [vite] (client) [console.warn] https://svelte.dev/e/derived_inert
12:07:03 AM [vite] (client) [console.warn] https://svelte.dev/e/derived_inert
12:07:03 AM [vite] (client) [console.warn] https://svelte.dev/e/derived_inert
12:07:03 AM [vite] (client) [console.warn] https://svelte.dev/e/derived_inert
12:07:03 AM [vite] (client) [console.warn] https://svelte.dev/e/derived_inert
12:07:03 AM [vite] (client) [console.warn] https://svelte.dev/e/derived_inert
12:07:03 AM [vite] (client) [console.warn] https://svelte.dev/e/derived_inert
12:07:03 AM [vite] (client) [console.warn] https://svelte.dev/e/derived_inert
12:07:03 AM [vite] (client) [console.warn] https://svelte.dev/e/derived_inert
12:07:03 AM [vite] (client) [console.warn] https://svelte.dev/e/derived_inert
12:07:03 AM [vite] (client) [console.warn] https://svelte.dev/e/derived_inert
12:07:03 AM [vite] (client) [console.warn] https://svelte.dev/e/derived_inert
12:07:03 AM [vite] (client) [console.warn] https://svelte.dev/e/derived_inert
12:07:03 AM [vite] (client) [console.warn] https://svelte.dev/e/derived_inert
12:07:03 AM [vite] (client) [console.warn] https://svelte.dev/e/derived_inert
12:07:03 AM [vite] (client) [console.warn] https://svelte.dev/e/derived_inert
12:07:04 AM [vite] (client) [console.warn] https://svelte.dev/e/derived_inert
12:07:04 AM [vite] (client) [console.warn] https://svelte.dev/e/derived_inert
12:07:04 AM [vite] (client) [console.warn] https://svelte.dev/e/derived_inert
12:07:04 AM [vite] (client) [console.warn] https://svelte.dev/e/derived_inert
12:07:04 AM [vite] (client) [console.warn] https://svelte.dev/e/derived_inert
12:07:04 AM [vite] (client) [console.warn] https://svelte.dev/e/derived_inert
12:07:04 AM [vite] (client) [console.warn] https://svelte.dev/e/derived_inert
12:07:04 AM [vite] (client) [console.warn] https://svelte.dev/e/derived_inert
12:07:04 AM [vite] (client) [console.warn] https://svelte.dev/e/derived_inert
12:07:04 AM [vite] (client) [console.warn] https://svelte.dev/e/derived_inert
12:07:04 AM [vite] (client) [console.warn] https://svelte.dev/e/derived_inert
12:07:04 AM [vite] (client) [console.warn] https://svelte.dev/e/derived_inert
12:07:04 AM [vite] (client) [console.warn] https://svelte.dev/e/derived_inert
12:07:04 AM [vite] (client) [console.warn] https://svelte.dev/e/derived_inert
12:07:04 AM [vite] (client) [console.warn] https://svelte.dev/e/derived_inert
12:07:04 AM [vite] (client) [console.warn] https://svelte.dev/e/derived_inert
12:07:04 AM [vite] (client) [console.warn] https://svelte.dev/e/derived_inert
12:07:04 AM [vite] (client) [console.warn] https://svelte.dev/e/derived_inert
12:07:04 AM [vite] (client) [console.warn] https://svelte.dev/e/derived_inert
12:07:04 AM [vite] (client) [console.warn] https://svelte.dev/e/derived_inert
12:07:04 AM [vite] (client) [console.warn] https://svelte.dev/e/derived_inert
12:07:04 AM [vite] (client) [console.warn] https://svelte.dev/e/derived_inert
12:07:04 AM [vite] (client) [console.warn] https://svelte.dev/e/derived_inert
12:07:04 AM [vite] (client) [console.warn] https://svelte.dev/e/derived_inert
12:07:04 AM [vite] (client) [console.warn] https://svelte.dev/e/derived_inert
12:07:04 AM [vite] (client) [console.warn] https://svelte.dev/e/derived_inert
12:07:04 AM [vite] (client) [console.warn] https://svelte.dev/e/derived_inert
12:07:04 AM [vite] (client) [console.warn] https://svelte.dev/e/derived_inert
12:07:04 AM [vite] (client) [console.warn] https://svelte.dev/e/derived_inert
12:07:04 AM [vite] (client) [console.warn] https://svelte.dev/e/derived_inert
12:07:08 AM [vite] (client) [console.warn] https://svelte.dev/e/derived_inert
12:07:10 AM [vite] (client) [console.warn] https://svelte.dev/e/derived_inert
12:07:10 AM [vite] (client) [console.warn] https://svelte.dev/e/derived_inert
12:07:10 AM [vite] (client) [console.warn] https://svelte.dev/e/derived_inert
12:07:10 AM [vite] (client) [console.warn] https://svelte.dev/e/derived_inert
12:07:10 AM [vite] (client) [console.warn] https://svelte.dev/e/derived_inert
12:07:10 AM [vite] (client) [console.warn] https://svelte.dev/e/derived_inert
12:07:10 AM [vite] (client) [console.warn] https://svelte.dev/e/derived_inert
12:07:10 AM [vite] (client) [console.warn] https://svelte.dev/e/derived_inert
12:07:10 AM [vite] (client) [console.warn] https://svelte.dev/e/derived_inert
12:07:10 AM [vite] (client) [console.warn] https://svelte.dev/e/derived_inert
12:07:10 AM [vite] (client) [console.warn] https://svelte.dev/e/derived_inert
12:07:10 AM [vite] (client) [console.warn] https://svelte.dev/e/derived_inert
12:07:10 AM [vite] (client) [console.warn] https://svelte.dev/e/derived_inert
12:07:10 AM [vite] (client) [console.warn] https://svelte.dev/e/derived_inert
12:07:10 AM [vite] (client) [console.warn] https://svelte.dev/e/derived_inert
12:07:10 AM [vite] (client) [console.warn] https://svelte.dev/e/derived_inert
12:07:10 AM [vite] (client) [console.warn] https://svelte.dev/e/derived_inert
12:07:10 AM [vite] (client) [console.warn] https://svelte.dev/e/derived_inert
12:07:10 AM [vite] (client) [console.warn] https://svelte.dev/e/derived_inert
12:07:10 AM [vite] (client) [console.warn] https://svelte.dev/e/derived_inert
12:07:10 AM [vite] (client) [console.warn] https://svelte.dev/e/derived_inert
12:07:10 AM [vite] (client) [console.warn] https://svelte.dev/e/derived_inert
12:07:10 AM [vite] (client) [console.warn] https://svelte.dev/e/derived_inert
12:07:10 AM [vite] (client) [console.warn] https://svelte.dev/e/derived_inert
12:07:10 AM [vite] (client) [console.warn] https://svelte.dev/e/derived_inert
12:07:10 AM [vite] (client) [console.warn] https://svelte.dev/e/derived_inert
12:07:10 AM [vite] (client) [console.warn] https://svelte.dev/e/derived_inert
12:07:10 AM [vite] (client) [console.warn] https://svelte.dev/e/derived_inert
12:07:10 AM [vite] (client) [console.warn] https://svelte.dev/e/derived_inert
12:07:10 AM [vite] (client) [console.warn] https://svelte.dev/e/derived_inert
12:07:10 AM [vite] (client) [console.warn] https://svelte.dev/e/derived_inert
12:07:10 AM [vite] (client) [console.warn] https://svelte.dev/e/derived_inert
12:07:10 AM [vite] (client) [console.warn] https://svelte.dev/e/derived_inert
12:07:10 AM [vite] (client) [console.warn] https://svelte.dev/e/derived_inert
12:07:10 AM [vite] (client) [console.warn] https://svelte.dev/e/derived_inert
12:07:10 AM [vite] (client) [console.warn] https://svelte.dev/e/derived_inert
12:07:10 AM [vite] (client) [console.warn] https://svelte.dev/e/derived_inert
12:07:10 AM [vite] (client) [console.warn] https://svelte.dev/e/derived_inert
12:07:10 AM [vite] (client) [console.warn] https://svelte.dev/e/derived_inert
12:07:10 AM [vite] (client) [console.warn] https://svelte.dev/e/derived_inert
12:07:10 AM [vite] (client) [console.warn] https://svelte.dev/e/derived_inert
12:07:10 AM [vite] (client) [console.warn] https://svelte.dev/e/derived_inert
12:07:10 AM [vite] (client) [console.warn] https://svelte.dev/e/derived_inert
12:07:10 AM [vite] (client) [console.warn] https://svelte.dev/e/derived_inert
12:07:10 AM [vite] (client) [console.warn] https://svelte.dev/e/derived_inert
12:07:10 AM [vite] (client) [console.warn] https://svelte.dev/e/derived_inert
12:07:10 AM [vite] (client) [console.warn] https://svelte.dev/e/derived_inert
12:07:10 AM [vite] (client) [console.warn] https://svelte.dev/e/derived_inert
12:07:10 AM [vite] (client) [console.warn] https://svelte.dev/e/derived_inert
12:07:10 AM [vite] (client) [console.warn] https://svelte.dev/e/derived_inert
12:07:10 AM [vite] (client) [console.warn] https://svelte.dev/e/derived_inert
12:07:10 AM [vite] (client) [console.warn] https://svelte.dev/e/derived_inert
12:07:10 AM [vite] (client) [console.warn] https://svelte.dev/e/derived_inert
12:07:10 AM [vite] (client) [console.warn] https://svelte.dev/e/derived_inert
12:07:10 AM [vite] (client) [console.warn] https://svelte.dev/e/derived_inert
12:07:10 AM [vite] (client) [console.warn] https://svelte.dev/e/derived_inert
12:07:10 AM [vite] (client) [console.warn] https://svelte.dev/e/derived_inert
12:07:10 AM [vite] (client) [console.warn] https://svelte.dev/e/derived_inert
12:07:10 AM [vite] (client) [console.warn] https://svelte.dev/e/derived_inert
12:07:10 AM [vite] (client) [console.warn] https://svelte.dev/e/derived_inert
12:07:10 AM [vite] (client) [console.warn] https://svelte.dev/e/derived_inert
12:07:10 AM [vite] (client) [console.warn] https://svelte.dev/e/derived_inert
12:07:10 AM [vite] (client) [console.warn] https://svelte.dev/e/derived_inert
12:07:10 AM [vite] (client) [console.warn] https://svelte.dev/e/derived_inert
12:07:10 AM [vite] (client) [console.warn] https://svelte.dev/e/derived_inert
12:07:10 AM [vite] (client) [console.warn] https://svelte.dev/e/derived_inert
12:07:10 AM [vite] (client) [console.warn] https://svelte.dev/e/derived_inert
12:07:10 AM [vite] (client) [console.warn] https://svelte.dev/e/derived_inert
12:07:10 AM [vite] (client) [console.warn] https://svelte.dev/e/derived_inert
12:07:10 AM [vite] (client) [console.warn] https://svelte.dev/e/derived_inert
12:07:10 AM [vite] (client) [console.warn] https://svelte.dev/e/derived_inert
12:07:10 AM [vite] (client) [console.warn] https://svelte.dev/e/derived_inert
12:07:10 AM [vite] (client) [console.warn] https://svelte.dev/e/derived_inert
12:07:10 AM [vite] (client) [console.warn] https://svelte.dev/e/derived_inert
12:07:10 AM [vite] (client) [console.warn] https://svelte.dev/e/derived_inert
12:07:10 AM [vite] (client) [console.warn] https://svelte.dev/e/derived_inert
12:07:10 AM [vite] (client) [console.warn] https://svelte.dev/e/derived_inert
12:07:10 AM [vite] (client) [console.warn] https://svelte.dev/e/derived_inert
12:07:10 AM [vite] (client) [console.warn] https://svelte.dev/e/derived_inert
12:07:10 AM [vite] (client) [console.warn] https://svelte.dev/e/derived_inert
12:07:10 AM [vite] (client) [console.warn] https://svelte.dev/e/derived_inert
12:07:10 AM [vite] (client) [console.warn] https://svelte.dev/e/derived_inert
12:07:10 AM [vite] (client) [console.warn] https://svelte.dev/e/derived_inert
12:07:10 AM [vite] (client) [console.warn] https://svelte.dev/e/derived_inert
12:07:10 AM [vite] (client) [console.warn] https://svelte.dev/e/derived_inert
12:07:10 AM [vite] (client) [console.warn] https://svelte.dev/e/derived_inert
12:07:10 AM [vite] (client) [console.warn] https://svelte.dev/e/derived_inert
12:07:10 AM [vite] (client) [console.warn] https://svelte.dev/e/derived_inert
12:07:10 AM [vite] (client) [console.warn] https://svelte.dev/e/derived_inert
12:07:10 AM [vite] (client) [console.warn] https://svelte.dev/e/derived_inert
12:07:10 AM [vite] (client) [console.warn] https://svelte.dev/e/derived_inert
12:07:10 AM [vite] (client) [console.warn] https://svelte.dev/e/derived_inert
12:07:10 AM [vite] (client) [console.warn] https://svelte.dev/e/derived_inert
12:07:10 AM [vite] (client) [console.warn] https://svelte.dev/e/derived_inert
12:07:10 AM [vite] (client) [console.warn] https://svelte.dev/e/derived_inert
12:07:10 AM [vite] (client) [console.warn] https://svelte.dev/e/derived_inert
12:07:10 AM [vite] (client) [console.warn] https://svelte.dev/e/derived_inert
12:07:10 AM [vite] (client) [console.warn] https://svelte.dev/e/derived_inert
12:07:10 AM [vite] (client) [console.warn] https://svelte.dev/e/derived_inert
12:07:10 AM [vite] (client) [console.warn] https://svelte.dev/e/derived_inert
12:07:10 AM [vite] (client) [console.warn] https://svelte.dev/e/derived_inert
12:07:10 AM [vite] (client) [console.warn] https://svelte.dev/e/derived_inert
12:07:10 AM [vite] (client) [console.warn] https://svelte.dev/e/derived_inert
12:07:10 AM [vite] (client) [console.warn] https://svelte.dev/e/derived_inert
12:07:10 AM [vite] (client) [console.warn] https://svelte.dev/e/derived_inert
12:07:10 AM [vite] (client) [console.warn] https://svelte.dev/e/derived_inert
12:07:10 AM [vite] (client) [console.warn] https://svelte.dev/e/derived_inert
12:07:10 AM [vite] (client) [console.warn] https://svelte.dev/e/derived_inert
12:07:10 AM [vite] (client) [console.warn] https://svelte.dev/e/derived_inert
12:07:10 AM [vite] (client) [console.warn] https://svelte.dev/e/derived_inert
12:07:10 AM [vite] (client) [console.warn] https://svelte.dev/e/derived_inert
12:07:10 AM [vite] (client) [console.warn] https://svelte.dev/e/derived_inert
12:07:10 AM [vite] (client) [console.warn] https://svelte.dev/e/derived_inert
12:07:10 AM [vite] (client) [console.warn] https://svelte.dev/e/derived_inert
12:07:10 AM [vite] (client) [console.warn] https://svelte.dev/e/derived_inert
12:07:10 AM [vite] (client) [console.warn] https://svelte.dev/e/derived_inert
12:07:10 AM [vite] (client) [console.warn] https://svelte.dev/e/derived_inert
12:07:10 AM [vite] (client) [console.warn] https://svelte.dev/e/derived_inert
12:07:10 AM [vite] (client) [console.warn] https://svelte.dev/e/derived_inert
12:07:10 AM [vite] (client) [console.warn] https://svelte.dev/e/derived_inert
12:07:10 AM [vite] (client) [console.warn] https://svelte.dev/e/derived_inert
12:07:10 AM [vite] (client) [console.warn] https://svelte.dev/e/derived_inert
12:07:10 AM [vite] (client) [console.warn] https://svelte.dev/e/derived_inert
12:07:10 AM [vite] (client) [console.warn] https://svelte.dev/e/derived_inert
12:07:10 AM [vite] (client) [console.warn] https://svelte.dev/e/derived_inert
12:07:10 AM [vite] (client) [console.warn] https://svelte.dev/e/derived_inert
12:07:10 AM [vite] (client) [console.warn] https://svelte.dev/e/derived_inert
12:07:10 AM [vite] (client) [console.warn] https://svelte.dev/e/derived_inert
12:07:10 AM [vite] (client) [console.warn] https://svelte.dev/e/derived_inert
12:07:10 AM [vite] (client) [console.warn] https://svelte.dev/e/derived_inert
12:07:10 AM [vite] (client) [console.warn] https://svelte.dev/e/derived_inert
12:07:10 AM [vite] (client) [console.warn] https://svelte.dev/e/derived_inert
12:07:10 AM [vite] (client) [console.warn] https://svelte.dev/e/derived_inert
12:07:10 AM [vite] (client) [console.warn] https://svelte.dev/e/derived_inert
12:07:10 AM [vite] (client) [console.warn] https://svelte.dev/e/derived_inert
12:07:10 AM [vite] (client) [console.warn] https://svelte.dev/e/derived_inert
12:07:10 AM [vite] (client) [console.warn] https://svelte.dev/e/derived_inert
12:07:10 AM [vite] (client) [console.warn] https://svelte.dev/e/derived_inert
12:07:10 AM [vite] (client) [console.warn] https://svelte.dev/e/derived_inert
12:07:10 AM [vite] (client) [console.warn] https://svelte.dev/e/derived_inert
12:07:10 AM [vite] (client) [console.warn] https://svelte.dev/e/derived_inert
12:07:10 AM [vite] (client) [console.warn] https://svelte.dev/e/derived_inert
12:07:10 AM [vite] (client) [console.warn] https://svelte.dev/e/derived_inert
12:07:10 AM [vite] (client) [console.warn] https://svelte.dev/e/derived_inert
12:07:10 AM [vite] (client) [console.warn] https://svelte.dev/e/derived_inert
12:07:10 AM [vite] (client) [console.warn] https://svelte.dev/e/derived_inert
12:07:10 AM [vite] (client) [console.warn] https://svelte.dev/e/derived_inert
12:07:10 AM [vite] (client) [console.warn] https://svelte.dev/e/derived_inert
12:07:10 AM [vite] (client) [console.warn] https://svelte.dev/e/derived_inert
12:07:10 AM [vite] (client) [console.warn] https://svelte.dev/e/derived_inert
12:07:10 AM [vite] (client) [console.warn] https://svelte.dev/e/derived_inert
12:07:10 AM [vite] (client) [console.warn] https://svelte.dev/e/derived_inert
12:07:10 AM [vite] (client) [console.warn] https://svelte.dev/e/derived_inert
12:07:10 AM [vite] (client) [console.warn] https://svelte.dev/e/derived_inert
12:07:10 AM [vite] (client) [console.warn] https://svelte.dev/e/derived_inert
12:07:10 AM [vite] (client) [console.warn] https://svelte.dev/e/derived_inert
12:07:10 AM [vite] (client) [console.warn] https://svelte.dev/e/derived_inert
12:07:10 AM [vite] (client) [console.warn] https://svelte.dev/e/derived_inert
12:07:10 AM [vite] (client) [console.warn] https://svelte.dev/e/derived_inert
12:07:10 AM [vite] (client) [console.warn] https://svelte.dev/e/derived_inert
12:07:10 AM [vite] (client) [console.warn] https://svelte.dev/e/derived_inert
12:07:10 AM [vite] (client) [console.warn] https://svelte.dev/e/derived_inert
12:07:10 AM [vite] (client) [console.warn] https://svelte.dev/e/derived_inert
12:07:10 AM [vite] (client) [console.warn] https://svelte.dev/e/derived_inert
12:07:10 AM [vite] (client) [console.warn] https://svelte.dev/e/derived_inert
12:07:10 AM [vite] (client) [console.warn] https://svelte.dev/e/derived_inert
12:07:10 AM [vite] (client) [console.warn] https://svelte.dev/e/derived_inert
12:07:10 AM [vite] (client) [console.warn] https://svelte.dev/e/derived_inert
12:07:10 AM [vite] (client) [console.warn] https://svelte.dev/e/derived_inert
12:07:10 AM [vite] (client) [console.warn] https://svelte.dev/e/derived_inert
12:07:10 AM [vite] (client) [console.warn] https://svelte.dev/e/derived_inert
12:07:10 AM [vite] (client) [console.warn] https://svelte.dev/e/derived_inert
12:07:10 AM [vite] (client) [console.warn] https://svelte.dev/e/derived_inert
12:07:10 AM [vite] (client) [console.warn] https://svelte.dev/e/derived_inert
12:07:10 AM [vite] (client) [console.warn] https://svelte.dev/e/derived_inert
12:07:10 AM [vite] (client) [console.warn] https://svelte.dev/e/derived_inert
12:07:10 AM [vite] (client) [console.warn] https://svelte.dev/e/derived_inert
12:07:10 AM [vite] (client) [console.warn] https://svelte.dev/e/derived_inert
12:07:10 AM [vite] (client) [console.warn] https://svelte.dev/e/derived_inert
12:07:10 AM [vite] (client) [console.warn] https://svelte.dev/e/derived_inert
12:07:10 AM [vite] (client) [console.warn] https://svelte.dev/e/derived_inert
12:07:10 AM [vite] (client) [console.warn] https://svelte.dev/e/derived_inert
12:07:10 AM [vite] (client) [console.warn] https://svelte.dev/e/derived_inert
12:07:10 AM [vite] (client) [console.warn] https://svelte.dev/e/derived_inert
12:07:10 AM [vite] (client) [console.warn] https://svelte.dev/e/derived_inert
12:07:10 AM [vite] (client) [console.warn] https://svelte.dev/e/derived_inert
12:07:10 AM [vite] (client) [console.warn] https://svelte.dev/e/derived_inert
12:07:10 AM [vite] (client) [console.warn] https://svelte.dev/e/derived_inert
12:07:10 AM [vite] (client) [console.warn] https://svelte.dev/e/derived_inert
12:07:10 AM [vite] (client) [console.warn] https://svelte.dev/e/derived_inert
12:07:10 AM [vite] (client) [console.warn] https://svelte.dev/e/derived_inert
12:07:10 AM [vite] (client) [console.warn] https://svelte.dev/e/derived_inert
12:07:10 AM [vite] (client) [console.warn] https://svelte.dev/e/derived_inert
12:07:10 AM [vite] (client) [console.warn] https://svelte.dev/e/derived_inert
12:07:10 AM [vite] (client) [console.warn] https://svelte.dev/e/derived_inert
12:07:11 AM [vite] (client) [console.warn] https://svelte.dev/e/derived_inert
12:07:17 AM [vite] (client) [console.warn] https://svelte.dev/e/derived_inert
12:07:17 AM [vite] (client) [console.warn] https://svelte.dev/e/derived_inert

 Test Files  56 passed (56)
      Tests  368 passed (368)
   Start at  00:06:39
   Duration  40.01s (transform 0ms, setup 940ms, import 14.87s, tests 19.95s, environment 0ms)
