
> banhall-app@0.1.0 test:component
> vitest run --config vitest.component.config.ts

12:09:00 AM [vite-plugin-svelte] no Svelte config found at /Users/johnnynguyen/Documents/Repos/Banhall-bmad-learn-chat/.bmad-loop/runs/20260904-133944-0158/worktrees/6 - using default configuration.

 RUN  v4.1.10 /Users/johnnynguyen/Documents/Repos/Banhall-bmad-learn-chat/.bmad-loop/runs/20260904-133944-0158/worktrees/6

12:09:00 AM [vite-plugin-svelte] no Svelte config found at /Users/johnnynguyen/Documents/Repos/Banhall-bmad-learn-chat/.bmad-loop/runs/20260904-133944-0158/worktrees/6 - using default configuration.
12:09:24 AM [vite] (client) [console.warn] https://svelte.dev/e/derived_inert
12:09:24 AM [vite] (client) [console.warn] https://svelte.dev/e/derived_inert
12:09:24 AM [vite] (client) [console.warn] https://svelte.dev/e/derived_inert
12:09:24 AM [vite] (client) [console.warn] https://svelte.dev/e/derived_inert
12:09:24 AM [vite] (client) [console.warn] https://svelte.dev/e/derived_inert
12:09:24 AM [vite] (client) [console.warn] https://svelte.dev/e/derived_inert
12:09:24 AM [vite] (client) [console.warn] https://svelte.dev/e/derived_inert
12:09:24 AM [vite] (client) [console.warn] https://svelte.dev/e/derived_inert
12:09:24 AM [vite] (client) [console.warn] https://svelte.dev/e/derived_inert
12:09:24 AM [vite] (client) [console.warn] https://svelte.dev/e/derived_inert
12:09:24 AM [vite] (client) [console.warn] https://svelte.dev/e/derived_inert
12:09:24 AM [vite] (client) [console.warn] https://svelte.dev/e/derived_inert
12:09:24 AM [vite] (client) [console.warn] https://svelte.dev/e/derived_inert
12:09:25 AM [vite] (client) [console.warn] https://svelte.dev/e/derived_inert
12:09:25 AM [vite] (client) [console.warn] https://svelte.dev/e/derived_inert
12:09:25 AM [vite] (client) [console.warn] https://svelte.dev/e/derived_inert
12:09:25 AM [vite] (client) [console.warn] https://svelte.dev/e/derived_inert
12:09:25 AM [vite] (client) [console.warn] https://svelte.dev/e/derived_inert
12:09:25 AM [vite] (client) [console.warn] https://svelte.dev/e/derived_inert
12:09:25 AM [vite] (client) [console.warn] https://svelte.dev/e/derived_inert
12:09:25 AM [vite] (client) [console.warn] https://svelte.dev/e/derived_inert
12:09:25 AM [vite] (client) [console.warn] https://svelte.dev/e/derived_inert
12:09:25 AM [vite] (client) [console.warn] https://svelte.dev/e/derived_inert
12:09:25 AM [vite] (client) [console.warn] https://svelte.dev/e/derived_inert
12:09:25 AM [vite] (client) [console.warn] https://svelte.dev/e/derived_inert
12:09:25 AM [vite] (client) [console.warn] https://svelte.dev/e/derived_inert
12:09:25 AM [vite] (client) [console.warn] https://svelte.dev/e/derived_inert
12:09:25 AM [vite] (client) [console.warn] https://svelte.dev/e/derived_inert
12:09:25 AM [vite] (client) [console.warn] https://svelte.dev/e/derived_inert
12:09:25 AM [vite] (client) [console.warn] https://svelte.dev/e/derived_inert
12:09:25 AM [vite] (client) [console.warn] https://svelte.dev/e/derived_inert
12:09:25 AM [vite] (client) [console.warn] https://svelte.dev/e/derived_inert
12:09:25 AM [vite] (client) [console.warn] https://svelte.dev/e/derived_inert
12:09:25 AM [vite] (client) [console.warn] https://svelte.dev/e/derived_inert
12:09:25 AM [vite] (client) [console.warn] https://svelte.dev/e/derived_inert
12:09:25 AM [vite] (client) [console.warn] https://svelte.dev/e/derived_inert
12:09:25 AM [vite] (client) [console.warn] https://svelte.dev/e/derived_inert
12:09:25 AM [vite] (client) [console.warn] https://svelte.dev/e/derived_inert
12:09:25 AM [vite] (client) [console.warn] https://svelte.dev/e/derived_inert
12:09:25 AM [vite] (client) [console.warn] https://svelte.dev/e/derived_inert
12:09:25 AM [vite] (client) [console.warn] https://svelte.dev/e/derived_inert
12:09:25 AM [vite] (client) [console.warn] https://svelte.dev/e/derived_inert
12:09:25 AM [vite] (client) [console.warn] https://svelte.dev/e/derived_inert
12:09:25 AM [vite] (client) [console.warn] https://svelte.dev/e/derived_inert
12:09:25 AM [vite] (client) [console.warn] https://svelte.dev/e/derived_inert
12:09:25 AM [vite] (client) [console.warn] https://svelte.dev/e/derived_inert
12:09:25 AM [vite] (client) [console.warn] https://svelte.dev/e/derived_inert
12:09:25 AM [vite] (client) [console.warn] https://svelte.dev/e/derived_inert
12:09:25 AM [vite] (client) [console.warn] https://svelte.dev/e/derived_inert
12:09:25 AM [vite] (client) [console.warn] https://svelte.dev/e/derived_inert
12:09:25 AM [vite] (client) [console.warn] https://svelte.dev/e/derived_inert
12:09:25 AM [vite] (client) [console.warn] https://svelte.dev/e/derived_inert
12:09:25 AM [vite] (client) [console.warn] https://svelte.dev/e/derived_inert
12:09:25 AM [vite] (client) [console.warn] https://svelte.dev/e/derived_inert
12:09:25 AM [vite] (client) [console.warn] https://svelte.dev/e/derived_inert
12:09:25 AM [vite] (client) [console.warn] https://svelte.dev/e/derived_inert
12:09:25 AM [vite] (client) [console.warn] https://svelte.dev/e/derived_inert
12:09:26 AM [vite] (client) [console.warn] https://svelte.dev/e/derived_inert
12:09:26 AM [vite] (client) [console.warn] https://svelte.dev/e/derived_inert
12:09:26 AM [vite] (client) [console.warn] https://svelte.dev/e/derived_inert
12:09:26 AM [vite] (client) [console.warn] https://svelte.dev/e/derived_inert
12:09:26 AM [vite] (client) [console.warn] https://svelte.dev/e/derived_inert
12:09:26 AM [vite] (client) [console.warn] https://svelte.dev/e/derived_inert
12:09:26 AM [vite] (client) [console.warn] https://svelte.dev/e/derived_inert
12:09:26 AM [vite] (client) [console.warn] https://svelte.dev/e/derived_inert
12:09:26 AM [vite] (client) [console.warn] https://svelte.dev/e/derived_inert
12:09:26 AM [vite] (client) [console.warn] https://svelte.dev/e/derived_inert
12:09:26 AM [vite] (client) [console.warn] https://svelte.dev/e/derived_inert
12:09:26 AM [vite] (client) [console.warn] https://svelte.dev/e/derived_inert
12:09:26 AM [vite] (client) [console.warn] https://svelte.dev/e/derived_inert
12:09:26 AM [vite] (client) [console.warn] https://svelte.dev/e/derived_inert
12:09:26 AM [vite] (client) [console.warn] https://svelte.dev/e/derived_inert
12:09:26 AM [vite] (client) [console.warn] https://svelte.dev/e/derived_inert
12:09:27 AM [vite] (client) [console.warn] https://svelte.dev/e/derived_inert
12:09:27 AM [vite] (client) [console.warn] https://svelte.dev/e/derived_inert
12:09:27 AM [vite] (client) [console.warn] https://svelte.dev/e/derived_inert
12:09:27 AM [vite] (client) [console.warn] https://svelte.dev/e/derived_inert
12:09:27 AM [vite] (client) [console.warn] https://svelte.dev/e/derived_inert
12:09:27 AM [vite] (client) [console.warn] https://svelte.dev/e/derived_inert
12:09:27 AM [vite] (client) [console.warn] https://svelte.dev/e/derived_inert
12:09:27 AM [vite] (client) [console.warn] https://svelte.dev/e/derived_inert
12:09:27 AM [vite] (client) [console.warn] https://svelte.dev/e/derived_inert
12:09:27 AM [vite] (client) [console.warn] https://svelte.dev/e/derived_inert
12:09:27 AM [vite] (client) [console.warn] https://svelte.dev/e/derived_inert
12:09:27 AM [vite] (client) [console.warn] https://svelte.dev/e/derived_inert
12:09:27 AM [vite] (client) [console.warn] https://svelte.dev/e/derived_inert
12:09:27 AM [vite] (client) [console.warn] https://svelte.dev/e/derived_inert
12:09:27 AM [vite] (client) [console.warn] https://svelte.dev/e/derived_inert
12:09:27 AM [vite] (client) [console.warn] https://svelte.dev/e/derived_inert
12:09:27 AM [vite] (client) [console.warn] https://svelte.dev/e/derived_inert
12:09:27 AM [vite] (client) [console.warn] https://svelte.dev/e/derived_inert
12:09:27 AM [vite] (client) [console.warn] https://svelte.dev/e/derived_inert
12:09:27 AM [vite] (client) [console.warn] https://svelte.dev/e/derived_inert
12:09:27 AM [vite] (client) [console.warn] https://svelte.dev/e/derived_inert
12:09:27 AM [vite] (client) [console.warn] https://svelte.dev/e/derived_inert
12:09:27 AM [vite] (client) [console.warn] https://svelte.dev/e/derived_inert
12:09:27 AM [vite] (client) [console.warn] https://svelte.dev/e/derived_inert
12:09:27 AM [vite] (client) [console.warn] https://svelte.dev/e/derived_inert
12:09:27 AM [vite] (client) [console.warn] https://svelte.dev/e/derived_inert
12:09:27 AM [vite] (client) [console.warn] https://svelte.dev/e/derived_inert
12:09:27 AM [vite] (client) [console.warn] https://svelte.dev/e/derived_inert
12:09:27 AM [vite] (client) [console.warn] https://svelte.dev/e/derived_inert
12:09:27 AM [vite] (client) [console.warn] https://svelte.dev/e/derived_inert
12:09:27 AM [vite] (client) [console.warn] https://svelte.dev/e/derived_inert
12:09:27 AM [vite] (client) [console.warn] https://svelte.dev/e/derived_inert
12:09:27 AM [vite] (client) [console.warn] https://svelte.dev/e/derived_inert
12:09:27 AM [vite] (client) [console.warn] https://svelte.dev/e/derived_inert
12:09:28 AM [vite] (client) [console.warn] https://svelte.dev/e/derived_inert
12:09:28 AM [vite] (client) [console.warn] https://svelte.dev/e/derived_inert
12:09:28 AM [vite] (client) [console.warn] https://svelte.dev/e/derived_inert
12:09:28 AM [vite] (client) [console.warn] https://svelte.dev/e/derived_inert
12:09:28 AM [vite] (client) [console.warn] https://svelte.dev/e/derived_inert
12:09:28 AM [vite] (client) [console.warn] https://svelte.dev/e/derived_inert
12:09:28 AM [vite] (client) [console.warn] https://svelte.dev/e/derived_inert
12:09:28 AM [vite] (client) [console.warn] https://svelte.dev/e/derived_inert
12:09:28 AM [vite] (client) [console.warn] https://svelte.dev/e/derived_inert
12:09:28 AM [vite] (client) [console.warn] https://svelte.dev/e/derived_inert
12:09:28 AM [vite] (client) [console.warn] https://svelte.dev/e/derived_inert
12:09:28 AM [vite] (client) [console.warn] https://svelte.dev/e/derived_inert
12:09:28 AM [vite] (client) [console.warn] https://svelte.dev/e/derived_inert
12:09:28 AM [vite] (client) [console.warn] https://svelte.dev/e/derived_inert
12:09:28 AM [vite] (client) [console.warn] https://svelte.dev/e/derived_inert
12:09:29 AM [vite] (client) [console.warn] https://svelte.dev/e/derived_inert
12:09:29 AM [vite] (client) [console.warn] https://svelte.dev/e/derived_inert
12:09:29 AM [vite] (client) [console.warn] https://svelte.dev/e/derived_inert
12:09:29 AM [vite] (client) [console.warn] https://svelte.dev/e/derived_inert
12:09:29 AM [vite] (client) [console.warn] https://svelte.dev/e/derived_inert
12:09:29 AM [vite] (client) [console.warn] https://svelte.dev/e/derived_inert
12:09:29 AM [vite] (client) [console.warn] https://svelte.dev/e/derived_inert
12:09:29 AM [vite] (client) [console.warn] https://svelte.dev/e/derived_inert
12:09:29 AM [vite] (client) [console.warn] https://svelte.dev/e/derived_inert
12:09:29 AM [vite] (client) [console.warn] https://svelte.dev/e/derived_inert
12:09:29 AM [vite] (client) [console.warn] https://svelte.dev/e/derived_inert
12:09:29 AM [vite] (client) [console.warn] https://svelte.dev/e/derived_inert
12:09:30 AM [vite] (client) [console.warn] https://svelte.dev/e/derived_inert
12:09:30 AM [vite] (client) [console.warn] https://svelte.dev/e/derived_inert
12:09:30 AM [vite] (client) [console.warn] https://svelte.dev/e/derived_inert
12:09:30 AM [vite] (client) [console.warn] https://svelte.dev/e/derived_inert
12:09:30 AM [vite] (client) [console.warn] https://svelte.dev/e/derived_inert
12:09:30 AM [vite] (client) [console.warn] https://svelte.dev/e/derived_inert
12:09:30 AM [vite] (client) [console.warn] https://svelte.dev/e/derived_inert
12:09:30 AM [vite] (client) [console.warn] https://svelte.dev/e/derived_inert
12:09:30 AM [vite] (client) [console.warn] https://svelte.dev/e/derived_inert
12:09:30 AM [vite] (client) [console.warn] https://svelte.dev/e/derived_inert
12:09:30 AM [vite] (client) [console.warn] https://svelte.dev/e/derived_inert
12:09:30 AM [vite] (client) [console.warn] https://svelte.dev/e/derived_inert
12:09:30 AM [vite] (client) [console.warn] https://svelte.dev/e/derived_inert
12:09:30 AM [vite] (client) [console.warn] https://svelte.dev/e/derived_inert
12:09:30 AM [vite] (client) [console.warn] https://svelte.dev/e/derived_inert
12:09:30 AM [vite] (client) [console.warn] https://svelte.dev/e/derived_inert
12:09:30 AM [vite] (client) [console.warn] https://svelte.dev/e/derived_inert
12:09:30 AM [vite] (client) [console.warn] https://svelte.dev/e/derived_inert
12:09:30 AM [vite] (client) [console.warn] https://svelte.dev/e/derived_inert
12:09:30 AM [vite] (client) [console.warn] https://svelte.dev/e/derived_inert
12:09:30 AM [vite] (client) [console.warn] https://svelte.dev/e/derived_inert
12:09:30 AM [vite] (client) [console.warn] https://svelte.dev/e/derived_inert
12:09:30 AM [vite] (client) [console.warn] https://svelte.dev/e/derived_inert
12:09:30 AM [vite] (client) [console.warn] https://svelte.dev/e/derived_inert
12:09:30 AM [vite] (client) [console.warn] https://svelte.dev/e/derived_inert
12:09:30 AM [vite] (client) [console.warn] https://svelte.dev/e/derived_inert
12:09:30 AM [vite] (client) [console.warn] https://svelte.dev/e/derived_inert
12:09:30 AM [vite] (client) [console.warn] https://svelte.dev/e/derived_inert
12:09:30 AM [vite] (client) [console.warn] https://svelte.dev/e/derived_inert
12:09:30 AM [vite] (client) [console.warn] https://svelte.dev/e/derived_inert
12:09:30 AM [vite] (client) [console.warn] https://svelte.dev/e/derived_inert
12:09:30 AM [vite] (client) [console.warn] https://svelte.dev/e/derived_inert
12:09:30 AM [vite] (client) [console.warn] https://svelte.dev/e/derived_inert
12:09:31 AM [vite] (client) [console.warn] https://svelte.dev/e/derived_inert
12:09:31 AM [vite] (client) [console.warn] https://svelte.dev/e/derived_inert
12:09:31 AM [vite] (client) [console.warn] https://svelte.dev/e/derived_inert
12:09:31 AM [vite] (client) [console.warn] https://svelte.dev/e/derived_inert
12:09:31 AM [vite] (client) [console.warn] https://svelte.dev/e/derived_inert
12:09:31 AM [vite] (client) [console.warn] https://svelte.dev/e/derived_inert
12:09:31 AM [vite] (client) [console.warn] https://svelte.dev/e/derived_inert
12:09:31 AM [vite] (client) [console.warn] https://svelte.dev/e/derived_inert
12:09:31 AM [vite] (client) [console.warn] https://svelte.dev/e/derived_inert
12:09:31 AM [vite] (client) [console.warn] https://svelte.dev/e/derived_inert
12:09:31 AM [vite] (client) [console.warn] https://svelte.dev/e/derived_inert
12:09:31 AM [vite] (client) [console.warn] https://svelte.dev/e/derived_inert
12:09:31 AM [vite] (client) [console.warn] https://svelte.dev/e/derived_inert
12:09:31 AM [vite] (client) [console.warn] https://svelte.dev/e/derived_inert
12:09:31 AM [vite] (client) [console.warn] https://svelte.dev/e/derived_inert
12:09:31 AM [vite] (client) [console.warn] https://svelte.dev/e/derived_inert
12:09:31 AM [vite] (client) [console.warn] https://svelte.dev/e/derived_inert
12:09:31 AM [vite] (client) [console.warn] https://svelte.dev/e/derived_inert
12:09:31 AM [vite] (client) [console.warn] https://svelte.dev/e/derived_inert
12:09:31 AM [vite] (client) [console.warn] https://svelte.dev/e/derived_inert
12:09:31 AM [vite] (client) [console.warn] https://svelte.dev/e/derived_inert
12:09:32 AM [vite] (client) [console.warn] https://svelte.dev/e/derived_inert
12:09:32 AM [vite] (client) [console.warn] https://svelte.dev/e/derived_inert
12:09:32 AM [vite] (client) [console.warn] https://svelte.dev/e/derived_inert
12:09:32 AM [vite] (client) [console.warn] https://svelte.dev/e/derived_inert
12:09:32 AM [vite] (client) [console.warn] https://svelte.dev/e/derived_inert
12:09:32 AM [vite] (client) [console.warn] https://svelte.dev/e/derived_inert
12:09:32 AM [vite] (client) [console.warn] https://svelte.dev/e/derived_inert
12:09:32 AM [vite] (client) [console.warn] https://svelte.dev/e/derived_inert
12:09:32 AM [vite] (client) [console.warn] https://svelte.dev/e/derived_inert
12:09:32 AM [vite] (client) [console.warn] https://svelte.dev/e/derived_inert
12:09:32 AM [vite] (client) [console.warn] https://svelte.dev/e/derived_inert
12:09:32 AM [vite] (client) [console.warn] https://svelte.dev/e/derived_inert
12:09:32 AM [vite] (client) [console.warn] https://svelte.dev/e/derived_inert
12:09:32 AM [vite] (client) [console.warn] https://svelte.dev/e/derived_inert
12:09:32 AM [vite] (client) [console.warn] https://svelte.dev/e/derived_inert
12:09:32 AM [vite] (client) [console.warn] https://svelte.dev/e/derived_inert
12:09:32 AM [vite] (client) [console.warn] https://svelte.dev/e/derived_inert
12:09:34 AM [vite] (client) [console.warn] https://svelte.dev/e/derived_inert
12:09:34 AM [vite] (client) [console.warn] https://svelte.dev/e/derived_inert
12:09:34 AM [vite] (client) [console.warn] https://svelte.dev/e/derived_inert
12:09:34 AM [vite] (client) [console.warn] https://svelte.dev/e/derived_inert
12:09:34 AM [vite] (client) [console.warn] https://svelte.dev/e/derived_inert
12:09:34 AM [vite] (client) [console.warn] https://svelte.dev/e/derived_inert
12:09:34 AM [vite] (client) [console.warn] https://svelte.dev/e/derived_inert
12:09:34 AM [vite] (client) [console.warn] https://svelte.dev/e/derived_inert
12:09:34 AM [vite] (client) [console.warn] https://svelte.dev/e/derived_inert
12:09:34 AM [vite] (client) [console.warn] https://svelte.dev/e/derived_inert
12:09:34 AM [vite] (client) [console.warn] https://svelte.dev/e/derived_inert
12:09:34 AM [vite] (client) [console.warn] https://svelte.dev/e/derived_inert
12:09:34 AM [vite] (client) [console.warn] https://svelte.dev/e/derived_inert
12:09:34 AM [vite] (client) [console.warn] https://svelte.dev/e/derived_inert
12:09:34 AM [vite] (client) [console.warn] https://svelte.dev/e/derived_inert
12:09:34 AM [vite] (client) [console.warn] https://svelte.dev/e/derived_inert
12:09:34 AM [vite] (client) [console.warn] https://svelte.dev/e/derived_inert
12:09:48 AM [vite] (client) [console.error] Failed to send message Error: Resend unavailable
    at http://localhost:63315/Users/johnnynguyen/Documents/Repos/Banhall-bmad-learn-chat/.bmad-loop/runs/20260904-133944-0158/worktrees/6/src/lib/components/chat/RegenerateTurn.component.test.ts?import&browserv=1788592183762:183:43
    at async http://localhost:63315/node_modules/@vitest/runner/dist/chunk-artifact.js?v=529185d0:1903:20
12:09:49 AM [vite] (client) [console.error] Failed to send message Error: Please retry resend
    at http://localhost:63315/Users/johnnynguyen/Documents/Repos/Banhall-bmad-learn-chat/.bmad-loop/runs/20260904-133944-0158/worktrees/6/src/lib/components/chat/RegenerateTurn.component.test.ts?import&browserv=1788592183762:310:43
    at async http://localhost:63315/node_modules/@vitest/runner/dist/chunk-artifact.js?v=529185d0:1903:20
12:09:52 AM [vite] (client) [console.warn] https://svelte.dev/e/derived_inert
12:09:52 AM [vite] (client) [console.warn] https://svelte.dev/e/derived_inert
12:09:52 AM [vite] (client) [console.warn] https://svelte.dev/e/derived_inert
12:09:52 AM [vite] (client) [console.warn] https://svelte.dev/e/derived_inert
12:09:52 AM [vite] (client) [console.warn] https://svelte.dev/e/derived_inert
12:09:52 AM [vite] (client) [console.warn] https://svelte.dev/e/derived_inert
12:09:53 AM [vite] (client) [console.warn] https://svelte.dev/e/derived_inert
12:09:53 AM [vite] (client) [console.warn] https://svelte.dev/e/derived_inert
12:09:53 AM [vite] (client) [console.warn] https://svelte.dev/e/derived_inert
12:09:53 AM [vite] (client) [console.warn] https://svelte.dev/e/derived_inert
12:09:54 AM [vite] (client) [console.warn] https://svelte.dev/e/derived_inert
12:09:54 AM [vite] (client) [console.warn] https://svelte.dev/e/derived_inert
12:09:54 AM [vite] (client) [console.warn] https://svelte.dev/e/derived_inert
12:09:54 AM [vite] (client) [console.warn] https://svelte.dev/e/derived_inert
12:09:54 AM [vite] (client) [console.warn] https://svelte.dev/e/derived_inert
12:09:54 AM [vite] (client) [console.warn] https://svelte.dev/e/derived_inert
12:09:54 AM [vite] (client) [console.warn] https://svelte.dev/e/derived_inert
12:09:54 AM [vite] (client) [console.warn] https://svelte.dev/e/derived_inert
12:09:54 AM [vite] (client) [console.warn] https://svelte.dev/e/derived_inert
12:09:54 AM [vite] (client) [console.warn] https://svelte.dev/e/derived_inert
12:09:54 AM [vite] (client) [console.warn] https://svelte.dev/e/derived_inert
12:09:54 AM [vite] (client) [console.warn] https://svelte.dev/e/derived_inert
12:09:54 AM [vite] (client) [console.warn] https://svelte.dev/e/derived_inert
12:09:54 AM [vite] (client) [console.warn] https://svelte.dev/e/derived_inert
12:09:54 AM [vite] (client) [console.warn] https://svelte.dev/e/derived_inert
12:09:54 AM [vite] (client) [console.warn] https://svelte.dev/e/derived_inert
12:09:54 AM [vite] (client) [console.warn] https://svelte.dev/e/derived_inert
12:09:54 AM [vite] (client) [console.warn] https://svelte.dev/e/derived_inert
12:09:54 AM [vite] (client) [console.warn] https://svelte.dev/e/derived_inert
12:09:54 AM [vite] (client) [console.warn] https://svelte.dev/e/derived_inert
12:09:54 AM [vite] (client) [console.warn] https://svelte.dev/e/derived_inert
12:09:54 AM [vite] (client) [console.warn] https://svelte.dev/e/derived_inert
12:09:54 AM [vite] (client) [console.warn] https://svelte.dev/e/derived_inert
12:09:54 AM [vite] (client) [console.warn] https://svelte.dev/e/derived_inert
12:09:54 AM [vite] (client) [console.warn] https://svelte.dev/e/derived_inert
12:09:54 AM [vite] (client) [console.warn] https://svelte.dev/e/derived_inert
12:09:54 AM [vite] (client) [console.warn] https://svelte.dev/e/derived_inert
12:09:54 AM [vite] (client) [console.warn] https://svelte.dev/e/derived_inert
12:09:54 AM [vite] (client) [console.warn] https://svelte.dev/e/derived_inert
12:09:54 AM [vite] (client) [console.warn] https://svelte.dev/e/derived_inert
12:09:54 AM [vite] (client) [console.warn] https://svelte.dev/e/derived_inert
12:09:54 AM [vite] (client) [console.warn] https://svelte.dev/e/derived_inert
12:09:54 AM [vite] (client) [console.warn] https://svelte.dev/e/derived_inert
12:09:54 AM [vite] (client) [console.warn] https://svelte.dev/e/derived_inert
12:09:54 AM [vite] (client) [console.warn] https://svelte.dev/e/derived_inert
12:09:54 AM [vite] (client) [console.warn] https://svelte.dev/e/derived_inert
12:09:54 AM [vite] (client) [console.warn] https://svelte.dev/e/derived_inert
12:09:54 AM [vite] (client) [console.warn] https://svelte.dev/e/derived_inert
12:09:54 AM [vite] (client) [console.warn] https://svelte.dev/e/derived_inert
12:09:54 AM [vite] (client) [console.warn] https://svelte.dev/e/derived_inert
12:09:54 AM [vite] (client) [console.warn] https://svelte.dev/e/derived_inert
12:09:54 AM [vite] (client) [console.warn] https://svelte.dev/e/derived_inert
12:09:54 AM [vite] (client) [console.warn] https://svelte.dev/e/derived_inert
12:09:54 AM [vite] (client) [console.warn] https://svelte.dev/e/derived_inert
12:09:54 AM [vite] (client) [console.warn] https://svelte.dev/e/derived_inert
12:09:54 AM [vite] (client) [console.warn] https://svelte.dev/e/derived_inert
12:09:54 AM [vite] (client) [console.warn] https://svelte.dev/e/derived_inert
12:09:54 AM [vite] (client) [console.warn] https://svelte.dev/e/derived_inert
12:09:54 AM [vite] (client) [console.warn] https://svelte.dev/e/derived_inert
12:09:54 AM [vite] (client) [console.warn] https://svelte.dev/e/derived_inert
12:09:54 AM [vite] (client) [console.warn] https://svelte.dev/e/derived_inert
12:09:54 AM [vite] (client) [console.warn] https://svelte.dev/e/derived_inert
12:09:54 AM [vite] (client) [console.warn] https://svelte.dev/e/derived_inert
12:09:54 AM [vite] (client) [console.warn] https://svelte.dev/e/derived_inert
12:09:54 AM [vite] (client) [console.warn] https://svelte.dev/e/derived_inert
12:09:54 AM [vite] (client) [console.warn] https://svelte.dev/e/derived_inert
12:09:54 AM [vite] (client) [console.warn] https://svelte.dev/e/derived_inert
12:09:54 AM [vite] (client) [console.warn] https://svelte.dev/e/derived_inert
12:09:54 AM [vite] (client) [console.warn] https://svelte.dev/e/derived_inert
12:09:54 AM [vite] (client) [console.warn] https://svelte.dev/e/derived_inert
12:09:54 AM [vite] (client) [console.warn] https://svelte.dev/e/derived_inert
12:09:54 AM [vite] (client) [console.warn] https://svelte.dev/e/derived_inert
12:09:54 AM [vite] (client) [console.warn] https://svelte.dev/e/derived_inert
12:09:54 AM [vite] (client) [console.warn] https://svelte.dev/e/derived_inert
12:09:54 AM [vite] (client) [console.warn] https://svelte.dev/e/derived_inert
12:09:54 AM [vite] (client) [console.warn] https://svelte.dev/e/derived_inert
12:09:54 AM [vite] (client) [console.warn] https://svelte.dev/e/derived_inert
12:09:54 AM [vite] (client) [console.warn] https://svelte.dev/e/derived_inert
12:09:54 AM [vite] (client) [console.warn] https://svelte.dev/e/derived_inert
12:09:54 AM [vite] (client) [console.warn] https://svelte.dev/e/derived_inert
12:09:54 AM [vite] (client) [console.warn] https://svelte.dev/e/derived_inert
12:09:54 AM [vite] (client) [console.warn] https://svelte.dev/e/derived_inert
12:09:54 AM [vite] (client) [console.warn] https://svelte.dev/e/derived_inert
12:09:54 AM [vite] (client) [console.warn] https://svelte.dev/e/derived_inert
12:09:54 AM [vite] (client) [console.warn] https://svelte.dev/e/derived_inert
12:09:54 AM [vite] (client) [console.warn] https://svelte.dev/e/derived_inert
12:09:54 AM [vite] (client) [console.warn] https://svelte.dev/e/derived_inert
12:09:54 AM [vite] (client) [console.warn] https://svelte.dev/e/derived_inert
12:09:54 AM [vite] (client) [console.warn] https://svelte.dev/e/derived_inert
12:09:54 AM [vite] (client) [console.warn] https://svelte.dev/e/derived_inert
12:09:54 AM [vite] (client) [console.warn] https://svelte.dev/e/derived_inert
12:09:54 AM [vite] (client) [console.warn] https://svelte.dev/e/derived_inert
12:09:54 AM [vite] (client) [console.warn] https://svelte.dev/e/derived_inert
12:09:54 AM [vite] (client) [console.warn] https://svelte.dev/e/derived_inert
12:09:54 AM [vite] (client) [console.warn] https://svelte.dev/e/derived_inert
12:09:54 AM [vite] (client) [console.warn] https://svelte.dev/e/derived_inert
12:09:54 AM [vite] (client) [console.warn] https://svelte.dev/e/derived_inert
12:09:54 AM [vite] (client) [console.warn] https://svelte.dev/e/derived_inert
12:09:54 AM [vite] (client) [console.warn] https://svelte.dev/e/derived_inert
12:09:54 AM [vite] (client) [console.warn] https://svelte.dev/e/derived_inert
12:09:54 AM [vite] (client) [console.warn] https://svelte.dev/e/derived_inert
12:09:54 AM [vite] (client) [console.warn] https://svelte.dev/e/derived_inert
12:09:54 AM [vite] (client) [console.warn] https://svelte.dev/e/derived_inert
12:09:54 AM [vite] (client) [console.warn] https://svelte.dev/e/derived_inert
12:09:54 AM [vite] (client) [console.warn] https://svelte.dev/e/derived_inert
12:09:54 AM [vite] (client) [console.warn] https://svelte.dev/e/derived_inert
12:09:54 AM [vite] (client) [console.warn] https://svelte.dev/e/derived_inert
12:09:54 AM [vite] (client) [console.warn] https://svelte.dev/e/derived_inert
12:09:54 AM [vite] (client) [console.warn] https://svelte.dev/e/derived_inert
12:09:54 AM [vite] (client) [console.warn] https://svelte.dev/e/derived_inert
12:09:54 AM [vite] (client) [console.warn] https://svelte.dev/e/derived_inert
12:09:54 AM [vite] (client) [console.warn] https://svelte.dev/e/derived_inert
12:09:54 AM [vite] (client) [console.warn] https://svelte.dev/e/derived_inert
12:09:54 AM [vite] (client) [console.warn] https://svelte.dev/e/derived_inert
12:09:54 AM [vite] (client) [console.warn] https://svelte.dev/e/derived_inert
12:09:54 AM [vite] (client) [console.warn] https://svelte.dev/e/derived_inert
12:09:54 AM [vite] (client) [console.warn] https://svelte.dev/e/derived_inert
12:09:54 AM [vite] (client) [console.warn] https://svelte.dev/e/derived_inert
12:09:54 AM [vite] (client) [console.warn] https://svelte.dev/e/derived_inert
12:09:54 AM [vite] (client) [console.warn] https://svelte.dev/e/derived_inert
12:09:54 AM [vite] (client) [console.warn] https://svelte.dev/e/derived_inert
12:09:54 AM [vite] (client) [console.warn] https://svelte.dev/e/derived_inert
12:09:54 AM [vite] (client) [console.warn] https://svelte.dev/e/derived_inert
12:09:54 AM [vite] (client) [console.warn] https://svelte.dev/e/derived_inert
12:09:54 AM [vite] (client) [console.warn] https://svelte.dev/e/derived_inert
12:09:54 AM [vite] (client) [console.warn] https://svelte.dev/e/derived_inert
12:09:54 AM [vite] (client) [console.warn] https://svelte.dev/e/derived_inert
12:09:54 AM [vite] (client) [console.warn] https://svelte.dev/e/derived_inert
12:09:54 AM [vite] (client) [console.warn] https://svelte.dev/e/derived_inert
12:09:54 AM [vite] (client) [console.warn] https://svelte.dev/e/derived_inert
12:09:54 AM [vite] (client) [console.warn] https://svelte.dev/e/derived_inert
12:09:54 AM [vite] (client) [console.warn] https://svelte.dev/e/derived_inert
12:09:54 AM [vite] (client) [console.warn] https://svelte.dev/e/derived_inert
12:09:54 AM [vite] (client) [console.warn] https://svelte.dev/e/derived_inert
12:10:04 AM [vite] (client) [console.warn] https://svelte.dev/e/derived_inert
12:10:04 AM [vite] (client) [console.warn] https://svelte.dev/e/derived_inert
12:10:04 AM [vite] (client) [console.warn] https://svelte.dev/e/derived_inert
12:10:04 AM [vite] (client) [console.warn] https://svelte.dev/e/derived_inert
12:10:04 AM [vite] (client) [console.warn] https://svelte.dev/e/derived_inert
12:10:04 AM [vite] (client) [console.warn] https://svelte.dev/e/derived_inert
12:10:04 AM [vite] (client) [console.warn] https://svelte.dev/e/derived_inert
12:10:04 AM [vite] (client) [console.warn] https://svelte.dev/e/derived_inert
12:10:04 AM [vite] (client) [console.warn] https://svelte.dev/e/derived_inert
12:10:04 AM [vite] (client) [console.warn] https://svelte.dev/e/derived_inert
12:10:04 AM [vite] (client) [console.warn] https://svelte.dev/e/derived_inert
12:10:04 AM [vite] (client) [console.warn] https://svelte.dev/e/derived_inert
12:10:04 AM [vite] (client) [console.warn] https://svelte.dev/e/derived_inert
12:10:04 AM [vite] (client) [console.warn] https://svelte.dev/e/derived_inert
12:10:05 AM [vite] (client) [console.warn] https://svelte.dev/e/derived_inert
12:10:05 AM [vite] (client) [console.warn] https://svelte.dev/e/derived_inert
12:10:05 AM [vite] (client) [console.warn] https://svelte.dev/e/derived_inert
12:10:05 AM [vite] (client) [console.warn] https://svelte.dev/e/derived_inert
12:10:05 AM [vite] (client) [console.warn] https://svelte.dev/e/derived_inert
12:10:05 AM [vite] (client) [console.warn] https://svelte.dev/e/derived_inert
12:10:05 AM [vite] (client) [console.warn] https://svelte.dev/e/derived_inert
12:10:05 AM [vite] (client) [console.warn] https://svelte.dev/e/derived_inert
12:10:05 AM [vite] (client) [console.warn] https://svelte.dev/e/derived_inert
12:10:05 AM [vite] (client) [console.warn] https://svelte.dev/e/derived_inert
12:10:05 AM [vite] (client) [console.warn] https://svelte.dev/e/derived_inert
12:10:05 AM [vite] (client) [console.warn] https://svelte.dev/e/derived_inert
12:10:05 AM [vite] (client) [console.warn] https://svelte.dev/e/derived_inert
12:10:05 AM [vite] (client) [console.warn] https://svelte.dev/e/derived_inert
12:10:05 AM [vite] (client) [console.warn] https://svelte.dev/e/derived_inert
12:10:05 AM [vite] (client) [console.warn] https://svelte.dev/e/derived_inert
12:10:05 AM [vite] (client) [console.warn] https://svelte.dev/e/derived_inert
12:10:08 AM [vite] (client) [console.warn] https://svelte.dev/e/derived_inert
12:10:08 AM [vite] (client) [console.warn] https://svelte.dev/e/derived_inert
12:10:08 AM [vite] (client) [console.warn] https://svelte.dev/e/derived_inert
12:10:08 AM [vite] (client) [console.warn] https://svelte.dev/e/derived_inert
12:10:08 AM [vite] (client) [console.warn] https://svelte.dev/e/derived_inert
12:10:08 AM [vite] (client) [console.warn] https://svelte.dev/e/derived_inert
12:10:08 AM [vite] (client) [console.warn] https://svelte.dev/e/derived_inert
12:10:08 AM [vite] (client) [console.warn] https://svelte.dev/e/derived_inert
12:10:08 AM [vite] (client) [console.warn] https://svelte.dev/e/derived_inert
12:10:08 AM [vite] (client) [console.warn] https://svelte.dev/e/derived_inert
12:10:08 AM [vite] (client) [console.warn] https://svelte.dev/e/derived_inert
12:10:08 AM [vite] (client) [console.warn] https://svelte.dev/e/derived_inert
12:10:08 AM [vite] (client) [console.warn] https://svelte.dev/e/derived_inert
12:10:08 AM [vite] (client) [console.warn] https://svelte.dev/e/derived_inert
12:10:08 AM [vite] (client) [console.warn] https://svelte.dev/e/derived_inert
12:10:08 AM [vite] (client) [console.warn] https://svelte.dev/e/derived_inert
12:10:08 AM [vite] (client) [console.warn] https://svelte.dev/e/derived_inert
12:10:08 AM [vite] (client) [console.warn] https://svelte.dev/e/derived_inert
12:10:08 AM [vite] (client) [console.warn] https://svelte.dev/e/derived_inert
12:10:08 AM [vite] (client) [console.warn] https://svelte.dev/e/derived_inert
12:10:08 AM [vite] (client) [console.warn] https://svelte.dev/e/derived_inert
12:10:08 AM [vite] (client) [console.warn] https://svelte.dev/e/derived_inert
12:10:08 AM [vite] (client) [console.warn] https://svelte.dev/e/derived_inert
12:10:08 AM [vite] (client) [console.warn] https://svelte.dev/e/derived_inert
12:10:08 AM [vite] (client) [console.warn] https://svelte.dev/e/derived_inert
12:10:08 AM [vite] (client) [console.warn] https://svelte.dev/e/derived_inert
12:10:08 AM [vite] (client) [console.warn] https://svelte.dev/e/derived_inert
12:10:08 AM [vite] (client) [console.warn] https://svelte.dev/e/derived_inert
12:10:08 AM [vite] (client) [console.warn] https://svelte.dev/e/derived_inert
12:10:08 AM [vite] (client) [console.warn] https://svelte.dev/e/derived_inert
12:10:08 AM [vite] (client) [console.warn] https://svelte.dev/e/derived_inert
12:10:08 AM [vite] (client) [console.warn] https://svelte.dev/e/derived_inert
12:10:08 AM [vite] (client) [console.warn] https://svelte.dev/e/derived_inert
12:10:08 AM [vite] (client) [console.warn] https://svelte.dev/e/derived_inert
12:10:08 AM [vite] (client) [console.warn] https://svelte.dev/e/derived_inert
12:10:08 AM [vite] (client) [console.warn] https://svelte.dev/e/derived_inert
12:10:08 AM [vite] (client) [console.warn] https://svelte.dev/e/derived_inert
12:10:08 AM [vite] (client) [console.warn] https://svelte.dev/e/derived_inert
12:10:08 AM [vite] (client) [console.warn] https://svelte.dev/e/derived_inert
12:10:08 AM [vite] (client) [console.warn] https://svelte.dev/e/derived_inert
12:10:08 AM [vite] (client) [console.warn] https://svelte.dev/e/derived_inert
12:10:08 AM [vite] (client) [console.warn] https://svelte.dev/e/derived_inert
12:10:08 AM [vite] (client) [console.warn] https://svelte.dev/e/derived_inert
12:10:08 AM [vite] (client) [console.warn] https://svelte.dev/e/derived_inert
12:10:08 AM [vite] (client) [console.warn] https://svelte.dev/e/derived_inert
12:10:08 AM [vite] (client) [console.warn] https://svelte.dev/e/derived_inert
12:10:08 AM [vite] (client) [console.warn] https://svelte.dev/e/derived_inert
12:10:08 AM [vite] (client) [console.warn] https://svelte.dev/e/derived_inert
12:10:08 AM [vite] (client) [console.warn] https://svelte.dev/e/derived_inert
12:10:08 AM [vite] (client) [console.warn] https://svelte.dev/e/derived_inert
12:10:08 AM [vite] (client) [console.warn] https://svelte.dev/e/derived_inert
12:10:08 AM [vite] (client) [console.warn] https://svelte.dev/e/derived_inert
12:10:08 AM [vite] (client) [console.warn] https://svelte.dev/e/derived_inert
12:10:08 AM [vite] (client) [console.warn] https://svelte.dev/e/derived_inert
12:10:08 AM [vite] (client) [console.warn] https://svelte.dev/e/derived_inert
12:10:08 AM [vite] (client) [console.warn] https://svelte.dev/e/derived_inert
12:10:08 AM [vite] (client) [console.warn] https://svelte.dev/e/derived_inert
12:10:08 AM [vite] (client) [console.warn] https://svelte.dev/e/derived_inert
12:10:08 AM [vite] (client) [console.warn] https://svelte.dev/e/derived_inert
12:10:08 AM [vite] (client) [console.warn] https://svelte.dev/e/derived_inert
12:10:08 AM [vite] (client) [console.warn] https://svelte.dev/e/derived_inert
12:10:08 AM [vite] (client) [console.warn] https://svelte.dev/e/derived_inert
12:10:08 AM [vite] (client) [console.warn] https://svelte.dev/e/derived_inert
12:10:08 AM [vite] (client) [console.warn] https://svelte.dev/e/derived_inert
12:10:08 AM [vite] (client) [console.warn] https://svelte.dev/e/derived_inert
12:10:08 AM [vite] (client) [console.warn] https://svelte.dev/e/derived_inert
12:10:08 AM [vite] (client) [console.warn] https://svelte.dev/e/derived_inert
12:10:08 AM [vite] (client) [console.warn] https://svelte.dev/e/derived_inert
12:10:08 AM [vite] (client) [console.warn] https://svelte.dev/e/derived_inert
12:10:08 AM [vite] (client) [console.warn] https://svelte.dev/e/derived_inert
12:10:08 AM [vite] (client) [console.warn] https://svelte.dev/e/derived_inert
12:10:08 AM [vite] (client) [console.warn] https://svelte.dev/e/derived_inert
12:10:08 AM [vite] (client) [console.warn] https://svelte.dev/e/derived_inert
12:10:08 AM [vite] (client) [console.warn] https://svelte.dev/e/derived_inert
12:10:08 AM [vite] (client) [console.warn] https://svelte.dev/e/derived_inert
12:10:08 AM [vite] (client) [console.warn] https://svelte.dev/e/derived_inert
12:10:08 AM [vite] (client) [console.warn] https://svelte.dev/e/derived_inert
12:10:08 AM [vite] (client) [console.warn] https://svelte.dev/e/derived_inert
12:10:08 AM [vite] (client) [console.warn] https://svelte.dev/e/derived_inert
12:10:08 AM [vite] (client) [console.warn] https://svelte.dev/e/derived_inert
12:10:08 AM [vite] (client) [console.warn] https://svelte.dev/e/derived_inert
12:10:08 AM [vite] (client) [console.warn] https://svelte.dev/e/derived_inert
12:10:08 AM [vite] (client) [console.warn] https://svelte.dev/e/derived_inert
12:10:08 AM [vite] (client) [console.warn] https://svelte.dev/e/derived_inert
12:10:08 AM [vite] (client) [console.warn] https://svelte.dev/e/derived_inert
12:10:08 AM [vite] (client) [console.warn] https://svelte.dev/e/derived_inert
12:10:08 AM [vite] (client) [console.warn] https://svelte.dev/e/derived_inert
12:10:08 AM [vite] (client) [console.warn] https://svelte.dev/e/derived_inert
12:10:08 AM [vite] (client) [console.warn] https://svelte.dev/e/derived_inert
12:10:08 AM [vite] (client) [console.warn] https://svelte.dev/e/derived_inert
12:10:08 AM [vite] (client) [console.warn] https://svelte.dev/e/derived_inert
12:10:08 AM [vite] (client) [console.warn] https://svelte.dev/e/derived_inert
12:10:08 AM [vite] (client) [console.warn] https://svelte.dev/e/derived_inert
12:10:08 AM [vite] (client) [console.warn] https://svelte.dev/e/derived_inert
12:10:08 AM [vite] (client) [console.warn] https://svelte.dev/e/derived_inert
12:10:08 AM [vite] (client) [console.warn] https://svelte.dev/e/derived_inert
12:10:08 AM [vite] (client) [console.warn] https://svelte.dev/e/derived_inert
12:10:08 AM [vite] (client) [console.warn] https://svelte.dev/e/derived_inert
12:10:08 AM [vite] (client) [console.warn] https://svelte.dev/e/derived_inert
12:10:08 AM [vite] (client) [console.warn] https://svelte.dev/e/derived_inert
12:10:08 AM [vite] (client) [console.warn] https://svelte.dev/e/derived_inert
12:10:08 AM [vite] (client) [console.warn] https://svelte.dev/e/derived_inert
12:10:08 AM [vite] (client) [console.warn] https://svelte.dev/e/derived_inert
12:10:08 AM [vite] (client) [console.warn] https://svelte.dev/e/derived_inert
12:10:08 AM [vite] (client) [console.warn] https://svelte.dev/e/derived_inert
12:10:08 AM [vite] (client) [console.warn] https://svelte.dev/e/derived_inert
12:10:08 AM [vite] (client) [console.warn] https://svelte.dev/e/derived_inert
12:10:08 AM [vite] (client) [console.warn] https://svelte.dev/e/derived_inert
12:10:08 AM [vite] (client) [console.warn] https://svelte.dev/e/derived_inert
12:10:08 AM [vite] (client) [console.warn] https://svelte.dev/e/derived_inert
12:10:08 AM [vite] (client) [console.warn] https://svelte.dev/e/derived_inert
12:10:08 AM [vite] (client) [console.warn] https://svelte.dev/e/derived_inert
12:10:08 AM [vite] (client) [console.warn] https://svelte.dev/e/derived_inert
12:10:08 AM [vite] (client) [console.warn] https://svelte.dev/e/derived_inert
12:10:08 AM [vite] (client) [console.warn] https://svelte.dev/e/derived_inert
12:10:08 AM [vite] (client) [console.warn] https://svelte.dev/e/derived_inert
12:10:08 AM [vite] (client) [console.warn] https://svelte.dev/e/derived_inert
12:10:08 AM [vite] (client) [console.warn] https://svelte.dev/e/derived_inert
12:10:08 AM [vite] (client) [console.warn] https://svelte.dev/e/derived_inert
12:10:08 AM [vite] (client) [console.warn] https://svelte.dev/e/derived_inert
12:10:08 AM [vite] (client) [console.warn] https://svelte.dev/e/derived_inert
12:10:08 AM [vite] (client) [console.warn] https://svelte.dev/e/derived_inert
12:10:08 AM [vite] (client) [console.warn] https://svelte.dev/e/derived_inert
12:10:08 AM [vite] (client) [console.warn] https://svelte.dev/e/derived_inert
12:10:08 AM [vite] (client) [console.warn] https://svelte.dev/e/derived_inert
12:10:08 AM [vite] (client) [console.warn] https://svelte.dev/e/derived_inert
12:10:08 AM [vite] (client) [console.warn] https://svelte.dev/e/derived_inert
12:10:08 AM [vite] (client) [console.warn] https://svelte.dev/e/derived_inert
12:10:08 AM [vite] (client) [console.warn] https://svelte.dev/e/derived_inert
12:10:08 AM [vite] (client) [console.warn] https://svelte.dev/e/derived_inert
12:10:08 AM [vite] (client) [console.warn] https://svelte.dev/e/derived_inert
12:10:08 AM [vite] (client) [console.warn] https://svelte.dev/e/derived_inert
12:10:08 AM [vite] (client) [console.warn] https://svelte.dev/e/derived_inert
12:10:08 AM [vite] (client) [console.warn] https://svelte.dev/e/derived_inert
12:10:08 AM [vite] (client) [console.warn] https://svelte.dev/e/derived_inert
12:10:08 AM [vite] (client) [console.warn] https://svelte.dev/e/derived_inert
12:10:08 AM [vite] (client) [console.warn] https://svelte.dev/e/derived_inert
12:10:08 AM [vite] (client) [console.warn] https://svelte.dev/e/derived_inert
12:10:08 AM [vite] (client) [console.warn] https://svelte.dev/e/derived_inert
12:10:08 AM [vite] (client) [console.warn] https://svelte.dev/e/derived_inert
12:10:08 AM [vite] (client) [console.warn] https://svelte.dev/e/derived_inert
12:10:08 AM [vite] (client) [console.warn] https://svelte.dev/e/derived_inert
12:10:08 AM [vite] (client) [console.warn] https://svelte.dev/e/derived_inert
12:10:08 AM [vite] (client) [console.warn] https://svelte.dev/e/derived_inert
12:10:08 AM [vite] (client) [console.warn] https://svelte.dev/e/derived_inert
12:10:08 AM [vite] (client) [console.warn] https://svelte.dev/e/derived_inert
12:10:08 AM [vite] (client) [console.warn] https://svelte.dev/e/derived_inert
12:10:08 AM [vite] (client) [console.warn] https://svelte.dev/e/derived_inert
12:10:08 AM [vite] (client) [console.warn] https://svelte.dev/e/derived_inert
12:10:08 AM [vite] (client) [console.warn] https://svelte.dev/e/derived_inert
12:10:08 AM [vite] (client) [console.warn] https://svelte.dev/e/derived_inert
12:10:08 AM [vite] (client) [console.warn] https://svelte.dev/e/derived_inert
12:10:08 AM [vite] (client) [console.warn] https://svelte.dev/e/derived_inert
12:10:08 AM [vite] (client) [console.warn] https://svelte.dev/e/derived_inert
12:10:08 AM [vite] (client) [console.warn] https://svelte.dev/e/derived_inert
12:10:08 AM [vite] (client) [console.warn] https://svelte.dev/e/derived_inert
12:10:08 AM [vite] (client) [console.warn] https://svelte.dev/e/derived_inert
12:10:08 AM [vite] (client) [console.warn] https://svelte.dev/e/derived_inert
12:10:08 AM [vite] (client) [console.warn] https://svelte.dev/e/derived_inert
12:10:08 AM [vite] (client) [console.warn] https://svelte.dev/e/derived_inert
12:10:08 AM [vite] (client) [console.warn] https://svelte.dev/e/derived_inert
12:10:08 AM [vite] (client) [console.warn] https://svelte.dev/e/derived_inert
12:10:08 AM [vite] (client) [console.warn] https://svelte.dev/e/derived_inert
12:10:08 AM [vite] (client) [console.warn] https://svelte.dev/e/derived_inert
12:10:08 AM [vite] (client) [console.warn] https://svelte.dev/e/derived_inert
12:10:08 AM [vite] (client) [console.warn] https://svelte.dev/e/derived_inert
12:10:08 AM [vite] (client) [console.warn] https://svelte.dev/e/derived_inert
12:10:08 AM [vite] (client) [console.warn] https://svelte.dev/e/derived_inert
12:10:08 AM [vite] (client) [console.warn] https://svelte.dev/e/derived_inert
12:10:08 AM [vite] (client) [console.warn] https://svelte.dev/e/derived_inert
12:10:08 AM [vite] (client) [console.warn] https://svelte.dev/e/derived_inert
12:10:08 AM [vite] (client) [console.warn] https://svelte.dev/e/derived_inert
12:10:08 AM [vite] (client) [console.warn] https://svelte.dev/e/derived_inert
12:10:08 AM [vite] (client) [console.warn] https://svelte.dev/e/derived_inert
12:10:08 AM [vite] (client) [console.warn] https://svelte.dev/e/derived_inert
12:10:08 AM [vite] (client) [console.warn] https://svelte.dev/e/derived_inert
12:10:08 AM [vite] (client) [console.warn] https://svelte.dev/e/derived_inert
12:10:08 AM [vite] (client) [console.warn] https://svelte.dev/e/derived_inert
12:10:08 AM [vite] (client) [console.warn] https://svelte.dev/e/derived_inert
12:10:08 AM [vite] (client) [console.warn] https://svelte.dev/e/derived_inert
12:10:08 AM [vite] (client) [console.warn] https://svelte.dev/e/derived_inert
12:10:08 AM [vite] (client) [console.warn] https://svelte.dev/e/derived_inert
12:10:08 AM [vite] (client) [console.warn] https://svelte.dev/e/derived_inert
12:10:08 AM [vite] (client) [console.warn] https://svelte.dev/e/derived_inert
12:10:08 AM [vite] (client) [console.warn] https://svelte.dev/e/derived_inert
12:10:08 AM [vite] (client) [console.warn] https://svelte.dev/e/derived_inert
12:10:08 AM [vite] (client) [console.warn] https://svelte.dev/e/derived_inert
12:10:08 AM [vite] (client) [console.warn] https://svelte.dev/e/derived_inert
12:10:08 AM [vite] (client) [console.warn] https://svelte.dev/e/derived_inert
12:10:08 AM [vite] (client) [console.warn] https://svelte.dev/e/derived_inert
12:10:08 AM [vite] (client) [console.warn] https://svelte.dev/e/derived_inert
12:10:08 AM [vite] (client) [console.warn] https://svelte.dev/e/derived_inert
12:10:08 AM [vite] (client) [console.warn] https://svelte.dev/e/derived_inert
12:10:08 AM [vite] (client) [console.warn] https://svelte.dev/e/derived_inert
12:10:08 AM [vite] (client) [console.warn] https://svelte.dev/e/derived_inert
12:10:08 AM [vite] (client) [console.warn] https://svelte.dev/e/derived_inert
12:10:08 AM [vite] (client) [console.warn] https://svelte.dev/e/derived_inert
12:10:08 AM [vite] (client) [console.warn] https://svelte.dev/e/derived_inert
12:10:08 AM [vite] (client) [console.warn] https://svelte.dev/e/derived_inert
12:10:08 AM [vite] (client) [console.warn] https://svelte.dev/e/derived_inert
12:10:08 AM [vite] (client) [console.warn] https://svelte.dev/e/derived_inert
12:10:08 AM [vite] (client) [console.warn] https://svelte.dev/e/derived_inert
12:10:08 AM [vite] (client) [console.warn] https://svelte.dev/e/derived_inert
12:10:08 AM [vite] (client) [console.warn] https://svelte.dev/e/derived_inert
12:10:08 AM [vite] (client) [console.warn] https://svelte.dev/e/derived_inert
12:10:08 AM [vite] (client) [console.warn] https://svelte.dev/e/derived_inert
12:10:08 AM [vite] (client) [console.warn] https://svelte.dev/e/derived_inert
12:10:08 AM [vite] (client) [console.warn] https://svelte.dev/e/derived_inert
12:10:08 AM [vite] (client) [console.warn] https://svelte.dev/e/derived_inert
12:10:08 AM [vite] (client) [console.warn] https://svelte.dev/e/derived_inert
12:10:08 AM [vite] (client) [console.warn] https://svelte.dev/e/derived_inert
12:10:08 AM [vite] (client) [console.warn] https://svelte.dev/e/derived_inert
12:10:08 AM [vite] (client) [console.warn] https://svelte.dev/e/derived_inert
12:10:08 AM [vite] (client) [console.warn] https://svelte.dev/e/derived_inert
12:10:08 AM [vite] (client) [console.warn] https://svelte.dev/e/derived_inert
12:10:08 AM [vite] (client) [console.warn] https://svelte.dev/e/derived_inert
12:10:08 AM [vite] (client) [console.warn] https://svelte.dev/e/derived_inert
12:10:08 AM [vite] (client) [console.warn] https://svelte.dev/e/derived_inert
12:10:08 AM [vite] (client) [console.warn] https://svelte.dev/e/derived_inert
12:10:08 AM [vite] (client) [console.warn] https://svelte.dev/e/derived_inert
12:10:08 AM [vite] (client) [console.warn] https://svelte.dev/e/derived_inert
12:10:08 AM [vite] (client) [console.warn] https://svelte.dev/e/derived_inert
12:10:13 AM [vite] (client) [console.warn] https://svelte.dev/e/derived_inert
12:10:13 AM [vite] (client) [console.warn] https://svelte.dev/e/derived_inert
12:10:13 AM [vite] (client) [console.warn] https://svelte.dev/e/derived_inert
12:10:13 AM [vite] (client) [console.warn] https://svelte.dev/e/derived_inert
12:10:13 AM [vite] (client) [console.warn] https://svelte.dev/e/derived_inert
12:10:18 AM [vite] (client) [console.warn] https://svelte.dev/e/derived_inert
12:10:18 AM [vite] (client) [console.warn] https://svelte.dev/e/derived_inert

 Test Files  56 passed (56)
      Tests  370 passed (370)
   Start at  00:09:00
   Duration  80.58s (transform 0ms, setup 1.83s, import 45.29s, tests 26.20s, environment 0ms)
