
> banhall-app@0.1.0 test:component
> vitest run --config vitest.component.config.ts src/lib/components/chat/RegenerateTurn.component.test.ts src/lib/components/chat/ChatFeedback.component.test.ts

12:07:30 AM [vite-plugin-svelte] no Svelte config found at /Users/johnnynguyen/Documents/Repos/Banhall-bmad-learn-chat/.bmad-loop/runs/20260904-133944-0158/worktrees/6 - using default configuration.

 RUN  v4.1.10 /Users/johnnynguyen/Documents/Repos/Banhall-bmad-learn-chat/.bmad-loop/runs/20260904-133944-0158/worktrees/6

12:07:31 AM [vite-plugin-svelte] no Svelte config found at /Users/johnnynguyen/Documents/Repos/Banhall-bmad-learn-chat/.bmad-loop/runs/20260904-133944-0158/worktrees/6 - using default configuration.
12:07:36 AM [vite] (client) [console.error] Failed to send message Error: Resend unavailable
    at http://localhost:63315/Users/johnnynguyen/Documents/Repos/Banhall-bmad-learn-chat/.bmad-loop/runs/20260904-133944-0158/worktrees/6/src/lib/components/chat/RegenerateTurn.component.test.ts?import&browserv=1788592053711:183:43
    at async http://localhost:63315/node_modules/@vitest/runner/dist/chunk-artifact.js?v=529185d0:1903:20
12:07:36 AM [vite] (client) [console.error] Failed to send message Error: Please retry resend
    at http://localhost:63315/Users/johnnynguyen/Documents/Repos/Banhall-bmad-learn-chat/.bmad-loop/runs/20260904-133944-0158/worktrees/6/src/lib/components/chat/RegenerateTurn.component.test.ts?import&browserv=1788592053711:310:43
    at async http://localhost:63315/node_modules/@vitest/runner/dist/chunk-artifact.js?v=529185d0:1903:20
12:07:38 AM [vite] (client) [console.warn] https://svelte.dev/e/derived_inert
12:07:38 AM [vite] (client) [console.warn] https://svelte.dev/e/derived_inert
12:07:38 AM [vite] (client) [console.warn] https://svelte.dev/e/derived_inert
12:07:38 AM [vite] (client) [console.warn] https://svelte.dev/e/derived_inert
12:07:38 AM [vite] (client) [console.warn] https://svelte.dev/e/derived_inert
12:07:38 AM [vite] (client) [console.warn] https://svelte.dev/e/derived_inert

 Test Files  2 passed (2)
      Tests  46 passed (46)
   Start at  00:07:30
   Duration  8.16s (transform 0ms, setup 858ms, import 1.34s, tests 3.96s, environment 0ms)
