
> banhall-app@0.1.0 test:component
> vitest run --config vitest.component.config.ts

12:20:06 AM [vite-plugin-svelte] no Svelte config found at /Users/johnnynguyen/Documents/Repos/Banhall-bmad-learn-chat/.bmad-loop/runs/20260904-133944-0158/worktrees/6 - using default configuration.

 RUN  v4.1.10 /Users/johnnynguyen/Documents/Repos/Banhall-bmad-learn-chat/.bmad-loop/runs/20260904-133944-0158/worktrees/6

12:20:06 AM [vite-plugin-svelte] no Svelte config found at /Users/johnnynguyen/Documents/Repos/Banhall-bmad-learn-chat/.bmad-loop/runs/20260904-133944-0158/worktrees/6 - using default configuration.
12:20:15 AM [vite] (client) [console.error] Failed to send message Error: Resend unavailable
    at http://localhost:63315/Users/johnnynguyen/Documents/Repos/Banhall-bmad-learn-chat/.bmad-loop/runs/20260904-133944-0158/worktrees/6/src/lib/components/chat/RegenerateTurn.component.test.ts?import&browserv=1788592811255:194:43
    at async http://localhost:63315/node_modules/@vitest/runner/dist/chunk-artifact.js?v=529185d0:1903:20
12:20:15 AM [vite] (client) [console.error] Failed to send message Error: Please retry resend
    at http://localhost:63315/Users/johnnynguyen/Documents/Repos/Banhall-bmad-learn-chat/.bmad-loop/runs/20260904-133944-0158/worktrees/6/src/lib/components/chat/RegenerateTurn.component.test.ts?import&browserv=1788592811255:364:43
    at async http://localhost:63315/node_modules/@vitest/runner/dist/chunk-artifact.js?v=529185d0:1903:20
12:20:44 AM [vite] (client) [console.warn] https://svelte.dev/e/derived_inert
12:20:44 AM [vite] (client) [console.warn] https://svelte.dev/e/derived_inert
12:20:44 AM [vite] (client) [console.warn] https://svelte.dev/e/derived_inert
12:20:44 AM [vite] (client) [console.warn] https://svelte.dev/e/derived_inert
12:20:44 AM [vite] (client) [console.warn] https://svelte.dev/e/derived_inert
12:20:44 AM [vite] (client) [console.warn] https://svelte.dev/e/derived_inert
12:20:45 AM [vite] (client) [console.warn] https://svelte.dev/e/derived_inert
12:20:45 AM [vite] (client) [console.warn] https://svelte.dev/e/derived_inert
12:20:45 AM [vite] (client) [console.warn] https://svelte.dev/e/derived_inert
12:20:45 AM [vite] (client) [console.warn] https://svelte.dev/e/derived_inert
12:20:45 AM [vite] (client) [console.warn] https://svelte.dev/e/derived_inert
12:20:45 AM [vite] (client) [console.warn] https://svelte.dev/e/derived_inert
12:20:45 AM [vite] (client) [console.warn] https://svelte.dev/e/derived_inert
12:20:45 AM [vite] (client) [console.warn] https://svelte.dev/e/derived_inert
12:20:45 AM [vite] (client) [console.warn] https://svelte.dev/e/derived_inert
12:20:45 AM [vite] (client) [console.warn] https://svelte.dev/e/derived_inert
12:20:46 AM [vite] (client) [console.warn] https://svelte.dev/e/derived_inert
12:20:46 AM [vite] (client) [console.warn] https://svelte.dev/e/derived_inert
12:20:46 AM [vite] (client) [console.warn] https://svelte.dev/e/derived_inert
12:20:46 AM [vite] (client) [console.warn] https://svelte.dev/e/derived_inert
12:20:46 AM [vite] (client) [console.warn] https://svelte.dev/e/derived_inert
12:20:46 AM [vite] (client) [console.warn] https://svelte.dev/e/derived_inert
12:20:46 AM [vite] (client) [console.warn] https://svelte.dev/e/derived_inert
12:20:46 AM [vite] (client) [console.warn] https://svelte.dev/e/derived_inert
12:20:46 AM [vite] (client) [console.warn] https://svelte.dev/e/derived_inert
12:20:46 AM [vite] (client) [console.warn] https://svelte.dev/e/derived_inert
12:20:46 AM [vite] (client) [console.warn] https://svelte.dev/e/derived_inert
12:20:46 AM [vite] (client) [console.warn] https://svelte.dev/e/derived_inert
12:20:46 AM [vite] (client) [console.warn] https://svelte.dev/e/derived_inert
12:20:46 AM [vite] (client) [console.warn] https://svelte.dev/e/derived_inert
12:20:46 AM [vite] (client) [console.warn] https://svelte.dev/e/derived_inert
12:20:46 AM [vite] (client) [console.warn] https://svelte.dev/e/derived_inert
12:20:46 AM [vite] (client) [console.warn] https://svelte.dev/e/derived_inert
12:20:46 AM [vite] (client) [console.warn] https://svelte.dev/e/derived_inert
12:20:46 AM [vite] (client) [console.warn] https://svelte.dev/e/derived_inert
12:20:46 AM [vite] (client) [console.warn] https://svelte.dev/e/derived_inert
12:20:46 AM [vite] (client) [console.warn] https://svelte.dev/e/derived_inert
12:20:46 AM [vite] (client) [console.warn] https://svelte.dev/e/derived_inert
12:20:46 AM [vite] (client) [console.warn] https://svelte.dev/e/derived_inert
12:21:06 AM [vite] (client) [console.warn] https://svelte.dev/e/derived_inert
12:21:06 AM [vite] (client) [console.warn] https://svelte.dev/e/derived_inert
12:21:06 AM [vite] (client) [console.warn] https://svelte.dev/e/derived_inert
12:21:06 AM [vite] (client) [console.warn] https://svelte.dev/e/derived_inert
12:21:06 AM [vite] (client) [console.warn] https://svelte.dev/e/derived_inert
12:21:06 AM [vite] (client) [console.warn] https://svelte.dev/e/derived_inert
12:21:06 AM [vite] (client) [console.warn] https://svelte.dev/e/derived_inert
12:21:06 AM [vite] (client) [console.warn] https://svelte.dev/e/derived_inert
12:21:06 AM [vite] (client) [console.warn] https://svelte.dev/e/derived_inert
12:21:06 AM [vite] (client) [console.warn] https://svelte.dev/e/derived_inert
12:21:06 AM [vite] (client) [console.warn] https://svelte.dev/e/derived_inert
12:21:06 AM [vite] (client) [console.warn] https://svelte.dev/e/derived_inert
12:21:06 AM [vite] (client) [console.warn] https://svelte.dev/e/derived_inert
12:21:06 AM [vite] (client) [console.warn] https://svelte.dev/e/derived_inert
12:21:06 AM [vite] (client) [console.warn] https://svelte.dev/e/derived_inert
12:21:06 AM [vite] (client) [console.warn] https://svelte.dev/e/derived_inert
12:21:06 AM [vite] (client) [console.warn] https://svelte.dev/e/derived_inert
12:21:06 AM [vite] (client) [console.warn] https://svelte.dev/e/derived_inert
12:21:06 AM [vite] (client) [console.warn] https://svelte.dev/e/derived_inert
12:21:06 AM [vite] (client) [console.warn] https://svelte.dev/e/derived_inert
12:21:06 AM [vite] (client) [console.warn] https://svelte.dev/e/derived_inert
12:21:06 AM [vite] (client) [console.warn] https://svelte.dev/e/derived_inert
12:21:06 AM [vite] (client) [console.warn] https://svelte.dev/e/derived_inert
12:21:06 AM [vite] (client) [console.warn] https://svelte.dev/e/derived_inert
12:21:06 AM [vite] (client) [console.warn] https://svelte.dev/e/derived_inert
12:21:06 AM [vite] (client) [console.warn] https://svelte.dev/e/derived_inert
12:21:06 AM [vite] (client) [console.warn] https://svelte.dev/e/derived_inert
12:21:06 AM [vite] (client) [console.warn] https://svelte.dev/e/derived_inert
12:21:06 AM [vite] (client) [console.warn] https://svelte.dev/e/derived_inert
12:21:06 AM [vite] (client) [console.warn] https://svelte.dev/e/derived_inert
12:21:06 AM [vite] (client) [console.warn] https://svelte.dev/e/derived_inert
12:21:06 AM [vite] (client) [console.warn] https://svelte.dev/e/derived_inert
12:21:06 AM [vite] (client) [console.warn] https://svelte.dev/e/derived_inert
12:21:06 AM [vite] (client) [console.warn] https://svelte.dev/e/derived_inert
12:21:06 AM [vite] (client) [console.warn] https://svelte.dev/e/derived_inert
12:21:06 AM [vite] (client) [console.warn] https://svelte.dev/e/derived_inert
12:21:06 AM [vite] (client) [console.warn] https://svelte.dev/e/derived_inert
12:21:06 AM [vite] (client) [console.warn] https://svelte.dev/e/derived_inert
12:21:06 AM [vite] (client) [console.warn] https://svelte.dev/e/derived_inert
12:21:06 AM [vite] (client) [console.warn] https://svelte.dev/e/derived_inert
12:21:06 AM [vite] (client) [console.warn] https://svelte.dev/e/derived_inert
12:21:06 AM [vite] (client) [console.warn] https://svelte.dev/e/derived_inert
12:21:06 AM [vite] (client) [console.warn] https://svelte.dev/e/derived_inert
12:21:06 AM [vite] (client) [console.warn] https://svelte.dev/e/derived_inert
12:21:06 AM [vite] (client) [console.warn] https://svelte.dev/e/derived_inert
12:21:06 AM [vite] (client) [console.warn] https://svelte.dev/e/derived_inert
12:21:06 AM [vite] (client) [console.warn] https://svelte.dev/e/derived_inert
12:21:07 AM [vite] (client) [console.warn] https://svelte.dev/e/derived_inert
12:21:07 AM [vite] (client) [console.warn] https://svelte.dev/e/derived_inert
12:21:07 AM [vite] (client) [console.warn] https://svelte.dev/e/derived_inert
12:21:07 AM [vite] (client) [console.warn] https://svelte.dev/e/derived_inert
12:21:07 AM [vite] (client) [console.warn] https://svelte.dev/e/derived_inert
12:21:07 AM [vite] (client) [console.warn] https://svelte.dev/e/derived_inert
12:21:07 AM [vite] (client) [console.warn] https://svelte.dev/e/derived_inert
12:21:07 AM [vite] (client) [console.warn] https://svelte.dev/e/derived_inert
12:21:07 AM [vite] (client) [console.warn] https://svelte.dev/e/derived_inert
12:21:07 AM [vite] (client) [console.warn] https://svelte.dev/e/derived_inert
12:21:07 AM [vite] (client) [console.warn] https://svelte.dev/e/derived_inert
12:21:07 AM [vite] (client) [console.warn] https://svelte.dev/e/derived_inert
12:21:07 AM [vite] (client) [console.warn] https://svelte.dev/e/derived_inert
12:21:07 AM [vite] (client) [console.warn] https://svelte.dev/e/derived_inert
12:21:07 AM [vite] (client) [console.warn] https://svelte.dev/e/derived_inert
12:21:07 AM [vite] (client) [console.warn] https://svelte.dev/e/derived_inert
12:21:07 AM [vite] (client) [console.warn] https://svelte.dev/e/derived_inert
12:21:07 AM [vite] (client) [console.warn] https://svelte.dev/e/derived_inert
12:21:08 AM [vite] (client) [console.warn] https://svelte.dev/e/derived_inert
12:21:08 AM [vite] (client) [console.warn] https://svelte.dev/e/derived_inert
12:21:08 AM [vite] (client) [console.warn] https://svelte.dev/e/derived_inert
12:21:08 AM [vite] (client) [console.warn] https://svelte.dev/e/derived_inert
12:21:08 AM [vite] (client) [console.warn] https://svelte.dev/e/derived_inert
12:21:08 AM [vite] (client) [console.warn] https://svelte.dev/e/derived_inert
12:21:08 AM [vite] (client) [console.warn] https://svelte.dev/e/derived_inert
12:21:08 AM [vite] (client) [console.warn] https://svelte.dev/e/derived_inert
12:21:08 AM [vite] (client) [console.warn] https://svelte.dev/e/derived_inert
12:21:08 AM [vite] (client) [console.warn] https://svelte.dev/e/derived_inert
12:21:08 AM [vite] (client) [console.warn] https://svelte.dev/e/derived_inert
12:21:08 AM [vite] (client) [console.warn] https://svelte.dev/e/derived_inert
12:21:08 AM [vite] (client) [console.warn] https://svelte.dev/e/derived_inert
12:21:08 AM [vite] (client) [console.warn] https://svelte.dev/e/derived_inert
12:21:08 AM [vite] (client) [console.warn] https://svelte.dev/e/derived_inert
12:21:08 AM [vite] (client) [console.warn] https://svelte.dev/e/derived_inert
12:21:08 AM [vite] (client) [console.warn] https://svelte.dev/e/derived_inert
12:21:08 AM [vite] (client) [console.warn] https://svelte.dev/e/derived_inert
12:21:08 AM [vite] (client) [console.warn] https://svelte.dev/e/derived_inert
12:21:08 AM [vite] (client) [console.warn] https://svelte.dev/e/derived_inert
12:21:08 AM [vite] (client) [console.warn] https://svelte.dev/e/derived_inert
12:21:08 AM [vite] (client) [console.warn] https://svelte.dev/e/derived_inert
12:21:08 AM [vite] (client) [console.warn] https://svelte.dev/e/derived_inert
12:21:08 AM [vite] (client) [console.warn] https://svelte.dev/e/derived_inert
12:21:08 AM [vite] (client) [console.warn] https://svelte.dev/e/derived_inert
12:21:08 AM [vite] (client) [console.warn] https://svelte.dev/e/derived_inert
12:21:08 AM [vite] (client) [console.warn] https://svelte.dev/e/derived_inert
12:21:08 AM [vite] (client) [console.warn] https://svelte.dev/e/derived_inert
12:21:08 AM [vite] (client) [console.warn] https://svelte.dev/e/derived_inert
12:21:08 AM [vite] (client) [console.warn] https://svelte.dev/e/derived_inert
12:21:08 AM [vite] (client) [console.warn] https://svelte.dev/e/derived_inert
12:21:08 AM [vite] (client) [console.warn] https://svelte.dev/e/derived_inert
12:21:08 AM [vite] (client) [console.warn] https://svelte.dev/e/derived_inert
12:21:08 AM [vite] (client) [console.warn] https://svelte.dev/e/derived_inert
12:21:08 AM [vite] (client) [console.warn] https://svelte.dev/e/derived_inert
12:21:08 AM [vite] (client) [console.warn] https://svelte.dev/e/derived_inert
12:21:08 AM [vite] (client) [console.warn] https://svelte.dev/e/derived_inert
12:21:08 AM [vite] (client) [console.warn] https://svelte.dev/e/derived_inert
12:21:08 AM [vite] (client) [console.warn] https://svelte.dev/e/derived_inert
12:21:08 AM [vite] (client) [console.warn] https://svelte.dev/e/derived_inert
12:21:08 AM [vite] (client) [console.warn] https://svelte.dev/e/derived_inert
12:21:08 AM [vite] (client) [console.warn] https://svelte.dev/e/derived_inert
12:21:09 AM [vite] (client) [console.warn] https://svelte.dev/e/derived_inert
12:21:09 AM [vite] (client) [console.warn] https://svelte.dev/e/derived_inert
12:21:09 AM [vite] (client) [console.warn] https://svelte.dev/e/derived_inert
12:21:09 AM [vite] (client) [console.warn] https://svelte.dev/e/derived_inert
12:21:09 AM [vite] (client) [console.warn] https://svelte.dev/e/derived_inert
12:21:09 AM [vite] (client) [console.warn] https://svelte.dev/e/derived_inert
12:21:09 AM [vite] (client) [console.warn] https://svelte.dev/e/derived_inert
12:21:09 AM [vite] (client) [console.warn] https://svelte.dev/e/derived_inert
12:21:09 AM [vite] (client) [console.warn] https://svelte.dev/e/derived_inert
12:21:09 AM [vite] (client) [console.warn] https://svelte.dev/e/derived_inert
12:21:09 AM [vite] (client) [console.warn] https://svelte.dev/e/derived_inert
12:21:09 AM [vite] (client) [console.warn] https://svelte.dev/e/derived_inert
12:21:09 AM [vite] (client) [console.warn] https://svelte.dev/e/derived_inert
12:21:09 AM [vite] (client) [console.warn] https://svelte.dev/e/derived_inert
12:21:09 AM [vite] (client) [console.warn] https://svelte.dev/e/derived_inert
12:21:09 AM [vite] (client) [console.warn] https://svelte.dev/e/derived_inert
12:21:09 AM [vite] (client) [console.warn] https://svelte.dev/e/derived_inert
12:21:09 AM [vite] (client) [console.warn] https://svelte.dev/e/derived_inert
12:21:09 AM [vite] (client) [console.warn] https://svelte.dev/e/derived_inert
12:21:09 AM [vite] (client) [console.warn] https://svelte.dev/e/derived_inert
12:21:09 AM [vite] (client) [console.warn] https://svelte.dev/e/derived_inert
12:21:09 AM [vite] (client) [console.warn] https://svelte.dev/e/derived_inert
12:21:09 AM [vite] (client) [console.warn] https://svelte.dev/e/derived_inert
12:21:09 AM [vite] (client) [console.warn] https://svelte.dev/e/derived_inert
12:21:09 AM [vite] (client) [console.warn] https://svelte.dev/e/derived_inert
12:21:09 AM [vite] (client) [console.warn] https://svelte.dev/e/derived_inert
12:21:09 AM [vite] (client) [console.warn] https://svelte.dev/e/derived_inert
12:21:10 AM [vite] (client) [console.warn] https://svelte.dev/e/derived_inert
12:21:10 AM [vite] (client) [console.warn] https://svelte.dev/e/derived_inert
12:21:10 AM [vite] (client) [console.warn] https://svelte.dev/e/derived_inert
12:21:10 AM [vite] (client) [console.warn] https://svelte.dev/e/derived_inert
12:21:10 AM [vite] (client) [console.warn] https://svelte.dev/e/derived_inert
12:21:10 AM [vite] (client) [console.warn] https://svelte.dev/e/derived_inert
12:21:10 AM [vite] (client) [console.warn] https://svelte.dev/e/derived_inert
12:21:10 AM [vite] (client) [console.warn] https://svelte.dev/e/derived_inert
12:21:10 AM [vite] (client) [console.warn] https://svelte.dev/e/derived_inert
12:21:10 AM [vite] (client) [console.warn] https://svelte.dev/e/derived_inert
12:21:10 AM [vite] (client) [console.warn] https://svelte.dev/e/derived_inert
12:21:10 AM [vite] (client) [console.warn] https://svelte.dev/e/derived_inert
12:21:10 AM [vite] (client) [console.warn] https://svelte.dev/e/derived_inert
12:21:10 AM [vite] (client) [console.warn] https://svelte.dev/e/derived_inert
12:21:10 AM [vite] (client) [console.warn] https://svelte.dev/e/derived_inert
12:21:10 AM [vite] (client) [console.warn] https://svelte.dev/e/derived_inert
12:21:10 AM [vite] (client) [console.warn] https://svelte.dev/e/derived_inert
12:21:10 AM [vite] (client) [console.warn] https://svelte.dev/e/derived_inert
12:21:10 AM [vite] (client) [console.warn] https://svelte.dev/e/derived_inert
12:21:10 AM [vite] (client) [console.warn] https://svelte.dev/e/derived_inert
12:21:10 AM [vite] (client) [console.warn] https://svelte.dev/e/derived_inert
12:21:11 AM [vite] (client) [console.warn] https://svelte.dev/e/derived_inert
12:21:11 AM [vite] (client) [console.warn] https://svelte.dev/e/derived_inert
12:21:11 AM [vite] (client) [console.warn] https://svelte.dev/e/derived_inert
12:21:11 AM [vite] (client) [console.warn] https://svelte.dev/e/derived_inert
12:21:11 AM [vite] (client) [console.warn] https://svelte.dev/e/derived_inert
12:21:11 AM [vite] (client) [console.warn] https://svelte.dev/e/derived_inert
12:21:11 AM [vite] (client) [console.warn] https://svelte.dev/e/derived_inert
12:21:11 AM [vite] (client) [console.warn] https://svelte.dev/e/derived_inert
12:21:11 AM [vite] (client) [console.warn] https://svelte.dev/e/derived_inert
12:21:11 AM [vite] (client) [console.warn] https://svelte.dev/e/derived_inert
12:21:11 AM [vite] (client) [console.warn] https://svelte.dev/e/derived_inert
12:21:11 AM [vite] (client) [console.warn] https://svelte.dev/e/derived_inert
12:21:12 AM [vite] (client) [console.warn] https://svelte.dev/e/derived_inert
12:21:12 AM [vite] (client) [console.warn] https://svelte.dev/e/derived_inert
12:21:12 AM [vite] (client) [console.warn] https://svelte.dev/e/derived_inert
12:21:12 AM [vite] (client) [console.warn] https://svelte.dev/e/derived_inert
12:21:12 AM [vite] (client) [console.warn] https://svelte.dev/e/derived_inert
12:21:12 AM [vite] (client) [console.warn] https://svelte.dev/e/derived_inert
12:21:12 AM [vite] (client) [console.warn] https://svelte.dev/e/derived_inert
12:21:12 AM [vite] (client) [console.warn] https://svelte.dev/e/derived_inert
12:21:12 AM [vite] (client) [console.warn] https://svelte.dev/e/derived_inert
12:21:12 AM [vite] (client) [console.warn] https://svelte.dev/e/derived_inert
12:21:12 AM [vite] (client) [console.warn] https://svelte.dev/e/derived_inert
12:21:12 AM [vite] (client) [console.warn] https://svelte.dev/e/derived_inert
12:21:12 AM [vite] (client) [console.warn] https://svelte.dev/e/derived_inert
12:21:12 AM [vite] (client) [console.warn] https://svelte.dev/e/derived_inert
12:21:12 AM [vite] (client) [console.warn] https://svelte.dev/e/derived_inert
12:21:12 AM [vite] (client) [console.warn] https://svelte.dev/e/derived_inert
12:21:12 AM [vite] (client) [console.warn] https://svelte.dev/e/derived_inert
12:21:12 AM [vite] (client) [console.warn] https://svelte.dev/e/derived_inert
12:21:12 AM [vite] (client) [console.warn] https://svelte.dev/e/derived_inert
12:21:12 AM [vite] (client) [console.warn] https://svelte.dev/e/derived_inert
12:21:12 AM [vite] (client) [console.warn] https://svelte.dev/e/derived_inert
12:21:13 AM [vite] (client) [console.warn] https://svelte.dev/e/derived_inert
12:21:13 AM [vite] (client) [console.warn] https://svelte.dev/e/derived_inert
12:21:13 AM [vite] (client) [console.warn] https://svelte.dev/e/derived_inert
12:21:13 AM [vite] (client) [console.warn] https://svelte.dev/e/derived_inert
12:21:13 AM [vite] (client) [console.warn] https://svelte.dev/e/derived_inert
12:21:13 AM [vite] (client) [console.warn] https://svelte.dev/e/derived_inert
12:21:13 AM [vite] (client) [console.warn] https://svelte.dev/e/derived_inert
12:21:13 AM [vite] (client) [console.warn] https://svelte.dev/e/derived_inert
12:21:13 AM [vite] (client) [console.warn] https://svelte.dev/e/derived_inert
12:21:13 AM [vite] (client) [console.warn] https://svelte.dev/e/derived_inert
12:21:13 AM [vite] (client) [console.warn] https://svelte.dev/e/derived_inert
12:21:13 AM [vite] (client) [console.warn] https://svelte.dev/e/derived_inert
12:21:13 AM [vite] (client) [console.warn] https://svelte.dev/e/derived_inert
12:21:13 AM [vite] (client) [console.warn] https://svelte.dev/e/derived_inert
12:21:13 AM [vite] (client) [console.warn] https://svelte.dev/e/derived_inert
12:21:13 AM [vite] (client) [console.warn] https://svelte.dev/e/derived_inert
12:21:13 AM [vite] (client) [console.warn] https://svelte.dev/e/derived_inert
12:21:13 AM [vite] (client) [console.warn] https://svelte.dev/e/derived_inert
12:21:13 AM [vite] (client) [console.warn] https://svelte.dev/e/derived_inert
12:21:13 AM [vite] (client) [console.warn] https://svelte.dev/e/derived_inert
12:21:13 AM [vite] (client) [console.warn] https://svelte.dev/e/derived_inert
12:21:13 AM [vite] (client) [console.warn] https://svelte.dev/e/derived_inert
12:21:13 AM [vite] (client) [console.warn] https://svelte.dev/e/derived_inert
12:21:13 AM [vite] (client) [console.warn] https://svelte.dev/e/derived_inert
12:21:13 AM [vite] (client) [console.warn] https://svelte.dev/e/derived_inert
12:21:13 AM [vite] (client) [console.warn] https://svelte.dev/e/derived_inert
12:21:13 AM [vite] (client) [console.warn] https://svelte.dev/e/derived_inert
12:21:13 AM [vite] (client) [console.warn] https://svelte.dev/e/derived_inert
12:21:13 AM [vite] (client) [console.warn] https://svelte.dev/e/derived_inert
12:21:13 AM [vite] (client) [console.warn] https://svelte.dev/e/derived_inert
12:21:13 AM [vite] (client) [console.warn] https://svelte.dev/e/derived_inert
12:21:13 AM [vite] (client) [console.warn] https://svelte.dev/e/derived_inert
12:21:13 AM [vite] (client) [console.warn] https://svelte.dev/e/derived_inert
12:21:13 AM [vite] (client) [console.warn] https://svelte.dev/e/derived_inert
12:21:21 AM [vite] (client) [console.warn] https://svelte.dev/e/derived_inert
12:21:21 AM [vite] (client) [console.warn] https://svelte.dev/e/derived_inert
12:21:21 AM [vite] (client) [console.warn] https://svelte.dev/e/derived_inert
12:21:21 AM [vite] (client) [console.warn] https://svelte.dev/e/derived_inert
12:21:21 AM [vite] (client) [console.warn] https://svelte.dev/e/derived_inert
12:21:21 AM [vite] (client) [console.warn] https://svelte.dev/e/derived_inert
12:21:21 AM [vite] (client) [console.warn] https://svelte.dev/e/derived_inert
12:21:21 AM [vite] (client) [console.warn] https://svelte.dev/e/derived_inert
12:21:21 AM [vite] (client) [console.warn] https://svelte.dev/e/derived_inert
12:21:21 AM [vite] (client) [console.warn] https://svelte.dev/e/derived_inert
12:21:21 AM [vite] (client) [console.warn] https://svelte.dev/e/derived_inert
12:21:21 AM [vite] (client) [console.warn] https://svelte.dev/e/derived_inert
12:21:21 AM [vite] (client) [console.warn] https://svelte.dev/e/derived_inert
12:21:21 AM [vite] (client) [console.warn] https://svelte.dev/e/derived_inert
12:21:21 AM [vite] (client) [console.warn] https://svelte.dev/e/derived_inert
12:21:21 AM [vite] (client) [console.warn] https://svelte.dev/e/derived_inert
12:21:21 AM [vite] (client) [console.warn] https://svelte.dev/e/derived_inert
12:21:21 AM [vite] (client) [console.warn] https://svelte.dev/e/derived_inert
12:21:21 AM [vite] (client) [console.warn] https://svelte.dev/e/derived_inert
12:21:21 AM [vite] (client) [console.warn] https://svelte.dev/e/derived_inert
12:21:21 AM [vite] (client) [console.warn] https://svelte.dev/e/derived_inert
12:21:21 AM [vite] (client) [console.warn] https://svelte.dev/e/derived_inert
12:21:21 AM [vite] (client) [console.warn] https://svelte.dev/e/derived_inert
12:21:21 AM [vite] (client) [console.warn] https://svelte.dev/e/derived_inert
12:21:21 AM [vite] (client) [console.warn] https://svelte.dev/e/derived_inert
12:21:21 AM [vite] (client) [console.warn] https://svelte.dev/e/derived_inert
12:21:21 AM [vite] (client) [console.warn] https://svelte.dev/e/derived_inert
12:21:21 AM [vite] (client) [console.warn] https://svelte.dev/e/derived_inert
12:21:21 AM [vite] (client) [console.warn] https://svelte.dev/e/derived_inert
12:21:21 AM [vite] (client) [console.warn] https://svelte.dev/e/derived_inert
12:21:21 AM [vite] (client) [console.warn] https://svelte.dev/e/derived_inert
12:21:21 AM [vite] (client) [console.warn] https://svelte.dev/e/derived_inert
12:21:21 AM [vite] (client) [console.warn] https://svelte.dev/e/derived_inert
12:21:21 AM [vite] (client) [console.warn] https://svelte.dev/e/derived_inert
12:21:21 AM [vite] (client) [console.warn] https://svelte.dev/e/derived_inert
12:21:21 AM [vite] (client) [console.warn] https://svelte.dev/e/derived_inert
12:21:21 AM [vite] (client) [console.warn] https://svelte.dev/e/derived_inert
12:21:21 AM [vite] (client) [console.warn] https://svelte.dev/e/derived_inert
12:21:21 AM [vite] (client) [console.warn] https://svelte.dev/e/derived_inert
12:21:21 AM [vite] (client) [console.warn] https://svelte.dev/e/derived_inert
12:21:21 AM [vite] (client) [console.warn] https://svelte.dev/e/derived_inert
12:21:21 AM [vite] (client) [console.warn] https://svelte.dev/e/derived_inert
12:21:21 AM [vite] (client) [console.warn] https://svelte.dev/e/derived_inert
12:21:21 AM [vite] (client) [console.warn] https://svelte.dev/e/derived_inert
12:21:21 AM [vite] (client) [console.warn] https://svelte.dev/e/derived_inert
12:21:21 AM [vite] (client) [console.warn] https://svelte.dev/e/derived_inert
12:21:21 AM [vite] (client) [console.warn] https://svelte.dev/e/derived_inert
12:21:21 AM [vite] (client) [console.warn] https://svelte.dev/e/derived_inert
12:21:21 AM [vite] (client) [console.warn] https://svelte.dev/e/derived_inert
12:21:21 AM [vite] (client) [console.warn] https://svelte.dev/e/derived_inert
12:21:21 AM [vite] (client) [console.warn] https://svelte.dev/e/derived_inert
12:21:21 AM [vite] (client) [console.warn] https://svelte.dev/e/derived_inert
12:21:21 AM [vite] (client) [console.warn] https://svelte.dev/e/derived_inert
12:21:21 AM [vite] (client) [console.warn] https://svelte.dev/e/derived_inert
12:21:21 AM [vite] (client) [console.warn] https://svelte.dev/e/derived_inert
12:21:21 AM [vite] (client) [console.warn] https://svelte.dev/e/derived_inert
12:21:21 AM [vite] (client) [console.warn] https://svelte.dev/e/derived_inert
12:21:21 AM [vite] (client) [console.warn] https://svelte.dev/e/derived_inert
12:21:21 AM [vite] (client) [console.warn] https://svelte.dev/e/derived_inert
12:21:21 AM [vite] (client) [console.warn] https://svelte.dev/e/derived_inert
12:21:21 AM [vite] (client) [console.warn] https://svelte.dev/e/derived_inert
12:21:21 AM [vite] (client) [console.warn] https://svelte.dev/e/derived_inert
12:21:21 AM [vite] (client) [console.warn] https://svelte.dev/e/derived_inert
12:21:21 AM [vite] (client) [console.warn] https://svelte.dev/e/derived_inert
12:21:21 AM [vite] (client) [console.warn] https://svelte.dev/e/derived_inert
12:21:21 AM [vite] (client) [console.warn] https://svelte.dev/e/derived_inert
12:21:21 AM [vite] (client) [console.warn] https://svelte.dev/e/derived_inert
12:21:21 AM [vite] (client) [console.warn] https://svelte.dev/e/derived_inert
12:21:21 AM [vite] (client) [console.warn] https://svelte.dev/e/derived_inert
12:21:21 AM [vite] (client) [console.warn] https://svelte.dev/e/derived_inert
12:21:21 AM [vite] (client) [console.warn] https://svelte.dev/e/derived_inert
12:21:21 AM [vite] (client) [console.warn] https://svelte.dev/e/derived_inert
12:21:21 AM [vite] (client) [console.warn] https://svelte.dev/e/derived_inert
12:21:21 AM [vite] (client) [console.warn] https://svelte.dev/e/derived_inert
12:21:21 AM [vite] (client) [console.warn] https://svelte.dev/e/derived_inert
12:21:21 AM [vite] (client) [console.warn] https://svelte.dev/e/derived_inert
12:21:21 AM [vite] (client) [console.warn] https://svelte.dev/e/derived_inert
12:21:21 AM [vite] (client) [console.warn] https://svelte.dev/e/derived_inert
12:21:21 AM [vite] (client) [console.warn] https://svelte.dev/e/derived_inert
12:21:21 AM [vite] (client) [console.warn] https://svelte.dev/e/derived_inert
12:21:21 AM [vite] (client) [console.warn] https://svelte.dev/e/derived_inert
12:21:21 AM [vite] (client) [console.warn] https://svelte.dev/e/derived_inert
12:21:21 AM [vite] (client) [console.warn] https://svelte.dev/e/derived_inert
12:21:21 AM [vite] (client) [console.warn] https://svelte.dev/e/derived_inert
12:21:21 AM [vite] (client) [console.warn] https://svelte.dev/e/derived_inert
12:21:21 AM [vite] (client) [console.warn] https://svelte.dev/e/derived_inert
12:21:21 AM [vite] (client) [console.warn] https://svelte.dev/e/derived_inert
12:21:21 AM [vite] (client) [console.warn] https://svelte.dev/e/derived_inert
12:21:21 AM [vite] (client) [console.warn] https://svelte.dev/e/derived_inert
12:21:21 AM [vite] (client) [console.warn] https://svelte.dev/e/derived_inert
12:21:21 AM [vite] (client) [console.warn] https://svelte.dev/e/derived_inert
12:21:21 AM [vite] (client) [console.warn] https://svelte.dev/e/derived_inert
12:21:21 AM [vite] (client) [console.warn] https://svelte.dev/e/derived_inert
12:21:21 AM [vite] (client) [console.warn] https://svelte.dev/e/derived_inert
12:21:21 AM [vite] (client) [console.warn] https://svelte.dev/e/derived_inert
12:21:21 AM [vite] (client) [console.warn] https://svelte.dev/e/derived_inert
12:21:21 AM [vite] (client) [console.warn] https://svelte.dev/e/derived_inert
12:21:21 AM [vite] (client) [console.warn] https://svelte.dev/e/derived_inert
12:21:21 AM [vite] (client) [console.warn] https://svelte.dev/e/derived_inert
12:21:21 AM [vite] (client) [console.warn] https://svelte.dev/e/derived_inert
12:21:21 AM [vite] (client) [console.warn] https://svelte.dev/e/derived_inert
12:21:21 AM [vite] (client) [console.warn] https://svelte.dev/e/derived_inert
12:21:21 AM [vite] (client) [console.warn] https://svelte.dev/e/derived_inert
12:21:21 AM [vite] (client) [console.warn] https://svelte.dev/e/derived_inert
12:21:21 AM [vite] (client) [console.warn] https://svelte.dev/e/derived_inert
12:21:21 AM [vite] (client) [console.warn] https://svelte.dev/e/derived_inert
12:21:21 AM [vite] (client) [console.warn] https://svelte.dev/e/derived_inert
12:21:21 AM [vite] (client) [console.warn] https://svelte.dev/e/derived_inert
12:21:21 AM [vite] (client) [console.warn] https://svelte.dev/e/derived_inert
12:21:21 AM [vite] (client) [console.warn] https://svelte.dev/e/derived_inert
12:21:21 AM [vite] (client) [console.warn] https://svelte.dev/e/derived_inert
12:21:21 AM [vite] (client) [console.warn] https://svelte.dev/e/derived_inert
12:21:21 AM [vite] (client) [console.warn] https://svelte.dev/e/derived_inert
12:21:21 AM [vite] (client) [console.warn] https://svelte.dev/e/derived_inert
12:21:21 AM [vite] (client) [console.warn] https://svelte.dev/e/derived_inert
12:21:21 AM [vite] (client) [console.warn] https://svelte.dev/e/derived_inert
12:21:21 AM [vite] (client) [console.warn] https://svelte.dev/e/derived_inert
12:21:21 AM [vite] (client) [console.warn] https://svelte.dev/e/derived_inert
12:21:21 AM [vite] (client) [console.warn] https://svelte.dev/e/derived_inert
12:21:21 AM [vite] (client) [console.warn] https://svelte.dev/e/derived_inert
12:21:21 AM [vite] (client) [console.warn] https://svelte.dev/e/derived_inert
12:21:21 AM [vite] (client) [console.warn] https://svelte.dev/e/derived_inert
12:21:21 AM [vite] (client) [console.warn] https://svelte.dev/e/derived_inert
12:21:21 AM [vite] (client) [console.warn] https://svelte.dev/e/derived_inert
12:21:21 AM [vite] (client) [console.warn] https://svelte.dev/e/derived_inert
12:21:21 AM [vite] (client) [console.warn] https://svelte.dev/e/derived_inert
12:21:21 AM [vite] (client) [console.warn] https://svelte.dev/e/derived_inert
12:21:21 AM [vite] (client) [console.warn] https://svelte.dev/e/derived_inert
12:21:21 AM [vite] (client) [console.warn] https://svelte.dev/e/derived_inert
12:21:21 AM [vite] (client) [console.warn] https://svelte.dev/e/derived_inert
12:21:21 AM [vite] (client) [console.warn] https://svelte.dev/e/derived_inert
12:21:21 AM [vite] (client) [console.warn] https://svelte.dev/e/derived_inert
12:21:21 AM [vite] (client) [console.warn] https://svelte.dev/e/derived_inert
12:21:21 AM [vite] (client) [console.warn] https://svelte.dev/e/derived_inert
12:21:21 AM [vite] (client) [console.warn] https://svelte.dev/e/derived_inert
12:21:21 AM [vite] (client) [console.warn] https://svelte.dev/e/derived_inert
12:21:21 AM [vite] (client) [console.warn] https://svelte.dev/e/derived_inert
12:21:21 AM [vite] (client) [console.warn] https://svelte.dev/e/derived_inert
12:21:21 AM [vite] (client) [console.warn] https://svelte.dev/e/derived_inert
12:21:21 AM [vite] (client) [console.warn] https://svelte.dev/e/derived_inert
12:21:21 AM [vite] (client) [console.warn] https://svelte.dev/e/derived_inert
12:21:21 AM [vite] (client) [console.warn] https://svelte.dev/e/derived_inert
12:21:21 AM [vite] (client) [console.warn] https://svelte.dev/e/derived_inert
12:21:21 AM [vite] (client) [console.warn] https://svelte.dev/e/derived_inert
12:21:21 AM [vite] (client) [console.warn] https://svelte.dev/e/derived_inert
12:21:21 AM [vite] (client) [console.warn] https://svelte.dev/e/derived_inert
12:21:21 AM [vite] (client) [console.warn] https://svelte.dev/e/derived_inert
12:21:21 AM [vite] (client) [console.warn] https://svelte.dev/e/derived_inert
12:21:21 AM [vite] (client) [console.warn] https://svelte.dev/e/derived_inert
12:21:21 AM [vite] (client) [console.warn] https://svelte.dev/e/derived_inert
12:21:21 AM [vite] (client) [console.warn] https://svelte.dev/e/derived_inert
12:21:21 AM [vite] (client) [console.warn] https://svelte.dev/e/derived_inert
12:21:21 AM [vite] (client) [console.warn] https://svelte.dev/e/derived_inert
12:21:21 AM [vite] (client) [console.warn] https://svelte.dev/e/derived_inert
12:21:21 AM [vite] (client) [console.warn] https://svelte.dev/e/derived_inert
12:21:21 AM [vite] (client) [console.warn] https://svelte.dev/e/derived_inert
12:21:21 AM [vite] (client) [console.warn] https://svelte.dev/e/derived_inert
12:21:21 AM [vite] (client) [console.warn] https://svelte.dev/e/derived_inert
12:21:21 AM [vite] (client) [console.warn] https://svelte.dev/e/derived_inert
12:21:21 AM [vite] (client) [console.warn] https://svelte.dev/e/derived_inert
12:21:21 AM [vite] (client) [console.warn] https://svelte.dev/e/derived_inert
12:21:21 AM [vite] (client) [console.warn] https://svelte.dev/e/derived_inert
12:21:21 AM [vite] (client) [console.warn] https://svelte.dev/e/derived_inert
12:21:21 AM [vite] (client) [console.warn] https://svelte.dev/e/derived_inert
12:21:21 AM [vite] (client) [console.warn] https://svelte.dev/e/derived_inert
12:21:21 AM [vite] (client) [console.warn] https://svelte.dev/e/derived_inert
12:21:21 AM [vite] (client) [console.warn] https://svelte.dev/e/derived_inert
12:21:21 AM [vite] (client) [console.warn] https://svelte.dev/e/derived_inert
12:21:21 AM [vite] (client) [console.warn] https://svelte.dev/e/derived_inert
12:21:21 AM [vite] (client) [console.warn] https://svelte.dev/e/derived_inert
12:21:21 AM [vite] (client) [console.warn] https://svelte.dev/e/derived_inert
12:21:21 AM [vite] (client) [console.warn] https://svelte.dev/e/derived_inert
12:21:21 AM [vite] (client) [console.warn] https://svelte.dev/e/derived_inert
12:21:21 AM [vite] (client) [console.warn] https://svelte.dev/e/derived_inert
12:21:21 AM [vite] (client) [console.warn] https://svelte.dev/e/derived_inert
12:21:21 AM [vite] (client) [console.warn] https://svelte.dev/e/derived_inert
12:21:21 AM [vite] (client) [console.warn] https://svelte.dev/e/derived_inert
12:21:21 AM [vite] (client) [console.warn] https://svelte.dev/e/derived_inert
12:21:21 AM [vite] (client) [console.warn] https://svelte.dev/e/derived_inert
12:21:21 AM [vite] (client) [console.warn] https://svelte.dev/e/derived_inert
12:21:21 AM [vite] (client) [console.warn] https://svelte.dev/e/derived_inert
12:21:21 AM [vite] (client) [console.warn] https://svelte.dev/e/derived_inert
12:21:21 AM [vite] (client) [console.warn] https://svelte.dev/e/derived_inert
12:21:21 AM [vite] (client) [console.warn] https://svelte.dev/e/derived_inert
12:21:21 AM [vite] (client) [console.warn] https://svelte.dev/e/derived_inert
12:21:21 AM [vite] (client) [console.warn] https://svelte.dev/e/derived_inert
12:21:21 AM [vite] (client) [console.warn] https://svelte.dev/e/derived_inert
12:21:21 AM [vite] (client) [console.warn] https://svelte.dev/e/derived_inert
12:21:21 AM [vite] (client) [console.warn] https://svelte.dev/e/derived_inert
12:21:21 AM [vite] (client) [console.warn] https://svelte.dev/e/derived_inert
12:21:21 AM [vite] (client) [console.warn] https://svelte.dev/e/derived_inert
12:21:21 AM [vite] (client) [console.warn] https://svelte.dev/e/derived_inert
12:21:21 AM [vite] (client) [console.warn] https://svelte.dev/e/derived_inert
12:21:21 AM [vite] (client) [console.warn] https://svelte.dev/e/derived_inert
12:21:21 AM [vite] (client) [console.warn] https://svelte.dev/e/derived_inert
12:21:21 AM [vite] (client) [console.warn] https://svelte.dev/e/derived_inert
12:21:21 AM [vite] (client) [console.warn] https://svelte.dev/e/derived_inert
12:21:21 AM [vite] (client) [console.warn] https://svelte.dev/e/derived_inert
12:21:21 AM [vite] (client) [console.warn] https://svelte.dev/e/derived_inert
12:21:21 AM [vite] (client) [console.warn] https://svelte.dev/e/derived_inert
12:21:21 AM [vite] (client) [console.warn] https://svelte.dev/e/derived_inert
12:21:21 AM [vite] (client) [console.warn] https://svelte.dev/e/derived_inert
12:21:21 AM [vite] (client) [console.warn] https://svelte.dev/e/derived_inert
12:21:21 AM [vite] (client) [console.warn] https://svelte.dev/e/derived_inert
12:21:21 AM [vite] (client) [console.warn] https://svelte.dev/e/derived_inert
12:21:21 AM [vite] (client) [console.warn] https://svelte.dev/e/derived_inert
12:21:21 AM [vite] (client) [console.warn] https://svelte.dev/e/derived_inert
12:21:21 AM [vite] (client) [console.warn] https://svelte.dev/e/derived_inert
12:21:21 AM [vite] (client) [console.warn] https://svelte.dev/e/derived_inert
12:21:21 AM [vite] (client) [console.warn] https://svelte.dev/e/derived_inert
12:21:21 AM [vite] (client) [console.warn] https://svelte.dev/e/derived_inert
12:21:21 AM [vite] (client) [console.warn] https://svelte.dev/e/derived_inert
12:21:21 AM [vite] (client) [console.warn] https://svelte.dev/e/derived_inert
12:21:21 AM [vite] (client) [console.warn] https://svelte.dev/e/derived_inert
12:21:21 AM [vite] (client) [console.warn] https://svelte.dev/e/derived_inert
12:21:21 AM [vite] (client) [console.warn] https://svelte.dev/e/derived_inert
12:21:21 AM [vite] (client) [console.warn] https://svelte.dev/e/derived_inert
12:21:21 AM [vite] (client) [console.warn] https://svelte.dev/e/derived_inert
12:21:21 AM [vite] (client) [console.warn] https://svelte.dev/e/derived_inert
12:21:21 AM [vite] (client) [console.warn] https://svelte.dev/e/derived_inert
12:21:21 AM [vite] (client) [console.warn] https://svelte.dev/e/derived_inert
12:21:21 AM [vite] (client) [console.warn] https://svelte.dev/e/derived_inert
12:21:29 AM [vite] (client) [console.warn] https://svelte.dev/e/derived_inert
12:21:29 AM [vite] (client) [console.warn] https://svelte.dev/e/derived_inert
12:21:29 AM [vite] (client) [console.warn] https://svelte.dev/e/derived_inert
12:21:29 AM [vite] (client) [console.warn] https://svelte.dev/e/derived_inert
12:21:29 AM [vite] (client) [console.warn] https://svelte.dev/e/derived_inert
12:21:29 AM [vite] (client) [console.warn] https://svelte.dev/e/derived_inert
12:21:29 AM [vite] (client) [console.warn] https://svelte.dev/e/derived_inert
12:21:29 AM [vite] (client) [console.warn] https://svelte.dev/e/derived_inert
12:21:29 AM [vite] (client) [console.warn] https://svelte.dev/e/derived_inert
12:21:29 AM [vite] (client) [console.warn] https://svelte.dev/e/derived_inert
12:21:29 AM [vite] (client) [console.warn] https://svelte.dev/e/derived_inert
12:21:29 AM [vite] (client) [console.warn] https://svelte.dev/e/derived_inert
12:21:29 AM [vite] (client) [console.warn] https://svelte.dev/e/derived_inert
12:21:29 AM [vite] (client) [console.warn] https://svelte.dev/e/derived_inert
12:21:29 AM [vite] (client) [console.warn] https://svelte.dev/e/derived_inert
12:21:29 AM [vite] (client) [console.warn] https://svelte.dev/e/derived_inert
12:21:29 AM [vite] (client) [console.warn] https://svelte.dev/e/derived_inert
12:21:29 AM [vite] (client) [console.warn] https://svelte.dev/e/derived_inert
12:21:29 AM [vite] (client) [console.warn] https://svelte.dev/e/derived_inert
12:21:29 AM [vite] (client) [console.warn] https://svelte.dev/e/derived_inert
12:21:29 AM [vite] (client) [console.warn] https://svelte.dev/e/derived_inert
12:21:29 AM [vite] (client) [console.warn] https://svelte.dev/e/derived_inert
12:21:29 AM [vite] (client) [console.warn] https://svelte.dev/e/derived_inert
12:21:29 AM [vite] (client) [console.warn] https://svelte.dev/e/derived_inert
12:21:29 AM [vite] (client) [console.warn] https://svelte.dev/e/derived_inert
12:21:29 AM [vite] (client) [console.warn] https://svelte.dev/e/derived_inert
12:21:29 AM [vite] (client) [console.warn] https://svelte.dev/e/derived_inert
12:21:29 AM [vite] (client) [console.warn] https://svelte.dev/e/derived_inert
12:21:29 AM [vite] (client) [console.warn] https://svelte.dev/e/derived_inert
12:21:29 AM [vite] (client) [console.warn] https://svelte.dev/e/derived_inert
12:21:29 AM [vite] (client) [console.warn] https://svelte.dev/e/derived_inert
12:21:29 AM [vite] (client) [console.warn] https://svelte.dev/e/derived_inert
12:21:30 AM [vite] (client) [console.warn] https://svelte.dev/e/derived_inert
12:21:30 AM [vite] (client) [console.warn] https://svelte.dev/e/derived_inert
12:21:34 AM [vite] (client) [console.warn] https://svelte.dev/e/derived_inert
12:21:34 AM [vite] (client) [console.warn] https://svelte.dev/e/derived_inert
12:21:34 AM [vite] (client) [console.warn] https://svelte.dev/e/derived_inert
12:21:34 AM [vite] (client) [console.warn] https://svelte.dev/e/derived_inert
12:21:35 AM [vite] (client) [console.warn] https://svelte.dev/e/derived_inert
12:21:35 AM [vite] (client) [console.warn] https://svelte.dev/e/derived_inert
12:21:35 AM [vite] (client) [console.warn] https://svelte.dev/e/derived_inert
12:21:35 AM [vite] (client) [console.warn] https://svelte.dev/e/derived_inert
12:21:35 AM [vite] (client) [console.warn] https://svelte.dev/e/derived_inert
12:21:35 AM [vite] (client) [console.warn] https://svelte.dev/e/derived_inert
12:21:35 AM [vite] (client) [console.warn] https://svelte.dev/e/derived_inert
12:21:35 AM [vite] (client) [console.warn] https://svelte.dev/e/derived_inert
12:21:35 AM [vite] (client) [console.warn] https://svelte.dev/e/derived_inert
12:21:35 AM [vite] (client) [console.warn] https://svelte.dev/e/derived_inert
12:21:35 AM [vite] (client) [console.warn] https://svelte.dev/e/derived_inert
12:21:35 AM [vite] (client) [console.warn] https://svelte.dev/e/derived_inert
12:21:35 AM [vite] (client) [console.warn] https://svelte.dev/e/derived_inert
12:21:35 AM [vite] (client) [console.warn] https://svelte.dev/e/derived_inert
12:21:35 AM [vite] (client) [console.warn] https://svelte.dev/e/derived_inert
12:21:35 AM [vite] (client) [console.warn] https://svelte.dev/e/derived_inert
12:21:35 AM [vite] (client) [console.warn] https://svelte.dev/e/derived_inert
12:21:35 AM [vite] (client) [console.warn] https://svelte.dev/e/derived_inert
12:21:35 AM [vite] (client) [console.warn] https://svelte.dev/e/derived_inert
12:21:35 AM [vite] (client) [console.warn] https://svelte.dev/e/derived_inert
12:21:35 AM [vite] (client) [console.warn] https://svelte.dev/e/derived_inert
12:21:35 AM [vite] (client) [console.warn] https://svelte.dev/e/derived_inert
12:21:35 AM [vite] (client) [console.warn] https://svelte.dev/e/derived_inert
12:21:35 AM [vite] (client) [console.warn] https://svelte.dev/e/derived_inert
12:21:35 AM [vite] (client) [console.warn] https://svelte.dev/e/derived_inert
12:21:35 AM [vite] (client) [console.warn] https://svelte.dev/e/derived_inert
12:21:35 AM [vite] (client) [console.warn] https://svelte.dev/e/derived_inert
12:21:35 AM [vite] (client) [console.warn] https://svelte.dev/e/derived_inert
12:21:35 AM [vite] (client) [console.warn] https://svelte.dev/e/derived_inert
12:21:35 AM [vite] (client) [console.warn] https://svelte.dev/e/derived_inert
12:21:35 AM [vite] (client) [console.warn] https://svelte.dev/e/derived_inert
12:21:35 AM [vite] (client) [console.warn] https://svelte.dev/e/derived_inert
12:21:35 AM [vite] (client) [console.warn] https://svelte.dev/e/derived_inert
12:21:35 AM [vite] (client) [console.warn] https://svelte.dev/e/derived_inert
12:21:35 AM [vite] (client) [console.warn] https://svelte.dev/e/derived_inert
12:21:35 AM [vite] (client) [console.warn] https://svelte.dev/e/derived_inert
12:21:35 AM [vite] (client) [console.warn] https://svelte.dev/e/derived_inert
12:21:35 AM [vite] (client) [console.warn] https://svelte.dev/e/derived_inert
12:21:35 AM [vite] (client) [console.warn] https://svelte.dev/e/derived_inert
12:21:35 AM [vite] (client) [console.warn] https://svelte.dev/e/derived_inert
12:21:35 AM [vite] (client) [console.warn] https://svelte.dev/e/derived_inert
12:21:35 AM [vite] (client) [console.warn] https://svelte.dev/e/derived_inert
12:21:35 AM [vite] (client) [console.warn] https://svelte.dev/e/derived_inert
12:21:35 AM [vite] (client) [console.warn] https://svelte.dev/e/derived_inert
12:21:35 AM [vite] (client) [console.warn] https://svelte.dev/e/derived_inert
12:21:35 AM [vite] (client) [console.warn] https://svelte.dev/e/derived_inert
12:21:35 AM [vite] (client) [console.warn] https://svelte.dev/e/derived_inert
12:21:35 AM [vite] (client) [console.warn] https://svelte.dev/e/derived_inert
12:21:35 AM [vite] (client) [console.warn] https://svelte.dev/e/derived_inert
12:21:35 AM [vite] (client) [console.warn] https://svelte.dev/e/derived_inert
12:21:35 AM [vite] (client) [console.warn] https://svelte.dev/e/derived_inert
12:21:35 AM [vite] (client) [console.warn] https://svelte.dev/e/derived_inert
12:21:35 AM [vite] (client) [console.warn] https://svelte.dev/e/derived_inert
12:21:35 AM [vite] (client) [console.warn] https://svelte.dev/e/derived_inert
12:21:35 AM [vite] (client) [console.warn] https://svelte.dev/e/derived_inert
12:21:35 AM [vite] (client) [console.warn] https://svelte.dev/e/derived_inert
12:21:35 AM [vite] (client) [console.warn] https://svelte.dev/e/derived_inert
12:21:35 AM [vite] (client) [console.warn] https://svelte.dev/e/derived_inert
12:21:35 AM [vite] (client) [console.warn] https://svelte.dev/e/derived_inert
12:21:35 AM [vite] (client) [console.warn] https://svelte.dev/e/derived_inert
12:21:35 AM [vite] (client) [console.warn] https://svelte.dev/e/derived_inert
12:21:35 AM [vite] (client) [console.warn] https://svelte.dev/e/derived_inert
12:21:35 AM [vite] (client) [console.warn] https://svelte.dev/e/derived_inert
12:21:35 AM [vite] (client) [console.warn] https://svelte.dev/e/derived_inert
12:21:35 AM [vite] (client) [console.warn] https://svelte.dev/e/derived_inert
12:21:35 AM [vite] (client) [console.warn] https://svelte.dev/e/derived_inert
12:21:35 AM [vite] (client) [console.warn] https://svelte.dev/e/derived_inert
12:21:35 AM [vite] (client) [console.warn] https://svelte.dev/e/derived_inert
12:21:35 AM [vite] (client) [console.warn] https://svelte.dev/e/derived_inert
12:21:35 AM [vite] (client) [console.warn] https://svelte.dev/e/derived_inert
12:21:35 AM [vite] (client) [console.warn] https://svelte.dev/e/derived_inert
12:21:35 AM [vite] (client) [console.warn] https://svelte.dev/e/derived_inert
12:21:35 AM [vite] (client) [console.warn] https://svelte.dev/e/derived_inert
12:21:35 AM [vite] (client) [console.warn] https://svelte.dev/e/derived_inert
12:21:35 AM [vite] (client) [console.warn] https://svelte.dev/e/derived_inert
12:21:35 AM [vite] (client) [console.warn] https://svelte.dev/e/derived_inert
12:21:35 AM [vite] (client) [console.warn] https://svelte.dev/e/derived_inert
12:21:35 AM [vite] (client) [console.warn] https://svelte.dev/e/derived_inert
12:21:35 AM [vite] (client) [console.warn] https://svelte.dev/e/derived_inert
12:21:35 AM [vite] (client) [console.warn] https://svelte.dev/e/derived_inert
12:21:35 AM [vite] (client) [console.warn] https://svelte.dev/e/derived_inert
12:21:35 AM [vite] (client) [console.warn] https://svelte.dev/e/derived_inert
12:21:35 AM [vite] (client) [console.warn] https://svelte.dev/e/derived_inert
12:21:35 AM [vite] (client) [console.warn] https://svelte.dev/e/derived_inert
12:21:35 AM [vite] (client) [console.warn] https://svelte.dev/e/derived_inert
12:21:35 AM [vite] (client) [console.warn] https://svelte.dev/e/derived_inert
12:21:35 AM [vite] (client) [console.warn] https://svelte.dev/e/derived_inert
12:21:35 AM [vite] (client) [console.warn] https://svelte.dev/e/derived_inert
12:21:35 AM [vite] (client) [console.warn] https://svelte.dev/e/derived_inert
12:21:35 AM [vite] (client) [console.warn] https://svelte.dev/e/derived_inert
12:21:35 AM [vite] (client) [console.warn] https://svelte.dev/e/derived_inert
12:21:35 AM [vite] (client) [console.warn] https://svelte.dev/e/derived_inert
12:21:35 AM [vite] (client) [console.warn] https://svelte.dev/e/derived_inert
12:21:35 AM [vite] (client) [console.warn] https://svelte.dev/e/derived_inert
12:21:35 AM [vite] (client) [console.warn] https://svelte.dev/e/derived_inert
12:21:35 AM [vite] (client) [console.warn] https://svelte.dev/e/derived_inert
12:21:35 AM [vite] (client) [console.warn] https://svelte.dev/e/derived_inert
12:21:35 AM [vite] (client) [console.warn] https://svelte.dev/e/derived_inert
12:21:35 AM [vite] (client) [console.warn] https://svelte.dev/e/derived_inert
12:21:35 AM [vite] (client) [console.warn] https://svelte.dev/e/derived_inert
12:21:35 AM [vite] (client) [console.warn] https://svelte.dev/e/derived_inert
12:21:35 AM [vite] (client) [console.warn] https://svelte.dev/e/derived_inert
12:21:35 AM [vite] (client) [console.warn] https://svelte.dev/e/derived_inert
12:21:35 AM [vite] (client) [console.warn] https://svelte.dev/e/derived_inert
12:21:35 AM [vite] (client) [console.warn] https://svelte.dev/e/derived_inert
12:21:35 AM [vite] (client) [console.warn] https://svelte.dev/e/derived_inert
12:21:35 AM [vite] (client) [console.warn] https://svelte.dev/e/derived_inert
12:21:35 AM [vite] (client) [console.warn] https://svelte.dev/e/derived_inert
12:21:35 AM [vite] (client) [console.warn] https://svelte.dev/e/derived_inert
12:21:35 AM [vite] (client) [console.warn] https://svelte.dev/e/derived_inert
12:21:35 AM [vite] (client) [console.warn] https://svelte.dev/e/derived_inert
12:21:35 AM [vite] (client) [console.warn] https://svelte.dev/e/derived_inert
12:21:35 AM [vite] (client) [console.warn] https://svelte.dev/e/derived_inert
12:21:35 AM [vite] (client) [console.warn] https://svelte.dev/e/derived_inert
12:21:35 AM [vite] (client) [console.warn] https://svelte.dev/e/derived_inert
12:21:35 AM [vite] (client) [console.warn] https://svelte.dev/e/derived_inert
12:21:35 AM [vite] (client) [console.warn] https://svelte.dev/e/derived_inert
12:21:35 AM [vite] (client) [console.warn] https://svelte.dev/e/derived_inert
12:21:35 AM [vite] (client) [console.warn] https://svelte.dev/e/derived_inert
12:21:35 AM [vite] (client) [console.warn] https://svelte.dev/e/derived_inert
12:21:35 AM [vite] (client) [console.warn] https://svelte.dev/e/derived_inert
12:21:35 AM [vite] (client) [console.warn] https://svelte.dev/e/derived_inert
12:21:35 AM [vite] (client) [console.warn] https://svelte.dev/e/derived_inert
12:21:35 AM [vite] (client) [console.warn] https://svelte.dev/e/derived_inert
12:21:36 AM [vite] (client) [console.warn] https://svelte.dev/e/derived_inert

 Test Files  56 passed (56)
      Tests  376 passed (376)
   Start at  00:20:06
   Duration  92.29s (transform 0ms, setup 2.40s, import 54.02s, tests 27.15s, environment 0ms)
