
> banhall-app@0.1.0 test:component
> vitest run --config vitest.component.config.ts

12:36:03 AM [vite-plugin-svelte] no Svelte config found at /Users/johnnynguyen/Documents/Repos/Banhall-bmad-learn-chat/.bmad-loop/runs/20260904-133944-0158/worktrees/6 - using default configuration.

 RUN  v4.1.10 /Users/johnnynguyen/Documents/Repos/Banhall-bmad-learn-chat/.bmad-loop/runs/20260904-133944-0158/worktrees/6

12:36:03 AM [vite-plugin-svelte] no Svelte config found at /Users/johnnynguyen/Documents/Repos/Banhall-bmad-learn-chat/.bmad-loop/runs/20260904-133944-0158/worktrees/6 - using default configuration.
12:36:07 AM [vite] (client) [console.error] Failed to send message Error: Resend unavailable
    at http://localhost:63315/Users/johnnynguyen/Documents/Repos/Banhall-bmad-learn-chat/.bmad-loop/runs/20260904-133944-0158/worktrees/6/src/lib/components/chat/RegenerateTurn.component.test.ts?import&browserv=1788593765123:194:43
    at async http://localhost:63315/node_modules/@vitest/runner/dist/chunk-artifact.js?v=529185d0:1903:20
12:36:07 AM [vite] (client) [console.error] Failed to send message Error: Please retry resend
    at http://localhost:63315/Users/johnnynguyen/Documents/Repos/Banhall-bmad-learn-chat/.bmad-loop/runs/20260904-133944-0158/worktrees/6/src/lib/components/chat/RegenerateTurn.component.test.ts?import&browserv=1788593765123:364:43
    at async http://localhost:63315/node_modules/@vitest/runner/dist/chunk-artifact.js?v=529185d0:1903:20
12:36:17 AM [vite] (client) [console.warn] https://svelte.dev/e/derived_inert
12:36:17 AM [vite] (client) [console.warn] https://svelte.dev/e/derived_inert
12:36:17 AM [vite] (client) [console.warn] https://svelte.dev/e/derived_inert
12:36:17 AM [vite] (client) [console.warn] https://svelte.dev/e/derived_inert
12:36:17 AM [vite] (client) [console.warn] https://svelte.dev/e/derived_inert
12:36:17 AM [vite] (client) [console.warn] https://svelte.dev/e/derived_inert
12:36:17 AM [vite] (client) [console.warn] https://svelte.dev/e/derived_inert
12:36:17 AM [vite] (client) [console.warn] https://svelte.dev/e/derived_inert
12:36:17 AM [vite] (client) [console.warn] https://svelte.dev/e/derived_inert
12:36:17 AM [vite] (client) [console.warn] https://svelte.dev/e/derived_inert
12:36:17 AM [vite] (client) [console.warn] https://svelte.dev/e/derived_inert
12:36:17 AM [vite] (client) [console.warn] https://svelte.dev/e/derived_inert
12:36:17 AM [vite] (client) [console.warn] https://svelte.dev/e/derived_inert
12:36:17 AM [vite] (client) [console.warn] https://svelte.dev/e/derived_inert
12:36:17 AM [vite] (client) [console.warn] https://svelte.dev/e/derived_inert
12:36:17 AM [vite] (client) [console.warn] https://svelte.dev/e/derived_inert
12:36:17 AM [vite] (client) [console.warn] https://svelte.dev/e/derived_inert
12:36:17 AM [vite] (client) [console.warn] https://svelte.dev/e/derived_inert
12:36:17 AM [vite] (client) [console.warn] https://svelte.dev/e/derived_inert
12:36:17 AM [vite] (client) [console.warn] https://svelte.dev/e/derived_inert
12:36:17 AM [vite] (client) [console.warn] https://svelte.dev/e/derived_inert
12:36:18 AM [vite] (client) [console.warn] https://svelte.dev/e/derived_inert
12:36:18 AM [vite] (client) [console.warn] https://svelte.dev/e/derived_inert
12:36:18 AM [vite] (client) [console.warn] https://svelte.dev/e/derived_inert
12:36:18 AM [vite] (client) [console.warn] https://svelte.dev/e/derived_inert
12:36:18 AM [vite] (client) [console.warn] https://svelte.dev/e/derived_inert
12:36:18 AM [vite] (client) [console.warn] https://svelte.dev/e/derived_inert
12:36:18 AM [vite] (client) [console.warn] https://svelte.dev/e/derived_inert
12:36:18 AM [vite] (client) [console.warn] https://svelte.dev/e/derived_inert
12:36:18 AM [vite] (client) [console.warn] https://svelte.dev/e/derived_inert
12:36:18 AM [vite] (client) [console.warn] https://svelte.dev/e/derived_inert
12:36:18 AM [vite] (client) [console.warn] https://svelte.dev/e/derived_inert
12:36:18 AM [vite] (client) [console.warn] https://svelte.dev/e/derived_inert
12:36:18 AM [vite] (client) [console.warn] https://svelte.dev/e/derived_inert
12:36:18 AM [vite] (client) [console.warn] https://svelte.dev/e/derived_inert
12:36:18 AM [vite] (client) [console.warn] https://svelte.dev/e/derived_inert
12:36:18 AM [vite] (client) [console.warn] https://svelte.dev/e/derived_inert
12:36:18 AM [vite] (client) [console.warn] https://svelte.dev/e/derived_inert
12:36:18 AM [vite] (client) [console.warn] https://svelte.dev/e/derived_inert
12:36:18 AM [vite] (client) [console.warn] https://svelte.dev/e/derived_inert
12:36:18 AM [vite] (client) [console.warn] https://svelte.dev/e/derived_inert
12:36:18 AM [vite] (client) [console.warn] https://svelte.dev/e/derived_inert
12:36:18 AM [vite] (client) [console.warn] https://svelte.dev/e/derived_inert
12:36:18 AM [vite] (client) [console.warn] https://svelte.dev/e/derived_inert
12:36:18 AM [vite] (client) [console.warn] https://svelte.dev/e/derived_inert
12:36:18 AM [vite] (client) [console.warn] https://svelte.dev/e/derived_inert
12:36:18 AM [vite] (client) [console.warn] https://svelte.dev/e/derived_inert
12:36:18 AM [vite] (client) [console.warn] https://svelte.dev/e/derived_inert
12:36:18 AM [vite] (client) [console.warn] https://svelte.dev/e/derived_inert
12:36:18 AM [vite] (client) [console.warn] https://svelte.dev/e/derived_inert
12:36:18 AM [vite] (client) [console.warn] https://svelte.dev/e/derived_inert
12:36:18 AM [vite] (client) [console.warn] https://svelte.dev/e/derived_inert
12:36:18 AM [vite] (client) [console.warn] https://svelte.dev/e/derived_inert
12:36:18 AM [vite] (client) [console.warn] https://svelte.dev/e/derived_inert
12:36:18 AM [vite] (client) [console.warn] https://svelte.dev/e/derived_inert
12:36:18 AM [vite] (client) [console.warn] https://svelte.dev/e/derived_inert
12:36:18 AM [vite] (client) [console.warn] https://svelte.dev/e/derived_inert
12:36:18 AM [vite] (client) [console.warn] https://svelte.dev/e/derived_inert
12:36:18 AM [vite] (client) [console.warn] https://svelte.dev/e/derived_inert
12:36:18 AM [vite] (client) [console.warn] https://svelte.dev/e/derived_inert
12:36:18 AM [vite] (client) [console.warn] https://svelte.dev/e/derived_inert
12:36:19 AM [vite] (client) [console.warn] https://svelte.dev/e/derived_inert
12:36:19 AM [vite] (client) [console.warn] https://svelte.dev/e/derived_inert
12:36:19 AM [vite] (client) [console.warn] https://svelte.dev/e/derived_inert
12:36:19 AM [vite] (client) [console.warn] https://svelte.dev/e/derived_inert
12:36:19 AM [vite] (client) [console.warn] https://svelte.dev/e/derived_inert
12:36:19 AM [vite] (client) [console.warn] https://svelte.dev/e/derived_inert
12:36:19 AM [vite] (client) [console.warn] https://svelte.dev/e/derived_inert
12:36:19 AM [vite] (client) [console.warn] https://svelte.dev/e/derived_inert
12:36:19 AM [vite] (client) [console.warn] https://svelte.dev/e/derived_inert
12:36:19 AM [vite] (client) [console.warn] https://svelte.dev/e/derived_inert
12:36:19 AM [vite] (client) [console.warn] https://svelte.dev/e/derived_inert
12:36:19 AM [vite] (client) [console.warn] https://svelte.dev/e/derived_inert
12:36:19 AM [vite] (client) [console.warn] https://svelte.dev/e/derived_inert
12:36:19 AM [vite] (client) [console.warn] https://svelte.dev/e/derived_inert
12:36:19 AM [vite] (client) [console.warn] https://svelte.dev/e/derived_inert
12:36:19 AM [vite] (client) [console.warn] https://svelte.dev/e/derived_inert
12:36:19 AM [vite] (client) [console.warn] https://svelte.dev/e/derived_inert
12:36:19 AM [vite] (client) [console.warn] https://svelte.dev/e/derived_inert
12:36:19 AM [vite] (client) [console.warn] https://svelte.dev/e/derived_inert
12:36:19 AM [vite] (client) [console.warn] https://svelte.dev/e/derived_inert
12:36:19 AM [vite] (client) [console.warn] https://svelte.dev/e/derived_inert
12:36:19 AM [vite] (client) [console.warn] https://svelte.dev/e/derived_inert
12:36:19 AM [vite] (client) [console.warn] https://svelte.dev/e/derived_inert
12:36:19 AM [vite] (client) [console.warn] https://svelte.dev/e/derived_inert
12:36:19 AM [vite] (client) [console.warn] https://svelte.dev/e/derived_inert
12:36:19 AM [vite] (client) [console.warn] https://svelte.dev/e/derived_inert
12:36:19 AM [vite] (client) [console.warn] https://svelte.dev/e/derived_inert
12:36:19 AM [vite] (client) [console.warn] https://svelte.dev/e/derived_inert
12:36:19 AM [vite] (client) [console.warn] https://svelte.dev/e/derived_inert
12:36:19 AM [vite] (client) [console.warn] https://svelte.dev/e/derived_inert
12:36:19 AM [vite] (client) [console.warn] https://svelte.dev/e/derived_inert
12:36:19 AM [vite] (client) [console.warn] https://svelte.dev/e/derived_inert
12:36:19 AM [vite] (client) [console.warn] https://svelte.dev/e/derived_inert
12:36:19 AM [vite] (client) [console.warn] https://svelte.dev/e/derived_inert
12:36:19 AM [vite] (client) [console.warn] https://svelte.dev/e/derived_inert
12:36:19 AM [vite] (client) [console.warn] https://svelte.dev/e/derived_inert
12:36:19 AM [vite] (client) [console.warn] https://svelte.dev/e/derived_inert
12:36:19 AM [vite] (client) [console.warn] https://svelte.dev/e/derived_inert
12:36:19 AM [vite] (client) [console.warn] https://svelte.dev/e/derived_inert
12:36:19 AM [vite] (client) [console.warn] https://svelte.dev/e/derived_inert
12:36:19 AM [vite] (client) [console.warn] https://svelte.dev/e/derived_inert
12:36:19 AM [vite] (client) [console.warn] https://svelte.dev/e/derived_inert
12:36:19 AM [vite] (client) [console.warn] https://svelte.dev/e/derived_inert
12:36:19 AM [vite] (client) [console.warn] https://svelte.dev/e/derived_inert
12:36:19 AM [vite] (client) [console.warn] https://svelte.dev/e/derived_inert
12:36:19 AM [vite] (client) [console.warn] https://svelte.dev/e/derived_inert
12:36:20 AM [vite] (client) [console.warn] https://svelte.dev/e/derived_inert
12:36:20 AM [vite] (client) [console.warn] https://svelte.dev/e/derived_inert
12:36:20 AM [vite] (client) [console.warn] https://svelte.dev/e/derived_inert
12:36:20 AM [vite] (client) [console.warn] https://svelte.dev/e/derived_inert
12:36:20 AM [vite] (client) [console.warn] https://svelte.dev/e/derived_inert
12:36:20 AM [vite] (client) [console.warn] https://svelte.dev/e/derived_inert
12:36:20 AM [vite] (client) [console.warn] https://svelte.dev/e/derived_inert
12:36:20 AM [vite] (client) [console.warn] https://svelte.dev/e/derived_inert
12:36:20 AM [vite] (client) [console.warn] https://svelte.dev/e/derived_inert
12:36:20 AM [vite] (client) [console.warn] https://svelte.dev/e/derived_inert
12:36:20 AM [vite] (client) [console.warn] https://svelte.dev/e/derived_inert
12:36:20 AM [vite] (client) [console.warn] https://svelte.dev/e/derived_inert
12:36:20 AM [vite] (client) [console.warn] https://svelte.dev/e/derived_inert
12:36:20 AM [vite] (client) [console.warn] https://svelte.dev/e/derived_inert
12:36:20 AM [vite] (client) [console.warn] https://svelte.dev/e/derived_inert
12:36:21 AM [vite] (client) [console.warn] https://svelte.dev/e/derived_inert
12:36:21 AM [vite] (client) [console.warn] https://svelte.dev/e/derived_inert
12:36:21 AM [vite] (client) [console.warn] https://svelte.dev/e/derived_inert
12:36:21 AM [vite] (client) [console.warn] https://svelte.dev/e/derived_inert
12:36:21 AM [vite] (client) [console.warn] https://svelte.dev/e/derived_inert
12:36:21 AM [vite] (client) [console.warn] https://svelte.dev/e/derived_inert
12:36:21 AM [vite] (client) [console.warn] https://svelte.dev/e/derived_inert
12:36:21 AM [vite] (client) [console.warn] https://svelte.dev/e/derived_inert
12:36:21 AM [vite] (client) [console.warn] https://svelte.dev/e/derived_inert
12:36:21 AM [vite] (client) [console.warn] https://svelte.dev/e/derived_inert
12:36:21 AM [vite] (client) [console.warn] https://svelte.dev/e/derived_inert
12:36:21 AM [vite] (client) [console.warn] https://svelte.dev/e/derived_inert
12:36:21 AM [vite] (client) [console.warn] https://svelte.dev/e/derived_inert
12:36:21 AM [vite] (client) [console.warn] https://svelte.dev/e/derived_inert
12:36:21 AM [vite] (client) [console.warn] https://svelte.dev/e/derived_inert
12:36:21 AM [vite] (client) [console.warn] https://svelte.dev/e/derived_inert
12:36:21 AM [vite] (client) [console.warn] https://svelte.dev/e/derived_inert
12:36:21 AM [vite] (client) [console.warn] https://svelte.dev/e/derived_inert
12:36:21 AM [vite] (client) [console.warn] https://svelte.dev/e/derived_inert
12:36:21 AM [vite] (client) [console.warn] https://svelte.dev/e/derived_inert
12:36:21 AM [vite] (client) [console.warn] https://svelte.dev/e/derived_inert
12:36:21 AM [vite] (client) [console.warn] https://svelte.dev/e/derived_inert
12:36:21 AM [vite] (client) [console.warn] https://svelte.dev/e/derived_inert
12:36:21 AM [vite] (client) [console.warn] https://svelte.dev/e/derived_inert
12:36:21 AM [vite] (client) [console.warn] https://svelte.dev/e/derived_inert
12:36:21 AM [vite] (client) [console.warn] https://svelte.dev/e/derived_inert
12:36:21 AM [vite] (client) [console.warn] https://svelte.dev/e/derived_inert
12:36:21 AM [vite] (client) [console.warn] https://svelte.dev/e/derived_inert
12:36:21 AM [vite] (client) [console.warn] https://svelte.dev/e/derived_inert
12:36:21 AM [vite] (client) [console.warn] https://svelte.dev/e/derived_inert
12:36:21 AM [vite] (client) [console.warn] https://svelte.dev/e/derived_inert
12:36:21 AM [vite] (client) [console.warn] https://svelte.dev/e/derived_inert
12:36:21 AM [vite] (client) [console.warn] https://svelte.dev/e/derived_inert
12:36:22 AM [vite] (client) [console.warn] https://svelte.dev/e/derived_inert
12:36:22 AM [vite] (client) [console.warn] https://svelte.dev/e/derived_inert
12:36:22 AM [vite] (client) [console.warn] https://svelte.dev/e/derived_inert
12:36:22 AM [vite] (client) [console.warn] https://svelte.dev/e/derived_inert
12:36:22 AM [vite] (client) [console.warn] https://svelte.dev/e/derived_inert
12:36:22 AM [vite] (client) [console.warn] https://svelte.dev/e/derived_inert
12:36:22 AM [vite] (client) [console.warn] https://svelte.dev/e/derived_inert
12:36:22 AM [vite] (client) [console.warn] https://svelte.dev/e/derived_inert
12:36:22 AM [vite] (client) [console.warn] https://svelte.dev/e/derived_inert
12:36:22 AM [vite] (client) [console.warn] https://svelte.dev/e/derived_inert
12:36:22 AM [vite] (client) [console.warn] https://svelte.dev/e/derived_inert
12:36:22 AM [vite] (client) [console.warn] https://svelte.dev/e/derived_inert
12:36:22 AM [vite] (client) [console.warn] https://svelte.dev/e/derived_inert
12:36:22 AM [vite] (client) [console.warn] https://svelte.dev/e/derived_inert
12:36:22 AM [vite] (client) [console.warn] https://svelte.dev/e/derived_inert
12:36:22 AM [vite] (client) [console.warn] https://svelte.dev/e/derived_inert
12:36:22 AM [vite] (client) [console.warn] https://svelte.dev/e/derived_inert
12:36:22 AM [vite] (client) [console.warn] https://svelte.dev/e/derived_inert
12:36:22 AM [vite] (client) [console.warn] https://svelte.dev/e/derived_inert
12:36:22 AM [vite] (client) [console.warn] https://svelte.dev/e/derived_inert
12:36:22 AM [vite] (client) [console.warn] https://svelte.dev/e/derived_inert
12:36:22 AM [vite] (client) [console.warn] https://svelte.dev/e/derived_inert
12:36:22 AM [vite] (client) [console.warn] https://svelte.dev/e/derived_inert
12:36:22 AM [vite] (client) [console.warn] https://svelte.dev/e/derived_inert
12:36:22 AM [vite] (client) [console.warn] https://svelte.dev/e/derived_inert
12:36:22 AM [vite] (client) [console.warn] https://svelte.dev/e/derived_inert
12:36:22 AM [vite] (client) [console.warn] https://svelte.dev/e/derived_inert
12:36:22 AM [vite] (client) [console.warn] https://svelte.dev/e/derived_inert
12:36:22 AM [vite] (client) [console.warn] https://svelte.dev/e/derived_inert
12:36:22 AM [vite] (client) [console.warn] https://svelte.dev/e/derived_inert
12:36:22 AM [vite] (client) [console.warn] https://svelte.dev/e/derived_inert
12:36:22 AM [vite] (client) [console.warn] https://svelte.dev/e/derived_inert
12:36:22 AM [vite] (client) [console.warn] https://svelte.dev/e/derived_inert
12:36:23 AM [vite] (client) [console.warn] https://svelte.dev/e/derived_inert
12:36:23 AM [vite] (client) [console.warn] https://svelte.dev/e/derived_inert
12:36:23 AM [vite] (client) [console.warn] https://svelte.dev/e/derived_inert
12:36:23 AM [vite] (client) [console.warn] https://svelte.dev/e/derived_inert
12:36:23 AM [vite] (client) [console.warn] https://svelte.dev/e/derived_inert
12:36:23 AM [vite] (client) [console.warn] https://svelte.dev/e/derived_inert
12:36:23 AM [vite] (client) [console.warn] https://svelte.dev/e/derived_inert
12:36:23 AM [vite] (client) [console.warn] https://svelte.dev/e/derived_inert
12:36:23 AM [vite] (client) [console.warn] https://svelte.dev/e/derived_inert
12:36:23 AM [vite] (client) [console.warn] https://svelte.dev/e/derived_inert
12:36:23 AM [vite] (client) [console.warn] https://svelte.dev/e/derived_inert
12:36:23 AM [vite] (client) [console.warn] https://svelte.dev/e/derived_inert
12:36:23 AM [vite] (client) [console.warn] https://svelte.dev/e/derived_inert
12:36:23 AM [vite] (client) [console.warn] https://svelte.dev/e/derived_inert
12:36:23 AM [vite] (client) [console.warn] https://svelte.dev/e/derived_inert
12:36:23 AM [vite] (client) [console.warn] https://svelte.dev/e/derived_inert
12:36:23 AM [vite] (client) [console.warn] https://svelte.dev/e/derived_inert
12:36:24 AM [vite] (client) [console.warn] https://svelte.dev/e/derived_inert
12:36:24 AM [vite] (client) [console.warn] https://svelte.dev/e/derived_inert
12:36:24 AM [vite] (client) [console.warn] https://svelte.dev/e/derived_inert
12:36:24 AM [vite] (client) [console.warn] https://svelte.dev/e/derived_inert
12:36:24 AM [vite] (client) [console.warn] https://svelte.dev/e/derived_inert
12:36:24 AM [vite] (client) [console.warn] https://svelte.dev/e/derived_inert
12:36:24 AM [vite] (client) [console.warn] https://svelte.dev/e/derived_inert
12:36:24 AM [vite] (client) [console.warn] https://svelte.dev/e/derived_inert
12:36:24 AM [vite] (client) [console.warn] https://svelte.dev/e/derived_inert
12:36:24 AM [vite] (client) [console.warn] https://svelte.dev/e/derived_inert
12:36:24 AM [vite] (client) [console.warn] https://svelte.dev/e/derived_inert
12:36:24 AM [vite] (client) [console.warn] https://svelte.dev/e/derived_inert
12:36:24 AM [vite] (client) [console.warn] https://svelte.dev/e/derived_inert
12:36:24 AM [vite] (client) [console.warn] https://svelte.dev/e/derived_inert
12:36:24 AM [vite] (client) [console.warn] https://svelte.dev/e/derived_inert
12:36:24 AM [vite] (client) [console.warn] https://svelte.dev/e/derived_inert
12:36:24 AM [vite] (client) [console.warn] https://svelte.dev/e/derived_inert
12:36:28 AM [vite] (client) [console.warn] https://svelte.dev/e/derived_inert
12:36:28 AM [vite] (client) [console.warn] https://svelte.dev/e/derived_inert
12:36:28 AM [vite] (client) [console.warn] https://svelte.dev/e/derived_inert
12:36:28 AM [vite] (client) [console.warn] https://svelte.dev/e/derived_inert
12:36:28 AM [vite] (client) [console.warn] https://svelte.dev/e/derived_inert
12:36:28 AM [vite] (client) [console.warn] https://svelte.dev/e/derived_inert
12:36:30 AM [vite] (client) [console.warn] https://svelte.dev/e/derived_inert
12:36:30 AM [vite] (client) [console.warn] https://svelte.dev/e/derived_inert
12:36:30 AM [vite] (client) [console.warn] https://svelte.dev/e/derived_inert
12:36:30 AM [vite] (client) [console.warn] https://svelte.dev/e/derived_inert
12:36:30 AM [vite] (client) [console.warn] https://svelte.dev/e/derived_inert
12:36:30 AM [vite] (client) [console.warn] https://svelte.dev/e/derived_inert
12:36:30 AM [vite] (client) [console.warn] https://svelte.dev/e/derived_inert
12:36:30 AM [vite] (client) [console.warn] https://svelte.dev/e/derived_inert
12:36:30 AM [vite] (client) [console.warn] https://svelte.dev/e/derived_inert
12:36:30 AM [vite] (client) [console.warn] https://svelte.dev/e/derived_inert
12:36:30 AM [vite] (client) [console.warn] https://svelte.dev/e/derived_inert
12:36:30 AM [vite] (client) [console.warn] https://svelte.dev/e/derived_inert
12:36:30 AM [vite] (client) [console.warn] https://svelte.dev/e/derived_inert
12:36:30 AM [vite] (client) [console.warn] https://svelte.dev/e/derived_inert
12:36:30 AM [vite] (client) [console.warn] https://svelte.dev/e/derived_inert
12:36:30 AM [vite] (client) [console.warn] https://svelte.dev/e/derived_inert
12:36:30 AM [vite] (client) [console.warn] https://svelte.dev/e/derived_inert
12:36:30 AM [vite] (client) [console.warn] https://svelte.dev/e/derived_inert
12:36:30 AM [vite] (client) [console.warn] https://svelte.dev/e/derived_inert
12:36:30 AM [vite] (client) [console.warn] https://svelte.dev/e/derived_inert
12:36:30 AM [vite] (client) [console.warn] https://svelte.dev/e/derived_inert
12:36:30 AM [vite] (client) [console.warn] https://svelte.dev/e/derived_inert
12:36:30 AM [vite] (client) [console.warn] https://svelte.dev/e/derived_inert
12:36:30 AM [vite] (client) [console.warn] https://svelte.dev/e/derived_inert
12:36:30 AM [vite] (client) [console.warn] https://svelte.dev/e/derived_inert
12:36:30 AM [vite] (client) [console.warn] https://svelte.dev/e/derived_inert
12:36:30 AM [vite] (client) [console.warn] https://svelte.dev/e/derived_inert
12:36:30 AM [vite] (client) [console.warn] https://svelte.dev/e/derived_inert
12:36:30 AM [vite] (client) [console.warn] https://svelte.dev/e/derived_inert
12:36:30 AM [vite] (client) [console.warn] https://svelte.dev/e/derived_inert
12:36:30 AM [vite] (client) [console.warn] https://svelte.dev/e/derived_inert
12:36:30 AM [vite] (client) [console.warn] https://svelte.dev/e/derived_inert
12:36:30 AM [vite] (client) [console.warn] https://svelte.dev/e/derived_inert
12:36:30 AM [vite] (client) [console.warn] https://svelte.dev/e/derived_inert
12:36:30 AM [vite] (client) [console.warn] https://svelte.dev/e/derived_inert
12:36:30 AM [vite] (client) [console.warn] https://svelte.dev/e/derived_inert
12:36:30 AM [vite] (client) [console.warn] https://svelte.dev/e/derived_inert
12:36:30 AM [vite] (client) [console.warn] https://svelte.dev/e/derived_inert
12:36:30 AM [vite] (client) [console.warn] https://svelte.dev/e/derived_inert
12:36:30 AM [vite] (client) [console.warn] https://svelte.dev/e/derived_inert
12:36:30 AM [vite] (client) [console.warn] https://svelte.dev/e/derived_inert
12:36:30 AM [vite] (client) [console.warn] https://svelte.dev/e/derived_inert
12:36:30 AM [vite] (client) [console.warn] https://svelte.dev/e/derived_inert
12:36:30 AM [vite] (client) [console.warn] https://svelte.dev/e/derived_inert
12:36:30 AM [vite] (client) [console.warn] https://svelte.dev/e/derived_inert
12:36:30 AM [vite] (client) [console.warn] https://svelte.dev/e/derived_inert
12:36:30 AM [vite] (client) [console.warn] https://svelte.dev/e/derived_inert
12:36:30 AM [vite] (client) [console.warn] https://svelte.dev/e/derived_inert
12:36:31 AM [vite] (client) [console.warn] https://svelte.dev/e/derived_inert
12:36:31 AM [vite] (client) [console.warn] https://svelte.dev/e/derived_inert
12:36:31 AM [vite] (client) [console.warn] https://svelte.dev/e/derived_inert
12:36:31 AM [vite] (client) [console.warn] https://svelte.dev/e/derived_inert
12:36:31 AM [vite] (client) [console.warn] https://svelte.dev/e/derived_inert
12:36:31 AM [vite] (client) [console.warn] https://svelte.dev/e/derived_inert
12:36:31 AM [vite] (client) [console.warn] https://svelte.dev/e/derived_inert
12:36:31 AM [vite] (client) [console.warn] https://svelte.dev/e/derived_inert
12:36:31 AM [vite] (client) [console.warn] https://svelte.dev/e/derived_inert
12:36:31 AM [vite] (client) [console.warn] https://svelte.dev/e/derived_inert
12:36:31 AM [vite] (client) [console.warn] https://svelte.dev/e/derived_inert
12:36:31 AM [vite] (client) [console.warn] https://svelte.dev/e/derived_inert
12:36:31 AM [vite] (client) [console.warn] https://svelte.dev/e/derived_inert
12:36:31 AM [vite] (client) [console.warn] https://svelte.dev/e/derived_inert
12:36:31 AM [vite] (client) [console.warn] https://svelte.dev/e/derived_inert
12:36:31 AM [vite] (client) [console.warn] https://svelte.dev/e/derived_inert
12:36:31 AM [vite] (client) [console.warn] https://svelte.dev/e/derived_inert
12:36:31 AM [vite] (client) [console.warn] https://svelte.dev/e/derived_inert
12:36:31 AM [vite] (client) [console.warn] https://svelte.dev/e/derived_inert
12:36:31 AM [vite] (client) [console.warn] https://svelte.dev/e/derived_inert
12:36:31 AM [vite] (client) [console.warn] https://svelte.dev/e/derived_inert
12:36:31 AM [vite] (client) [console.warn] https://svelte.dev/e/derived_inert
12:36:31 AM [vite] (client) [console.warn] https://svelte.dev/e/derived_inert
12:36:31 AM [vite] (client) [console.warn] https://svelte.dev/e/derived_inert
12:36:31 AM [vite] (client) [console.warn] https://svelte.dev/e/derived_inert
12:36:31 AM [vite] (client) [console.warn] https://svelte.dev/e/derived_inert
12:36:31 AM [vite] (client) [console.warn] https://svelte.dev/e/derived_inert
12:36:31 AM [vite] (client) [console.warn] https://svelte.dev/e/derived_inert
12:36:31 AM [vite] (client) [console.warn] https://svelte.dev/e/derived_inert
12:36:31 AM [vite] (client) [console.warn] https://svelte.dev/e/derived_inert
12:36:31 AM [vite] (client) [console.warn] https://svelte.dev/e/derived_inert
12:36:31 AM [vite] (client) [console.warn] https://svelte.dev/e/derived_inert
12:36:31 AM [vite] (client) [console.warn] https://svelte.dev/e/derived_inert
12:36:31 AM [vite] (client) [console.warn] https://svelte.dev/e/derived_inert
12:36:31 AM [vite] (client) [console.warn] https://svelte.dev/e/derived_inert
12:36:31 AM [vite] (client) [console.warn] https://svelte.dev/e/derived_inert
12:36:31 AM [vite] (client) [console.warn] https://svelte.dev/e/derived_inert
12:36:31 AM [vite] (client) [console.warn] https://svelte.dev/e/derived_inert
12:36:31 AM [vite] (client) [console.warn] https://svelte.dev/e/derived_inert
12:36:31 AM [vite] (client) [console.warn] https://svelte.dev/e/derived_inert
12:36:31 AM [vite] (client) [console.warn] https://svelte.dev/e/derived_inert
12:36:31 AM [vite] (client) [console.warn] https://svelte.dev/e/derived_inert
12:36:31 AM [vite] (client) [console.warn] https://svelte.dev/e/derived_inert
12:36:31 AM [vite] (client) [console.warn] https://svelte.dev/e/derived_inert
12:36:31 AM [vite] (client) [console.warn] https://svelte.dev/e/derived_inert
12:36:31 AM [vite] (client) [console.warn] https://svelte.dev/e/derived_inert
12:36:31 AM [vite] (client) [console.warn] https://svelte.dev/e/derived_inert
12:36:31 AM [vite] (client) [console.warn] https://svelte.dev/e/derived_inert
12:36:31 AM [vite] (client) [console.warn] https://svelte.dev/e/derived_inert
12:36:31 AM [vite] (client) [console.warn] https://svelte.dev/e/derived_inert
12:36:31 AM [vite] (client) [console.warn] https://svelte.dev/e/derived_inert
12:36:31 AM [vite] (client) [console.warn] https://svelte.dev/e/derived_inert
12:36:31 AM [vite] (client) [console.warn] https://svelte.dev/e/derived_inert
12:36:31 AM [vite] (client) [console.warn] https://svelte.dev/e/derived_inert
12:36:31 AM [vite] (client) [console.warn] https://svelte.dev/e/derived_inert
12:36:31 AM [vite] (client) [console.warn] https://svelte.dev/e/derived_inert
12:36:31 AM [vite] (client) [console.warn] https://svelte.dev/e/derived_inert
12:36:31 AM [vite] (client) [console.warn] https://svelte.dev/e/derived_inert
12:36:31 AM [vite] (client) [console.warn] https://svelte.dev/e/derived_inert
12:36:31 AM [vite] (client) [console.warn] https://svelte.dev/e/derived_inert
12:36:31 AM [vite] (client) [console.warn] https://svelte.dev/e/derived_inert
12:36:31 AM [vite] (client) [console.warn] https://svelte.dev/e/derived_inert
12:36:31 AM [vite] (client) [console.warn] https://svelte.dev/e/derived_inert
12:36:31 AM [vite] (client) [console.warn] https://svelte.dev/e/derived_inert
12:36:31 AM [vite] (client) [console.warn] https://svelte.dev/e/derived_inert
12:36:31 AM [vite] (client) [console.warn] https://svelte.dev/e/derived_inert
12:36:31 AM [vite] (client) [console.warn] https://svelte.dev/e/derived_inert
12:36:31 AM [vite] (client) [console.warn] https://svelte.dev/e/derived_inert
12:36:31 AM [vite] (client) [console.warn] https://svelte.dev/e/derived_inert
12:36:31 AM [vite] (client) [console.warn] https://svelte.dev/e/derived_inert
12:36:31 AM [vite] (client) [console.warn] https://svelte.dev/e/derived_inert
12:36:31 AM [vite] (client) [console.warn] https://svelte.dev/e/derived_inert
12:36:31 AM [vite] (client) [console.warn] https://svelte.dev/e/derived_inert
12:36:31 AM [vite] (client) [console.warn] https://svelte.dev/e/derived_inert
12:36:31 AM [vite] (client) [console.warn] https://svelte.dev/e/derived_inert
12:36:31 AM [vite] (client) [console.warn] https://svelte.dev/e/derived_inert
12:36:31 AM [vite] (client) [console.warn] https://svelte.dev/e/derived_inert
12:36:31 AM [vite] (client) [console.warn] https://svelte.dev/e/derived_inert
12:36:31 AM [vite] (client) [console.warn] https://svelte.dev/e/derived_inert
12:36:31 AM [vite] (client) [console.warn] https://svelte.dev/e/derived_inert
12:36:31 AM [vite] (client) [console.warn] https://svelte.dev/e/derived_inert
12:36:34 AM [vite] (client) [console.warn] https://svelte.dev/e/derived_inert
12:36:34 AM [vite] (client) [console.warn] https://svelte.dev/e/derived_inert
12:36:34 AM [vite] (client) [console.warn] https://svelte.dev/e/derived_inert
12:36:34 AM [vite] (client) [console.warn] https://svelte.dev/e/derived_inert
12:36:34 AM [vite] (client) [console.warn] https://svelte.dev/e/derived_inert
12:36:34 AM [vite] (client) [console.warn] https://svelte.dev/e/derived_inert
12:36:34 AM [vite] (client) [console.warn] https://svelte.dev/e/derived_inert
12:36:34 AM [vite] (client) [console.warn] https://svelte.dev/e/derived_inert
12:36:34 AM [vite] (client) [console.warn] https://svelte.dev/e/derived_inert
12:36:34 AM [vite] (client) [console.warn] https://svelte.dev/e/derived_inert
12:36:34 AM [vite] (client) [console.warn] https://svelte.dev/e/derived_inert
12:36:34 AM [vite] (client) [console.warn] https://svelte.dev/e/derived_inert
12:36:34 AM [vite] (client) [console.warn] https://svelte.dev/e/derived_inert
12:36:34 AM [vite] (client) [console.warn] https://svelte.dev/e/derived_inert
12:36:34 AM [vite] (client) [console.warn] https://svelte.dev/e/derived_inert
12:36:34 AM [vite] (client) [console.warn] https://svelte.dev/e/derived_inert
12:36:34 AM [vite] (client) [console.warn] https://svelte.dev/e/derived_inert
12:36:34 AM [vite] (client) [console.warn] https://svelte.dev/e/derived_inert
12:36:34 AM [vite] (client) [console.warn] https://svelte.dev/e/derived_inert
12:36:34 AM [vite] (client) [console.warn] https://svelte.dev/e/derived_inert
12:36:34 AM [vite] (client) [console.warn] https://svelte.dev/e/derived_inert
12:36:34 AM [vite] (client) [console.warn] https://svelte.dev/e/derived_inert
12:36:34 AM [vite] (client) [console.warn] https://svelte.dev/e/derived_inert
12:36:34 AM [vite] (client) [console.warn] https://svelte.dev/e/derived_inert
12:36:34 AM [vite] (client) [console.warn] https://svelte.dev/e/derived_inert
12:36:34 AM [vite] (client) [console.warn] https://svelte.dev/e/derived_inert
12:36:34 AM [vite] (client) [console.warn] https://svelte.dev/e/derived_inert
12:36:34 AM [vite] (client) [console.warn] https://svelte.dev/e/derived_inert
12:36:34 AM [vite] (client) [console.warn] https://svelte.dev/e/derived_inert
12:36:34 AM [vite] (client) [console.warn] https://svelte.dev/e/derived_inert
12:36:35 AM [vite] (client) [console.error] Failed to send message Error: Try again
    at http://localhost:63315/Users/johnnynguyen/Documents/Repos/Banhall-bmad-learn-chat/.bmad-loop/runs/20260904-133944-0158/worktrees/6/src/lib/components/chat/RegenerateQueryState.component.test.ts?import&browserv=1788593795729:65:43
    at async http://localhost:63315/node_modules/@vitest/runner/dist/chunk-artifact.js?v=529185d0:1903:20
12:36:36 AM [vite] (client) [console.error] Failed to send message Error: Try again
    at http://localhost:63315/Users/johnnynguyen/Documents/Repos/Banhall-bmad-learn-chat/.bmad-loop/runs/20260904-133944-0158/worktrees/6/src/lib/components/chat/RegenerateQueryState.component.test.ts?import&browserv=1788593795729:65:43
    at async http://localhost:63315/node_modules/@vitest/runner/dist/chunk-artifact.js?v=529185d0:1903:20
12:36:36 AM [vite] (client) [console.warn] https://svelte.dev/e/derived_inert
12:36:36 AM [vite] (client) [console.warn] https://svelte.dev/e/derived_inert
12:36:36 AM [vite] (client) [console.warn] https://svelte.dev/e/derived_inert
12:36:36 AM [vite] (client) [console.warn] https://svelte.dev/e/derived_inert
12:36:36 AM [vite] (client) [console.warn] https://svelte.dev/e/derived_inert
12:36:36 AM [vite] (client) [console.warn] https://svelte.dev/e/derived_inert
12:36:36 AM [vite] (client) [console.warn] https://svelte.dev/e/derived_inert
12:36:36 AM [vite] (client) [console.warn] https://svelte.dev/e/derived_inert
12:36:36 AM [vite] (client) [console.warn] https://svelte.dev/e/derived_inert
12:36:36 AM [vite] (client) [console.warn] https://svelte.dev/e/derived_inert
12:36:36 AM [vite] (client) [console.warn] https://svelte.dev/e/derived_inert
12:36:36 AM [vite] (client) [console.warn] https://svelte.dev/e/derived_inert
12:36:36 AM [vite] (client) [console.warn] https://svelte.dev/e/derived_inert
12:36:36 AM [vite] (client) [console.warn] https://svelte.dev/e/derived_inert
12:36:36 AM [vite] (client) [console.warn] https://svelte.dev/e/derived_inert
12:36:36 AM [vite] (client) [console.warn] https://svelte.dev/e/derived_inert
12:36:36 AM [vite] (client) [console.warn] https://svelte.dev/e/derived_inert
12:36:36 AM [vite] (client) [console.warn] https://svelte.dev/e/derived_inert
12:36:36 AM [vite] (client) [console.warn] https://svelte.dev/e/derived_inert
12:36:36 AM [vite] (client) [console.warn] https://svelte.dev/e/derived_inert
12:36:36 AM [vite] (client) [console.warn] https://svelte.dev/e/derived_inert
12:36:36 AM [vite] (client) [console.warn] https://svelte.dev/e/derived_inert
12:36:36 AM [vite] (client) [console.warn] https://svelte.dev/e/derived_inert
12:36:36 AM [vite] (client) [console.warn] https://svelte.dev/e/derived_inert
12:36:36 AM [vite] (client) [console.warn] https://svelte.dev/e/derived_inert
12:36:36 AM [vite] (client) [console.warn] https://svelte.dev/e/derived_inert
12:36:36 AM [vite] (client) [console.warn] https://svelte.dev/e/derived_inert
12:36:36 AM [vite] (client) [console.warn] https://svelte.dev/e/derived_inert
12:36:36 AM [vite] (client) [console.warn] https://svelte.dev/e/derived_inert
12:36:36 AM [vite] (client) [console.warn] https://svelte.dev/e/derived_inert
12:36:36 AM [vite] (client) [console.warn] https://svelte.dev/e/derived_inert
12:36:36 AM [vite] (client) [console.warn] https://svelte.dev/e/derived_inert
12:36:36 AM [vite] (client) [console.warn] https://svelte.dev/e/derived_inert
12:36:36 AM [vite] (client) [console.warn] https://svelte.dev/e/derived_inert
12:36:36 AM [vite] (client) [console.warn] https://svelte.dev/e/derived_inert
12:36:36 AM [vite] (client) [console.warn] https://svelte.dev/e/derived_inert
12:36:36 AM [vite] (client) [console.warn] https://svelte.dev/e/derived_inert
12:36:36 AM [vite] (client) [console.warn] https://svelte.dev/e/derived_inert
12:36:36 AM [vite] (client) [console.warn] https://svelte.dev/e/derived_inert
12:36:36 AM [vite] (client) [console.warn] https://svelte.dev/e/derived_inert
12:36:36 AM [vite] (client) [console.warn] https://svelte.dev/e/derived_inert
12:36:36 AM [vite] (client) [console.warn] https://svelte.dev/e/derived_inert
12:36:36 AM [vite] (client) [console.warn] https://svelte.dev/e/derived_inert
12:36:36 AM [vite] (client) [console.warn] https://svelte.dev/e/derived_inert
12:36:36 AM [vite] (client) [console.warn] https://svelte.dev/e/derived_inert
12:36:36 AM [vite] (client) [console.warn] https://svelte.dev/e/derived_inert
12:36:36 AM [vite] (client) [console.warn] https://svelte.dev/e/derived_inert
12:36:36 AM [vite] (client) [console.warn] https://svelte.dev/e/derived_inert
12:36:36 AM [vite] (client) [console.warn] https://svelte.dev/e/derived_inert
12:36:36 AM [vite] (client) [console.warn] https://svelte.dev/e/derived_inert
12:36:36 AM [vite] (client) [console.warn] https://svelte.dev/e/derived_inert
12:36:36 AM [vite] (client) [console.warn] https://svelte.dev/e/derived_inert
12:36:36 AM [vite] (client) [console.warn] https://svelte.dev/e/derived_inert
12:36:36 AM [vite] (client) [console.warn] https://svelte.dev/e/derived_inert
12:36:36 AM [vite] (client) [console.warn] https://svelte.dev/e/derived_inert
12:36:36 AM [vite] (client) [console.warn] https://svelte.dev/e/derived_inert
12:36:36 AM [vite] (client) [console.warn] https://svelte.dev/e/derived_inert
12:36:36 AM [vite] (client) [console.warn] https://svelte.dev/e/derived_inert
12:36:36 AM [vite] (client) [console.warn] https://svelte.dev/e/derived_inert
12:36:36 AM [vite] (client) [console.warn] https://svelte.dev/e/derived_inert
12:36:36 AM [vite] (client) [console.warn] https://svelte.dev/e/derived_inert
12:36:36 AM [vite] (client) [console.warn] https://svelte.dev/e/derived_inert
12:36:36 AM [vite] (client) [console.warn] https://svelte.dev/e/derived_inert
12:36:36 AM [vite] (client) [console.warn] https://svelte.dev/e/derived_inert
12:36:36 AM [vite] (client) [console.warn] https://svelte.dev/e/derived_inert
12:36:36 AM [vite] (client) [console.warn] https://svelte.dev/e/derived_inert
12:36:36 AM [vite] (client) [console.warn] https://svelte.dev/e/derived_inert
12:36:36 AM [vite] (client) [console.warn] https://svelte.dev/e/derived_inert
12:36:36 AM [vite] (client) [console.warn] https://svelte.dev/e/derived_inert
12:36:36 AM [vite] (client) [console.warn] https://svelte.dev/e/derived_inert
12:36:36 AM [vite] (client) [console.warn] https://svelte.dev/e/derived_inert
12:36:36 AM [vite] (client) [console.warn] https://svelte.dev/e/derived_inert
12:36:36 AM [vite] (client) [console.warn] https://svelte.dev/e/derived_inert
12:36:36 AM [vite] (client) [console.warn] https://svelte.dev/e/derived_inert
12:36:36 AM [vite] (client) [console.warn] https://svelte.dev/e/derived_inert
12:36:36 AM [vite] (client) [console.warn] https://svelte.dev/e/derived_inert
12:36:36 AM [vite] (client) [console.warn] https://svelte.dev/e/derived_inert
12:36:36 AM [vite] (client) [console.warn] https://svelte.dev/e/derived_inert
12:36:36 AM [vite] (client) [console.warn] https://svelte.dev/e/derived_inert
12:36:36 AM [vite] (client) [console.warn] https://svelte.dev/e/derived_inert
12:36:36 AM [vite] (client) [console.warn] https://svelte.dev/e/derived_inert
12:36:36 AM [vite] (client) [console.warn] https://svelte.dev/e/derived_inert
12:36:36 AM [vite] (client) [console.warn] https://svelte.dev/e/derived_inert
12:36:36 AM [vite] (client) [console.warn] https://svelte.dev/e/derived_inert
12:36:36 AM [vite] (client) [console.warn] https://svelte.dev/e/derived_inert
12:36:36 AM [vite] (client) [console.warn] https://svelte.dev/e/derived_inert
12:36:36 AM [vite] (client) [console.warn] https://svelte.dev/e/derived_inert
12:36:36 AM [vite] (client) [console.warn] https://svelte.dev/e/derived_inert
12:36:36 AM [vite] (client) [console.warn] https://svelte.dev/e/derived_inert
12:36:36 AM [vite] (client) [console.warn] https://svelte.dev/e/derived_inert
12:36:36 AM [vite] (client) [console.warn] https://svelte.dev/e/derived_inert
12:36:36 AM [vite] (client) [console.warn] https://svelte.dev/e/derived_inert
12:36:36 AM [vite] (client) [console.warn] https://svelte.dev/e/derived_inert
12:36:36 AM [vite] (client) [console.warn] https://svelte.dev/e/derived_inert
12:36:36 AM [vite] (client) [console.warn] https://svelte.dev/e/derived_inert
12:36:36 AM [vite] (client) [console.warn] https://svelte.dev/e/derived_inert
12:36:36 AM [vite] (client) [console.warn] https://svelte.dev/e/derived_inert
12:36:36 AM [vite] (client) [console.warn] https://svelte.dev/e/derived_inert
12:36:36 AM [vite] (client) [console.warn] https://svelte.dev/e/derived_inert
12:36:36 AM [vite] (client) [console.warn] https://svelte.dev/e/derived_inert
12:36:36 AM [vite] (client) [console.warn] https://svelte.dev/e/derived_inert
12:36:36 AM [vite] (client) [console.warn] https://svelte.dev/e/derived_inert
12:36:36 AM [vite] (client) [console.warn] https://svelte.dev/e/derived_inert
12:36:36 AM [vite] (client) [console.warn] https://svelte.dev/e/derived_inert
12:36:36 AM [vite] (client) [console.warn] https://svelte.dev/e/derived_inert
12:36:36 AM [vite] (client) [console.warn] https://svelte.dev/e/derived_inert
12:36:36 AM [vite] (client) [console.warn] https://svelte.dev/e/derived_inert
12:36:36 AM [vite] (client) [console.warn] https://svelte.dev/e/derived_inert
12:36:36 AM [vite] (client) [console.warn] https://svelte.dev/e/derived_inert
12:36:36 AM [vite] (client) [console.warn] https://svelte.dev/e/derived_inert
12:36:36 AM [vite] (client) [console.warn] https://svelte.dev/e/derived_inert
12:36:36 AM [vite] (client) [console.warn] https://svelte.dev/e/derived_inert
12:36:36 AM [vite] (client) [console.warn] https://svelte.dev/e/derived_inert
12:36:36 AM [vite] (client) [console.warn] https://svelte.dev/e/derived_inert
12:36:36 AM [vite] (client) [console.warn] https://svelte.dev/e/derived_inert
12:36:36 AM [vite] (client) [console.warn] https://svelte.dev/e/derived_inert
12:36:36 AM [vite] (client) [console.warn] https://svelte.dev/e/derived_inert
12:36:36 AM [vite] (client) [console.warn] https://svelte.dev/e/derived_inert
12:36:36 AM [vite] (client) [console.warn] https://svelte.dev/e/derived_inert
12:36:36 AM [vite] (client) [console.warn] https://svelte.dev/e/derived_inert
12:36:36 AM [vite] (client) [console.warn] https://svelte.dev/e/derived_inert
12:36:36 AM [vite] (client) [console.warn] https://svelte.dev/e/derived_inert
12:36:36 AM [vite] (client) [console.warn] https://svelte.dev/e/derived_inert
12:36:36 AM [vite] (client) [console.warn] https://svelte.dev/e/derived_inert
12:36:36 AM [vite] (client) [console.warn] https://svelte.dev/e/derived_inert
12:36:36 AM [vite] (client) [console.warn] https://svelte.dev/e/derived_inert
12:36:36 AM [vite] (client) [console.warn] https://svelte.dev/e/derived_inert
12:36:36 AM [vite] (client) [console.warn] https://svelte.dev/e/derived_inert
12:36:36 AM [vite] (client) [console.warn] https://svelte.dev/e/derived_inert
12:36:36 AM [vite] (client) [console.warn] https://svelte.dev/e/derived_inert
12:36:36 AM [vite] (client) [console.warn] https://svelte.dev/e/derived_inert
12:36:36 AM [vite] (client) [console.warn] https://svelte.dev/e/derived_inert
12:36:36 AM [vite] (client) [console.warn] https://svelte.dev/e/derived_inert
12:36:36 AM [vite] (client) [console.warn] https://svelte.dev/e/derived_inert
12:36:36 AM [vite] (client) [console.warn] https://svelte.dev/e/derived_inert
12:36:36 AM [vite] (client) [console.warn] https://svelte.dev/e/derived_inert
12:36:36 AM [vite] (client) [console.warn] https://svelte.dev/e/derived_inert
12:36:36 AM [vite] (client) [console.warn] https://svelte.dev/e/derived_inert
12:36:36 AM [vite] (client) [console.warn] https://svelte.dev/e/derived_inert
12:36:36 AM [vite] (client) [console.warn] https://svelte.dev/e/derived_inert
12:36:36 AM [vite] (client) [console.warn] https://svelte.dev/e/derived_inert
12:36:36 AM [vite] (client) [console.warn] https://svelte.dev/e/derived_inert
12:36:36 AM [vite] (client) [console.warn] https://svelte.dev/e/derived_inert
12:36:36 AM [vite] (client) [console.warn] https://svelte.dev/e/derived_inert
12:36:36 AM [vite] (client) [console.warn] https://svelte.dev/e/derived_inert
12:36:36 AM [vite] (client) [console.warn] https://svelte.dev/e/derived_inert
12:36:36 AM [vite] (client) [console.warn] https://svelte.dev/e/derived_inert
12:36:36 AM [vite] (client) [console.warn] https://svelte.dev/e/derived_inert
12:36:36 AM [vite] (client) [console.warn] https://svelte.dev/e/derived_inert
12:36:36 AM [vite] (client) [console.warn] https://svelte.dev/e/derived_inert
12:36:36 AM [vite] (client) [console.warn] https://svelte.dev/e/derived_inert
12:36:36 AM [vite] (client) [console.warn] https://svelte.dev/e/derived_inert
12:36:36 AM [vite] (client) [console.warn] https://svelte.dev/e/derived_inert
12:36:36 AM [vite] (client) [console.warn] https://svelte.dev/e/derived_inert
12:36:36 AM [vite] (client) [console.warn] https://svelte.dev/e/derived_inert
12:36:36 AM [vite] (client) [console.warn] https://svelte.dev/e/derived_inert
12:36:36 AM [vite] (client) [console.warn] https://svelte.dev/e/derived_inert
12:36:36 AM [vite] (client) [console.warn] https://svelte.dev/e/derived_inert
12:36:36 AM [vite] (client) [console.warn] https://svelte.dev/e/derived_inert
12:36:36 AM [vite] (client) [console.warn] https://svelte.dev/e/derived_inert
12:36:36 AM [vite] (client) [console.warn] https://svelte.dev/e/derived_inert
12:36:36 AM [vite] (client) [console.warn] https://svelte.dev/e/derived_inert
12:36:36 AM [vite] (client) [console.warn] https://svelte.dev/e/derived_inert
12:36:36 AM [vite] (client) [console.warn] https://svelte.dev/e/derived_inert
12:36:36 AM [vite] (client) [console.warn] https://svelte.dev/e/derived_inert
12:36:36 AM [vite] (client) [console.warn] https://svelte.dev/e/derived_inert
12:36:36 AM [vite] (client) [console.warn] https://svelte.dev/e/derived_inert
12:36:36 AM [vite] (client) [console.warn] https://svelte.dev/e/derived_inert
12:36:36 AM [vite] (client) [console.warn] https://svelte.dev/e/derived_inert
12:36:36 AM [vite] (client) [console.warn] https://svelte.dev/e/derived_inert
12:36:36 AM [vite] (client) [console.warn] https://svelte.dev/e/derived_inert
12:36:36 AM [vite] (client) [console.warn] https://svelte.dev/e/derived_inert
12:36:36 AM [vite] (client) [console.warn] https://svelte.dev/e/derived_inert
12:36:36 AM [vite] (client) [console.warn] https://svelte.dev/e/derived_inert
12:36:37 AM [vite] (client) [console.warn] https://svelte.dev/e/derived_inert
12:36:39 AM [vite] (client) [console.warn] https://svelte.dev/e/derived_inert
12:36:39 AM [vite] (client) [console.warn] https://svelte.dev/e/derived_inert
12:36:39 AM [vite] (client) [console.warn] https://svelte.dev/e/derived_inert
12:36:39 AM [vite] (client) [console.warn] https://svelte.dev/e/derived_inert
12:36:39 AM [vite] (client) [console.warn] https://svelte.dev/e/derived_inert
12:36:43 AM [vite] (client) [console.warn] https://svelte.dev/e/derived_inert
12:36:43 AM [vite] (client) [console.warn] https://svelte.dev/e/derived_inert

 Test Files  57 passed (57)
      Tests  386 passed (386)
   Start at  00:36:03
   Duration  41.62s (transform 0ms, setup 907ms, import 12.89s, tests 23.68s, environment 0ms)
