
> banhall-app@0.1.0 test:component
> vitest run --config vitest.component.config.ts src/lib/components/chat/RegenerateQueryState.component.test.ts

12:28:29 AM [vite-plugin-svelte] no Svelte config found at /Users/johnnynguyen/Documents/Repos/Banhall-bmad-learn-chat/.bmad-loop/runs/20260904-133944-0158/worktrees/6 - using default configuration.

 RUN  v4.1.10 /Users/johnnynguyen/Documents/Repos/Banhall-bmad-learn-chat/.bmad-loop/runs/20260904-133944-0158/worktrees/6

12:28:29 AM [vite-plugin-svelte] no Svelte config found at /Users/johnnynguyen/Documents/Repos/Banhall-bmad-learn-chat/.bmad-loop/runs/20260904-133944-0158/worktrees/6 - using default configuration.
Port 63315 is in use, trying another one...
12:28:31 AM [vite] (client) [console.error] Failed to send message Error: Try again
    at http://localhost:63316/Users/johnnynguyen/Documents/Repos/Banhall-bmad-learn-chat/.bmad-loop/runs/20260904-133944-0158/worktrees/6/src/lib/components/chat/RegenerateQueryState.component.test.ts?import&browserv=1788593310753:64:43
    at async http://localhost:63316/node_modules/@vitest/runner/dist/chunk-artifact.js?v=529185d0:1903:20
12:28:31 AM [vite] (client) [console.error] Failed to send message Error: Try again
    at http://localhost:63316/Users/johnnynguyen/Documents/Repos/Banhall-bmad-learn-chat/.bmad-loop/runs/20260904-133944-0158/worktrees/6/src/lib/components/chat/RegenerateQueryState.component.test.ts?import&browserv=1788593310753:64:43
    at async http://localhost:63316/node_modules/@vitest/runner/dist/chunk-artifact.js?v=529185d0:1903:20
 ❯ |component (chromium)| src/lib/components/chat/RegenerateQueryState.component.test.ts (8 tests | 4 failed) 60364ms
   × blocks regeneration until loading research data recovers and active research ends 15044ms
   × blocks regeneration until stale research data recovers and active research ends 14996ms
   × blocks regeneration until error research data recovers and active research ends 15065ms
   × renders one unanswered queued durable turn without a regenerate action 14983ms

⎯⎯⎯⎯⎯⎯⎯ Failed Tests 4 ⎯⎯⎯⎯⎯⎯⎯

 FAIL  |component (chromium)| src/lib/components/chat/RegenerateQueryState.component.test.ts > blocks regeneration until loading research data recovers and active research ends
 FAIL  |component (chromium)| src/lib/components/chat/RegenerateQueryState.component.test.ts > blocks regeneration until stale research data recovers and active research ends
 FAIL  |component (chromium)| src/lib/components/chat/RegenerateQueryState.component.test.ts > blocks regeneration until error research data recovers and active research ends
Error: [2mexpect([22m[31melement[39m[2m).toBeDisabled()[22m

Received element is not disabled:
  [31m<button
  aria-busy="false"
  class="inline-flex shrink-0 items-center justify-center gap-1.5 rounded-lg text-xs font-medium transition-colors focus-visible:outline-none focus-visible:ring-2 focus-visible:ring-offset-2 disabled:pointer-events-none disabled:opacity-50 motion-reduce:transition-none text-ink-secondary hover:bg-primary-wash hover:text-navy focus-visible:ring-primary min-h-9 px-2 pointer-coarse:min-h-11"
  type="button"
/>[39m

Failure screenshots:
  - src/lib/components/chat/__screenshots__/RegenerateQueryState.component.test.ts/blocks-regeneration-until-loading-research-data-recovers-and-active-research-ends-1.png
  - src/lib/components/chat/__screenshots__/RegenerateQueryState.component.test.ts/blocks-regeneration-until-stale-research-data-recovers-and-active-research-ends-1.png
  - src/lib/components/chat/__screenshots__/RegenerateQueryState.component.test.ts/blocks-regeneration-until-error-research-data-recovers-and-active-research-ends-1.png

 ❯ src/lib/components/chat/RegenerateQueryState.component.test.ts:60:37
     58|   else __setQueryError("research:listSessions", new Error("Research un…
     59|   await render(AgentChatPanel, { reportId, projectId });
     60|   await expect.element(regenerate()).toBeDisabled();
       |                                     ^
     61|   expect(__mutationCalls("chatV2:sendMessage")).toHaveLength(0);
     62|   __setQueryStale("research:listSessions", false);

Caused by: Error: Matcher did not succeed in time.
 ❯ src/lib/components/chat/RegenerateQueryState.component.test.ts:60:2

⎯⎯⎯⎯⎯⎯⎯⎯⎯⎯⎯⎯⎯⎯⎯⎯⎯⎯⎯⎯⎯⎯⎯⎯[1/4]⎯

 FAIL  |component (chromium)| src/lib/components/chat/RegenerateQueryState.component.test.ts > renders one unanswered queued durable turn without a regenerate action
VitestBrowserElementError: Cannot find element with locator: getByText('Queued…', { exact: true })

[36m<body>[39m
  [0m


[0m
  [36m<div>[39m
    [36m<div[39m
      [33mclass[39m=[32m"flex h-full flex-col bg-white"[39m
    [36m>[39m
      [36m<div[39m …[36m />[39m
      [0m [0m
      [90m<!---->[39m
      [36m<div[39m …[36m />[39m
      [90m<!---->[39m
      [0m [0m
      [36m<div[39m …[36m />[39m
      [90m<!---->[39m
    [36m</div>[39m
    [0m[0m
  [36m</div>[39m
  [90m<!---->[39m
  [90m<!---->[39m
  [90m<!---->[39m
  [90m<!---->[39m
  [90m<!---->[39m
  [0m[0m
  [0m[0m
  [0m[0m
  [0m[0m
  [0m[0m
  [0m[0m
  [90m<!---->[39m
  [90m<!---->[39m
  [90m<!---->[39m
  [90m<!---->[39m
  [90m<!---->[39m
  [0m[0m
  [0m[0m
  [0m[0m
  [0m[0m
  [0m[0m
  [0m[0m
[36m</body>[39m

Failure screenshot:
  - src/lib/components/chat/__screenshots__/RegenerateQueryState.component.test.ts/renders-one-unanswered-queued-durable-turn-without-a-regenerate-action-1.png

 ❯ src/lib/components/chat/RegenerateQueryState.component.test.ts:75:63
     73|   await render(AgentChatPanel, { reportId, projectId });
     74|   const label = status === "queued" ? "Starting…" : status === "runnin…
     75|   await expect.element(page.getByText(label, { exact: true })).toBeVis…
       |                                                               ^
     76|   expect(page.getByText(label, { exact: true }).elements()).toHaveLeng…
     77|   expect(regenerate().elements()).toHaveLength(0);

Caused by: Error: Matcher did not succeed in time.
 ❯ src/lib/components/chat/RegenerateQueryState.component.test.ts:75:2

⎯⎯⎯⎯⎯⎯⎯⎯⎯⎯⎯⎯⎯⎯⎯⎯⎯⎯⎯⎯⎯⎯⎯⎯[2/4]⎯


 Test Files  1 failed (1)
      Tests  4 failed | 4 passed (8)
   Start at  00:28:29
   Duration  62.96s (transform 0ms, setup 552ms, import 939ms, tests 60.36s, environment 0ms)
