
> banhall-app@0.1.0 test:component
> vitest run --config vitest.component.config.ts src/lib/components/chat/RegenerateTurn.component.test.ts

12:28:19 AM [vite-plugin-svelte] no Svelte config found at /Users/johnnynguyen/Documents/Repos/Banhall-bmad-learn-chat/.bmad-loop/runs/20260904-133944-0158/worktrees/6 - using default configuration.

 RUN  v4.1.10 /Users/johnnynguyen/Documents/Repos/Banhall-bmad-learn-chat/.bmad-loop/runs/20260904-133944-0158/worktrees/6

12:28:19 AM [vite-plugin-svelte] no Svelte config found at /Users/johnnynguyen/Documents/Repos/Banhall-bmad-learn-chat/.bmad-loop/runs/20260904-133944-0158/worktrees/6 - using default configuration.
12:28:23 AM [vite] (client) [console.error] Failed to send message Error: Resend unavailable
    at http://localhost:63315/Users/johnnynguyen/Documents/Repos/Banhall-bmad-learn-chat/.bmad-loop/runs/20260904-133944-0158/worktrees/6/src/lib/components/chat/RegenerateTurn.component.test.ts?import&browserv=1788593301489:194:43
    at async http://localhost:63315/node_modules/@vitest/runner/dist/chunk-artifact.js?v=529185d0:1903:20
12:28:24 AM [vite] (client) [console.error] Failed to send message Error: Please retry resend
    at http://localhost:63315/Users/johnnynguyen/Documents/Repos/Banhall-bmad-learn-chat/.bmad-loop/runs/20260904-133944-0158/worktrees/6/src/lib/components/chat/RegenerateTurn.component.test.ts?import&browserv=1788593301489:364:43
    at async http://localhost:63315/node_modules/@vitest/runner/dist/chunk-artifact.js?v=529185d0:1903:20
 ❯ |component (chromium)| src/lib/components/chat/RegenerateTurn.component.test.ts (30 tests | 3 failed) 48981ms
   × disables regeneration while a composer mutation is pending 15041ms
   × disables regeneration while a research mutation is pending 15061ms
   × blocks composer activation after regeneration until its durable turn is published 15029ms

⎯⎯⎯⎯⎯⎯⎯ Failed Tests 3 ⎯⎯⎯⎯⎯⎯⎯

 FAIL  |component (chromium)| src/lib/components/chat/RegenerateTurn.component.test.ts > disables regeneration while a composer mutation is pending
 FAIL  |component (chromium)| src/lib/components/chat/RegenerateTurn.component.test.ts > disables regeneration while a research mutation is pending
Error: [2mexpect([22m[31melement[39m[2m).toBeDisabled()[22m

Received element is not disabled:
  [31m<button
  aria-busy="false"
  class="inline-flex shrink-0 items-center justify-center gap-1.5 rounded-lg text-xs font-medium transition-colors focus-visible:outline-none focus-visible:ring-2 focus-visible:ring-offset-2 disabled:pointer-events-none disabled:opacity-50 motion-reduce:transition-none text-ink-secondary hover:bg-primary-wash hover:text-navy focus-visible:ring-primary min-h-9 px-2 pointer-coarse:min-h-11"
  type="button"
/>[39m

Failure screenshots:
  - src/lib/components/chat/__screenshots__/RegenerateTurn.component.test.ts/disables-regeneration-while-a-composer-mutation-is-pending-1.png
  - src/lib/components/chat/__screenshots__/RegenerateTurn.component.test.ts/disables-regeneration-while-a-research-mutation-is-pending-1.png

 ❯ src/lib/components/chat/RegenerateTurn.component.test.ts:213:37
    211|   settle(kind === "research" ? "research-published" : { threadId: "thr…
    212|   await expect.element(page.getByRole("textbox")).toHaveValue("");
    213|   await expect.element(regenerate()).toBeDisabled();
       |                                     ^
    214|   if (kind === "research") {
    215|     __setQueryData("research:listSessions", [{ _id: "research-publishe…

Caused by: Error: Matcher did not succeed in time.
 ❯ src/lib/components/chat/RegenerateTurn.component.test.ts:213:2

⎯⎯⎯⎯⎯⎯⎯⎯⎯⎯⎯⎯⎯⎯⎯⎯⎯⎯⎯⎯⎯⎯⎯⎯[1/3]⎯

 FAIL  |component (chromium)| src/lib/components/chat/RegenerateTurn.component.test.ts > blocks composer activation after regeneration until its durable turn is published
Error: [2mexpect([22m[31melement[39m[2m).toBeDisabled()[22m

Received element is not disabled:
  [31m<button
  aria-label="Send message"
  class="group flex h-8 shrink-0 items-center justify-center rounded-full bg-navy px-4 text-white transition-[box-shadow,transform] hover:bg-navy-light active:translate-y-px disabled:opacity-10"
  title="Send"
/>[39m

Failure screenshot:
  - src/lib/components/chat/__screenshots__/RegenerateTurn.component.test.ts/blocks-composer-activation-after-regeneration-until-its-durable-turn-is-published-1.png

 ❯ src/lib/components/chat/RegenerateTurn.component.test.ts:328:88
    326|   await page.getByRole("textbox").fill("Keep this draft");
    327|   await regenerate().click();
    328|   await expect.element(page.getByRole("button", { name: "Send message"…
       |                                                                                        ^
    329|   await page.getByRole("textbox").click();
    330|   await userEvent.keyboard("{Enter}");

Caused by: Error: Matcher did not succeed in time.
 ❯ src/lib/components/chat/RegenerateTurn.component.test.ts:328:2

⎯⎯⎯⎯⎯⎯⎯⎯⎯⎯⎯⎯⎯⎯⎯⎯⎯⎯⎯⎯⎯⎯⎯⎯[2/3]⎯


 Test Files  1 failed (1)
      Tests  3 failed | 27 passed (30)
   Start at  00:28:19
   Duration  51.74s (transform 0ms, setup 608ms, import 882ms, tests 48.98s, environment 0ms)
