
> banhall-app@0.1.0 test:component
> vitest run --config vitest.component.config.ts

12:25:31 AM [vite-plugin-svelte] no Svelte config found at /Users/johnnynguyen/Documents/Repos/Banhall-bmad-learn-chat/.bmad-loop/runs/20260904-133944-0158/worktrees/6 - using default configuration.

 RUN  v4.1.10 /Users/johnnynguyen/Documents/Repos/Banhall-bmad-learn-chat/.bmad-loop/runs/20260904-133944-0158/worktrees/6

12:25:31 AM [vite-plugin-svelte] no Svelte config found at /Users/johnnynguyen/Documents/Repos/Banhall-bmad-learn-chat/.bmad-loop/runs/20260904-133944-0158/worktrees/6 - using default configuration.
12:26:00 AM [vite] (client) [console.warn] https://svelte.dev/e/derived_inert
12:26:00 AM [vite] (client) [console.warn] https://svelte.dev/e/derived_inert
12:26:00 AM [vite] (client) [console.warn] https://svelte.dev/e/derived_inert
12:26:00 AM [vite] (client) [console.warn] https://svelte.dev/e/derived_inert
12:26:00 AM [vite] (client) [console.warn] https://svelte.dev/e/derived_inert
12:26:00 AM [vite] (client) [console.warn] https://svelte.dev/e/derived_inert
12:26:00 AM [vite] (client) [console.warn] https://svelte.dev/e/derived_inert
12:26:00 AM [vite] (client) [console.warn] https://svelte.dev/e/derived_inert
12:26:00 AM [vite] (client) [console.warn] https://svelte.dev/e/derived_inert
12:26:01 AM [vite] (client) [console.warn] https://svelte.dev/e/derived_inert
12:26:01 AM [vite] (client) [console.warn] https://svelte.dev/e/derived_inert
12:26:01 AM [vite] (client) [console.warn] https://svelte.dev/e/derived_inert
12:26:01 AM [vite] (client) [console.warn] https://svelte.dev/e/derived_inert
12:26:01 AM [vite] (client) [console.warn] https://svelte.dev/e/derived_inert
12:26:01 AM [vite] (client) [console.warn] https://svelte.dev/e/derived_inert
12:26:01 AM [vite] (client) [console.warn] https://svelte.dev/e/derived_inert
12:26:01 AM [vite] (client) [console.warn] https://svelte.dev/e/derived_inert
12:26:01 AM [vite] (client) [console.warn] https://svelte.dev/e/derived_inert
12:26:01 AM [vite] (client) [console.warn] https://svelte.dev/e/derived_inert
12:26:01 AM [vite] (client) [console.warn] https://svelte.dev/e/derived_inert
12:26:01 AM [vite] (client) [console.warn] https://svelte.dev/e/derived_inert
12:26:01 AM [vite] (client) [console.warn] https://svelte.dev/e/derived_inert
12:26:01 AM [vite] (client) [console.warn] https://svelte.dev/e/derived_inert
12:26:01 AM [vite] (client) [console.warn] https://svelte.dev/e/derived_inert
12:26:01 AM [vite] (client) [console.warn] https://svelte.dev/e/derived_inert
12:26:01 AM [vite] (client) [console.warn] https://svelte.dev/e/derived_inert
12:26:01 AM [vite] (client) [console.warn] https://svelte.dev/e/derived_inert
12:26:01 AM [vite] (client) [console.warn] https://svelte.dev/e/derived_inert
12:26:01 AM [vite] (client) [console.warn] https://svelte.dev/e/derived_inert
12:26:01 AM [vite] (client) [console.warn] https://svelte.dev/e/derived_inert
12:26:01 AM [vite] (client) [console.warn] https://svelte.dev/e/derived_inert
12:26:01 AM [vite] (client) [console.warn] https://svelte.dev/e/derived_inert
12:26:01 AM [vite] (client) [console.warn] https://svelte.dev/e/derived_inert
12:26:01 AM [vite] (client) [console.warn] https://svelte.dev/e/derived_inert
12:26:01 AM [vite] (client) [console.warn] https://svelte.dev/e/derived_inert
12:26:01 AM [vite] (client) [console.warn] https://svelte.dev/e/derived_inert
12:26:01 AM [vite] (client) [console.warn] https://svelte.dev/e/derived_inert
12:26:02 AM [vite] (client) [console.warn] https://svelte.dev/e/derived_inert
12:26:02 AM [vite] (client) [console.warn] https://svelte.dev/e/derived_inert
12:26:02 AM [vite] (client) [console.warn] https://svelte.dev/e/derived_inert
12:26:02 AM [vite] (client) [console.warn] https://svelte.dev/e/derived_inert
12:26:02 AM [vite] (client) [console.warn] https://svelte.dev/e/derived_inert
12:26:02 AM [vite] (client) [console.warn] https://svelte.dev/e/derived_inert
12:26:02 AM [vite] (client) [console.warn] https://svelte.dev/e/derived_inert
12:26:02 AM [vite] (client) [console.warn] https://svelte.dev/e/derived_inert
12:26:02 AM [vite] (client) [console.warn] https://svelte.dev/e/derived_inert
12:26:02 AM [vite] (client) [console.warn] https://svelte.dev/e/derived_inert
12:26:02 AM [vite] (client) [console.warn] https://svelte.dev/e/derived_inert
12:26:02 AM [vite] (client) [console.warn] https://svelte.dev/e/derived_inert
12:26:02 AM [vite] (client) [console.warn] https://svelte.dev/e/derived_inert
12:26:02 AM [vite] (client) [console.warn] https://svelte.dev/e/derived_inert
12:26:02 AM [vite] (client) [console.warn] https://svelte.dev/e/derived_inert
12:26:02 AM [vite] (client) [console.warn] https://svelte.dev/e/derived_inert
12:26:02 AM [vite] (client) [console.warn] https://svelte.dev/e/derived_inert
12:26:02 AM [vite] (client) [console.warn] https://svelte.dev/e/derived_inert
12:26:02 AM [vite] (client) [console.warn] https://svelte.dev/e/derived_inert
12:26:02 AM [vite] (client) [console.warn] https://svelte.dev/e/derived_inert
12:26:03 AM [vite] (client) [console.warn] https://svelte.dev/e/derived_inert
12:26:03 AM [vite] (client) [console.warn] https://svelte.dev/e/derived_inert
12:26:03 AM [vite] (client) [console.warn] https://svelte.dev/e/derived_inert
12:26:03 AM [vite] (client) [console.warn] https://svelte.dev/e/derived_inert
12:26:03 AM [vite] (client) [console.warn] https://svelte.dev/e/derived_inert
12:26:03 AM [vite] (client) [console.warn] https://svelte.dev/e/derived_inert
12:26:03 AM [vite] (client) [console.warn] https://svelte.dev/e/derived_inert
12:26:03 AM [vite] (client) [console.warn] https://svelte.dev/e/derived_inert
12:26:03 AM [vite] (client) [console.warn] https://svelte.dev/e/derived_inert
12:26:03 AM [vite] (client) [console.warn] https://svelte.dev/e/derived_inert
12:26:03 AM [vite] (client) [console.warn] https://svelte.dev/e/derived_inert
12:26:03 AM [vite] (client) [console.warn] https://svelte.dev/e/derived_inert
12:26:03 AM [vite] (client) [console.warn] https://svelte.dev/e/derived_inert
12:26:03 AM [vite] (client) [console.warn] https://svelte.dev/e/derived_inert
12:26:03 AM [vite] (client) [console.warn] https://svelte.dev/e/derived_inert
12:26:03 AM [vite] (client) [console.warn] https://svelte.dev/e/derived_inert
12:26:03 AM [vite] (client) [console.warn] https://svelte.dev/e/derived_inert
12:26:03 AM [vite] (client) [console.warn] https://svelte.dev/e/derived_inert
12:26:03 AM [vite] (client) [console.warn] https://svelte.dev/e/derived_inert
12:26:03 AM [vite] (client) [console.warn] https://svelte.dev/e/derived_inert
12:26:03 AM [vite] (client) [console.warn] https://svelte.dev/e/derived_inert
12:26:03 AM [vite] (client) [console.warn] https://svelte.dev/e/derived_inert
12:26:03 AM [vite] (client) [console.warn] https://svelte.dev/e/derived_inert
12:26:03 AM [vite] (client) [console.warn] https://svelte.dev/e/derived_inert
12:26:03 AM [vite] (client) [console.warn] https://svelte.dev/e/derived_inert
12:26:03 AM [vite] (client) [console.warn] https://svelte.dev/e/derived_inert
12:26:03 AM [vite] (client) [console.warn] https://svelte.dev/e/derived_inert
12:26:03 AM [vite] (client) [console.warn] https://svelte.dev/e/derived_inert
12:26:03 AM [vite] (client) [console.warn] https://svelte.dev/e/derived_inert
12:26:03 AM [vite] (client) [console.warn] https://svelte.dev/e/derived_inert
12:26:03 AM [vite] (client) [console.warn] https://svelte.dev/e/derived_inert
12:26:03 AM [vite] (client) [console.warn] https://svelte.dev/e/derived_inert
12:26:03 AM [vite] (client) [console.warn] https://svelte.dev/e/derived_inert
12:26:03 AM [vite] (client) [console.warn] https://svelte.dev/e/derived_inert
12:26:03 AM [vite] (client) [console.warn] https://svelte.dev/e/derived_inert
12:26:03 AM [vite] (client) [console.warn] https://svelte.dev/e/derived_inert
12:26:03 AM [vite] (client) [console.warn] https://svelte.dev/e/derived_inert
12:26:03 AM [vite] (client) [console.warn] https://svelte.dev/e/derived_inert
12:26:03 AM [vite] (client) [console.warn] https://svelte.dev/e/derived_inert
12:26:03 AM [vite] (client) [console.warn] https://svelte.dev/e/derived_inert
12:26:03 AM [vite] (client) [console.warn] https://svelte.dev/e/derived_inert
12:26:03 AM [vite] (client) [console.warn] https://svelte.dev/e/derived_inert
12:26:03 AM [vite] (client) [console.warn] https://svelte.dev/e/derived_inert
12:26:03 AM [vite] (client) [console.warn] https://svelte.dev/e/derived_inert
12:26:03 AM [vite] (client) [console.warn] https://svelte.dev/e/derived_inert
12:26:03 AM [vite] (client) [console.warn] https://svelte.dev/e/derived_inert
12:26:03 AM [vite] (client) [console.warn] https://svelte.dev/e/derived_inert
12:26:03 AM [vite] (client) [console.warn] https://svelte.dev/e/derived_inert
12:26:03 AM [vite] (client) [console.warn] https://svelte.dev/e/derived_inert
12:26:03 AM [vite] (client) [console.warn] https://svelte.dev/e/derived_inert
12:26:04 AM [vite] (client) [console.warn] https://svelte.dev/e/derived_inert
12:26:04 AM [vite] (client) [console.warn] https://svelte.dev/e/derived_inert
12:26:04 AM [vite] (client) [console.warn] https://svelte.dev/e/derived_inert
12:26:04 AM [vite] (client) [console.warn] https://svelte.dev/e/derived_inert
12:26:04 AM [vite] (client) [console.warn] https://svelte.dev/e/derived_inert
12:26:04 AM [vite] (client) [console.warn] https://svelte.dev/e/derived_inert
12:26:04 AM [vite] (client) [console.warn] https://svelte.dev/e/derived_inert
12:26:04 AM [vite] (client) [console.warn] https://svelte.dev/e/derived_inert
12:26:04 AM [vite] (client) [console.warn] https://svelte.dev/e/derived_inert
12:26:04 AM [vite] (client) [console.warn] https://svelte.dev/e/derived_inert
12:26:04 AM [vite] (client) [console.warn] https://svelte.dev/e/derived_inert
12:26:04 AM [vite] (client) [console.warn] https://svelte.dev/e/derived_inert
12:26:04 AM [vite] (client) [console.warn] https://svelte.dev/e/derived_inert
12:26:04 AM [vite] (client) [console.warn] https://svelte.dev/e/derived_inert
12:26:04 AM [vite] (client) [console.warn] https://svelte.dev/e/derived_inert
12:26:05 AM [vite] (client) [console.warn] https://svelte.dev/e/derived_inert
12:26:05 AM [vite] (client) [console.warn] https://svelte.dev/e/derived_inert
12:26:05 AM [vite] (client) [console.warn] https://svelte.dev/e/derived_inert
12:26:05 AM [vite] (client) [console.warn] https://svelte.dev/e/derived_inert
12:26:05 AM [vite] (client) [console.warn] https://svelte.dev/e/derived_inert
12:26:05 AM [vite] (client) [console.warn] https://svelte.dev/e/derived_inert
12:26:05 AM [vite] (client) [console.warn] https://svelte.dev/e/derived_inert
12:26:05 AM [vite] (client) [console.warn] https://svelte.dev/e/derived_inert
12:26:05 AM [vite] (client) [console.warn] https://svelte.dev/e/derived_inert
12:26:05 AM [vite] (client) [console.warn] https://svelte.dev/e/derived_inert
12:26:05 AM [vite] (client) [console.warn] https://svelte.dev/e/derived_inert
12:26:05 AM [vite] (client) [console.warn] https://svelte.dev/e/derived_inert
12:26:06 AM [vite] (client) [console.warn] https://svelte.dev/e/derived_inert
12:26:06 AM [vite] (client) [console.warn] https://svelte.dev/e/derived_inert
12:26:06 AM [vite] (client) [console.warn] https://svelte.dev/e/derived_inert
12:26:06 AM [vite] (client) [console.warn] https://svelte.dev/e/derived_inert
12:26:06 AM [vite] (client) [console.warn] https://svelte.dev/e/derived_inert
12:26:06 AM [vite] (client) [console.warn] https://svelte.dev/e/derived_inert
12:26:06 AM [vite] (client) [console.warn] https://svelte.dev/e/derived_inert
12:26:06 AM [vite] (client) [console.warn] https://svelte.dev/e/derived_inert
12:26:06 AM [vite] (client) [console.warn] https://svelte.dev/e/derived_inert
12:26:06 AM [vite] (client) [console.warn] https://svelte.dev/e/derived_inert
12:26:06 AM [vite] (client) [console.warn] https://svelte.dev/e/derived_inert
12:26:06 AM [vite] (client) [console.warn] https://svelte.dev/e/derived_inert
12:26:06 AM [vite] (client) [console.warn] https://svelte.dev/e/derived_inert
12:26:06 AM [vite] (client) [console.warn] https://svelte.dev/e/derived_inert
12:26:06 AM [vite] (client) [console.warn] https://svelte.dev/e/derived_inert
12:26:06 AM [vite] (client) [console.warn] https://svelte.dev/e/derived_inert
12:26:06 AM [vite] (client) [console.warn] https://svelte.dev/e/derived_inert
12:26:06 AM [vite] (client) [console.warn] https://svelte.dev/e/derived_inert
12:26:06 AM [vite] (client) [console.warn] https://svelte.dev/e/derived_inert
12:26:06 AM [vite] (client) [console.warn] https://svelte.dev/e/derived_inert
12:26:06 AM [vite] (client) [console.warn] https://svelte.dev/e/derived_inert
12:26:06 AM [vite] (client) [console.warn] https://svelte.dev/e/derived_inert
12:26:06 AM [vite] (client) [console.warn] https://svelte.dev/e/derived_inert
12:26:06 AM [vite] (client) [console.warn] https://svelte.dev/e/derived_inert
12:26:06 AM [vite] (client) [console.warn] https://svelte.dev/e/derived_inert
12:26:06 AM [vite] (client) [console.warn] https://svelte.dev/e/derived_inert
12:26:06 AM [vite] (client) [console.warn] https://svelte.dev/e/derived_inert
12:26:06 AM [vite] (client) [console.warn] https://svelte.dev/e/derived_inert
12:26:06 AM [vite] (client) [console.warn] https://svelte.dev/e/derived_inert
12:26:06 AM [vite] (client) [console.warn] https://svelte.dev/e/derived_inert
12:26:06 AM [vite] (client) [console.warn] https://svelte.dev/e/derived_inert
12:26:06 AM [vite] (client) [console.warn] https://svelte.dev/e/derived_inert
12:26:06 AM [vite] (client) [console.warn] https://svelte.dev/e/derived_inert
12:26:07 AM [vite] (client) [console.warn] https://svelte.dev/e/derived_inert
12:26:07 AM [vite] (client) [console.warn] https://svelte.dev/e/derived_inert
12:26:07 AM [vite] (client) [console.warn] https://svelte.dev/e/derived_inert
12:26:07 AM [vite] (client) [console.warn] https://svelte.dev/e/derived_inert
12:26:07 AM [vite] (client) [console.warn] https://svelte.dev/e/derived_inert
12:26:07 AM [vite] (client) [console.warn] https://svelte.dev/e/derived_inert
12:26:07 AM [vite] (client) [console.warn] https://svelte.dev/e/derived_inert
12:26:07 AM [vite] (client) [console.warn] https://svelte.dev/e/derived_inert
12:26:07 AM [vite] (client) [console.warn] https://svelte.dev/e/derived_inert
12:26:07 AM [vite] (client) [console.warn] https://svelte.dev/e/derived_inert
12:26:07 AM [vite] (client) [console.warn] https://svelte.dev/e/derived_inert
12:26:07 AM [vite] (client) [console.warn] https://svelte.dev/e/derived_inert
12:26:07 AM [vite] (client) [console.warn] https://svelte.dev/e/derived_inert
12:26:07 AM [vite] (client) [console.warn] https://svelte.dev/e/derived_inert
12:26:07 AM [vite] (client) [console.warn] https://svelte.dev/e/derived_inert
12:26:07 AM [vite] (client) [console.warn] https://svelte.dev/e/derived_inert
12:26:07 AM [vite] (client) [console.warn] https://svelte.dev/e/derived_inert
12:26:07 AM [vite] (client) [console.warn] https://svelte.dev/e/derived_inert
12:26:07 AM [vite] (client) [console.warn] https://svelte.dev/e/derived_inert
12:26:07 AM [vite] (client) [console.warn] https://svelte.dev/e/derived_inert
12:26:07 AM [vite] (client) [console.warn] https://svelte.dev/e/derived_inert
12:26:08 AM [vite] (client) [console.warn] https://svelte.dev/e/derived_inert
12:26:08 AM [vite] (client) [console.warn] https://svelte.dev/e/derived_inert
12:26:08 AM [vite] (client) [console.warn] https://svelte.dev/e/derived_inert
12:26:08 AM [vite] (client) [console.warn] https://svelte.dev/e/derived_inert
12:26:08 AM [vite] (client) [console.warn] https://svelte.dev/e/derived_inert
12:26:08 AM [vite] (client) [console.warn] https://svelte.dev/e/derived_inert
12:26:08 AM [vite] (client) [console.warn] https://svelte.dev/e/derived_inert
12:26:08 AM [vite] (client) [console.warn] https://svelte.dev/e/derived_inert
12:26:08 AM [vite] (client) [console.warn] https://svelte.dev/e/derived_inert
12:26:08 AM [vite] (client) [console.warn] https://svelte.dev/e/derived_inert
12:26:08 AM [vite] (client) [console.warn] https://svelte.dev/e/derived_inert
12:26:08 AM [vite] (client) [console.warn] https://svelte.dev/e/derived_inert
12:26:08 AM [vite] (client) [console.warn] https://svelte.dev/e/derived_inert
12:26:08 AM [vite] (client) [console.warn] https://svelte.dev/e/derived_inert
12:26:08 AM [vite] (client) [console.warn] https://svelte.dev/e/derived_inert
12:26:08 AM [vite] (client) [console.warn] https://svelte.dev/e/derived_inert
12:26:08 AM [vite] (client) [console.warn] https://svelte.dev/e/derived_inert
12:26:08 AM [vite] (client) [console.warn] https://svelte.dev/e/derived_inert
12:26:08 AM [vite] (client) [console.warn] https://svelte.dev/e/derived_inert
12:26:08 AM [vite] (client) [console.warn] https://svelte.dev/e/derived_inert
12:26:08 AM [vite] (client) [console.warn] https://svelte.dev/e/derived_inert
12:26:08 AM [vite] (client) [console.warn] https://svelte.dev/e/derived_inert
12:26:08 AM [vite] (client) [console.warn] https://svelte.dev/e/derived_inert
12:26:08 AM [vite] (client) [console.warn] https://svelte.dev/e/derived_inert
12:26:08 AM [vite] (client) [console.warn] https://svelte.dev/e/derived_inert
12:26:08 AM [vite] (client) [console.warn] https://svelte.dev/e/derived_inert
12:26:08 AM [vite] (client) [console.warn] https://svelte.dev/e/derived_inert
12:26:08 AM [vite] (client) [console.warn] https://svelte.dev/e/derived_inert
12:26:08 AM [vite] (client) [console.warn] https://svelte.dev/e/derived_inert
12:26:08 AM [vite] (client) [console.warn] https://svelte.dev/e/derived_inert
12:26:08 AM [vite] (client) [console.warn] https://svelte.dev/e/derived_inert
12:26:08 AM [vite] (client) [console.warn] https://svelte.dev/e/derived_inert
12:26:08 AM [vite] (client) [console.warn] https://svelte.dev/e/derived_inert
12:26:08 AM [vite] (client) [console.warn] https://svelte.dev/e/derived_inert
12:26:18 AM [vite] (client) [console.error] Failed to send message Error: Resend unavailable
    at http://localhost:63315/Users/johnnynguyen/Documents/Repos/Banhall-bmad-learn-chat/.bmad-loop/runs/20260904-133944-0158/worktrees/6/src/lib/components/chat/RegenerateTurn.component.test.ts?import&browserv=1788593169848:194:43
    at async http://localhost:63315/node_modules/@vitest/runner/dist/chunk-artifact.js?v=529185d0:1903:20
12:26:19 AM [vite] (client) [console.error] Failed to send message Error: Please retry resend
    at http://localhost:63315/Users/johnnynguyen/Documents/Repos/Banhall-bmad-learn-chat/.bmad-loop/runs/20260904-133944-0158/worktrees/6/src/lib/components/chat/RegenerateTurn.component.test.ts?import&browserv=1788593169848:364:43
    at async http://localhost:63315/node_modules/@vitest/runner/dist/chunk-artifact.js?v=529185d0:1903:20
12:26:30 AM [vite] (client) [console.warn] https://svelte.dev/e/derived_inert
12:26:30 AM [vite] (client) [console.warn] https://svelte.dev/e/derived_inert
12:26:30 AM [vite] (client) [console.warn] https://svelte.dev/e/derived_inert
12:26:30 AM [vite] (client) [console.warn] https://svelte.dev/e/derived_inert
12:26:30 AM [vite] (client) [console.warn] https://svelte.dev/e/derived_inert
12:26:30 AM [vite] (client) [console.warn] https://svelte.dev/e/derived_inert
12:26:32 AM [vite] (client) [console.warn] https://svelte.dev/e/derived_inert
12:26:32 AM [vite] (client) [console.warn] https://svelte.dev/e/derived_inert
12:26:32 AM [vite] (client) [console.warn] https://svelte.dev/e/derived_inert
12:26:32 AM [vite] (client) [console.warn] https://svelte.dev/e/derived_inert
12:26:33 AM [vite] (client) [console.warn] https://svelte.dev/e/derived_inert
12:26:33 AM [vite] (client) [console.warn] https://svelte.dev/e/derived_inert
12:26:33 AM [vite] (client) [console.warn] https://svelte.dev/e/derived_inert
12:26:33 AM [vite] (client) [console.warn] https://svelte.dev/e/derived_inert
12:26:33 AM [vite] (client) [console.warn] https://svelte.dev/e/derived_inert
12:26:33 AM [vite] (client) [console.warn] https://svelte.dev/e/derived_inert
12:26:33 AM [vite] (client) [console.warn] https://svelte.dev/e/derived_inert
12:26:33 AM [vite] (client) [console.warn] https://svelte.dev/e/derived_inert
12:26:33 AM [vite] (client) [console.warn] https://svelte.dev/e/derived_inert
12:26:33 AM [vite] (client) [console.warn] https://svelte.dev/e/derived_inert
12:26:33 AM [vite] (client) [console.warn] https://svelte.dev/e/derived_inert
12:26:33 AM [vite] (client) [console.warn] https://svelte.dev/e/derived_inert
12:26:33 AM [vite] (client) [console.warn] https://svelte.dev/e/derived_inert
12:26:33 AM [vite] (client) [console.warn] https://svelte.dev/e/derived_inert
12:26:33 AM [vite] (client) [console.warn] https://svelte.dev/e/derived_inert
12:26:33 AM [vite] (client) [console.warn] https://svelte.dev/e/derived_inert
12:26:33 AM [vite] (client) [console.warn] https://svelte.dev/e/derived_inert
12:26:33 AM [vite] (client) [console.warn] https://svelte.dev/e/derived_inert
12:26:33 AM [vite] (client) [console.warn] https://svelte.dev/e/derived_inert
12:26:33 AM [vite] (client) [console.warn] https://svelte.dev/e/derived_inert
12:26:33 AM [vite] (client) [console.warn] https://svelte.dev/e/derived_inert
12:26:33 AM [vite] (client) [console.warn] https://svelte.dev/e/derived_inert
12:26:33 AM [vite] (client) [console.warn] https://svelte.dev/e/derived_inert
12:26:33 AM [vite] (client) [console.warn] https://svelte.dev/e/derived_inert
12:26:33 AM [vite] (client) [console.warn] https://svelte.dev/e/derived_inert
12:26:33 AM [vite] (client) [console.warn] https://svelte.dev/e/derived_inert
12:26:33 AM [vite] (client) [console.warn] https://svelte.dev/e/derived_inert
12:26:33 AM [vite] (client) [console.warn] https://svelte.dev/e/derived_inert
12:26:33 AM [vite] (client) [console.warn] https://svelte.dev/e/derived_inert
12:26:33 AM [vite] (client) [console.warn] https://svelte.dev/e/derived_inert
12:26:33 AM [vite] (client) [console.warn] https://svelte.dev/e/derived_inert
12:26:33 AM [vite] (client) [console.warn] https://svelte.dev/e/derived_inert
12:26:33 AM [vite] (client) [console.warn] https://svelte.dev/e/derived_inert
12:26:33 AM [vite] (client) [console.warn] https://svelte.dev/e/derived_inert
12:26:33 AM [vite] (client) [console.warn] https://svelte.dev/e/derived_inert
12:26:33 AM [vite] (client) [console.warn] https://svelte.dev/e/derived_inert
12:26:33 AM [vite] (client) [console.warn] https://svelte.dev/e/derived_inert
12:26:33 AM [vite] (client) [console.warn] https://svelte.dev/e/derived_inert
12:26:33 AM [vite] (client) [console.warn] https://svelte.dev/e/derived_inert
12:26:33 AM [vite] (client) [console.warn] https://svelte.dev/e/derived_inert
12:26:33 AM [vite] (client) [console.warn] https://svelte.dev/e/derived_inert
12:26:33 AM [vite] (client) [console.warn] https://svelte.dev/e/derived_inert
12:26:33 AM [vite] (client) [console.warn] https://svelte.dev/e/derived_inert
12:26:33 AM [vite] (client) [console.warn] https://svelte.dev/e/derived_inert
12:26:33 AM [vite] (client) [console.warn] https://svelte.dev/e/derived_inert
12:26:33 AM [vite] (client) [console.warn] https://svelte.dev/e/derived_inert
12:26:33 AM [vite] (client) [console.warn] https://svelte.dev/e/derived_inert
12:26:33 AM [vite] (client) [console.warn] https://svelte.dev/e/derived_inert
12:26:33 AM [vite] (client) [console.warn] https://svelte.dev/e/derived_inert
12:26:33 AM [vite] (client) [console.warn] https://svelte.dev/e/derived_inert
12:26:33 AM [vite] (client) [console.warn] https://svelte.dev/e/derived_inert
12:26:33 AM [vite] (client) [console.warn] https://svelte.dev/e/derived_inert
12:26:33 AM [vite] (client) [console.warn] https://svelte.dev/e/derived_inert
12:26:33 AM [vite] (client) [console.warn] https://svelte.dev/e/derived_inert
12:26:33 AM [vite] (client) [console.warn] https://svelte.dev/e/derived_inert
12:26:33 AM [vite] (client) [console.warn] https://svelte.dev/e/derived_inert
12:26:33 AM [vite] (client) [console.warn] https://svelte.dev/e/derived_inert
12:26:33 AM [vite] (client) [console.warn] https://svelte.dev/e/derived_inert
12:26:33 AM [vite] (client) [console.warn] https://svelte.dev/e/derived_inert
12:26:33 AM [vite] (client) [console.warn] https://svelte.dev/e/derived_inert
12:26:33 AM [vite] (client) [console.warn] https://svelte.dev/e/derived_inert
12:26:33 AM [vite] (client) [console.warn] https://svelte.dev/e/derived_inert
12:26:33 AM [vite] (client) [console.warn] https://svelte.dev/e/derived_inert
12:26:33 AM [vite] (client) [console.warn] https://svelte.dev/e/derived_inert
12:26:33 AM [vite] (client) [console.warn] https://svelte.dev/e/derived_inert
12:26:33 AM [vite] (client) [console.warn] https://svelte.dev/e/derived_inert
12:26:33 AM [vite] (client) [console.warn] https://svelte.dev/e/derived_inert
12:26:33 AM [vite] (client) [console.warn] https://svelte.dev/e/derived_inert
12:26:33 AM [vite] (client) [console.warn] https://svelte.dev/e/derived_inert
12:26:33 AM [vite] (client) [console.warn] https://svelte.dev/e/derived_inert
12:26:33 AM [vite] (client) [console.warn] https://svelte.dev/e/derived_inert
12:26:33 AM [vite] (client) [console.warn] https://svelte.dev/e/derived_inert
12:26:33 AM [vite] (client) [console.warn] https://svelte.dev/e/derived_inert
12:26:33 AM [vite] (client) [console.warn] https://svelte.dev/e/derived_inert
12:26:33 AM [vite] (client) [console.warn] https://svelte.dev/e/derived_inert
12:26:33 AM [vite] (client) [console.warn] https://svelte.dev/e/derived_inert
12:26:33 AM [vite] (client) [console.warn] https://svelte.dev/e/derived_inert
12:26:33 AM [vite] (client) [console.warn] https://svelte.dev/e/derived_inert
12:26:33 AM [vite] (client) [console.warn] https://svelte.dev/e/derived_inert
12:26:33 AM [vite] (client) [console.warn] https://svelte.dev/e/derived_inert
12:26:33 AM [vite] (client) [console.warn] https://svelte.dev/e/derived_inert
12:26:33 AM [vite] (client) [console.warn] https://svelte.dev/e/derived_inert
12:26:33 AM [vite] (client) [console.warn] https://svelte.dev/e/derived_inert
12:26:33 AM [vite] (client) [console.warn] https://svelte.dev/e/derived_inert
12:26:33 AM [vite] (client) [console.warn] https://svelte.dev/e/derived_inert
12:26:33 AM [vite] (client) [console.warn] https://svelte.dev/e/derived_inert
12:26:33 AM [vite] (client) [console.warn] https://svelte.dev/e/derived_inert
12:26:33 AM [vite] (client) [console.warn] https://svelte.dev/e/derived_inert
12:26:33 AM [vite] (client) [console.warn] https://svelte.dev/e/derived_inert
12:26:33 AM [vite] (client) [console.warn] https://svelte.dev/e/derived_inert
12:26:33 AM [vite] (client) [console.warn] https://svelte.dev/e/derived_inert
12:26:33 AM [vite] (client) [console.warn] https://svelte.dev/e/derived_inert
12:26:33 AM [vite] (client) [console.warn] https://svelte.dev/e/derived_inert
12:26:33 AM [vite] (client) [console.warn] https://svelte.dev/e/derived_inert
12:26:33 AM [vite] (client) [console.warn] https://svelte.dev/e/derived_inert
12:26:33 AM [vite] (client) [console.warn] https://svelte.dev/e/derived_inert
12:26:33 AM [vite] (client) [console.warn] https://svelte.dev/e/derived_inert
12:26:33 AM [vite] (client) [console.warn] https://svelte.dev/e/derived_inert
12:26:33 AM [vite] (client) [console.warn] https://svelte.dev/e/derived_inert
12:26:33 AM [vite] (client) [console.warn] https://svelte.dev/e/derived_inert
12:26:33 AM [vite] (client) [console.warn] https://svelte.dev/e/derived_inert
12:26:33 AM [vite] (client) [console.warn] https://svelte.dev/e/derived_inert
12:26:33 AM [vite] (client) [console.warn] https://svelte.dev/e/derived_inert
12:26:33 AM [vite] (client) [console.warn] https://svelte.dev/e/derived_inert
12:26:33 AM [vite] (client) [console.warn] https://svelte.dev/e/derived_inert
12:26:33 AM [vite] (client) [console.warn] https://svelte.dev/e/derived_inert
12:26:33 AM [vite] (client) [console.warn] https://svelte.dev/e/derived_inert
12:26:33 AM [vite] (client) [console.warn] https://svelte.dev/e/derived_inert
12:26:33 AM [vite] (client) [console.warn] https://svelte.dev/e/derived_inert
12:26:33 AM [vite] (client) [console.warn] https://svelte.dev/e/derived_inert
12:26:33 AM [vite] (client) [console.warn] https://svelte.dev/e/derived_inert
12:26:33 AM [vite] (client) [console.warn] https://svelte.dev/e/derived_inert
12:26:33 AM [vite] (client) [console.warn] https://svelte.dev/e/derived_inert
12:26:33 AM [vite] (client) [console.warn] https://svelte.dev/e/derived_inert
12:26:33 AM [vite] (client) [console.warn] https://svelte.dev/e/derived_inert
12:26:33 AM [vite] (client) [console.warn] https://svelte.dev/e/derived_inert
12:26:33 AM [vite] (client) [console.warn] https://svelte.dev/e/derived_inert
12:26:33 AM [vite] (client) [console.warn] https://svelte.dev/e/derived_inert
12:26:33 AM [vite] (client) [console.warn] https://svelte.dev/e/derived_inert
12:26:33 AM [vite] (client) [console.warn] https://svelte.dev/e/derived_inert
12:26:33 AM [vite] (client) [console.warn] https://svelte.dev/e/derived_inert
12:26:33 AM [vite] (client) [console.warn] https://svelte.dev/e/derived_inert
12:26:33 AM [vite] (client) [console.warn] https://svelte.dev/e/derived_inert
12:26:33 AM [vite] (client) [console.warn] https://svelte.dev/e/derived_inert
12:26:42 AM [vite] (client) [console.warn] https://svelte.dev/e/derived_inert
12:26:42 AM [vite] (client) [console.warn] https://svelte.dev/e/derived_inert
12:26:42 AM [vite] (client) [console.warn] https://svelte.dev/e/derived_inert
12:26:42 AM [vite] (client) [console.warn] https://svelte.dev/e/derived_inert
12:26:42 AM [vite] (client) [console.warn] https://svelte.dev/e/derived_inert
12:26:42 AM [vite] (client) [console.warn] https://svelte.dev/e/derived_inert
12:26:42 AM [vite] (client) [console.warn] https://svelte.dev/e/derived_inert
12:26:42 AM [vite] (client) [console.warn] https://svelte.dev/e/derived_inert
12:26:42 AM [vite] (client) [console.warn] https://svelte.dev/e/derived_inert
12:26:42 AM [vite] (client) [console.warn] https://svelte.dev/e/derived_inert
12:26:42 AM [vite] (client) [console.warn] https://svelte.dev/e/derived_inert
12:26:42 AM [vite] (client) [console.warn] https://svelte.dev/e/derived_inert
12:26:42 AM [vite] (client) [console.warn] https://svelte.dev/e/derived_inert
12:26:42 AM [vite] (client) [console.warn] https://svelte.dev/e/derived_inert
12:26:42 AM [vite] (client) [console.warn] https://svelte.dev/e/derived_inert
12:26:42 AM [vite] (client) [console.warn] https://svelte.dev/e/derived_inert
12:26:42 AM [vite] (client) [console.warn] https://svelte.dev/e/derived_inert
12:26:42 AM [vite] (client) [console.warn] https://svelte.dev/e/derived_inert
12:26:42 AM [vite] (client) [console.warn] https://svelte.dev/e/derived_inert
12:26:42 AM [vite] (client) [console.warn] https://svelte.dev/e/derived_inert
12:26:42 AM [vite] (client) [console.warn] https://svelte.dev/e/derived_inert
12:26:42 AM [vite] (client) [console.warn] https://svelte.dev/e/derived_inert
12:26:42 AM [vite] (client) [console.warn] https://svelte.dev/e/derived_inert
12:26:42 AM [vite] (client) [console.warn] https://svelte.dev/e/derived_inert
12:26:42 AM [vite] (client) [console.warn] https://svelte.dev/e/derived_inert
12:26:42 AM [vite] (client) [console.warn] https://svelte.dev/e/derived_inert
12:26:42 AM [vite] (client) [console.warn] https://svelte.dev/e/derived_inert
12:26:42 AM [vite] (client) [console.warn] https://svelte.dev/e/derived_inert
12:26:42 AM [vite] (client) [console.warn] https://svelte.dev/e/derived_inert
12:26:42 AM [vite] (client) [console.warn] https://svelte.dev/e/derived_inert
12:26:42 AM [vite] (client) [console.warn] https://svelte.dev/e/derived_inert
12:26:42 AM [vite] (client) [console.warn] https://svelte.dev/e/derived_inert
12:26:42 AM [vite] (client) [console.warn] https://svelte.dev/e/derived_inert
12:26:42 AM [vite] (client) [console.warn] https://svelte.dev/e/derived_inert
12:26:42 AM [vite] (client) [console.warn] https://svelte.dev/e/derived_inert
12:26:42 AM [vite] (client) [console.warn] https://svelte.dev/e/derived_inert
12:26:42 AM [vite] (client) [console.warn] https://svelte.dev/e/derived_inert
12:26:42 AM [vite] (client) [console.warn] https://svelte.dev/e/derived_inert
12:26:42 AM [vite] (client) [console.warn] https://svelte.dev/e/derived_inert
12:26:42 AM [vite] (client) [console.warn] https://svelte.dev/e/derived_inert
12:26:42 AM [vite] (client) [console.warn] https://svelte.dev/e/derived_inert
12:26:42 AM [vite] (client) [console.warn] https://svelte.dev/e/derived_inert
12:26:42 AM [vite] (client) [console.warn] https://svelte.dev/e/derived_inert
12:26:42 AM [vite] (client) [console.warn] https://svelte.dev/e/derived_inert
12:26:42 AM [vite] (client) [console.warn] https://svelte.dev/e/derived_inert
12:26:42 AM [vite] (client) [console.warn] https://svelte.dev/e/derived_inert
12:26:42 AM [vite] (client) [console.warn] https://svelte.dev/e/derived_inert
12:26:42 AM [vite] (client) [console.warn] https://svelte.dev/e/derived_inert
12:26:42 AM [vite] (client) [console.warn] https://svelte.dev/e/derived_inert
12:26:42 AM [vite] (client) [console.warn] https://svelte.dev/e/derived_inert
12:26:42 AM [vite] (client) [console.warn] https://svelte.dev/e/derived_inert
12:26:42 AM [vite] (client) [console.warn] https://svelte.dev/e/derived_inert
12:26:42 AM [vite] (client) [console.warn] https://svelte.dev/e/derived_inert
12:26:42 AM [vite] (client) [console.warn] https://svelte.dev/e/derived_inert
12:26:42 AM [vite] (client) [console.warn] https://svelte.dev/e/derived_inert
12:26:42 AM [vite] (client) [console.warn] https://svelte.dev/e/derived_inert
12:26:42 AM [vite] (client) [console.warn] https://svelte.dev/e/derived_inert
12:26:42 AM [vite] (client) [console.warn] https://svelte.dev/e/derived_inert
12:26:42 AM [vite] (client) [console.warn] https://svelte.dev/e/derived_inert
12:26:42 AM [vite] (client) [console.warn] https://svelte.dev/e/derived_inert
12:26:42 AM [vite] (client) [console.warn] https://svelte.dev/e/derived_inert
12:26:42 AM [vite] (client) [console.warn] https://svelte.dev/e/derived_inert
12:26:42 AM [vite] (client) [console.warn] https://svelte.dev/e/derived_inert
12:26:42 AM [vite] (client) [console.warn] https://svelte.dev/e/derived_inert
12:26:42 AM [vite] (client) [console.warn] https://svelte.dev/e/derived_inert
12:26:42 AM [vite] (client) [console.warn] https://svelte.dev/e/derived_inert
12:26:42 AM [vite] (client) [console.warn] https://svelte.dev/e/derived_inert
12:26:42 AM [vite] (client) [console.warn] https://svelte.dev/e/derived_inert
12:26:42 AM [vite] (client) [console.warn] https://svelte.dev/e/derived_inert
12:26:42 AM [vite] (client) [console.warn] https://svelte.dev/e/derived_inert
12:26:42 AM [vite] (client) [console.warn] https://svelte.dev/e/derived_inert
12:26:42 AM [vite] (client) [console.warn] https://svelte.dev/e/derived_inert
12:26:42 AM [vite] (client) [console.warn] https://svelte.dev/e/derived_inert
12:26:42 AM [vite] (client) [console.warn] https://svelte.dev/e/derived_inert
12:26:42 AM [vite] (client) [console.warn] https://svelte.dev/e/derived_inert
12:26:42 AM [vite] (client) [console.warn] https://svelte.dev/e/derived_inert
12:26:42 AM [vite] (client) [console.warn] https://svelte.dev/e/derived_inert
12:26:42 AM [vite] (client) [console.warn] https://svelte.dev/e/derived_inert
12:26:42 AM [vite] (client) [console.warn] https://svelte.dev/e/derived_inert
12:26:42 AM [vite] (client) [console.warn] https://svelte.dev/e/derived_inert
12:26:42 AM [vite] (client) [console.warn] https://svelte.dev/e/derived_inert
12:26:42 AM [vite] (client) [console.warn] https://svelte.dev/e/derived_inert
12:26:42 AM [vite] (client) [console.warn] https://svelte.dev/e/derived_inert
12:26:42 AM [vite] (client) [console.warn] https://svelte.dev/e/derived_inert
12:26:42 AM [vite] (client) [console.warn] https://svelte.dev/e/derived_inert
12:26:42 AM [vite] (client) [console.warn] https://svelte.dev/e/derived_inert
12:26:42 AM [vite] (client) [console.warn] https://svelte.dev/e/derived_inert
12:26:42 AM [vite] (client) [console.warn] https://svelte.dev/e/derived_inert
12:26:42 AM [vite] (client) [console.warn] https://svelte.dev/e/derived_inert
12:26:42 AM [vite] (client) [console.warn] https://svelte.dev/e/derived_inert
12:26:42 AM [vite] (client) [console.warn] https://svelte.dev/e/derived_inert
12:26:42 AM [vite] (client) [console.warn] https://svelte.dev/e/derived_inert
12:26:42 AM [vite] (client) [console.warn] https://svelte.dev/e/derived_inert
12:26:42 AM [vite] (client) [console.warn] https://svelte.dev/e/derived_inert
12:26:42 AM [vite] (client) [console.warn] https://svelte.dev/e/derived_inert
12:26:42 AM [vite] (client) [console.warn] https://svelte.dev/e/derived_inert
12:26:42 AM [vite] (client) [console.warn] https://svelte.dev/e/derived_inert
12:26:42 AM [vite] (client) [console.warn] https://svelte.dev/e/derived_inert
12:26:42 AM [vite] (client) [console.warn] https://svelte.dev/e/derived_inert
12:26:42 AM [vite] (client) [console.warn] https://svelte.dev/e/derived_inert
12:26:42 AM [vite] (client) [console.warn] https://svelte.dev/e/derived_inert
12:26:42 AM [vite] (client) [console.warn] https://svelte.dev/e/derived_inert
12:26:42 AM [vite] (client) [console.warn] https://svelte.dev/e/derived_inert
12:26:42 AM [vite] (client) [console.warn] https://svelte.dev/e/derived_inert
12:26:42 AM [vite] (client) [console.warn] https://svelte.dev/e/derived_inert
12:26:42 AM [vite] (client) [console.warn] https://svelte.dev/e/derived_inert
12:26:42 AM [vite] (client) [console.warn] https://svelte.dev/e/derived_inert
12:26:42 AM [vite] (client) [console.warn] https://svelte.dev/e/derived_inert
12:26:42 AM [vite] (client) [console.warn] https://svelte.dev/e/derived_inert
12:26:42 AM [vite] (client) [console.warn] https://svelte.dev/e/derived_inert
12:26:42 AM [vite] (client) [console.warn] https://svelte.dev/e/derived_inert
12:26:42 AM [vite] (client) [console.warn] https://svelte.dev/e/derived_inert
12:26:42 AM [vite] (client) [console.warn] https://svelte.dev/e/derived_inert
12:26:42 AM [vite] (client) [console.warn] https://svelte.dev/e/derived_inert
12:26:42 AM [vite] (client) [console.warn] https://svelte.dev/e/derived_inert
12:26:42 AM [vite] (client) [console.warn] https://svelte.dev/e/derived_inert
12:26:42 AM [vite] (client) [console.warn] https://svelte.dev/e/derived_inert
12:26:42 AM [vite] (client) [console.warn] https://svelte.dev/e/derived_inert
12:26:42 AM [vite] (client) [console.warn] https://svelte.dev/e/derived_inert
12:26:42 AM [vite] (client) [console.warn] https://svelte.dev/e/derived_inert
12:26:42 AM [vite] (client) [console.warn] https://svelte.dev/e/derived_inert
12:26:42 AM [vite] (client) [console.warn] https://svelte.dev/e/derived_inert
12:26:42 AM [vite] (client) [console.warn] https://svelte.dev/e/derived_inert
12:26:42 AM [vite] (client) [console.warn] https://svelte.dev/e/derived_inert
12:26:42 AM [vite] (client) [console.warn] https://svelte.dev/e/derived_inert
12:26:42 AM [vite] (client) [console.warn] https://svelte.dev/e/derived_inert
12:26:42 AM [vite] (client) [console.warn] https://svelte.dev/e/derived_inert
12:26:42 AM [vite] (client) [console.warn] https://svelte.dev/e/derived_inert
12:26:42 AM [vite] (client) [console.warn] https://svelte.dev/e/derived_inert
12:26:42 AM [vite] (client) [console.warn] https://svelte.dev/e/derived_inert
12:26:42 AM [vite] (client) [console.warn] https://svelte.dev/e/derived_inert
12:26:42 AM [vite] (client) [console.warn] https://svelte.dev/e/derived_inert
12:26:42 AM [vite] (client) [console.warn] https://svelte.dev/e/derived_inert
12:26:42 AM [vite] (client) [console.warn] https://svelte.dev/e/derived_inert
12:26:42 AM [vite] (client) [console.warn] https://svelte.dev/e/derived_inert
12:26:42 AM [vite] (client) [console.warn] https://svelte.dev/e/derived_inert
12:26:42 AM [vite] (client) [console.warn] https://svelte.dev/e/derived_inert
12:26:42 AM [vite] (client) [console.warn] https://svelte.dev/e/derived_inert
12:26:42 AM [vite] (client) [console.warn] https://svelte.dev/e/derived_inert
12:26:42 AM [vite] (client) [console.warn] https://svelte.dev/e/derived_inert
12:26:42 AM [vite] (client) [console.warn] https://svelte.dev/e/derived_inert
12:26:42 AM [vite] (client) [console.warn] https://svelte.dev/e/derived_inert
12:26:42 AM [vite] (client) [console.warn] https://svelte.dev/e/derived_inert
12:26:42 AM [vite] (client) [console.warn] https://svelte.dev/e/derived_inert
12:26:42 AM [vite] (client) [console.warn] https://svelte.dev/e/derived_inert
12:26:42 AM [vite] (client) [console.warn] https://svelte.dev/e/derived_inert
12:26:42 AM [vite] (client) [console.warn] https://svelte.dev/e/derived_inert
12:26:42 AM [vite] (client) [console.warn] https://svelte.dev/e/derived_inert
12:26:42 AM [vite] (client) [console.warn] https://svelte.dev/e/derived_inert
12:26:42 AM [vite] (client) [console.warn] https://svelte.dev/e/derived_inert
12:26:42 AM [vite] (client) [console.warn] https://svelte.dev/e/derived_inert
12:26:42 AM [vite] (client) [console.warn] https://svelte.dev/e/derived_inert
12:26:42 AM [vite] (client) [console.warn] https://svelte.dev/e/derived_inert
12:26:42 AM [vite] (client) [console.warn] https://svelte.dev/e/derived_inert
12:26:42 AM [vite] (client) [console.warn] https://svelte.dev/e/derived_inert
12:26:42 AM [vite] (client) [console.warn] https://svelte.dev/e/derived_inert
12:26:42 AM [vite] (client) [console.warn] https://svelte.dev/e/derived_inert
12:26:42 AM [vite] (client) [console.warn] https://svelte.dev/e/derived_inert
12:26:42 AM [vite] (client) [console.warn] https://svelte.dev/e/derived_inert
12:26:42 AM [vite] (client) [console.warn] https://svelte.dev/e/derived_inert
12:26:42 AM [vite] (client) [console.warn] https://svelte.dev/e/derived_inert
12:26:42 AM [vite] (client) [console.warn] https://svelte.dev/e/derived_inert
12:26:42 AM [vite] (client) [console.warn] https://svelte.dev/e/derived_inert
12:26:42 AM [vite] (client) [console.warn] https://svelte.dev/e/derived_inert
12:26:42 AM [vite] (client) [console.warn] https://svelte.dev/e/derived_inert
12:26:42 AM [vite] (client) [console.warn] https://svelte.dev/e/derived_inert
12:26:42 AM [vite] (client) [console.warn] https://svelte.dev/e/derived_inert
12:26:42 AM [vite] (client) [console.warn] https://svelte.dev/e/derived_inert
12:26:42 AM [vite] (client) [console.warn] https://svelte.dev/e/derived_inert
12:26:42 AM [vite] (client) [console.warn] https://svelte.dev/e/derived_inert
12:26:42 AM [vite] (client) [console.warn] https://svelte.dev/e/derived_inert
12:26:42 AM [vite] (client) [console.warn] https://svelte.dev/e/derived_inert
12:26:42 AM [vite] (client) [console.warn] https://svelte.dev/e/derived_inert
12:26:42 AM [vite] (client) [console.warn] https://svelte.dev/e/derived_inert
12:26:43 AM [vite] (client) [console.warn] https://svelte.dev/e/derived_inert
12:26:43 AM [vite] (client) [console.warn] https://svelte.dev/e/derived_inert
12:26:43 AM [vite] (client) [console.warn] https://svelte.dev/e/derived_inert
12:26:43 AM [vite] (client) [console.warn] https://svelte.dev/e/derived_inert
12:26:43 AM [vite] (client) [console.warn] https://svelte.dev/e/derived_inert
12:26:43 AM [vite] (client) [console.warn] https://svelte.dev/e/derived_inert
12:26:43 AM [vite] (client) [console.warn] https://svelte.dev/e/derived_inert
12:26:43 AM [vite] (client) [console.warn] https://svelte.dev/e/derived_inert
12:26:43 AM [vite] (client) [console.warn] https://svelte.dev/e/derived_inert
12:26:43 AM [vite] (client) [console.warn] https://svelte.dev/e/derived_inert
12:26:43 AM [vite] (client) [console.warn] https://svelte.dev/e/derived_inert
12:26:43 AM [vite] (client) [console.warn] https://svelte.dev/e/derived_inert
12:26:43 AM [vite] (client) [console.warn] https://svelte.dev/e/derived_inert
12:26:43 AM [vite] (client) [console.warn] https://svelte.dev/e/derived_inert
12:26:43 AM [vite] (client) [console.warn] https://svelte.dev/e/derived_inert
12:26:43 AM [vite] (client) [console.warn] https://svelte.dev/e/derived_inert
12:26:43 AM [vite] (client) [console.warn] https://svelte.dev/e/derived_inert
12:26:43 AM [vite] (client) [console.warn] https://svelte.dev/e/derived_inert
12:26:43 AM [vite] (client) [console.warn] https://svelte.dev/e/derived_inert
12:26:43 AM [vite] (client) [console.warn] https://svelte.dev/e/derived_inert
12:26:43 AM [vite] (client) [console.warn] https://svelte.dev/e/derived_inert
12:26:43 AM [vite] (client) [console.warn] https://svelte.dev/e/derived_inert
12:26:43 AM [vite] (client) [console.warn] https://svelte.dev/e/derived_inert
12:26:43 AM [vite] (client) [console.warn] https://svelte.dev/e/derived_inert
12:26:43 AM [vite] (client) [console.warn] https://svelte.dev/e/derived_inert
12:26:43 AM [vite] (client) [console.warn] https://svelte.dev/e/derived_inert
12:26:43 AM [vite] (client) [console.warn] https://svelte.dev/e/derived_inert
12:26:43 AM [vite] (client) [console.warn] https://svelte.dev/e/derived_inert
12:26:43 AM [vite] (client) [console.warn] https://svelte.dev/e/derived_inert
12:26:43 AM [vite] (client) [console.warn] https://svelte.dev/e/derived_inert
12:26:43 AM [vite] (client) [console.warn] https://svelte.dev/e/derived_inert
12:26:43 AM [vite] (client) [console.warn] https://svelte.dev/e/derived_inert
12:26:43 AM [vite] (client) [console.warn] https://svelte.dev/e/derived_inert
12:26:43 AM [vite] (client) [console.warn] https://svelte.dev/e/derived_inert
12:26:43 AM [vite] (client) [console.warn] https://svelte.dev/e/derived_inert
12:26:43 AM [vite] (client) [console.warn] https://svelte.dev/e/derived_inert
12:26:43 AM [vite] (client) [console.warn] https://svelte.dev/e/derived_inert
12:26:43 AM [vite] (client) [console.warn] https://svelte.dev/e/derived_inert
12:26:43 AM [vite] (client) [console.warn] https://svelte.dev/e/derived_inert
12:26:43 AM [vite] (client) [console.warn] https://svelte.dev/e/derived_inert
12:26:43 AM [vite] (client) [console.warn] https://svelte.dev/e/derived_inert
12:26:43 AM [vite] (client) [console.warn] https://svelte.dev/e/derived_inert
12:26:43 AM [vite] (client) [console.warn] https://svelte.dev/e/derived_inert
12:26:43 AM [vite] (client) [console.warn] https://svelte.dev/e/derived_inert
12:26:43 AM [vite] (client) [console.warn] https://svelte.dev/e/derived_inert
12:26:43 AM [vite] (client) [console.warn] https://svelte.dev/e/derived_inert
12:26:43 AM [vite] (client) [console.warn] https://svelte.dev/e/derived_inert
12:26:43 AM [vite] (client) [console.warn] https://svelte.dev/e/derived_inert
12:26:43 AM [vite] (client) [console.warn] https://svelte.dev/e/derived_inert
12:26:43 AM [vite] (client) [console.warn] https://svelte.dev/e/derived_inert
12:26:43 AM [vite] (client) [console.warn] https://svelte.dev/e/derived_inert
12:26:43 AM [vite] (client) [console.warn] https://svelte.dev/e/derived_inert
12:26:49 AM [vite] (client) [console.warn] https://svelte.dev/e/derived_inert
12:26:49 AM [vite] (client) [console.warn] https://svelte.dev/e/derived_inert
12:26:49 AM [vite] (client) [console.warn] https://svelte.dev/e/derived_inert
12:26:49 AM [vite] (client) [console.warn] https://svelte.dev/e/derived_inert
12:26:49 AM [vite] (client) [console.warn] https://svelte.dev/e/derived_inert
12:26:49 AM [vite] (client) [console.warn] https://svelte.dev/e/derived_inert
12:26:49 AM [vite] (client) [console.warn] https://svelte.dev/e/derived_inert
12:26:49 AM [vite] (client) [console.warn] https://svelte.dev/e/derived_inert
12:26:49 AM [vite] (client) [console.warn] https://svelte.dev/e/derived_inert
12:26:49 AM [vite] (client) [console.warn] https://svelte.dev/e/derived_inert
12:26:49 AM [vite] (client) [console.warn] https://svelte.dev/e/derived_inert
12:26:49 AM [vite] (client) [console.warn] https://svelte.dev/e/derived_inert
12:26:49 AM [vite] (client) [console.warn] https://svelte.dev/e/derived_inert
12:26:49 AM [vite] (client) [console.warn] https://svelte.dev/e/derived_inert
12:26:49 AM [vite] (client) [console.warn] https://svelte.dev/e/derived_inert
12:26:49 AM [vite] (client) [console.warn] https://svelte.dev/e/derived_inert
12:26:49 AM [vite] (client) [console.warn] https://svelte.dev/e/derived_inert
12:26:49 AM [vite] (client) [console.warn] https://svelte.dev/e/derived_inert
12:26:49 AM [vite] (client) [console.warn] https://svelte.dev/e/derived_inert
12:26:49 AM [vite] (client) [console.warn] https://svelte.dev/e/derived_inert
12:26:49 AM [vite] (client) [console.warn] https://svelte.dev/e/derived_inert
12:26:49 AM [vite] (client) [console.warn] https://svelte.dev/e/derived_inert
12:26:49 AM [vite] (client) [console.warn] https://svelte.dev/e/derived_inert
12:26:49 AM [vite] (client) [console.warn] https://svelte.dev/e/derived_inert
12:26:49 AM [vite] (client) [console.warn] https://svelte.dev/e/derived_inert
12:26:49 AM [vite] (client) [console.warn] https://svelte.dev/e/derived_inert
12:26:49 AM [vite] (client) [console.warn] https://svelte.dev/e/derived_inert
12:26:49 AM [vite] (client) [console.warn] https://svelte.dev/e/derived_inert
12:26:49 AM [vite] (client) [console.warn] https://svelte.dev/e/derived_inert
12:26:49 AM [vite] (client) [console.warn] https://svelte.dev/e/derived_inert
12:26:49 AM [vite] (client) [console.warn] https://svelte.dev/e/derived_inert
12:26:49 AM [vite] (client) [console.warn] https://svelte.dev/e/derived_inert
12:26:49 AM [vite] (client) [console.warn] https://svelte.dev/e/derived_inert
12:26:54 AM [vite] (client) [console.warn] https://svelte.dev/e/derived_inert
12:26:57 AM [vite] (client) [console.warn] https://svelte.dev/e/derived_inert
12:26:57 AM [vite] (client) [console.warn] https://svelte.dev/e/derived_inert
12:26:57 AM [vite] (client) [console.warn] https://svelte.dev/e/derived_inert
12:26:57 AM [vite] (client) [console.warn] https://svelte.dev/e/derived_inert
12:26:57 AM [vite] (client) [console.warn] https://svelte.dev/e/derived_inert
12:26:57 AM [vite] (client) [console.warn] https://svelte.dev/e/derived_inert
12:26:57 AM [vite] (client) [console.warn] https://svelte.dev/e/derived_inert
12:26:57 AM [vite] (client) [console.warn] https://svelte.dev/e/derived_inert
12:26:57 AM [vite] (client) [console.warn] https://svelte.dev/e/derived_inert
12:26:57 AM [vite] (client) [console.warn] https://svelte.dev/e/derived_inert
12:26:57 AM [vite] (client) [console.warn] https://svelte.dev/e/derived_inert
12:26:57 AM [vite] (client) [console.warn] https://svelte.dev/e/derived_inert
12:26:57 AM [vite] (client) [console.warn] https://svelte.dev/e/derived_inert
12:26:57 AM [vite] (client) [console.warn] https://svelte.dev/e/derived_inert
12:26:57 AM [vite] (client) [console.warn] https://svelte.dev/e/derived_inert
12:26:57 AM [vite] (client) [console.warn] https://svelte.dev/e/derived_inert
12:26:57 AM [vite] (client) [console.warn] https://svelte.dev/e/derived_inert
12:26:57 AM [vite] (client) [console.warn] https://svelte.dev/e/derived_inert
12:26:58 AM [vite] (client) [console.warn] https://svelte.dev/e/derived_inert
12:26:58 AM [vite] (client) [console.warn] https://svelte.dev/e/derived_inert
12:26:58 AM [vite] (client) [console.warn] https://svelte.dev/e/derived_inert
12:26:58 AM [vite] (client) [console.warn] https://svelte.dev/e/derived_inert
12:26:58 AM [vite] (client) [console.warn] https://svelte.dev/e/derived_inert
12:26:58 AM [vite] (client) [console.warn] https://svelte.dev/e/derived_inert
12:26:58 AM [vite] (client) [console.warn] https://svelte.dev/e/derived_inert
12:26:58 AM [vite] (client) [console.warn] https://svelte.dev/e/derived_inert
12:26:58 AM [vite] (client) [console.warn] https://svelte.dev/e/derived_inert
12:26:58 AM [vite] (client) [console.warn] https://svelte.dev/e/derived_inert
12:26:58 AM [vite] (client) [console.warn] https://svelte.dev/e/derived_inert
12:26:58 AM [vite] (client) [console.warn] https://svelte.dev/e/derived_inert
12:26:58 AM [vite] (client) [console.warn] https://svelte.dev/e/derived_inert
12:26:58 AM [vite] (client) [console.warn] https://svelte.dev/e/derived_inert
12:27:11 AM [vite] (client) [console.warn] https://svelte.dev/e/derived_inert
12:27:15 AM [vite] (client) [console.warn] https://svelte.dev/e/derived_inert

 Test Files  56 passed (56)
      Tests  376 passed (376)
   Start at  00:25:31
   Duration  110.35s (transform 0ms, setup 3.01s, import 62.99s, tests 30.33s, environment 0ms)
