
> banhall-app@0.1.0 test:component
> vitest run --config vitest.component.config.ts

12:34:02 AM [vite-plugin-svelte] no Svelte config found at /Users/johnnynguyen/Documents/Repos/Banhall-bmad-learn-chat/.bmad-loop/runs/20260904-133944-0158/worktrees/6 - using default configuration.

 RUN  v4.1.10 /Users/johnnynguyen/Documents/Repos/Banhall-bmad-learn-chat/.bmad-loop/runs/20260904-133944-0158/worktrees/6

12:34:02 AM [vite-plugin-svelte] no Svelte config found at /Users/johnnynguyen/Documents/Repos/Banhall-bmad-learn-chat/.bmad-loop/runs/20260904-133944-0158/worktrees/6 - using default configuration.
12:34:33 AM [vite] (client) [console.warn] https://svelte.dev/e/derived_inert
12:34:33 AM [vite] (client) [console.warn] https://svelte.dev/e/derived_inert
12:34:33 AM [vite] (client) [console.warn] https://svelte.dev/e/derived_inert
12:34:33 AM [vite] (client) [console.warn] https://svelte.dev/e/derived_inert
12:34:33 AM [vite] (client) [console.warn] https://svelte.dev/e/derived_inert
12:34:33 AM [vite] (client) [console.warn] https://svelte.dev/e/derived_inert
12:34:33 AM [vite] (client) [console.warn] https://svelte.dev/e/derived_inert
12:34:33 AM [vite] (client) [console.warn] https://svelte.dev/e/derived_inert
12:34:33 AM [vite] (client) [console.warn] https://svelte.dev/e/derived_inert
12:34:33 AM [vite] (client) [console.warn] https://svelte.dev/e/derived_inert
12:34:33 AM [vite] (client) [console.warn] https://svelte.dev/e/derived_inert
12:34:33 AM [vite] (client) [console.warn] https://svelte.dev/e/derived_inert
12:34:33 AM [vite] (client) [console.warn] https://svelte.dev/e/derived_inert
12:34:33 AM [vite] (client) [console.warn] https://svelte.dev/e/derived_inert
12:34:33 AM [vite] (client) [console.warn] https://svelte.dev/e/derived_inert
12:34:33 AM [vite] (client) [console.warn] https://svelte.dev/e/derived_inert
12:34:33 AM [vite] (client) [console.warn] https://svelte.dev/e/derived_inert
12:34:33 AM [vite] (client) [console.warn] https://svelte.dev/e/derived_inert
12:34:33 AM [vite] (client) [console.warn] https://svelte.dev/e/derived_inert
12:34:33 AM [vite] (client) [console.warn] https://svelte.dev/e/derived_inert
12:34:33 AM [vite] (client) [console.warn] https://svelte.dev/e/derived_inert
12:34:33 AM [vite] (client) [console.warn] https://svelte.dev/e/derived_inert
12:34:33 AM [vite] (client) [console.warn] https://svelte.dev/e/derived_inert
12:34:33 AM [vite] (client) [console.warn] https://svelte.dev/e/derived_inert
12:34:33 AM [vite] (client) [console.warn] https://svelte.dev/e/derived_inert
12:34:33 AM [vite] (client) [console.warn] https://svelte.dev/e/derived_inert
12:34:33 AM [vite] (client) [console.warn] https://svelte.dev/e/derived_inert
12:34:33 AM [vite] (client) [console.warn] https://svelte.dev/e/derived_inert
12:34:33 AM [vite] (client) [console.warn] https://svelte.dev/e/derived_inert
12:34:33 AM [vite] (client) [console.warn] https://svelte.dev/e/derived_inert
12:34:33 AM [vite] (client) [console.warn] https://svelte.dev/e/derived_inert
12:34:33 AM [vite] (client) [console.warn] https://svelte.dev/e/derived_inert
12:34:33 AM [vite] (client) [console.warn] https://svelte.dev/e/derived_inert
12:34:34 AM [vite] (client) [console.warn] https://svelte.dev/e/derived_inert
12:34:34 AM [vite] (client) [console.warn] https://svelte.dev/e/derived_inert
12:34:34 AM [vite] (client) [console.warn] https://svelte.dev/e/derived_inert
12:34:34 AM [vite] (client) [console.warn] https://svelte.dev/e/derived_inert
12:34:34 AM [vite] (client) [console.warn] https://svelte.dev/e/derived_inert
12:34:34 AM [vite] (client) [console.warn] https://svelte.dev/e/derived_inert
12:34:34 AM [vite] (client) [console.warn] https://svelte.dev/e/derived_inert
12:34:34 AM [vite] (client) [console.warn] https://svelte.dev/e/derived_inert
12:34:34 AM [vite] (client) [console.warn] https://svelte.dev/e/derived_inert
12:34:34 AM [vite] (client) [console.warn] https://svelte.dev/e/derived_inert
12:34:34 AM [vite] (client) [console.warn] https://svelte.dev/e/derived_inert
12:34:34 AM [vite] (client) [console.warn] https://svelte.dev/e/derived_inert
12:34:34 AM [vite] (client) [console.warn] https://svelte.dev/e/derived_inert
12:34:34 AM [vite] (client) [console.warn] https://svelte.dev/e/derived_inert
12:34:34 AM [vite] (client) [console.warn] https://svelte.dev/e/derived_inert
12:34:34 AM [vite] (client) [console.warn] https://svelte.dev/e/derived_inert
12:34:34 AM [vite] (client) [console.warn] https://svelte.dev/e/derived_inert
12:34:34 AM [vite] (client) [console.warn] https://svelte.dev/e/derived_inert
12:34:34 AM [vite] (client) [console.warn] https://svelte.dev/e/derived_inert
12:34:34 AM [vite] (client) [console.warn] https://svelte.dev/e/derived_inert
12:34:34 AM [vite] (client) [console.warn] https://svelte.dev/e/derived_inert
12:34:34 AM [vite] (client) [console.warn] https://svelte.dev/e/derived_inert
12:34:34 AM [vite] (client) [console.warn] https://svelte.dev/e/derived_inert
12:34:34 AM [vite] (client) [console.warn] https://svelte.dev/e/derived_inert
12:34:35 AM [vite] (client) [console.warn] https://svelte.dev/e/derived_inert
12:34:35 AM [vite] (client) [console.warn] https://svelte.dev/e/derived_inert
12:34:35 AM [vite] (client) [console.warn] https://svelte.dev/e/derived_inert
12:34:35 AM [vite] (client) [console.warn] https://svelte.dev/e/derived_inert
12:34:35 AM [vite] (client) [console.warn] https://svelte.dev/e/derived_inert
12:34:35 AM [vite] (client) [console.warn] https://svelte.dev/e/derived_inert
12:34:35 AM [vite] (client) [console.warn] https://svelte.dev/e/derived_inert
12:34:35 AM [vite] (client) [console.warn] https://svelte.dev/e/derived_inert
12:34:35 AM [vite] (client) [console.warn] https://svelte.dev/e/derived_inert
12:34:35 AM [vite] (client) [console.warn] https://svelte.dev/e/derived_inert
12:34:35 AM [vite] (client) [console.warn] https://svelte.dev/e/derived_inert
12:34:35 AM [vite] (client) [console.warn] https://svelte.dev/e/derived_inert
12:34:35 AM [vite] (client) [console.warn] https://svelte.dev/e/derived_inert
12:34:35 AM [vite] (client) [console.warn] https://svelte.dev/e/derived_inert
12:34:35 AM [vite] (client) [console.warn] https://svelte.dev/e/derived_inert
12:34:35 AM [vite] (client) [console.warn] https://svelte.dev/e/derived_inert
12:34:35 AM [vite] (client) [console.warn] https://svelte.dev/e/derived_inert
12:34:35 AM [vite] (client) [console.warn] https://svelte.dev/e/derived_inert
12:34:35 AM [vite] (client) [console.warn] https://svelte.dev/e/derived_inert
12:34:35 AM [vite] (client) [console.warn] https://svelte.dev/e/derived_inert
12:34:35 AM [vite] (client) [console.warn] https://svelte.dev/e/derived_inert
12:34:35 AM [vite] (client) [console.warn] https://svelte.dev/e/derived_inert
12:34:35 AM [vite] (client) [console.warn] https://svelte.dev/e/derived_inert
12:34:35 AM [vite] (client) [console.warn] https://svelte.dev/e/derived_inert
12:34:35 AM [vite] (client) [console.warn] https://svelte.dev/e/derived_inert
12:34:35 AM [vite] (client) [console.warn] https://svelte.dev/e/derived_inert
12:34:35 AM [vite] (client) [console.warn] https://svelte.dev/e/derived_inert
12:34:35 AM [vite] (client) [console.warn] https://svelte.dev/e/derived_inert
12:34:35 AM [vite] (client) [console.warn] https://svelte.dev/e/derived_inert
12:34:35 AM [vite] (client) [console.warn] https://svelte.dev/e/derived_inert
12:34:35 AM [vite] (client) [console.warn] https://svelte.dev/e/derived_inert
12:34:35 AM [vite] (client) [console.warn] https://svelte.dev/e/derived_inert
12:34:35 AM [vite] (client) [console.warn] https://svelte.dev/e/derived_inert
12:34:35 AM [vite] (client) [console.warn] https://svelte.dev/e/derived_inert
12:34:35 AM [vite] (client) [console.warn] https://svelte.dev/e/derived_inert
12:34:35 AM [vite] (client) [console.warn] https://svelte.dev/e/derived_inert
12:34:35 AM [vite] (client) [console.warn] https://svelte.dev/e/derived_inert
12:34:35 AM [vite] (client) [console.warn] https://svelte.dev/e/derived_inert
12:34:35 AM [vite] (client) [console.warn] https://svelte.dev/e/derived_inert
12:34:35 AM [vite] (client) [console.warn] https://svelte.dev/e/derived_inert
12:34:36 AM [vite] (client) [console.warn] https://svelte.dev/e/derived_inert
12:34:36 AM [vite] (client) [console.warn] https://svelte.dev/e/derived_inert
12:34:36 AM [vite] (client) [console.warn] https://svelte.dev/e/derived_inert
12:34:36 AM [vite] (client) [console.warn] https://svelte.dev/e/derived_inert
12:34:36 AM [vite] (client) [console.warn] https://svelte.dev/e/derived_inert
12:34:36 AM [vite] (client) [console.warn] https://svelte.dev/e/derived_inert
12:34:36 AM [vite] (client) [console.warn] https://svelte.dev/e/derived_inert
12:34:36 AM [vite] (client) [console.warn] https://svelte.dev/e/derived_inert
12:34:36 AM [vite] (client) [console.warn] https://svelte.dev/e/derived_inert
12:34:36 AM [vite] (client) [console.warn] https://svelte.dev/e/derived_inert
12:34:36 AM [vite] (client) [console.warn] https://svelte.dev/e/derived_inert
12:34:36 AM [vite] (client) [console.warn] https://svelte.dev/e/derived_inert
12:34:36 AM [vite] (client) [console.warn] https://svelte.dev/e/derived_inert
12:34:36 AM [vite] (client) [console.warn] https://svelte.dev/e/derived_inert
12:34:36 AM [vite] (client) [console.warn] https://svelte.dev/e/derived_inert
12:34:36 AM [vite] (client) [console.warn] https://svelte.dev/e/derived_inert
12:34:36 AM [vite] (client) [console.warn] https://svelte.dev/e/derived_inert
12:34:36 AM [vite] (client) [console.warn] https://svelte.dev/e/derived_inert
12:34:36 AM [vite] (client) [console.warn] https://svelte.dev/e/derived_inert
12:34:36 AM [vite] (client) [console.warn] https://svelte.dev/e/derived_inert
12:34:36 AM [vite] (client) [console.warn] https://svelte.dev/e/derived_inert
12:34:36 AM [vite] (client) [console.warn] https://svelte.dev/e/derived_inert
12:34:36 AM [vite] (client) [console.warn] https://svelte.dev/e/derived_inert
12:34:36 AM [vite] (client) [console.warn] https://svelte.dev/e/derived_inert
12:34:36 AM [vite] (client) [console.warn] https://svelte.dev/e/derived_inert
12:34:37 AM [vite] (client) [console.warn] https://svelte.dev/e/derived_inert
12:34:37 AM [vite] (client) [console.warn] https://svelte.dev/e/derived_inert
12:34:37 AM [vite] (client) [console.warn] https://svelte.dev/e/derived_inert
12:34:37 AM [vite] (client) [console.warn] https://svelte.dev/e/derived_inert
12:34:37 AM [vite] (client) [console.warn] https://svelte.dev/e/derived_inert
12:34:37 AM [vite] (client) [console.warn] https://svelte.dev/e/derived_inert
12:34:37 AM [vite] (client) [console.warn] https://svelte.dev/e/derived_inert
12:34:37 AM [vite] (client) [console.warn] https://svelte.dev/e/derived_inert
12:34:37 AM [vite] (client) [console.warn] https://svelte.dev/e/derived_inert
12:34:37 AM [vite] (client) [console.warn] https://svelte.dev/e/derived_inert
12:34:37 AM [vite] (client) [console.warn] https://svelte.dev/e/derived_inert
12:34:37 AM [vite] (client) [console.warn] https://svelte.dev/e/derived_inert
12:34:38 AM [vite] (client) [console.warn] https://svelte.dev/e/derived_inert
12:34:38 AM [vite] (client) [console.warn] https://svelte.dev/e/derived_inert
12:34:38 AM [vite] (client) [console.warn] https://svelte.dev/e/derived_inert
12:34:38 AM [vite] (client) [console.warn] https://svelte.dev/e/derived_inert
12:34:38 AM [vite] (client) [console.warn] https://svelte.dev/e/derived_inert
12:34:38 AM [vite] (client) [console.warn] https://svelte.dev/e/derived_inert
12:34:38 AM [vite] (client) [console.warn] https://svelte.dev/e/derived_inert
12:34:38 AM [vite] (client) [console.warn] https://svelte.dev/e/derived_inert
12:34:38 AM [vite] (client) [console.warn] https://svelte.dev/e/derived_inert
12:34:38 AM [vite] (client) [console.warn] https://svelte.dev/e/derived_inert
12:34:38 AM [vite] (client) [console.warn] https://svelte.dev/e/derived_inert
12:34:38 AM [vite] (client) [console.warn] https://svelte.dev/e/derived_inert
12:34:38 AM [vite] (client) [console.warn] https://svelte.dev/e/derived_inert
12:34:38 AM [vite] (client) [console.warn] https://svelte.dev/e/derived_inert
12:34:38 AM [vite] (client) [console.warn] https://svelte.dev/e/derived_inert
12:34:38 AM [vite] (client) [console.warn] https://svelte.dev/e/derived_inert
12:34:38 AM [vite] (client) [console.warn] https://svelte.dev/e/derived_inert
12:34:38 AM [vite] (client) [console.warn] https://svelte.dev/e/derived_inert
12:34:38 AM [vite] (client) [console.warn] https://svelte.dev/e/derived_inert
12:34:38 AM [vite] (client) [console.warn] https://svelte.dev/e/derived_inert
12:34:38 AM [vite] (client) [console.warn] https://svelte.dev/e/derived_inert
12:34:39 AM [vite] (client) [console.warn] https://svelte.dev/e/derived_inert
12:34:39 AM [vite] (client) [console.warn] https://svelte.dev/e/derived_inert
12:34:39 AM [vite] (client) [console.warn] https://svelte.dev/e/derived_inert
12:34:39 AM [vite] (client) [console.warn] https://svelte.dev/e/derived_inert
12:34:39 AM [vite] (client) [console.warn] https://svelte.dev/e/derived_inert
12:34:39 AM [vite] (client) [console.warn] https://svelte.dev/e/derived_inert
12:34:39 AM [vite] (client) [console.warn] https://svelte.dev/e/derived_inert
12:34:39 AM [vite] (client) [console.warn] https://svelte.dev/e/derived_inert
12:34:39 AM [vite] (client) [console.warn] https://svelte.dev/e/derived_inert
12:34:39 AM [vite] (client) [console.warn] https://svelte.dev/e/derived_inert
12:34:39 AM [vite] (client) [console.warn] https://svelte.dev/e/derived_inert
12:34:39 AM [vite] (client) [console.warn] https://svelte.dev/e/derived_inert
12:34:39 AM [vite] (client) [console.warn] https://svelte.dev/e/derived_inert
12:34:39 AM [vite] (client) [console.warn] https://svelte.dev/e/derived_inert
12:34:39 AM [vite] (client) [console.warn] https://svelte.dev/e/derived_inert
12:34:39 AM [vite] (client) [console.warn] https://svelte.dev/e/derived_inert
12:34:39 AM [vite] (client) [console.warn] https://svelte.dev/e/derived_inert
12:34:39 AM [vite] (client) [console.warn] https://svelte.dev/e/derived_inert
12:34:39 AM [vite] (client) [console.warn] https://svelte.dev/e/derived_inert
12:34:39 AM [vite] (client) [console.warn] https://svelte.dev/e/derived_inert
12:34:39 AM [vite] (client) [console.warn] https://svelte.dev/e/derived_inert
12:34:39 AM [vite] (client) [console.warn] https://svelte.dev/e/derived_inert
12:34:39 AM [vite] (client) [console.warn] https://svelte.dev/e/derived_inert
12:34:39 AM [vite] (client) [console.warn] https://svelte.dev/e/derived_inert
12:34:39 AM [vite] (client) [console.warn] https://svelte.dev/e/derived_inert
12:34:39 AM [vite] (client) [console.warn] https://svelte.dev/e/derived_inert
12:34:39 AM [vite] (client) [console.warn] https://svelte.dev/e/derived_inert
12:34:39 AM [vite] (client) [console.warn] https://svelte.dev/e/derived_inert
12:34:39 AM [vite] (client) [console.warn] https://svelte.dev/e/derived_inert
12:34:39 AM [vite] (client) [console.warn] https://svelte.dev/e/derived_inert
12:34:39 AM [vite] (client) [console.warn] https://svelte.dev/e/derived_inert
12:34:39 AM [vite] (client) [console.warn] https://svelte.dev/e/derived_inert
12:34:39 AM [vite] (client) [console.warn] https://svelte.dev/e/derived_inert
12:34:40 AM [vite] (client) [console.warn] https://svelte.dev/e/derived_inert
12:34:40 AM [vite] (client) [console.warn] https://svelte.dev/e/derived_inert
12:34:40 AM [vite] (client) [console.warn] https://svelte.dev/e/derived_inert
12:34:40 AM [vite] (client) [console.warn] https://svelte.dev/e/derived_inert
12:34:40 AM [vite] (client) [console.warn] https://svelte.dev/e/derived_inert
12:34:40 AM [vite] (client) [console.warn] https://svelte.dev/e/derived_inert
12:34:40 AM [vite] (client) [console.warn] https://svelte.dev/e/derived_inert
12:34:40 AM [vite] (client) [console.warn] https://svelte.dev/e/derived_inert
12:34:40 AM [vite] (client) [console.warn] https://svelte.dev/e/derived_inert
12:34:40 AM [vite] (client) [console.warn] https://svelte.dev/e/derived_inert
12:34:40 AM [vite] (client) [console.warn] https://svelte.dev/e/derived_inert
12:34:40 AM [vite] (client) [console.warn] https://svelte.dev/e/derived_inert
12:34:40 AM [vite] (client) [console.warn] https://svelte.dev/e/derived_inert
12:34:40 AM [vite] (client) [console.warn] https://svelte.dev/e/derived_inert
12:34:40 AM [vite] (client) [console.warn] https://svelte.dev/e/derived_inert
12:34:40 AM [vite] (client) [console.warn] https://svelte.dev/e/derived_inert
12:34:40 AM [vite] (client) [console.warn] https://svelte.dev/e/derived_inert
12:34:41 AM [vite] (client) [console.warn] https://svelte.dev/e/derived_inert
12:34:41 AM [vite] (client) [console.warn] https://svelte.dev/e/derived_inert
12:34:41 AM [vite] (client) [console.warn] https://svelte.dev/e/derived_inert
12:34:41 AM [vite] (client) [console.warn] https://svelte.dev/e/derived_inert
12:34:41 AM [vite] (client) [console.warn] https://svelte.dev/e/derived_inert
12:34:41 AM [vite] (client) [console.warn] https://svelte.dev/e/derived_inert
12:34:41 AM [vite] (client) [console.warn] https://svelte.dev/e/derived_inert
12:34:41 AM [vite] (client) [console.warn] https://svelte.dev/e/derived_inert
12:34:41 AM [vite] (client) [console.warn] https://svelte.dev/e/derived_inert
12:34:41 AM [vite] (client) [console.warn] https://svelte.dev/e/derived_inert
12:34:41 AM [vite] (client) [console.warn] https://svelte.dev/e/derived_inert
12:34:41 AM [vite] (client) [console.warn] https://svelte.dev/e/derived_inert
12:34:41 AM [vite] (client) [console.warn] https://svelte.dev/e/derived_inert
12:34:41 AM [vite] (client) [console.warn] https://svelte.dev/e/derived_inert
12:34:41 AM [vite] (client) [console.warn] https://svelte.dev/e/derived_inert
12:34:41 AM [vite] (client) [console.warn] https://svelte.dev/e/derived_inert
12:34:41 AM [vite] (client) [console.warn] https://svelte.dev/e/derived_inert
12:34:45 AM [vite] (client) [console.error] Failed to send message Error: Resend unavailable
    at http://localhost:63315/Users/johnnynguyen/Documents/Repos/Banhall-bmad-learn-chat/.bmad-loop/runs/20260904-133944-0158/worktrees/6/src/lib/components/chat/RegenerateTurn.component.test.ts?import&browserv=1788593681527:194:43
    at async http://localhost:63315/node_modules/@vitest/runner/dist/chunk-artifact.js?v=529185d0:1903:20
12:34:45 AM [vite] (client) [console.error] Failed to send message Error: Please retry resend
    at http://localhost:63315/Users/johnnynguyen/Documents/Repos/Banhall-bmad-learn-chat/.bmad-loop/runs/20260904-133944-0158/worktrees/6/src/lib/components/chat/RegenerateTurn.component.test.ts?import&browserv=1788593681527:364:43
    at async http://localhost:63315/node_modules/@vitest/runner/dist/chunk-artifact.js?v=529185d0:1903:20
 ❯ |component (chromium)| src/lib/components/chat/RegenerateTurn.component.test.ts (31 tests | 2 failed) 36015ms
   × retains an earlier failed turn without an assistant at its prompt position 15009ms
   × retains an earlier completed turn without an assistant at its prompt position 14981ms
12:35:23 AM [vite] (client) [console.warn] https://svelte.dev/e/derived_inert
12:35:23 AM [vite] (client) [console.warn] https://svelte.dev/e/derived_inert
12:35:23 AM [vite] (client) [console.warn] https://svelte.dev/e/derived_inert
12:35:23 AM [vite] (client) [console.warn] https://svelte.dev/e/derived_inert
12:35:23 AM [vite] (client) [console.warn] https://svelte.dev/e/derived_inert
12:35:23 AM [vite] (client) [console.warn] https://svelte.dev/e/derived_inert
12:35:25 AM [vite] (client) [console.warn] https://svelte.dev/e/derived_inert
12:35:25 AM [vite] (client) [console.warn] https://svelte.dev/e/derived_inert
12:35:25 AM [vite] (client) [console.warn] https://svelte.dev/e/derived_inert
12:35:25 AM [vite] (client) [console.warn] https://svelte.dev/e/derived_inert
12:35:25 AM [vite] (client) [console.warn] https://svelte.dev/e/derived_inert
12:35:25 AM [vite] (client) [console.warn] https://svelte.dev/e/derived_inert
12:35:25 AM [vite] (client) [console.warn] https://svelte.dev/e/derived_inert
12:35:25 AM [vite] (client) [console.warn] https://svelte.dev/e/derived_inert
12:35:25 AM [vite] (client) [console.warn] https://svelte.dev/e/derived_inert
12:35:25 AM [vite] (client) [console.warn] https://svelte.dev/e/derived_inert
12:35:25 AM [vite] (client) [console.warn] https://svelte.dev/e/derived_inert
12:35:25 AM [vite] (client) [console.warn] https://svelte.dev/e/derived_inert
12:35:25 AM [vite] (client) [console.warn] https://svelte.dev/e/derived_inert
12:35:25 AM [vite] (client) [console.warn] https://svelte.dev/e/derived_inert
12:35:25 AM [vite] (client) [console.warn] https://svelte.dev/e/derived_inert
12:35:25 AM [vite] (client) [console.warn] https://svelte.dev/e/derived_inert
12:35:25 AM [vite] (client) [console.warn] https://svelte.dev/e/derived_inert
12:35:25 AM [vite] (client) [console.warn] https://svelte.dev/e/derived_inert
12:35:25 AM [vite] (client) [console.warn] https://svelte.dev/e/derived_inert
12:35:25 AM [vite] (client) [console.warn] https://svelte.dev/e/derived_inert
12:35:25 AM [vite] (client) [console.warn] https://svelte.dev/e/derived_inert
12:35:25 AM [vite] (client) [console.warn] https://svelte.dev/e/derived_inert
12:35:25 AM [vite] (client) [console.warn] https://svelte.dev/e/derived_inert
12:35:25 AM [vite] (client) [console.warn] https://svelte.dev/e/derived_inert
12:35:25 AM [vite] (client) [console.warn] https://svelte.dev/e/derived_inert
12:35:25 AM [vite] (client) [console.warn] https://svelte.dev/e/derived_inert
12:35:25 AM [vite] (client) [console.warn] https://svelte.dev/e/derived_inert
12:35:25 AM [vite] (client) [console.warn] https://svelte.dev/e/derived_inert
12:35:25 AM [vite] (client) [console.warn] https://svelte.dev/e/derived_inert
12:35:25 AM [vite] (client) [console.warn] https://svelte.dev/e/derived_inert
12:35:25 AM [vite] (client) [console.warn] https://svelte.dev/e/derived_inert
12:35:25 AM [vite] (client) [console.warn] https://svelte.dev/e/derived_inert
12:35:25 AM [vite] (client) [console.warn] https://svelte.dev/e/derived_inert
12:35:25 AM [vite] (client) [console.warn] https://svelte.dev/e/derived_inert
12:35:25 AM [vite] (client) [console.warn] https://svelte.dev/e/derived_inert
12:35:25 AM [vite] (client) [console.warn] https://svelte.dev/e/derived_inert
12:35:25 AM [vite] (client) [console.warn] https://svelte.dev/e/derived_inert
12:35:25 AM [vite] (client) [console.warn] https://svelte.dev/e/derived_inert
12:35:25 AM [vite] (client) [console.warn] https://svelte.dev/e/derived_inert
12:35:25 AM [vite] (client) [console.warn] https://svelte.dev/e/derived_inert
12:35:25 AM [vite] (client) [console.warn] https://svelte.dev/e/derived_inert
12:35:25 AM [vite] (client) [console.warn] https://svelte.dev/e/derived_inert
12:35:25 AM [vite] (client) [console.warn] https://svelte.dev/e/derived_inert
12:35:25 AM [vite] (client) [console.warn] https://svelte.dev/e/derived_inert
12:35:25 AM [vite] (client) [console.warn] https://svelte.dev/e/derived_inert
12:35:25 AM [vite] (client) [console.warn] https://svelte.dev/e/derived_inert
12:35:25 AM [vite] (client) [console.warn] https://svelte.dev/e/derived_inert
12:35:25 AM [vite] (client) [console.warn] https://svelte.dev/e/derived_inert
12:35:25 AM [vite] (client) [console.warn] https://svelte.dev/e/derived_inert
12:35:25 AM [vite] (client) [console.warn] https://svelte.dev/e/derived_inert
12:35:25 AM [vite] (client) [console.warn] https://svelte.dev/e/derived_inert
12:35:25 AM [vite] (client) [console.warn] https://svelte.dev/e/derived_inert
12:35:25 AM [vite] (client) [console.warn] https://svelte.dev/e/derived_inert
12:35:25 AM [vite] (client) [console.warn] https://svelte.dev/e/derived_inert
12:35:25 AM [vite] (client) [console.warn] https://svelte.dev/e/derived_inert
12:35:25 AM [vite] (client) [console.warn] https://svelte.dev/e/derived_inert
12:35:25 AM [vite] (client) [console.warn] https://svelte.dev/e/derived_inert
12:35:25 AM [vite] (client) [console.warn] https://svelte.dev/e/derived_inert
12:35:25 AM [vite] (client) [console.warn] https://svelte.dev/e/derived_inert
12:35:25 AM [vite] (client) [console.warn] https://svelte.dev/e/derived_inert
12:35:25 AM [vite] (client) [console.warn] https://svelte.dev/e/derived_inert
12:35:25 AM [vite] (client) [console.warn] https://svelte.dev/e/derived_inert
12:35:25 AM [vite] (client) [console.warn] https://svelte.dev/e/derived_inert
12:35:25 AM [vite] (client) [console.warn] https://svelte.dev/e/derived_inert
12:35:25 AM [vite] (client) [console.warn] https://svelte.dev/e/derived_inert
12:35:25 AM [vite] (client) [console.warn] https://svelte.dev/e/derived_inert
12:35:25 AM [vite] (client) [console.warn] https://svelte.dev/e/derived_inert
12:35:25 AM [vite] (client) [console.warn] https://svelte.dev/e/derived_inert
12:35:25 AM [vite] (client) [console.warn] https://svelte.dev/e/derived_inert
12:35:25 AM [vite] (client) [console.warn] https://svelte.dev/e/derived_inert
12:35:25 AM [vite] (client) [console.warn] https://svelte.dev/e/derived_inert
12:35:25 AM [vite] (client) [console.warn] https://svelte.dev/e/derived_inert
12:35:25 AM [vite] (client) [console.warn] https://svelte.dev/e/derived_inert
12:35:25 AM [vite] (client) [console.warn] https://svelte.dev/e/derived_inert
12:35:25 AM [vite] (client) [console.warn] https://svelte.dev/e/derived_inert
12:35:25 AM [vite] (client) [console.warn] https://svelte.dev/e/derived_inert
12:35:25 AM [vite] (client) [console.warn] https://svelte.dev/e/derived_inert
12:35:25 AM [vite] (client) [console.warn] https://svelte.dev/e/derived_inert
12:35:25 AM [vite] (client) [console.warn] https://svelte.dev/e/derived_inert
12:35:25 AM [vite] (client) [console.warn] https://svelte.dev/e/derived_inert
12:35:25 AM [vite] (client) [console.warn] https://svelte.dev/e/derived_inert
12:35:25 AM [vite] (client) [console.warn] https://svelte.dev/e/derived_inert
12:35:25 AM [vite] (client) [console.warn] https://svelte.dev/e/derived_inert
12:35:25 AM [vite] (client) [console.warn] https://svelte.dev/e/derived_inert
12:35:25 AM [vite] (client) [console.warn] https://svelte.dev/e/derived_inert
12:35:25 AM [vite] (client) [console.warn] https://svelte.dev/e/derived_inert
12:35:25 AM [vite] (client) [console.warn] https://svelte.dev/e/derived_inert
12:35:25 AM [vite] (client) [console.warn] https://svelte.dev/e/derived_inert
12:35:25 AM [vite] (client) [console.warn] https://svelte.dev/e/derived_inert
12:35:25 AM [vite] (client) [console.warn] https://svelte.dev/e/derived_inert
12:35:25 AM [vite] (client) [console.warn] https://svelte.dev/e/derived_inert
12:35:25 AM [vite] (client) [console.warn] https://svelte.dev/e/derived_inert
12:35:25 AM [vite] (client) [console.warn] https://svelte.dev/e/derived_inert
12:35:25 AM [vite] (client) [console.warn] https://svelte.dev/e/derived_inert
12:35:25 AM [vite] (client) [console.warn] https://svelte.dev/e/derived_inert
12:35:25 AM [vite] (client) [console.warn] https://svelte.dev/e/derived_inert
12:35:25 AM [vite] (client) [console.warn] https://svelte.dev/e/derived_inert
12:35:25 AM [vite] (client) [console.warn] https://svelte.dev/e/derived_inert
12:35:25 AM [vite] (client) [console.warn] https://svelte.dev/e/derived_inert
12:35:25 AM [vite] (client) [console.warn] https://svelte.dev/e/derived_inert
12:35:25 AM [vite] (client) [console.warn] https://svelte.dev/e/derived_inert
12:35:25 AM [vite] (client) [console.warn] https://svelte.dev/e/derived_inert
12:35:25 AM [vite] (client) [console.warn] https://svelte.dev/e/derived_inert
12:35:25 AM [vite] (client) [console.warn] https://svelte.dev/e/derived_inert
12:35:25 AM [vite] (client) [console.warn] https://svelte.dev/e/derived_inert
12:35:25 AM [vite] (client) [console.warn] https://svelte.dev/e/derived_inert
12:35:25 AM [vite] (client) [console.warn] https://svelte.dev/e/derived_inert
12:35:25 AM [vite] (client) [console.warn] https://svelte.dev/e/derived_inert
12:35:25 AM [vite] (client) [console.warn] https://svelte.dev/e/derived_inert
12:35:25 AM [vite] (client) [console.warn] https://svelte.dev/e/derived_inert
12:35:25 AM [vite] (client) [console.warn] https://svelte.dev/e/derived_inert
12:35:25 AM [vite] (client) [console.warn] https://svelte.dev/e/derived_inert
12:35:25 AM [vite] (client) [console.warn] https://svelte.dev/e/derived_inert
12:35:25 AM [vite] (client) [console.warn] https://svelte.dev/e/derived_inert
12:35:25 AM [vite] (client) [console.warn] https://svelte.dev/e/derived_inert
12:35:25 AM [vite] (client) [console.warn] https://svelte.dev/e/derived_inert
12:35:25 AM [vite] (client) [console.warn] https://svelte.dev/e/derived_inert
12:35:25 AM [vite] (client) [console.warn] https://svelte.dev/e/derived_inert
12:35:25 AM [vite] (client) [console.warn] https://svelte.dev/e/derived_inert
12:35:25 AM [vite] (client) [console.warn] https://svelte.dev/e/derived_inert
12:35:25 AM [vite] (client) [console.warn] https://svelte.dev/e/derived_inert
12:35:25 AM [vite] (client) [console.warn] https://svelte.dev/e/derived_inert
12:35:25 AM [vite] (client) [console.warn] https://svelte.dev/e/derived_inert
12:35:25 AM [vite] (client) [console.warn] https://svelte.dev/e/derived_inert
12:35:25 AM [vite] (client) [console.warn] https://svelte.dev/e/derived_inert
12:35:25 AM [vite] (client) [console.warn] https://svelte.dev/e/derived_inert
12:35:25 AM [vite] (client) [console.warn] https://svelte.dev/e/derived_inert
12:35:25 AM [vite] (client) [console.warn] https://svelte.dev/e/derived_inert
12:35:26 AM [vite] (client) [console.error] Failed to send message Error: Try again
    at http://localhost:63315/Users/johnnynguyen/Documents/Repos/Banhall-bmad-learn-chat/.bmad-loop/runs/20260904-133944-0158/worktrees/6/src/lib/components/chat/RegenerateQueryState.component.test.ts?import&browserv=1788593726003:65:43
    at async http://localhost:63315/node_modules/@vitest/runner/dist/chunk-artifact.js?v=529185d0:1903:20
12:35:26 AM [vite] (client) [console.error] Failed to send message Error: Try again
    at http://localhost:63315/Users/johnnynguyen/Documents/Repos/Banhall-bmad-learn-chat/.bmad-loop/runs/20260904-133944-0158/worktrees/6/src/lib/components/chat/RegenerateQueryState.component.test.ts?import&browserv=1788593726003:65:43
    at async http://localhost:63315/node_modules/@vitest/runner/dist/chunk-artifact.js?v=529185d0:1903:20
12:35:29 AM [vite] (client) [console.warn] https://svelte.dev/e/derived_inert
12:35:31 AM [vite] (client) [console.warn] https://svelte.dev/e/derived_inert
12:35:31 AM [vite] (client) [console.warn] https://svelte.dev/e/derived_inert
12:35:31 AM [vite] (client) [console.warn] https://svelte.dev/e/derived_inert
12:35:31 AM [vite] (client) [console.warn] https://svelte.dev/e/derived_inert
12:35:31 AM [vite] (client) [console.warn] https://svelte.dev/e/derived_inert
12:35:31 AM [vite] (client) [console.warn] https://svelte.dev/e/derived_inert
12:35:31 AM [vite] (client) [console.warn] https://svelte.dev/e/derived_inert
12:35:31 AM [vite] (client) [console.warn] https://svelte.dev/e/derived_inert
12:35:31 AM [vite] (client) [console.warn] https://svelte.dev/e/derived_inert
12:35:31 AM [vite] (client) [console.warn] https://svelte.dev/e/derived_inert
12:35:31 AM [vite] (client) [console.warn] https://svelte.dev/e/derived_inert
12:35:31 AM [vite] (client) [console.warn] https://svelte.dev/e/derived_inert
12:35:31 AM [vite] (client) [console.warn] https://svelte.dev/e/derived_inert
12:35:31 AM [vite] (client) [console.warn] https://svelte.dev/e/derived_inert
12:35:31 AM [vite] (client) [console.warn] https://svelte.dev/e/derived_inert
12:35:31 AM [vite] (client) [console.warn] https://svelte.dev/e/derived_inert
12:35:31 AM [vite] (client) [console.warn] https://svelte.dev/e/derived_inert
12:35:31 AM [vite] (client) [console.warn] https://svelte.dev/e/derived_inert
12:35:31 AM [vite] (client) [console.warn] https://svelte.dev/e/derived_inert
12:35:31 AM [vite] (client) [console.warn] https://svelte.dev/e/derived_inert
12:35:31 AM [vite] (client) [console.warn] https://svelte.dev/e/derived_inert
12:35:31 AM [vite] (client) [console.warn] https://svelte.dev/e/derived_inert
12:35:31 AM [vite] (client) [console.warn] https://svelte.dev/e/derived_inert
12:35:31 AM [vite] (client) [console.warn] https://svelte.dev/e/derived_inert
12:35:31 AM [vite] (client) [console.warn] https://svelte.dev/e/derived_inert
12:35:31 AM [vite] (client) [console.warn] https://svelte.dev/e/derived_inert
12:35:31 AM [vite] (client) [console.warn] https://svelte.dev/e/derived_inert
12:35:31 AM [vite] (client) [console.warn] https://svelte.dev/e/derived_inert
12:35:31 AM [vite] (client) [console.warn] https://svelte.dev/e/derived_inert
12:35:31 AM [vite] (client) [console.warn] https://svelte.dev/e/derived_inert
12:35:31 AM [vite] (client) [console.warn] https://svelte.dev/e/derived_inert
12:35:31 AM [vite] (client) [console.warn] https://svelte.dev/e/derived_inert
12:35:31 AM [vite] (client) [console.warn] https://svelte.dev/e/derived_inert
12:35:32 AM [vite] (client) [console.warn] https://svelte.dev/e/derived_inert
12:35:32 AM [vite] (client) [console.warn] https://svelte.dev/e/derived_inert
12:35:32 AM [vite] (client) [console.warn] https://svelte.dev/e/derived_inert
12:35:32 AM [vite] (client) [console.warn] https://svelte.dev/e/derived_inert
12:35:32 AM [vite] (client) [console.warn] https://svelte.dev/e/derived_inert
12:35:32 AM [vite] (client) [console.warn] https://svelte.dev/e/derived_inert
12:35:32 AM [vite] (client) [console.warn] https://svelte.dev/e/derived_inert
12:35:32 AM [vite] (client) [console.warn] https://svelte.dev/e/derived_inert
12:35:32 AM [vite] (client) [console.warn] https://svelte.dev/e/derived_inert
12:35:32 AM [vite] (client) [console.warn] https://svelte.dev/e/derived_inert
12:35:32 AM [vite] (client) [console.warn] https://svelte.dev/e/derived_inert
12:35:32 AM [vite] (client) [console.warn] https://svelte.dev/e/derived_inert
12:35:32 AM [vite] (client) [console.warn] https://svelte.dev/e/derived_inert
12:35:32 AM [vite] (client) [console.warn] https://svelte.dev/e/derived_inert
12:35:32 AM [vite] (client) [console.warn] https://svelte.dev/e/derived_inert
12:35:32 AM [vite] (client) [console.warn] https://svelte.dev/e/derived_inert
12:35:32 AM [vite] (client) [console.warn] https://svelte.dev/e/derived_inert
12:35:32 AM [vite] (client) [console.warn] https://svelte.dev/e/derived_inert
12:35:32 AM [vite] (client) [console.warn] https://svelte.dev/e/derived_inert
12:35:32 AM [vite] (client) [console.warn] https://svelte.dev/e/derived_inert
12:35:32 AM [vite] (client) [console.warn] https://svelte.dev/e/derived_inert
12:35:32 AM [vite] (client) [console.warn] https://svelte.dev/e/derived_inert
12:35:32 AM [vite] (client) [console.warn] https://svelte.dev/e/derived_inert
12:35:32 AM [vite] (client) [console.warn] https://svelte.dev/e/derived_inert
12:35:32 AM [vite] (client) [console.warn] https://svelte.dev/e/derived_inert
12:35:32 AM [vite] (client) [console.warn] https://svelte.dev/e/derived_inert
12:35:32 AM [vite] (client) [console.warn] https://svelte.dev/e/derived_inert
12:35:32 AM [vite] (client) [console.warn] https://svelte.dev/e/derived_inert
12:35:32 AM [vite] (client) [console.warn] https://svelte.dev/e/derived_inert
12:35:32 AM [vite] (client) [console.warn] https://svelte.dev/e/derived_inert
12:35:32 AM [vite] (client) [console.warn] https://svelte.dev/e/derived_inert
12:35:32 AM [vite] (client) [console.warn] https://svelte.dev/e/derived_inert
12:35:32 AM [vite] (client) [console.warn] https://svelte.dev/e/derived_inert
12:35:32 AM [vite] (client) [console.warn] https://svelte.dev/e/derived_inert
12:35:32 AM [vite] (client) [console.warn] https://svelte.dev/e/derived_inert
12:35:32 AM [vite] (client) [console.warn] https://svelte.dev/e/derived_inert
12:35:32 AM [vite] (client) [console.warn] https://svelte.dev/e/derived_inert
12:35:32 AM [vite] (client) [console.warn] https://svelte.dev/e/derived_inert
12:35:32 AM [vite] (client) [console.warn] https://svelte.dev/e/derived_inert
12:35:32 AM [vite] (client) [console.warn] https://svelte.dev/e/derived_inert
12:35:32 AM [vite] (client) [console.warn] https://svelte.dev/e/derived_inert
12:35:32 AM [vite] (client) [console.warn] https://svelte.dev/e/derived_inert
12:35:32 AM [vite] (client) [console.warn] https://svelte.dev/e/derived_inert
12:35:32 AM [vite] (client) [console.warn] https://svelte.dev/e/derived_inert
12:35:32 AM [vite] (client) [console.warn] https://svelte.dev/e/derived_inert
12:35:32 AM [vite] (client) [console.warn] https://svelte.dev/e/derived_inert
12:35:32 AM [vite] (client) [console.warn] https://svelte.dev/e/derived_inert
12:35:32 AM [vite] (client) [console.warn] https://svelte.dev/e/derived_inert
12:35:32 AM [vite] (client) [console.warn] https://svelte.dev/e/derived_inert
12:35:32 AM [vite] (client) [console.warn] https://svelte.dev/e/derived_inert
12:35:32 AM [vite] (client) [console.warn] https://svelte.dev/e/derived_inert
12:35:32 AM [vite] (client) [console.warn] https://svelte.dev/e/derived_inert
12:35:32 AM [vite] (client) [console.warn] https://svelte.dev/e/derived_inert
12:35:32 AM [vite] (client) [console.warn] https://svelte.dev/e/derived_inert
12:35:32 AM [vite] (client) [console.warn] https://svelte.dev/e/derived_inert
12:35:32 AM [vite] (client) [console.warn] https://svelte.dev/e/derived_inert
12:35:32 AM [vite] (client) [console.warn] https://svelte.dev/e/derived_inert
12:35:32 AM [vite] (client) [console.warn] https://svelte.dev/e/derived_inert
12:35:32 AM [vite] (client) [console.warn] https://svelte.dev/e/derived_inert
12:35:32 AM [vite] (client) [console.warn] https://svelte.dev/e/derived_inert
12:35:32 AM [vite] (client) [console.warn] https://svelte.dev/e/derived_inert
12:35:32 AM [vite] (client) [console.warn] https://svelte.dev/e/derived_inert
12:35:32 AM [vite] (client) [console.warn] https://svelte.dev/e/derived_inert
12:35:32 AM [vite] (client) [console.warn] https://svelte.dev/e/derived_inert
12:35:32 AM [vite] (client) [console.warn] https://svelte.dev/e/derived_inert
12:35:32 AM [vite] (client) [console.warn] https://svelte.dev/e/derived_inert
12:35:32 AM [vite] (client) [console.warn] https://svelte.dev/e/derived_inert
12:35:32 AM [vite] (client) [console.warn] https://svelte.dev/e/derived_inert
12:35:32 AM [vite] (client) [console.warn] https://svelte.dev/e/derived_inert
12:35:32 AM [vite] (client) [console.warn] https://svelte.dev/e/derived_inert
12:35:32 AM [vite] (client) [console.warn] https://svelte.dev/e/derived_inert
12:35:32 AM [vite] (client) [console.warn] https://svelte.dev/e/derived_inert
12:35:32 AM [vite] (client) [console.warn] https://svelte.dev/e/derived_inert
12:35:32 AM [vite] (client) [console.warn] https://svelte.dev/e/derived_inert
12:35:32 AM [vite] (client) [console.warn] https://svelte.dev/e/derived_inert
12:35:32 AM [vite] (client) [console.warn] https://svelte.dev/e/derived_inert
12:35:32 AM [vite] (client) [console.warn] https://svelte.dev/e/derived_inert
12:35:32 AM [vite] (client) [console.warn] https://svelte.dev/e/derived_inert
12:35:32 AM [vite] (client) [console.warn] https://svelte.dev/e/derived_inert
12:35:32 AM [vite] (client) [console.warn] https://svelte.dev/e/derived_inert
12:35:32 AM [vite] (client) [console.warn] https://svelte.dev/e/derived_inert
12:35:32 AM [vite] (client) [console.warn] https://svelte.dev/e/derived_inert
12:35:32 AM [vite] (client) [console.warn] https://svelte.dev/e/derived_inert
12:35:32 AM [vite] (client) [console.warn] https://svelte.dev/e/derived_inert
12:35:32 AM [vite] (client) [console.warn] https://svelte.dev/e/derived_inert
12:35:32 AM [vite] (client) [console.warn] https://svelte.dev/e/derived_inert
12:35:32 AM [vite] (client) [console.warn] https://svelte.dev/e/derived_inert
12:35:32 AM [vite] (client) [console.warn] https://svelte.dev/e/derived_inert
12:35:32 AM [vite] (client) [console.warn] https://svelte.dev/e/derived_inert
12:35:32 AM [vite] (client) [console.warn] https://svelte.dev/e/derived_inert
12:35:32 AM [vite] (client) [console.warn] https://svelte.dev/e/derived_inert
12:35:32 AM [vite] (client) [console.warn] https://svelte.dev/e/derived_inert
12:35:32 AM [vite] (client) [console.warn] https://svelte.dev/e/derived_inert
12:35:32 AM [vite] (client) [console.warn] https://svelte.dev/e/derived_inert
12:35:32 AM [vite] (client) [console.warn] https://svelte.dev/e/derived_inert
12:35:32 AM [vite] (client) [console.warn] https://svelte.dev/e/derived_inert
12:35:32 AM [vite] (client) [console.warn] https://svelte.dev/e/derived_inert
12:35:32 AM [vite] (client) [console.warn] https://svelte.dev/e/derived_inert
12:35:32 AM [vite] (client) [console.warn] https://svelte.dev/e/derived_inert
12:35:32 AM [vite] (client) [console.warn] https://svelte.dev/e/derived_inert
12:35:32 AM [vite] (client) [console.warn] https://svelte.dev/e/derived_inert
12:35:32 AM [vite] (client) [console.warn] https://svelte.dev/e/derived_inert
12:35:32 AM [vite] (client) [console.warn] https://svelte.dev/e/derived_inert
12:35:32 AM [vite] (client) [console.warn] https://svelte.dev/e/derived_inert
12:35:32 AM [vite] (client) [console.warn] https://svelte.dev/e/derived_inert
12:35:32 AM [vite] (client) [console.warn] https://svelte.dev/e/derived_inert
12:35:32 AM [vite] (client) [console.warn] https://svelte.dev/e/derived_inert
12:35:32 AM [vite] (client) [console.warn] https://svelte.dev/e/derived_inert
12:35:32 AM [vite] (client) [console.warn] https://svelte.dev/e/derived_inert
12:35:32 AM [vite] (client) [console.warn] https://svelte.dev/e/derived_inert
12:35:32 AM [vite] (client) [console.warn] https://svelte.dev/e/derived_inert
12:35:32 AM [vite] (client) [console.warn] https://svelte.dev/e/derived_inert
12:35:32 AM [vite] (client) [console.warn] https://svelte.dev/e/derived_inert
12:35:32 AM [vite] (client) [console.warn] https://svelte.dev/e/derived_inert
12:35:32 AM [vite] (client) [console.warn] https://svelte.dev/e/derived_inert
12:35:32 AM [vite] (client) [console.warn] https://svelte.dev/e/derived_inert
12:35:32 AM [vite] (client) [console.warn] https://svelte.dev/e/derived_inert
12:35:32 AM [vite] (client) [console.warn] https://svelte.dev/e/derived_inert
12:35:32 AM [vite] (client) [console.warn] https://svelte.dev/e/derived_inert
12:35:32 AM [vite] (client) [console.warn] https://svelte.dev/e/derived_inert
12:35:32 AM [vite] (client) [console.warn] https://svelte.dev/e/derived_inert
12:35:32 AM [vite] (client) [console.warn] https://svelte.dev/e/derived_inert
12:35:32 AM [vite] (client) [console.warn] https://svelte.dev/e/derived_inert
12:35:32 AM [vite] (client) [console.warn] https://svelte.dev/e/derived_inert
12:35:32 AM [vite] (client) [console.warn] https://svelte.dev/e/derived_inert
12:35:32 AM [vite] (client) [console.warn] https://svelte.dev/e/derived_inert
12:35:32 AM [vite] (client) [console.warn] https://svelte.dev/e/derived_inert
12:35:32 AM [vite] (client) [console.warn] https://svelte.dev/e/derived_inert
12:35:32 AM [vite] (client) [console.warn] https://svelte.dev/e/derived_inert
12:35:32 AM [vite] (client) [console.warn] https://svelte.dev/e/derived_inert
12:35:32 AM [vite] (client) [console.warn] https://svelte.dev/e/derived_inert
12:35:32 AM [vite] (client) [console.warn] https://svelte.dev/e/derived_inert
12:35:32 AM [vite] (client) [console.warn] https://svelte.dev/e/derived_inert
12:35:32 AM [vite] (client) [console.warn] https://svelte.dev/e/derived_inert
12:35:32 AM [vite] (client) [console.warn] https://svelte.dev/e/derived_inert
12:35:32 AM [vite] (client) [console.warn] https://svelte.dev/e/derived_inert
12:35:32 AM [vite] (client) [console.warn] https://svelte.dev/e/derived_inert
12:35:32 AM [vite] (client) [console.warn] https://svelte.dev/e/derived_inert
12:35:32 AM [vite] (client) [console.warn] https://svelte.dev/e/derived_inert
12:35:32 AM [vite] (client) [console.warn] https://svelte.dev/e/derived_inert
12:35:32 AM [vite] (client) [console.warn] https://svelte.dev/e/derived_inert
12:35:32 AM [vite] (client) [console.warn] https://svelte.dev/e/derived_inert
12:35:32 AM [vite] (client) [console.warn] https://svelte.dev/e/derived_inert
12:35:32 AM [vite] (client) [console.warn] https://svelte.dev/e/derived_inert
12:35:32 AM [vite] (client) [console.warn] https://svelte.dev/e/derived_inert
12:35:32 AM [vite] (client) [console.warn] https://svelte.dev/e/derived_inert
12:35:32 AM [vite] (client) [console.warn] https://svelte.dev/e/derived_inert
12:35:32 AM [vite] (client) [console.warn] https://svelte.dev/e/derived_inert
12:35:32 AM [vite] (client) [console.warn] https://svelte.dev/e/derived_inert
12:35:32 AM [vite] (client) [console.warn] https://svelte.dev/e/derived_inert
12:35:32 AM [vite] (client) [console.warn] https://svelte.dev/e/derived_inert
12:35:32 AM [vite] (client) [console.warn] https://svelte.dev/e/derived_inert
12:35:32 AM [vite] (client) [console.warn] https://svelte.dev/e/derived_inert
12:35:32 AM [vite] (client) [console.warn] https://svelte.dev/e/derived_inert
12:35:32 AM [vite] (client) [console.warn] https://svelte.dev/e/derived_inert
12:35:32 AM [vite] (client) [console.warn] https://svelte.dev/e/derived_inert
12:35:32 AM [vite] (client) [console.warn] https://svelte.dev/e/derived_inert
12:35:32 AM [vite] (client) [console.warn] https://svelte.dev/e/derived_inert
12:35:32 AM [vite] (client) [console.warn] https://svelte.dev/e/derived_inert
12:35:32 AM [vite] (client) [console.warn] https://svelte.dev/e/derived_inert
12:35:32 AM [vite] (client) [console.warn] https://svelte.dev/e/derived_inert
12:35:32 AM [vite] (client) [console.warn] https://svelte.dev/e/derived_inert
12:35:32 AM [vite] (client) [console.warn] https://svelte.dev/e/derived_inert
12:35:32 AM [vite] (client) [console.warn] https://svelte.dev/e/derived_inert
12:35:32 AM [vite] (client) [console.warn] https://svelte.dev/e/derived_inert
12:35:32 AM [vite] (client) [console.warn] https://svelte.dev/e/derived_inert
12:35:32 AM [vite] (client) [console.warn] https://svelte.dev/e/derived_inert
12:35:32 AM [vite] (client) [console.warn] https://svelte.dev/e/derived_inert
12:35:32 AM [vite] (client) [console.warn] https://svelte.dev/e/derived_inert
12:35:32 AM [vite] (client) [console.warn] https://svelte.dev/e/derived_inert
12:35:32 AM [vite] (client) [console.warn] https://svelte.dev/e/derived_inert
12:35:32 AM [vite] (client) [console.warn] https://svelte.dev/e/derived_inert
12:35:32 AM [vite] (client) [console.warn] https://svelte.dev/e/derived_inert
12:35:32 AM [vite] (client) [console.warn] https://svelte.dev/e/derived_inert
12:35:32 AM [vite] (client) [console.warn] https://svelte.dev/e/derived_inert
12:35:32 AM [vite] (client) [console.warn] https://svelte.dev/e/derived_inert
12:35:32 AM [vite] (client) [console.warn] https://svelte.dev/e/derived_inert
12:35:32 AM [vite] (client) [console.warn] https://svelte.dev/e/derived_inert
12:35:32 AM [vite] (client) [console.warn] https://svelte.dev/e/derived_inert
12:35:32 AM [vite] (client) [console.warn] https://svelte.dev/e/derived_inert
12:35:32 AM [vite] (client) [console.warn] https://svelte.dev/e/derived_inert
12:35:32 AM [vite] (client) [console.warn] https://svelte.dev/e/derived_inert
12:35:32 AM [vite] (client) [console.warn] https://svelte.dev/e/derived_inert
12:35:32 AM [vite] (client) [console.warn] https://svelte.dev/e/derived_inert
12:35:32 AM [vite] (client) [console.warn] https://svelte.dev/e/derived_inert
12:35:32 AM [vite] (client) [console.warn] https://svelte.dev/e/derived_inert
12:35:32 AM [vite] (client) [console.warn] https://svelte.dev/e/derived_inert
12:35:32 AM [vite] (client) [console.warn] https://svelte.dev/e/derived_inert
12:35:32 AM [vite] (client) [console.warn] https://svelte.dev/e/derived_inert
12:35:32 AM [vite] (client) [console.warn] https://svelte.dev/e/derived_inert
12:35:32 AM [vite] (client) [console.warn] https://svelte.dev/e/derived_inert
12:35:32 AM [vite] (client) [console.warn] https://svelte.dev/e/derived_inert
12:35:32 AM [vite] (client) [console.warn] https://svelte.dev/e/derived_inert
12:35:32 AM [vite] (client) [console.warn] https://svelte.dev/e/derived_inert
12:35:32 AM [vite] (client) [console.warn] https://svelte.dev/e/derived_inert
12:35:32 AM [vite] (client) [console.warn] https://svelte.dev/e/derived_inert
12:35:32 AM [vite] (client) [console.warn] https://svelte.dev/e/derived_inert
12:35:32 AM [vite] (client) [console.warn] https://svelte.dev/e/derived_inert
12:35:32 AM [vite] (client) [console.warn] https://svelte.dev/e/derived_inert
12:35:32 AM [vite] (client) [console.warn] https://svelte.dev/e/derived_inert
12:35:32 AM [vite] (client) [console.warn] https://svelte.dev/e/derived_inert
12:35:32 AM [vite] (client) [console.warn] https://svelte.dev/e/derived_inert
12:35:32 AM [vite] (client) [console.warn] https://svelte.dev/e/derived_inert
12:35:32 AM [vite] (client) [console.warn] https://svelte.dev/e/derived_inert
12:35:32 AM [vite] (client) [console.warn] https://svelte.dev/e/derived_inert
12:35:32 AM [vite] (client) [console.warn] https://svelte.dev/e/derived_inert
12:35:32 AM [vite] (client) [console.warn] https://svelte.dev/e/derived_inert
12:35:32 AM [vite] (client) [console.warn] https://svelte.dev/e/derived_inert
12:35:32 AM [vite] (client) [console.warn] https://svelte.dev/e/derived_inert
12:35:32 AM [vite] (client) [console.warn] https://svelte.dev/e/derived_inert
12:35:32 AM [vite] (client) [console.warn] https://svelte.dev/e/derived_inert
12:35:32 AM [vite] (client) [console.warn] https://svelte.dev/e/derived_inert
12:35:32 AM [vite] (client) [console.warn] https://svelte.dev/e/derived_inert
12:35:32 AM [vite] (client) [console.warn] https://svelte.dev/e/derived_inert
12:35:32 AM [vite] (client) [console.warn] https://svelte.dev/e/derived_inert
12:35:32 AM [vite] (client) [console.warn] https://svelte.dev/e/derived_inert
12:35:32 AM [vite] (client) [console.warn] https://svelte.dev/e/derived_inert
12:35:32 AM [vite] (client) [console.warn] https://svelte.dev/e/derived_inert
12:35:32 AM [vite] (client) [console.warn] https://svelte.dev/e/derived_inert
12:35:32 AM [vite] (client) [console.warn] https://svelte.dev/e/derived_inert
12:35:39 AM [vite] (client) [console.warn] https://svelte.dev/e/derived_inert
12:35:39 AM [vite] (client) [console.warn] https://svelte.dev/e/derived_inert

⎯⎯⎯⎯⎯⎯⎯ Failed Tests 2 ⎯⎯⎯⎯⎯⎯⎯

 FAIL  |component (chromium)| src/lib/components/chat/RegenerateTurn.component.test.ts > retains an earlier failed turn without an assistant at its prompt position
 FAIL  |component (chromium)| src/lib/components/chat/RegenerateTurn.component.test.ts > retains an earlier completed turn without an assistant at its prompt position
Error: [2mexpect([22m[31melement[39m[2m).toHaveAccessibleDescription()[22m

Expected element to have accessible description:
[32m  Regenerate response to: Original prompt

  [Writer highlighted this excerpt from the report]:
  """Old excerpt"""

  [Writer is refining suggestion proposal-old. Keep this exact canonical report target:]
  """Old target"""[39m
Received:
[31m  Regenerate response to: Original prompt [Writer highlighted this excerpt from the report]: """Old excerpt""" [Writer is refining suggestion proposal-old. Keep this exact canonical report target:] """Old target"""[39m

Failure screenshots:
  - src/lib/components/chat/__screenshots__/RegenerateTurn.component.test.ts/retains-an-earlier-failed-turn-without-an-assistant-at-its-prompt-position-1.png
  - src/lib/components/chat/__screenshots__/RegenerateTurn.component.test.ts/retains-an-earlier-completed-turn-without-an-assistant-at-its-prompt-position-1.png

 ❯ src/lib/components/chat/RegenerateTurn.component.test.ts:243:44
    241|   await render(AgentChatPanel, { reportId, projectId });
    242|   await expect.poll(() => regenerate().elements().length).toBe(2);
    243|   await expect.element(regenerate().nth(0)).toHaveAccessibleDescriptio…
       |                                            ^
    244|   await expect.element(regenerate().nth(1)).toHaveAccessibleDescriptio…
    245|   const firstAction = regenerate().nth(0).element();

Caused by: Error: Matcher did not succeed in time.
 ❯ src/lib/components/chat/RegenerateTurn.component.test.ts:243:2

⎯⎯⎯⎯⎯⎯⎯⎯⎯⎯⎯⎯⎯⎯⎯⎯⎯⎯⎯⎯⎯⎯⎯⎯[1/2]⎯


 Test Files  1 failed | 56 passed (57)
      Tests  2 failed | 384 passed (386)
   Start at  00:34:02
   Duration  98.32s (transform 0ms, setup 1.36s, import 35.13s, tests 55.82s, environment 0ms)
