
> banhall-app@0.1.0 test:component
> vitest run --config vitest.component.config.ts

12:32:42 AM [vite-plugin-svelte] no Svelte config found at /Users/johnnynguyen/Documents/Repos/Banhall-bmad-learn-chat/.bmad-loop/runs/20260904-133944-0158/worktrees/6 - using default configuration.

 RUN  v4.1.10 /Users/johnnynguyen/Documents/Repos/Banhall-bmad-learn-chat/.bmad-loop/runs/20260904-133944-0158/worktrees/6

12:32:42 AM [vite-plugin-svelte] no Svelte config found at /Users/johnnynguyen/Documents/Repos/Banhall-bmad-learn-chat/.bmad-loop/runs/20260904-133944-0158/worktrees/6 - using default configuration.
12:32:57 AM [vite] (client) [console.warn] https://svelte.dev/e/derived_inert
12:32:57 AM [vite] (client) [console.warn] https://svelte.dev/e/derived_inert
12:32:57 AM [vite] (client) [console.warn] https://svelte.dev/e/derived_inert
12:32:57 AM [vite] (client) [console.warn] https://svelte.dev/e/derived_inert
12:32:57 AM [vite] (client) [console.warn] https://svelte.dev/e/derived_inert
12:32:57 AM [vite] (client) [console.warn] https://svelte.dev/e/derived_inert
12:32:57 AM [vite] (client) [console.warn] https://svelte.dev/e/derived_inert
12:32:57 AM [vite] (client) [console.warn] https://svelte.dev/e/derived_inert
12:32:57 AM [vite] (client) [console.warn] https://svelte.dev/e/derived_inert
12:32:57 AM [vite] (client) [console.warn] https://svelte.dev/e/derived_inert
12:32:57 AM [vite] (client) [console.warn] https://svelte.dev/e/derived_inert
12:32:57 AM [vite] (client) [console.warn] https://svelte.dev/e/derived_inert
12:32:57 AM [vite] (client) [console.warn] https://svelte.dev/e/derived_inert
12:32:58 AM [vite] (client) [console.warn] https://svelte.dev/e/derived_inert
12:32:58 AM [vite] (client) [console.warn] https://svelte.dev/e/derived_inert
12:32:58 AM [vite] (client) [console.warn] https://svelte.dev/e/derived_inert
12:32:58 AM [vite] (client) [console.warn] https://svelte.dev/e/derived_inert
12:32:58 AM [vite] (client) [console.warn] https://svelte.dev/e/derived_inert
12:32:58 AM [vite] (client) [console.warn] https://svelte.dev/e/derived_inert
12:32:58 AM [vite] (client) [console.warn] https://svelte.dev/e/derived_inert
12:32:58 AM [vite] (client) [console.warn] https://svelte.dev/e/derived_inert
12:32:58 AM [vite] (client) [console.warn] https://svelte.dev/e/derived_inert
12:32:58 AM [vite] (client) [console.warn] https://svelte.dev/e/derived_inert
12:32:58 AM [vite] (client) [console.warn] https://svelte.dev/e/derived_inert
12:32:58 AM [vite] (client) [console.warn] https://svelte.dev/e/derived_inert
12:32:58 AM [vite] (client) [console.warn] https://svelte.dev/e/derived_inert
12:32:58 AM [vite] (client) [console.warn] https://svelte.dev/e/derived_inert
12:32:58 AM [vite] (client) [console.warn] https://svelte.dev/e/derived_inert
12:32:58 AM [vite] (client) [console.warn] https://svelte.dev/e/derived_inert
12:32:58 AM [vite] (client) [console.warn] https://svelte.dev/e/derived_inert
12:32:58 AM [vite] (client) [console.warn] https://svelte.dev/e/derived_inert
12:32:58 AM [vite] (client) [console.warn] https://svelte.dev/e/derived_inert
12:32:58 AM [vite] (client) [console.warn] https://svelte.dev/e/derived_inert
12:32:58 AM [vite] (client) [console.warn] https://svelte.dev/e/derived_inert
12:32:58 AM [vite] (client) [console.warn] https://svelte.dev/e/derived_inert
12:32:58 AM [vite] (client) [console.warn] https://svelte.dev/e/derived_inert
12:32:58 AM [vite] (client) [console.warn] https://svelte.dev/e/derived_inert
12:32:58 AM [vite] (client) [console.warn] https://svelte.dev/e/derived_inert
12:32:58 AM [vite] (client) [console.warn] https://svelte.dev/e/derived_inert
12:32:58 AM [vite] (client) [console.warn] https://svelte.dev/e/derived_inert
12:32:58 AM [vite] (client) [console.warn] https://svelte.dev/e/derived_inert
12:32:58 AM [vite] (client) [console.warn] https://svelte.dev/e/derived_inert
12:32:58 AM [vite] (client) [console.warn] https://svelte.dev/e/derived_inert
12:32:58 AM [vite] (client) [console.warn] https://svelte.dev/e/derived_inert
12:32:58 AM [vite] (client) [console.warn] https://svelte.dev/e/derived_inert
12:32:58 AM [vite] (client) [console.warn] https://svelte.dev/e/derived_inert
12:32:58 AM [vite] (client) [console.warn] https://svelte.dev/e/derived_inert
12:32:58 AM [vite] (client) [console.warn] https://svelte.dev/e/derived_inert
12:32:58 AM [vite] (client) [console.warn] https://svelte.dev/e/derived_inert
12:32:58 AM [vite] (client) [console.warn] https://svelte.dev/e/derived_inert
12:32:58 AM [vite] (client) [console.warn] https://svelte.dev/e/derived_inert
12:32:58 AM [vite] (client) [console.warn] https://svelte.dev/e/derived_inert
12:32:58 AM [vite] (client) [console.warn] https://svelte.dev/e/derived_inert
12:32:58 AM [vite] (client) [console.warn] https://svelte.dev/e/derived_inert
12:32:58 AM [vite] (client) [console.warn] https://svelte.dev/e/derived_inert
12:32:58 AM [vite] (client) [console.warn] https://svelte.dev/e/derived_inert
12:32:58 AM [vite] (client) [console.warn] https://svelte.dev/e/derived_inert
12:32:59 AM [vite] (client) [console.warn] https://svelte.dev/e/derived_inert
12:32:59 AM [vite] (client) [console.warn] https://svelte.dev/e/derived_inert
12:32:59 AM [vite] (client) [console.warn] https://svelte.dev/e/derived_inert
12:32:59 AM [vite] (client) [console.warn] https://svelte.dev/e/derived_inert
12:32:59 AM [vite] (client) [console.warn] https://svelte.dev/e/derived_inert
12:32:59 AM [vite] (client) [console.warn] https://svelte.dev/e/derived_inert
12:32:59 AM [vite] (client) [console.warn] https://svelte.dev/e/derived_inert
12:32:59 AM [vite] (client) [console.warn] https://svelte.dev/e/derived_inert
12:32:59 AM [vite] (client) [console.warn] https://svelte.dev/e/derived_inert
12:32:59 AM [vite] (client) [console.warn] https://svelte.dev/e/derived_inert
12:32:59 AM [vite] (client) [console.warn] https://svelte.dev/e/derived_inert
12:32:59 AM [vite] (client) [console.warn] https://svelte.dev/e/derived_inert
12:32:59 AM [vite] (client) [console.warn] https://svelte.dev/e/derived_inert
12:32:59 AM [vite] (client) [console.warn] https://svelte.dev/e/derived_inert
12:32:59 AM [vite] (client) [console.warn] https://svelte.dev/e/derived_inert
12:32:59 AM [vite] (client) [console.warn] https://svelte.dev/e/derived_inert
12:32:59 AM [vite] (client) [console.warn] https://svelte.dev/e/derived_inert
12:32:59 AM [vite] (client) [console.warn] https://svelte.dev/e/derived_inert
12:32:59 AM [vite] (client) [console.warn] https://svelte.dev/e/derived_inert
12:32:59 AM [vite] (client) [console.warn] https://svelte.dev/e/derived_inert
12:32:59 AM [vite] (client) [console.warn] https://svelte.dev/e/derived_inert
12:32:59 AM [vite] (client) [console.warn] https://svelte.dev/e/derived_inert
12:32:59 AM [vite] (client) [console.warn] https://svelte.dev/e/derived_inert
12:32:59 AM [vite] (client) [console.warn] https://svelte.dev/e/derived_inert
12:32:59 AM [vite] (client) [console.warn] https://svelte.dev/e/derived_inert
12:32:59 AM [vite] (client) [console.warn] https://svelte.dev/e/derived_inert
12:32:59 AM [vite] (client) [console.warn] https://svelte.dev/e/derived_inert
12:32:59 AM [vite] (client) [console.warn] https://svelte.dev/e/derived_inert
12:32:59 AM [vite] (client) [console.warn] https://svelte.dev/e/derived_inert
12:32:59 AM [vite] (client) [console.warn] https://svelte.dev/e/derived_inert
12:32:59 AM [vite] (client) [console.warn] https://svelte.dev/e/derived_inert
12:32:59 AM [vite] (client) [console.warn] https://svelte.dev/e/derived_inert
12:32:59 AM [vite] (client) [console.warn] https://svelte.dev/e/derived_inert
12:32:59 AM [vite] (client) [console.warn] https://svelte.dev/e/derived_inert
12:32:59 AM [vite] (client) [console.warn] https://svelte.dev/e/derived_inert
12:32:59 AM [vite] (client) [console.warn] https://svelte.dev/e/derived_inert
12:32:59 AM [vite] (client) [console.warn] https://svelte.dev/e/derived_inert
12:32:59 AM [vite] (client) [console.warn] https://svelte.dev/e/derived_inert
12:32:59 AM [vite] (client) [console.warn] https://svelte.dev/e/derived_inert
12:32:59 AM [vite] (client) [console.warn] https://svelte.dev/e/derived_inert
12:33:00 AM [vite] (client) [console.warn] https://svelte.dev/e/derived_inert
12:33:00 AM [vite] (client) [console.warn] https://svelte.dev/e/derived_inert
12:33:00 AM [vite] (client) [console.warn] https://svelte.dev/e/derived_inert
12:33:00 AM [vite] (client) [console.warn] https://svelte.dev/e/derived_inert
12:33:00 AM [vite] (client) [console.warn] https://svelte.dev/e/derived_inert
12:33:00 AM [vite] (client) [console.warn] https://svelte.dev/e/derived_inert
12:33:00 AM [vite] (client) [console.warn] https://svelte.dev/e/derived_inert
12:33:00 AM [vite] (client) [console.warn] https://svelte.dev/e/derived_inert
12:33:00 AM [vite] (client) [console.warn] https://svelte.dev/e/derived_inert
12:33:00 AM [vite] (client) [console.warn] https://svelte.dev/e/derived_inert
12:33:00 AM [vite] (client) [console.warn] https://svelte.dev/e/derived_inert
12:33:00 AM [vite] (client) [console.warn] https://svelte.dev/e/derived_inert
12:33:00 AM [vite] (client) [console.warn] https://svelte.dev/e/derived_inert
12:33:00 AM [vite] (client) [console.warn] https://svelte.dev/e/derived_inert
12:33:00 AM [vite] (client) [console.warn] https://svelte.dev/e/derived_inert
12:33:00 AM [vite] (client) [console.warn] https://svelte.dev/e/derived_inert
12:33:00 AM [vite] (client) [console.warn] https://svelte.dev/e/derived_inert
12:33:00 AM [vite] (client) [console.warn] https://svelte.dev/e/derived_inert
12:33:00 AM [vite] (client) [console.warn] https://svelte.dev/e/derived_inert
12:33:00 AM [vite] (client) [console.warn] https://svelte.dev/e/derived_inert
12:33:00 AM [vite] (client) [console.warn] https://svelte.dev/e/derived_inert
12:33:00 AM [vite] (client) [console.warn] https://svelte.dev/e/derived_inert
12:33:00 AM [vite] (client) [console.warn] https://svelte.dev/e/derived_inert
12:33:00 AM [vite] (client) [console.warn] https://svelte.dev/e/derived_inert
12:33:00 AM [vite] (client) [console.warn] https://svelte.dev/e/derived_inert
12:33:01 AM [vite] (client) [console.warn] https://svelte.dev/e/derived_inert
12:33:01 AM [vite] (client) [console.warn] https://svelte.dev/e/derived_inert
12:33:01 AM [vite] (client) [console.warn] https://svelte.dev/e/derived_inert
12:33:01 AM [vite] (client) [console.warn] https://svelte.dev/e/derived_inert
12:33:01 AM [vite] (client) [console.warn] https://svelte.dev/e/derived_inert
12:33:01 AM [vite] (client) [console.warn] https://svelte.dev/e/derived_inert
12:33:01 AM [vite] (client) [console.warn] https://svelte.dev/e/derived_inert
12:33:01 AM [vite] (client) [console.warn] https://svelte.dev/e/derived_inert
12:33:01 AM [vite] (client) [console.warn] https://svelte.dev/e/derived_inert
12:33:01 AM [vite] (client) [console.warn] https://svelte.dev/e/derived_inert
12:33:01 AM [vite] (client) [console.warn] https://svelte.dev/e/derived_inert
12:33:01 AM [vite] (client) [console.warn] https://svelte.dev/e/derived_inert
12:33:02 AM [vite] (client) [console.warn] https://svelte.dev/e/derived_inert
12:33:02 AM [vite] (client) [console.warn] https://svelte.dev/e/derived_inert
12:33:02 AM [vite] (client) [console.warn] https://svelte.dev/e/derived_inert
12:33:02 AM [vite] (client) [console.warn] https://svelte.dev/e/derived_inert
12:33:02 AM [vite] (client) [console.warn] https://svelte.dev/e/derived_inert
12:33:02 AM [vite] (client) [console.warn] https://svelte.dev/e/derived_inert
12:33:02 AM [vite] (client) [console.warn] https://svelte.dev/e/derived_inert
12:33:02 AM [vite] (client) [console.warn] https://svelte.dev/e/derived_inert
12:33:02 AM [vite] (client) [console.warn] https://svelte.dev/e/derived_inert
12:33:02 AM [vite] (client) [console.warn] https://svelte.dev/e/derived_inert
12:33:02 AM [vite] (client) [console.warn] https://svelte.dev/e/derived_inert
12:33:02 AM [vite] (client) [console.warn] https://svelte.dev/e/derived_inert
12:33:02 AM [vite] (client) [console.warn] https://svelte.dev/e/derived_inert
12:33:02 AM [vite] (client) [console.warn] https://svelte.dev/e/derived_inert
12:33:02 AM [vite] (client) [console.warn] https://svelte.dev/e/derived_inert
12:33:02 AM [vite] (client) [console.warn] https://svelte.dev/e/derived_inert
12:33:02 AM [vite] (client) [console.warn] https://svelte.dev/e/derived_inert
12:33:02 AM [vite] (client) [console.warn] https://svelte.dev/e/derived_inert
12:33:02 AM [vite] (client) [console.warn] https://svelte.dev/e/derived_inert
12:33:02 AM [vite] (client) [console.warn] https://svelte.dev/e/derived_inert
12:33:02 AM [vite] (client) [console.warn] https://svelte.dev/e/derived_inert
12:33:03 AM [vite] (client) [console.warn] https://svelte.dev/e/derived_inert
12:33:03 AM [vite] (client) [console.warn] https://svelte.dev/e/derived_inert
12:33:03 AM [vite] (client) [console.warn] https://svelte.dev/e/derived_inert
12:33:03 AM [vite] (client) [console.warn] https://svelte.dev/e/derived_inert
12:33:03 AM [vite] (client) [console.warn] https://svelte.dev/e/derived_inert
12:33:03 AM [vite] (client) [console.warn] https://svelte.dev/e/derived_inert
12:33:03 AM [vite] (client) [console.warn] https://svelte.dev/e/derived_inert
12:33:03 AM [vite] (client) [console.warn] https://svelte.dev/e/derived_inert
12:33:03 AM [vite] (client) [console.warn] https://svelte.dev/e/derived_inert
12:33:03 AM [vite] (client) [console.warn] https://svelte.dev/e/derived_inert
12:33:03 AM [vite] (client) [console.warn] https://svelte.dev/e/derived_inert
12:33:03 AM [vite] (client) [console.warn] https://svelte.dev/e/derived_inert
12:33:03 AM [vite] (client) [console.warn] https://svelte.dev/e/derived_inert
12:33:03 AM [vite] (client) [console.warn] https://svelte.dev/e/derived_inert
12:33:03 AM [vite] (client) [console.warn] https://svelte.dev/e/derived_inert
12:33:03 AM [vite] (client) [console.warn] https://svelte.dev/e/derived_inert
12:33:03 AM [vite] (client) [console.warn] https://svelte.dev/e/derived_inert
12:33:03 AM [vite] (client) [console.warn] https://svelte.dev/e/derived_inert
12:33:03 AM [vite] (client) [console.warn] https://svelte.dev/e/derived_inert
12:33:03 AM [vite] (client) [console.warn] https://svelte.dev/e/derived_inert
12:33:03 AM [vite] (client) [console.warn] https://svelte.dev/e/derived_inert
12:33:03 AM [vite] (client) [console.warn] https://svelte.dev/e/derived_inert
12:33:03 AM [vite] (client) [console.warn] https://svelte.dev/e/derived_inert
12:33:03 AM [vite] (client) [console.warn] https://svelte.dev/e/derived_inert
12:33:03 AM [vite] (client) [console.warn] https://svelte.dev/e/derived_inert
12:33:03 AM [vite] (client) [console.warn] https://svelte.dev/e/derived_inert
12:33:03 AM [vite] (client) [console.warn] https://svelte.dev/e/derived_inert
12:33:03 AM [vite] (client) [console.warn] https://svelte.dev/e/derived_inert
12:33:03 AM [vite] (client) [console.warn] https://svelte.dev/e/derived_inert
12:33:03 AM [vite] (client) [console.warn] https://svelte.dev/e/derived_inert
12:33:03 AM [vite] (client) [console.warn] https://svelte.dev/e/derived_inert
12:33:03 AM [vite] (client) [console.warn] https://svelte.dev/e/derived_inert
12:33:03 AM [vite] (client) [console.warn] https://svelte.dev/e/derived_inert
12:33:04 AM [vite] (client) [console.warn] https://svelte.dev/e/derived_inert
12:33:04 AM [vite] (client) [console.warn] https://svelte.dev/e/derived_inert
12:33:04 AM [vite] (client) [console.warn] https://svelte.dev/e/derived_inert
12:33:04 AM [vite] (client) [console.warn] https://svelte.dev/e/derived_inert
12:33:04 AM [vite] (client) [console.warn] https://svelte.dev/e/derived_inert
12:33:04 AM [vite] (client) [console.warn] https://svelte.dev/e/derived_inert
12:33:04 AM [vite] (client) [console.warn] https://svelte.dev/e/derived_inert
12:33:04 AM [vite] (client) [console.warn] https://svelte.dev/e/derived_inert
12:33:04 AM [vite] (client) [console.warn] https://svelte.dev/e/derived_inert
12:33:04 AM [vite] (client) [console.warn] https://svelte.dev/e/derived_inert
12:33:04 AM [vite] (client) [console.warn] https://svelte.dev/e/derived_inert
12:33:04 AM [vite] (client) [console.warn] https://svelte.dev/e/derived_inert
12:33:04 AM [vite] (client) [console.warn] https://svelte.dev/e/derived_inert
12:33:04 AM [vite] (client) [console.warn] https://svelte.dev/e/derived_inert
12:33:04 AM [vite] (client) [console.warn] https://svelte.dev/e/derived_inert
12:33:04 AM [vite] (client) [console.warn] https://svelte.dev/e/derived_inert
12:33:04 AM [vite] (client) [console.warn] https://svelte.dev/e/derived_inert
12:33:04 AM [vite] (client) [console.warn] https://svelte.dev/e/derived_inert
12:33:04 AM [vite] (client) [console.warn] https://svelte.dev/e/derived_inert
12:33:04 AM [vite] (client) [console.warn] https://svelte.dev/e/derived_inert
12:33:04 AM [vite] (client) [console.warn] https://svelte.dev/e/derived_inert
12:33:04 AM [vite] (client) [console.warn] https://svelte.dev/e/derived_inert
12:33:04 AM [vite] (client) [console.warn] https://svelte.dev/e/derived_inert
12:33:04 AM [vite] (client) [console.warn] https://svelte.dev/e/derived_inert
12:33:04 AM [vite] (client) [console.warn] https://svelte.dev/e/derived_inert
12:33:04 AM [vite] (client) [console.warn] https://svelte.dev/e/derived_inert
12:33:04 AM [vite] (client) [console.warn] https://svelte.dev/e/derived_inert
12:33:04 AM [vite] (client) [console.warn] https://svelte.dev/e/derived_inert
12:33:04 AM [vite] (client) [console.warn] https://svelte.dev/e/derived_inert
12:33:04 AM [vite] (client) [console.warn] https://svelte.dev/e/derived_inert
12:33:04 AM [vite] (client) [console.warn] https://svelte.dev/e/derived_inert
12:33:04 AM [vite] (client) [console.warn] https://svelte.dev/e/derived_inert
12:33:04 AM [vite] (client) [console.warn] https://svelte.dev/e/derived_inert
12:33:04 AM [vite] (client) [console.warn] https://svelte.dev/e/derived_inert
12:33:07 AM [vite] (client) [console.error] Failed to send message Error: Resend unavailable
    at http://localhost:63315/Users/johnnynguyen/Documents/Repos/Banhall-bmad-learn-chat/.bmad-loop/runs/20260904-133944-0158/worktrees/6/src/lib/components/chat/RegenerateTurn.component.test.ts?import&browserv=1788593585157:194:43
    at async http://localhost:63315/node_modules/@vitest/runner/dist/chunk-artifact.js?v=529185d0:1903:20
12:33:08 AM [vite] (client) [console.error] Failed to send message Error: Please retry resend
    at http://localhost:63315/Users/johnnynguyen/Documents/Repos/Banhall-bmad-learn-chat/.bmad-loop/runs/20260904-133944-0158/worktrees/6/src/lib/components/chat/RegenerateTurn.component.test.ts?import&browserv=1788593585157:364:43
    at async http://localhost:63315/node_modules/@vitest/runner/dist/chunk-artifact.js?v=529185d0:1903:20
12:33:17 AM [vite] (client) [console.warn] https://svelte.dev/e/derived_inert
12:33:17 AM [vite] (client) [console.warn] https://svelte.dev/e/derived_inert
12:33:17 AM [vite] (client) [console.warn] https://svelte.dev/e/derived_inert
12:33:17 AM [vite] (client) [console.warn] https://svelte.dev/e/derived_inert
12:33:17 AM [vite] (client) [console.warn] https://svelte.dev/e/derived_inert
12:33:17 AM [vite] (client) [console.warn] https://svelte.dev/e/derived_inert
12:33:19 AM [vite] (client) [console.warn] https://svelte.dev/e/derived_inert
12:33:22 AM [vite] (client) [console.warn] https://svelte.dev/e/derived_inert
12:33:22 AM [vite] (client) [console.warn] https://svelte.dev/e/derived_inert
12:33:22 AM [vite] (client) [console.warn] https://svelte.dev/e/derived_inert
12:33:22 AM [vite] (client) [console.warn] https://svelte.dev/e/derived_inert
12:33:23 AM [vite] (client) [console.warn] https://svelte.dev/e/derived_inert
12:33:23 AM [vite] (client) [console.warn] https://svelte.dev/e/derived_inert
12:33:23 AM [vite] (client) [console.warn] https://svelte.dev/e/derived_inert
12:33:23 AM [vite] (client) [console.warn] https://svelte.dev/e/derived_inert
12:33:23 AM [vite] (client) [console.warn] https://svelte.dev/e/derived_inert
12:33:23 AM [vite] (client) [console.warn] https://svelte.dev/e/derived_inert
12:33:23 AM [vite] (client) [console.warn] https://svelte.dev/e/derived_inert
12:33:23 AM [vite] (client) [console.warn] https://svelte.dev/e/derived_inert
12:33:23 AM [vite] (client) [console.warn] https://svelte.dev/e/derived_inert
12:33:23 AM [vite] (client) [console.warn] https://svelte.dev/e/derived_inert
12:33:23 AM [vite] (client) [console.warn] https://svelte.dev/e/derived_inert
12:33:23 AM [vite] (client) [console.warn] https://svelte.dev/e/derived_inert
12:33:23 AM [vite] (client) [console.warn] https://svelte.dev/e/derived_inert
12:33:23 AM [vite] (client) [console.warn] https://svelte.dev/e/derived_inert
12:33:23 AM [vite] (client) [console.warn] https://svelte.dev/e/derived_inert
12:33:23 AM [vite] (client) [console.warn] https://svelte.dev/e/derived_inert
12:33:23 AM [vite] (client) [console.warn] https://svelte.dev/e/derived_inert
12:33:23 AM [vite] (client) [console.warn] https://svelte.dev/e/derived_inert
12:33:23 AM [vite] (client) [console.warn] https://svelte.dev/e/derived_inert
12:33:23 AM [vite] (client) [console.warn] https://svelte.dev/e/derived_inert
12:33:23 AM [vite] (client) [console.warn] https://svelte.dev/e/derived_inert
12:33:23 AM [vite] (client) [console.warn] https://svelte.dev/e/derived_inert
12:33:23 AM [vite] (client) [console.warn] https://svelte.dev/e/derived_inert
12:33:23 AM [vite] (client) [console.warn] https://svelte.dev/e/derived_inert
12:33:23 AM [vite] (client) [console.warn] https://svelte.dev/e/derived_inert
12:33:23 AM [vite] (client) [console.warn] https://svelte.dev/e/derived_inert
12:33:23 AM [vite] (client) [console.warn] https://svelte.dev/e/derived_inert
12:33:23 AM [vite] (client) [console.warn] https://svelte.dev/e/derived_inert
12:33:23 AM [vite] (client) [console.warn] https://svelte.dev/e/derived_inert
12:33:23 AM [vite] (client) [console.warn] https://svelte.dev/e/derived_inert
12:33:23 AM [vite] (client) [console.warn] https://svelte.dev/e/derived_inert
12:33:23 AM [vite] (client) [console.warn] https://svelte.dev/e/derived_inert
12:33:23 AM [vite] (client) [console.warn] https://svelte.dev/e/derived_inert
12:33:23 AM [vite] (client) [console.warn] https://svelte.dev/e/derived_inert
12:33:23 AM [vite] (client) [console.warn] https://svelte.dev/e/derived_inert
12:33:23 AM [vite] (client) [console.warn] https://svelte.dev/e/derived_inert
12:33:23 AM [vite] (client) [console.warn] https://svelte.dev/e/derived_inert
12:33:23 AM [vite] (client) [console.warn] https://svelte.dev/e/derived_inert
12:33:23 AM [vite] (client) [console.warn] https://svelte.dev/e/derived_inert
12:33:23 AM [vite] (client) [console.warn] https://svelte.dev/e/derived_inert
12:33:23 AM [vite] (client) [console.warn] https://svelte.dev/e/derived_inert
12:33:23 AM [vite] (client) [console.warn] https://svelte.dev/e/derived_inert
12:33:23 AM [vite] (client) [console.warn] https://svelte.dev/e/derived_inert
12:33:23 AM [vite] (client) [console.warn] https://svelte.dev/e/derived_inert
12:33:23 AM [vite] (client) [console.warn] https://svelte.dev/e/derived_inert
12:33:23 AM [vite] (client) [console.warn] https://svelte.dev/e/derived_inert
12:33:23 AM [vite] (client) [console.warn] https://svelte.dev/e/derived_inert
12:33:23 AM [vite] (client) [console.warn] https://svelte.dev/e/derived_inert
12:33:23 AM [vite] (client) [console.warn] https://svelte.dev/e/derived_inert
12:33:23 AM [vite] (client) [console.warn] https://svelte.dev/e/derived_inert
12:33:23 AM [vite] (client) [console.warn] https://svelte.dev/e/derived_inert
12:33:23 AM [vite] (client) [console.warn] https://svelte.dev/e/derived_inert
12:33:23 AM [vite] (client) [console.warn] https://svelte.dev/e/derived_inert
12:33:23 AM [vite] (client) [console.warn] https://svelte.dev/e/derived_inert
12:33:23 AM [vite] (client) [console.warn] https://svelte.dev/e/derived_inert
12:33:23 AM [vite] (client) [console.warn] https://svelte.dev/e/derived_inert
12:33:23 AM [vite] (client) [console.warn] https://svelte.dev/e/derived_inert
12:33:23 AM [vite] (client) [console.warn] https://svelte.dev/e/derived_inert
12:33:23 AM [vite] (client) [console.warn] https://svelte.dev/e/derived_inert
12:33:23 AM [vite] (client) [console.warn] https://svelte.dev/e/derived_inert
12:33:23 AM [vite] (client) [console.warn] https://svelte.dev/e/derived_inert
12:33:23 AM [vite] (client) [console.warn] https://svelte.dev/e/derived_inert
12:33:23 AM [vite] (client) [console.warn] https://svelte.dev/e/derived_inert
12:33:23 AM [vite] (client) [console.warn] https://svelte.dev/e/derived_inert
12:33:23 AM [vite] (client) [console.warn] https://svelte.dev/e/derived_inert
12:33:23 AM [vite] (client) [console.warn] https://svelte.dev/e/derived_inert
12:33:23 AM [vite] (client) [console.warn] https://svelte.dev/e/derived_inert
12:33:23 AM [vite] (client) [console.warn] https://svelte.dev/e/derived_inert
12:33:23 AM [vite] (client) [console.warn] https://svelte.dev/e/derived_inert
12:33:23 AM [vite] (client) [console.warn] https://svelte.dev/e/derived_inert
12:33:23 AM [vite] (client) [console.warn] https://svelte.dev/e/derived_inert
12:33:23 AM [vite] (client) [console.warn] https://svelte.dev/e/derived_inert
12:33:23 AM [vite] (client) [console.warn] https://svelte.dev/e/derived_inert
12:33:23 AM [vite] (client) [console.warn] https://svelte.dev/e/derived_inert
12:33:23 AM [vite] (client) [console.warn] https://svelte.dev/e/derived_inert
12:33:23 AM [vite] (client) [console.warn] https://svelte.dev/e/derived_inert
12:33:23 AM [vite] (client) [console.warn] https://svelte.dev/e/derived_inert
12:33:23 AM [vite] (client) [console.warn] https://svelte.dev/e/derived_inert
12:33:23 AM [vite] (client) [console.warn] https://svelte.dev/e/derived_inert
12:33:23 AM [vite] (client) [console.warn] https://svelte.dev/e/derived_inert
12:33:23 AM [vite] (client) [console.warn] https://svelte.dev/e/derived_inert
12:33:23 AM [vite] (client) [console.warn] https://svelte.dev/e/derived_inert
12:33:23 AM [vite] (client) [console.warn] https://svelte.dev/e/derived_inert
12:33:23 AM [vite] (client) [console.warn] https://svelte.dev/e/derived_inert
12:33:23 AM [vite] (client) [console.warn] https://svelte.dev/e/derived_inert
12:33:23 AM [vite] (client) [console.warn] https://svelte.dev/e/derived_inert
12:33:23 AM [vite] (client) [console.warn] https://svelte.dev/e/derived_inert
12:33:23 AM [vite] (client) [console.warn] https://svelte.dev/e/derived_inert
12:33:23 AM [vite] (client) [console.warn] https://svelte.dev/e/derived_inert
12:33:23 AM [vite] (client) [console.warn] https://svelte.dev/e/derived_inert
12:33:23 AM [vite] (client) [console.warn] https://svelte.dev/e/derived_inert
12:33:23 AM [vite] (client) [console.warn] https://svelte.dev/e/derived_inert
12:33:23 AM [vite] (client) [console.warn] https://svelte.dev/e/derived_inert
12:33:23 AM [vite] (client) [console.warn] https://svelte.dev/e/derived_inert
12:33:23 AM [vite] (client) [console.warn] https://svelte.dev/e/derived_inert
12:33:23 AM [vite] (client) [console.warn] https://svelte.dev/e/derived_inert
12:33:23 AM [vite] (client) [console.warn] https://svelte.dev/e/derived_inert
12:33:23 AM [vite] (client) [console.warn] https://svelte.dev/e/derived_inert
12:33:23 AM [vite] (client) [console.warn] https://svelte.dev/e/derived_inert
12:33:23 AM [vite] (client) [console.warn] https://svelte.dev/e/derived_inert
12:33:23 AM [vite] (client) [console.warn] https://svelte.dev/e/derived_inert
12:33:23 AM [vite] (client) [console.warn] https://svelte.dev/e/derived_inert
12:33:23 AM [vite] (client) [console.warn] https://svelte.dev/e/derived_inert
12:33:23 AM [vite] (client) [console.warn] https://svelte.dev/e/derived_inert
12:33:23 AM [vite] (client) [console.warn] https://svelte.dev/e/derived_inert
12:33:23 AM [vite] (client) [console.warn] https://svelte.dev/e/derived_inert
12:33:23 AM [vite] (client) [console.warn] https://svelte.dev/e/derived_inert
12:33:23 AM [vite] (client) [console.warn] https://svelte.dev/e/derived_inert
12:33:23 AM [vite] (client) [console.warn] https://svelte.dev/e/derived_inert
12:33:23 AM [vite] (client) [console.warn] https://svelte.dev/e/derived_inert
12:33:23 AM [vite] (client) [console.warn] https://svelte.dev/e/derived_inert
12:33:23 AM [vite] (client) [console.warn] https://svelte.dev/e/derived_inert
12:33:23 AM [vite] (client) [console.warn] https://svelte.dev/e/derived_inert
12:33:23 AM [vite] (client) [console.warn] https://svelte.dev/e/derived_inert
12:33:23 AM [vite] (client) [console.warn] https://svelte.dev/e/derived_inert
12:33:23 AM [vite] (client) [console.warn] https://svelte.dev/e/derived_inert
12:33:23 AM [vite] (client) [console.warn] https://svelte.dev/e/derived_inert
12:33:23 AM [vite] (client) [console.warn] https://svelte.dev/e/derived_inert
12:33:23 AM [vite] (client) [console.warn] https://svelte.dev/e/derived_inert
12:33:23 AM [vite] (client) [console.warn] https://svelte.dev/e/derived_inert
12:33:23 AM [vite] (client) [console.warn] https://svelte.dev/e/derived_inert
12:33:23 AM [vite] (client) [console.warn] https://svelte.dev/e/derived_inert
12:33:23 AM [vite] (client) [console.warn] https://svelte.dev/e/derived_inert
12:33:23 AM [vite] (client) [console.warn] https://svelte.dev/e/derived_inert
12:33:23 AM [vite] (client) [console.warn] https://svelte.dev/e/derived_inert
12:33:28 AM [vite] (client) [console.warn] https://svelte.dev/e/derived_inert
12:33:28 AM [vite] (client) [console.warn] https://svelte.dev/e/derived_inert
12:33:28 AM [vite] (client) [console.warn] https://svelte.dev/e/derived_inert
12:33:29 AM [vite] (client) [console.warn] https://svelte.dev/e/derived_inert
12:33:29 AM [vite] (client) [console.warn] https://svelte.dev/e/derived_inert
12:33:29 AM [vite] (client) [console.warn] https://svelte.dev/e/derived_inert
12:33:29 AM [vite] (client) [console.warn] https://svelte.dev/e/derived_inert
12:33:29 AM [vite] (client) [console.warn] https://svelte.dev/e/derived_inert
12:33:29 AM [vite] (client) [console.warn] https://svelte.dev/e/derived_inert
12:33:29 AM [vite] (client) [console.warn] https://svelte.dev/e/derived_inert
12:33:29 AM [vite] (client) [console.warn] https://svelte.dev/e/derived_inert
12:33:29 AM [vite] (client) [console.warn] https://svelte.dev/e/derived_inert
12:33:29 AM [vite] (client) [console.warn] https://svelte.dev/e/derived_inert
12:33:29 AM [vite] (client) [console.warn] https://svelte.dev/e/derived_inert
12:33:29 AM [vite] (client) [console.warn] https://svelte.dev/e/derived_inert
12:33:29 AM [vite] (client) [console.warn] https://svelte.dev/e/derived_inert
12:33:29 AM [vite] (client) [console.warn] https://svelte.dev/e/derived_inert
12:33:29 AM [vite] (client) [console.warn] https://svelte.dev/e/derived_inert
12:33:29 AM [vite] (client) [console.warn] https://svelte.dev/e/derived_inert
12:33:29 AM [vite] (client) [console.warn] https://svelte.dev/e/derived_inert
12:33:29 AM [vite] (client) [console.warn] https://svelte.dev/e/derived_inert
12:33:29 AM [vite] (client) [console.warn] https://svelte.dev/e/derived_inert
12:33:29 AM [vite] (client) [console.warn] https://svelte.dev/e/derived_inert
12:33:29 AM [vite] (client) [console.warn] https://svelte.dev/e/derived_inert
12:33:29 AM [vite] (client) [console.warn] https://svelte.dev/e/derived_inert
12:33:29 AM [vite] (client) [console.warn] https://svelte.dev/e/derived_inert
12:33:29 AM [vite] (client) [console.warn] https://svelte.dev/e/derived_inert
12:33:29 AM [vite] (client) [console.warn] https://svelte.dev/e/derived_inert
12:33:29 AM [vite] (client) [console.warn] https://svelte.dev/e/derived_inert
12:33:29 AM [vite] (client) [console.warn] https://svelte.dev/e/derived_inert
12:33:29 AM [vite] (client) [console.warn] https://svelte.dev/e/derived_inert
12:33:29 AM [vite] (client) [console.warn] https://svelte.dev/e/derived_inert
12:33:29 AM [vite] (client) [console.warn] https://svelte.dev/e/derived_inert
12:33:29 AM [vite] (client) [console.warn] https://svelte.dev/e/derived_inert
12:33:29 AM [vite] (client) [console.warn] https://svelte.dev/e/derived_inert
12:33:29 AM [vite] (client) [console.warn] https://svelte.dev/e/derived_inert
12:33:29 AM [vite] (client) [console.warn] https://svelte.dev/e/derived_inert
12:33:29 AM [vite] (client) [console.warn] https://svelte.dev/e/derived_inert
12:33:29 AM [vite] (client) [console.warn] https://svelte.dev/e/derived_inert
12:33:29 AM [vite] (client) [console.warn] https://svelte.dev/e/derived_inert
12:33:29 AM [vite] (client) [console.warn] https://svelte.dev/e/derived_inert
12:33:29 AM [vite] (client) [console.warn] https://svelte.dev/e/derived_inert
12:33:29 AM [vite] (client) [console.warn] https://svelte.dev/e/derived_inert
12:33:29 AM [vite] (client) [console.warn] https://svelte.dev/e/derived_inert
12:33:29 AM [vite] (client) [console.warn] https://svelte.dev/e/derived_inert
12:33:29 AM [vite] (client) [console.warn] https://svelte.dev/e/derived_inert
12:33:29 AM [vite] (client) [console.warn] https://svelte.dev/e/derived_inert
12:33:29 AM [vite] (client) [console.warn] https://svelte.dev/e/derived_inert
12:33:29 AM [vite] (client) [console.warn] https://svelte.dev/e/derived_inert
12:33:29 AM [vite] (client) [console.warn] https://svelte.dev/e/derived_inert
12:33:29 AM [vite] (client) [console.warn] https://svelte.dev/e/derived_inert
12:33:29 AM [vite] (client) [console.warn] https://svelte.dev/e/derived_inert
12:33:29 AM [vite] (client) [console.warn] https://svelte.dev/e/derived_inert
12:33:29 AM [vite] (client) [console.warn] https://svelte.dev/e/derived_inert
12:33:29 AM [vite] (client) [console.warn] https://svelte.dev/e/derived_inert
12:33:29 AM [vite] (client) [console.warn] https://svelte.dev/e/derived_inert
12:33:29 AM [vite] (client) [console.warn] https://svelte.dev/e/derived_inert
12:33:29 AM [vite] (client) [console.warn] https://svelte.dev/e/derived_inert
12:33:29 AM [vite] (client) [console.warn] https://svelte.dev/e/derived_inert
12:33:29 AM [vite] (client) [console.warn] https://svelte.dev/e/derived_inert
12:33:29 AM [vite] (client) [console.warn] https://svelte.dev/e/derived_inert
12:33:29 AM [vite] (client) [console.warn] https://svelte.dev/e/derived_inert
12:33:29 AM [vite] (client) [console.warn] https://svelte.dev/e/derived_inert
12:33:29 AM [vite] (client) [console.warn] https://svelte.dev/e/derived_inert
12:33:29 AM [vite] (client) [console.warn] https://svelte.dev/e/derived_inert
12:33:29 AM [vite] (client) [console.warn] https://svelte.dev/e/derived_inert
12:33:29 AM [vite] (client) [console.warn] https://svelte.dev/e/derived_inert
12:33:29 AM [vite] (client) [console.warn] https://svelte.dev/e/derived_inert
12:33:29 AM [vite] (client) [console.warn] https://svelte.dev/e/derived_inert
12:33:29 AM [vite] (client) [console.warn] https://svelte.dev/e/derived_inert
12:33:29 AM [vite] (client) [console.warn] https://svelte.dev/e/derived_inert
12:33:29 AM [vite] (client) [console.warn] https://svelte.dev/e/derived_inert
12:33:29 AM [vite] (client) [console.warn] https://svelte.dev/e/derived_inert
12:33:29 AM [vite] (client) [console.warn] https://svelte.dev/e/derived_inert
12:33:29 AM [vite] (client) [console.warn] https://svelte.dev/e/derived_inert
12:33:29 AM [vite] (client) [console.warn] https://svelte.dev/e/derived_inert
12:33:29 AM [vite] (client) [console.warn] https://svelte.dev/e/derived_inert
12:33:29 AM [vite] (client) [console.warn] https://svelte.dev/e/derived_inert
12:33:29 AM [vite] (client) [console.warn] https://svelte.dev/e/derived_inert
12:33:29 AM [vite] (client) [console.warn] https://svelte.dev/e/derived_inert
12:33:29 AM [vite] (client) [console.warn] https://svelte.dev/e/derived_inert
12:33:29 AM [vite] (client) [console.warn] https://svelte.dev/e/derived_inert
12:33:29 AM [vite] (client) [console.warn] https://svelte.dev/e/derived_inert
12:33:29 AM [vite] (client) [console.warn] https://svelte.dev/e/derived_inert
12:33:29 AM [vite] (client) [console.warn] https://svelte.dev/e/derived_inert
12:33:29 AM [vite] (client) [console.warn] https://svelte.dev/e/derived_inert
12:33:29 AM [vite] (client) [console.warn] https://svelte.dev/e/derived_inert
12:33:29 AM [vite] (client) [console.warn] https://svelte.dev/e/derived_inert
12:33:29 AM [vite] (client) [console.warn] https://svelte.dev/e/derived_inert
12:33:29 AM [vite] (client) [console.warn] https://svelte.dev/e/derived_inert
12:33:29 AM [vite] (client) [console.warn] https://svelte.dev/e/derived_inert
12:33:29 AM [vite] (client) [console.warn] https://svelte.dev/e/derived_inert
12:33:29 AM [vite] (client) [console.warn] https://svelte.dev/e/derived_inert
12:33:29 AM [vite] (client) [console.warn] https://svelte.dev/e/derived_inert
12:33:29 AM [vite] (client) [console.warn] https://svelte.dev/e/derived_inert
12:33:29 AM [vite] (client) [console.warn] https://svelte.dev/e/derived_inert
12:33:29 AM [vite] (client) [console.warn] https://svelte.dev/e/derived_inert
12:33:29 AM [vite] (client) [console.warn] https://svelte.dev/e/derived_inert
12:33:29 AM [vite] (client) [console.warn] https://svelte.dev/e/derived_inert
12:33:29 AM [vite] (client) [console.warn] https://svelte.dev/e/derived_inert
12:33:29 AM [vite] (client) [console.warn] https://svelte.dev/e/derived_inert
12:33:29 AM [vite] (client) [console.warn] https://svelte.dev/e/derived_inert
12:33:29 AM [vite] (client) [console.warn] https://svelte.dev/e/derived_inert
12:33:29 AM [vite] (client) [console.warn] https://svelte.dev/e/derived_inert
12:33:29 AM [vite] (client) [console.warn] https://svelte.dev/e/derived_inert
12:33:29 AM [vite] (client) [console.warn] https://svelte.dev/e/derived_inert
12:33:29 AM [vite] (client) [console.warn] https://svelte.dev/e/derived_inert
12:33:29 AM [vite] (client) [console.warn] https://svelte.dev/e/derived_inert
12:33:29 AM [vite] (client) [console.warn] https://svelte.dev/e/derived_inert
12:33:29 AM [vite] (client) [console.warn] https://svelte.dev/e/derived_inert
12:33:29 AM [vite] (client) [console.warn] https://svelte.dev/e/derived_inert
12:33:29 AM [vite] (client) [console.warn] https://svelte.dev/e/derived_inert
12:33:29 AM [vite] (client) [console.warn] https://svelte.dev/e/derived_inert
12:33:29 AM [vite] (client) [console.warn] https://svelte.dev/e/derived_inert
12:33:29 AM [vite] (client) [console.warn] https://svelte.dev/e/derived_inert
12:33:29 AM [vite] (client) [console.warn] https://svelte.dev/e/derived_inert
12:33:29 AM [vite] (client) [console.warn] https://svelte.dev/e/derived_inert
12:33:29 AM [vite] (client) [console.warn] https://svelte.dev/e/derived_inert
12:33:29 AM [vite] (client) [console.warn] https://svelte.dev/e/derived_inert
12:33:29 AM [vite] (client) [console.warn] https://svelte.dev/e/derived_inert
12:33:29 AM [vite] (client) [console.warn] https://svelte.dev/e/derived_inert
12:33:29 AM [vite] (client) [console.warn] https://svelte.dev/e/derived_inert
12:33:29 AM [vite] (client) [console.warn] https://svelte.dev/e/derived_inert
12:33:29 AM [vite] (client) [console.warn] https://svelte.dev/e/derived_inert
12:33:29 AM [vite] (client) [console.warn] https://svelte.dev/e/derived_inert
12:33:29 AM [vite] (client) [console.warn] https://svelte.dev/e/derived_inert
12:33:29 AM [vite] (client) [console.warn] https://svelte.dev/e/derived_inert
12:33:29 AM [vite] (client) [console.warn] https://svelte.dev/e/derived_inert
12:33:29 AM [vite] (client) [console.warn] https://svelte.dev/e/derived_inert
12:33:29 AM [vite] (client) [console.warn] https://svelte.dev/e/derived_inert
12:33:29 AM [vite] (client) [console.warn] https://svelte.dev/e/derived_inert
12:33:29 AM [vite] (client) [console.warn] https://svelte.dev/e/derived_inert
12:33:29 AM [vite] (client) [console.warn] https://svelte.dev/e/derived_inert
12:33:29 AM [vite] (client) [console.warn] https://svelte.dev/e/derived_inert
12:33:29 AM [vite] (client) [console.warn] https://svelte.dev/e/derived_inert
12:33:29 AM [vite] (client) [console.warn] https://svelte.dev/e/derived_inert
12:33:29 AM [vite] (client) [console.warn] https://svelte.dev/e/derived_inert
12:33:29 AM [vite] (client) [console.warn] https://svelte.dev/e/derived_inert
12:33:29 AM [vite] (client) [console.warn] https://svelte.dev/e/derived_inert
12:33:29 AM [vite] (client) [console.warn] https://svelte.dev/e/derived_inert
12:33:29 AM [vite] (client) [console.warn] https://svelte.dev/e/derived_inert
12:33:29 AM [vite] (client) [console.warn] https://svelte.dev/e/derived_inert
12:33:29 AM [vite] (client) [console.warn] https://svelte.dev/e/derived_inert
12:33:29 AM [vite] (client) [console.warn] https://svelte.dev/e/derived_inert
12:33:29 AM [vite] (client) [console.warn] https://svelte.dev/e/derived_inert
12:33:29 AM [vite] (client) [console.warn] https://svelte.dev/e/derived_inert
12:33:29 AM [vite] (client) [console.warn] https://svelte.dev/e/derived_inert
12:33:29 AM [vite] (client) [console.warn] https://svelte.dev/e/derived_inert
12:33:29 AM [vite] (client) [console.warn] https://svelte.dev/e/derived_inert
12:33:29 AM [vite] (client) [console.warn] https://svelte.dev/e/derived_inert
12:33:29 AM [vite] (client) [console.warn] https://svelte.dev/e/derived_inert
12:33:29 AM [vite] (client) [console.warn] https://svelte.dev/e/derived_inert
12:33:29 AM [vite] (client) [console.warn] https://svelte.dev/e/derived_inert
12:33:29 AM [vite] (client) [console.warn] https://svelte.dev/e/derived_inert
12:33:29 AM [vite] (client) [console.warn] https://svelte.dev/e/derived_inert
12:33:29 AM [vite] (client) [console.warn] https://svelte.dev/e/derived_inert
12:33:29 AM [vite] (client) [console.warn] https://svelte.dev/e/derived_inert
12:33:29 AM [vite] (client) [console.warn] https://svelte.dev/e/derived_inert
12:33:29 AM [vite] (client) [console.warn] https://svelte.dev/e/derived_inert
12:33:29 AM [vite] (client) [console.warn] https://svelte.dev/e/derived_inert
12:33:29 AM [vite] (client) [console.warn] https://svelte.dev/e/derived_inert
12:33:29 AM [vite] (client) [console.warn] https://svelte.dev/e/derived_inert
12:33:29 AM [vite] (client) [console.warn] https://svelte.dev/e/derived_inert
12:33:29 AM [vite] (client) [console.warn] https://svelte.dev/e/derived_inert
12:33:29 AM [vite] (client) [console.warn] https://svelte.dev/e/derived_inert
12:33:29 AM [vite] (client) [console.warn] https://svelte.dev/e/derived_inert
12:33:29 AM [vite] (client) [console.warn] https://svelte.dev/e/derived_inert
12:33:29 AM [vite] (client) [console.warn] https://svelte.dev/e/derived_inert
12:33:29 AM [vite] (client) [console.warn] https://svelte.dev/e/derived_inert
12:33:29 AM [vite] (client) [console.warn] https://svelte.dev/e/derived_inert
12:33:29 AM [vite] (client) [console.warn] https://svelte.dev/e/derived_inert
12:33:29 AM [vite] (client) [console.warn] https://svelte.dev/e/derived_inert
12:33:29 AM [vite] (client) [console.warn] https://svelte.dev/e/derived_inert
12:33:29 AM [vite] (client) [console.warn] https://svelte.dev/e/derived_inert
12:33:29 AM [vite] (client) [console.warn] https://svelte.dev/e/derived_inert
12:33:29 AM [vite] (client) [console.warn] https://svelte.dev/e/derived_inert
12:33:29 AM [vite] (client) [console.warn] https://svelte.dev/e/derived_inert
12:33:29 AM [vite] (client) [console.warn] https://svelte.dev/e/derived_inert
12:33:29 AM [vite] (client) [console.warn] https://svelte.dev/e/derived_inert
12:33:29 AM [vite] (client) [console.warn] https://svelte.dev/e/derived_inert
12:33:29 AM [vite] (client) [console.warn] https://svelte.dev/e/derived_inert
12:33:29 AM [vite] (client) [console.warn] https://svelte.dev/e/derived_inert
12:33:29 AM [vite] (client) [console.warn] https://svelte.dev/e/derived_inert
12:33:29 AM [vite] (client) [console.warn] https://svelte.dev/e/derived_inert
12:33:29 AM [vite] (client) [console.warn] https://svelte.dev/e/derived_inert
12:33:29 AM [vite] (client) [console.warn] https://svelte.dev/e/derived_inert
12:33:29 AM [vite] (client) [console.warn] https://svelte.dev/e/derived_inert
12:33:29 AM [vite] (client) [console.warn] https://svelte.dev/e/derived_inert
12:33:29 AM [vite] (client) [console.warn] https://svelte.dev/e/derived_inert
12:33:29 AM [vite] (client) [console.warn] https://svelte.dev/e/derived_inert
12:33:29 AM [vite] (client) [console.warn] https://svelte.dev/e/derived_inert
12:33:29 AM [vite] (client) [console.warn] https://svelte.dev/e/derived_inert
12:33:29 AM [vite] (client) [console.warn] https://svelte.dev/e/derived_inert
12:33:29 AM [vite] (client) [console.warn] https://svelte.dev/e/derived_inert
12:33:29 AM [vite] (client) [console.warn] https://svelte.dev/e/derived_inert
12:33:29 AM [vite] (client) [console.warn] https://svelte.dev/e/derived_inert
12:33:29 AM [vite] (client) [console.warn] https://svelte.dev/e/derived_inert
12:33:29 AM [vite] (client) [console.warn] https://svelte.dev/e/derived_inert
12:33:31 AM [vite] (client) [console.warn] https://svelte.dev/e/derived_inert
12:33:31 AM [vite] (client) [console.warn] https://svelte.dev/e/derived_inert
12:33:31 AM [vite] (client) [console.warn] https://svelte.dev/e/derived_inert
12:33:31 AM [vite] (client) [console.warn] https://svelte.dev/e/derived_inert
12:33:31 AM [vite] (client) [console.warn] https://svelte.dev/e/derived_inert
12:33:31 AM [vite] (client) [console.warn] https://svelte.dev/e/derived_inert
12:33:31 AM [vite] (client) [console.warn] https://svelte.dev/e/derived_inert
12:33:31 AM [vite] (client) [console.warn] https://svelte.dev/e/derived_inert
12:33:31 AM [vite] (client) [console.warn] https://svelte.dev/e/derived_inert
12:33:31 AM [vite] (client) [console.warn] https://svelte.dev/e/derived_inert
12:33:31 AM [vite] (client) [console.warn] https://svelte.dev/e/derived_inert
12:33:31 AM [vite] (client) [console.warn] https://svelte.dev/e/derived_inert
12:33:31 AM [vite] (client) [console.warn] https://svelte.dev/e/derived_inert
12:33:31 AM [vite] (client) [console.warn] https://svelte.dev/e/derived_inert
12:33:31 AM [vite] (client) [console.warn] https://svelte.dev/e/derived_inert
12:33:31 AM [vite] (client) [console.warn] https://svelte.dev/e/derived_inert
12:33:31 AM [vite] (client) [console.warn] https://svelte.dev/e/derived_inert
12:33:31 AM [vite] (client) [console.warn] https://svelte.dev/e/derived_inert
12:33:31 AM [vite] (client) [console.warn] https://svelte.dev/e/derived_inert
12:33:31 AM [vite] (client) [console.warn] https://svelte.dev/e/derived_inert
12:33:31 AM [vite] (client) [console.warn] https://svelte.dev/e/derived_inert
12:33:31 AM [vite] (client) [console.warn] https://svelte.dev/e/derived_inert
12:33:31 AM [vite] (client) [console.warn] https://svelte.dev/e/derived_inert
12:33:31 AM [vite] (client) [console.warn] https://svelte.dev/e/derived_inert
12:33:31 AM [vite] (client) [console.warn] https://svelte.dev/e/derived_inert
12:33:31 AM [vite] (client) [console.warn] https://svelte.dev/e/derived_inert
12:33:31 AM [vite] (client) [console.warn] https://svelte.dev/e/derived_inert
12:33:31 AM [vite] (client) [console.warn] https://svelte.dev/e/derived_inert
12:33:31 AM [vite] (client) [console.warn] https://svelte.dev/e/derived_inert
12:33:31 AM [vite] (client) [console.warn] https://svelte.dev/e/derived_inert
12:33:31 AM [vite] (client) [console.warn] https://svelte.dev/e/derived_inert
12:33:31 AM [vite] (client) [console.warn] https://svelte.dev/e/derived_inert
12:33:31 AM [vite] (client) [console.warn] https://svelte.dev/e/derived_inert
12:33:32 AM [vite] (client) [console.warn] https://svelte.dev/e/derived_inert
12:33:33 AM [vite] (client) [console.error] Failed to send message Error: Try again
    at http://localhost:63315/Users/johnnynguyen/Documents/Repos/Banhall-bmad-learn-chat/.bmad-loop/runs/20260904-133944-0158/worktrees/6/src/lib/components/chat/RegenerateQueryState.component.test.ts?import&browserv=1788593612552:65:43
    at async http://localhost:63315/node_modules/@vitest/runner/dist/chunk-artifact.js?v=529185d0:1903:20
12:33:33 AM [vite] (client) [console.error] Failed to send message Error: Try again
    at http://localhost:63315/Users/johnnynguyen/Documents/Repos/Banhall-bmad-learn-chat/.bmad-loop/runs/20260904-133944-0158/worktrees/6/src/lib/components/chat/RegenerateQueryState.component.test.ts?import&browserv=1788593612552:65:43
    at async http://localhost:63315/node_modules/@vitest/runner/dist/chunk-artifact.js?v=529185d0:1903:20
12:33:42 AM [vite] (client) [console.warn] https://svelte.dev/e/derived_inert
12:33:42 AM [vite] (client) [console.warn] https://svelte.dev/e/derived_inert

 Test Files  57 passed (57)
      Tests  386 passed (386)
   Start at  00:32:42
   Duration  61.70s (transform 0ms, setup 1.58s, import 27.01s, tests 26.54s, environment 0ms)
