
> banhall-app@0.1.0 test:component
> vitest run --config vitest.component.config.ts

12:16:44 AM [vite-plugin-svelte] no Svelte config found at /Users/johnnynguyen/Documents/Repos/Banhall-bmad-learn-chat/.bmad-loop/runs/20260904-133944-0158/worktrees/6 - using default configuration.

 RUN  v4.1.10 /Users/johnnynguyen/Documents/Repos/Banhall-bmad-learn-chat/.bmad-loop/runs/20260904-133944-0158/worktrees/6

12:16:44 AM [vite-plugin-svelte] no Svelte config found at /Users/johnnynguyen/Documents/Repos/Banhall-bmad-learn-chat/.bmad-loop/runs/20260904-133944-0158/worktrees/6 - using default configuration.
12:17:17 AM [vite] (client) [console.warn] https://svelte.dev/e/derived_inert
12:17:17 AM [vite] (client) [console.warn] https://svelte.dev/e/derived_inert
12:17:17 AM [vite] (client) [console.warn] https://svelte.dev/e/derived_inert
12:17:17 AM [vite] (client) [console.warn] https://svelte.dev/e/derived_inert
12:17:17 AM [vite] (client) [console.warn] https://svelte.dev/e/derived_inert
12:17:17 AM [vite] (client) [console.warn] https://svelte.dev/e/derived_inert
12:17:17 AM [vite] (client) [console.warn] https://svelte.dev/e/derived_inert
12:17:17 AM [vite] (client) [console.warn] https://svelte.dev/e/derived_inert
12:17:17 AM [vite] (client) [console.warn] https://svelte.dev/e/derived_inert
12:17:17 AM [vite] (client) [console.warn] https://svelte.dev/e/derived_inert
12:17:17 AM [vite] (client) [console.warn] https://svelte.dev/e/derived_inert
12:17:17 AM [vite] (client) [console.warn] https://svelte.dev/e/derived_inert
12:17:17 AM [vite] (client) [console.warn] https://svelte.dev/e/derived_inert
12:17:18 AM [vite] (client) [console.warn] https://svelte.dev/e/derived_inert
12:17:18 AM [vite] (client) [console.warn] https://svelte.dev/e/derived_inert
12:17:18 AM [vite] (client) [console.warn] https://svelte.dev/e/derived_inert
12:17:18 AM [vite] (client) [console.warn] https://svelte.dev/e/derived_inert
12:17:18 AM [vite] (client) [console.warn] https://svelte.dev/e/derived_inert
12:17:18 AM [vite] (client) [console.warn] https://svelte.dev/e/derived_inert
12:17:18 AM [vite] (client) [console.warn] https://svelte.dev/e/derived_inert
12:17:18 AM [vite] (client) [console.warn] https://svelte.dev/e/derived_inert
12:17:18 AM [vite] (client) [console.warn] https://svelte.dev/e/derived_inert
12:17:18 AM [vite] (client) [console.warn] https://svelte.dev/e/derived_inert
12:17:18 AM [vite] (client) [console.warn] https://svelte.dev/e/derived_inert
12:17:18 AM [vite] (client) [console.warn] https://svelte.dev/e/derived_inert
12:17:18 AM [vite] (client) [console.warn] https://svelte.dev/e/derived_inert
12:17:18 AM [vite] (client) [console.warn] https://svelte.dev/e/derived_inert
12:17:18 AM [vite] (client) [console.warn] https://svelte.dev/e/derived_inert
12:17:18 AM [vite] (client) [console.warn] https://svelte.dev/e/derived_inert
12:17:18 AM [vite] (client) [console.warn] https://svelte.dev/e/derived_inert
12:17:18 AM [vite] (client) [console.warn] https://svelte.dev/e/derived_inert
12:17:18 AM [vite] (client) [console.warn] https://svelte.dev/e/derived_inert
12:17:18 AM [vite] (client) [console.warn] https://svelte.dev/e/derived_inert
12:17:18 AM [vite] (client) [console.warn] https://svelte.dev/e/derived_inert
12:17:18 AM [vite] (client) [console.warn] https://svelte.dev/e/derived_inert
12:17:18 AM [vite] (client) [console.warn] https://svelte.dev/e/derived_inert
12:17:18 AM [vite] (client) [console.warn] https://svelte.dev/e/derived_inert
12:17:18 AM [vite] (client) [console.warn] https://svelte.dev/e/derived_inert
12:17:18 AM [vite] (client) [console.warn] https://svelte.dev/e/derived_inert
12:17:18 AM [vite] (client) [console.warn] https://svelte.dev/e/derived_inert
12:17:18 AM [vite] (client) [console.warn] https://svelte.dev/e/derived_inert
12:17:18 AM [vite] (client) [console.warn] https://svelte.dev/e/derived_inert
12:17:18 AM [vite] (client) [console.warn] https://svelte.dev/e/derived_inert
12:17:18 AM [vite] (client) [console.warn] https://svelte.dev/e/derived_inert
12:17:18 AM [vite] (client) [console.warn] https://svelte.dev/e/derived_inert
12:17:18 AM [vite] (client) [console.warn] https://svelte.dev/e/derived_inert
12:17:18 AM [vite] (client) [console.warn] https://svelte.dev/e/derived_inert
12:17:19 AM [vite] (client) [console.warn] https://svelte.dev/e/derived_inert
12:17:19 AM [vite] (client) [console.warn] https://svelte.dev/e/derived_inert
12:17:19 AM [vite] (client) [console.warn] https://svelte.dev/e/derived_inert
12:17:19 AM [vite] (client) [console.warn] https://svelte.dev/e/derived_inert
12:17:19 AM [vite] (client) [console.warn] https://svelte.dev/e/derived_inert
12:17:19 AM [vite] (client) [console.warn] https://svelte.dev/e/derived_inert
12:17:19 AM [vite] (client) [console.warn] https://svelte.dev/e/derived_inert
12:17:19 AM [vite] (client) [console.warn] https://svelte.dev/e/derived_inert
12:17:19 AM [vite] (client) [console.warn] https://svelte.dev/e/derived_inert
12:17:19 AM [vite] (client) [console.warn] https://svelte.dev/e/derived_inert
12:17:19 AM [vite] (client) [console.warn] https://svelte.dev/e/derived_inert
12:17:19 AM [vite] (client) [console.warn] https://svelte.dev/e/derived_inert
12:17:19 AM [vite] (client) [console.warn] https://svelte.dev/e/derived_inert
12:17:19 AM [vite] (client) [console.warn] https://svelte.dev/e/derived_inert
12:17:19 AM [vite] (client) [console.warn] https://svelte.dev/e/derived_inert
12:17:19 AM [vite] (client) [console.warn] https://svelte.dev/e/derived_inert
12:17:19 AM [vite] (client) [console.warn] https://svelte.dev/e/derived_inert
12:17:19 AM [vite] (client) [console.warn] https://svelte.dev/e/derived_inert
12:17:19 AM [vite] (client) [console.warn] https://svelte.dev/e/derived_inert
12:17:19 AM [vite] (client) [console.warn] https://svelte.dev/e/derived_inert
12:17:19 AM [vite] (client) [console.warn] https://svelte.dev/e/derived_inert
12:17:19 AM [vite] (client) [console.warn] https://svelte.dev/e/derived_inert
12:17:19 AM [vite] (client) [console.warn] https://svelte.dev/e/derived_inert
12:17:19 AM [vite] (client) [console.warn] https://svelte.dev/e/derived_inert
12:17:19 AM [vite] (client) [console.warn] https://svelte.dev/e/derived_inert
12:17:19 AM [vite] (client) [console.warn] https://svelte.dev/e/derived_inert
12:17:19 AM [vite] (client) [console.warn] https://svelte.dev/e/derived_inert
12:17:19 AM [vite] (client) [console.warn] https://svelte.dev/e/derived_inert
12:17:19 AM [vite] (client) [console.warn] https://svelte.dev/e/derived_inert
12:17:19 AM [vite] (client) [console.warn] https://svelte.dev/e/derived_inert
12:17:19 AM [vite] (client) [console.warn] https://svelte.dev/e/derived_inert
12:17:19 AM [vite] (client) [console.warn] https://svelte.dev/e/derived_inert
12:17:19 AM [vite] (client) [console.warn] https://svelte.dev/e/derived_inert
12:17:19 AM [vite] (client) [console.warn] https://svelte.dev/e/derived_inert
12:17:20 AM [vite] (client) [console.warn] https://svelte.dev/e/derived_inert
12:17:20 AM [vite] (client) [console.warn] https://svelte.dev/e/derived_inert
12:17:20 AM [vite] (client) [console.warn] https://svelte.dev/e/derived_inert
12:17:20 AM [vite] (client) [console.warn] https://svelte.dev/e/derived_inert
12:17:20 AM [vite] (client) [console.warn] https://svelte.dev/e/derived_inert
12:17:20 AM [vite] (client) [console.warn] https://svelte.dev/e/derived_inert
12:17:20 AM [vite] (client) [console.warn] https://svelte.dev/e/derived_inert
12:17:20 AM [vite] (client) [console.warn] https://svelte.dev/e/derived_inert
12:17:20 AM [vite] (client) [console.warn] https://svelte.dev/e/derived_inert
12:17:20 AM [vite] (client) [console.warn] https://svelte.dev/e/derived_inert
12:17:20 AM [vite] (client) [console.warn] https://svelte.dev/e/derived_inert
12:17:20 AM [vite] (client) [console.warn] https://svelte.dev/e/derived_inert
12:17:20 AM [vite] (client) [console.warn] https://svelte.dev/e/derived_inert
12:17:20 AM [vite] (client) [console.warn] https://svelte.dev/e/derived_inert
12:17:20 AM [vite] (client) [console.warn] https://svelte.dev/e/derived_inert
12:17:20 AM [vite] (client) [console.warn] https://svelte.dev/e/derived_inert
12:17:20 AM [vite] (client) [console.warn] https://svelte.dev/e/derived_inert
12:17:20 AM [vite] (client) [console.warn] https://svelte.dev/e/derived_inert
12:17:20 AM [vite] (client) [console.warn] https://svelte.dev/e/derived_inert
12:17:20 AM [vite] (client) [console.warn] https://svelte.dev/e/derived_inert
12:17:20 AM [vite] (client) [console.warn] https://svelte.dev/e/derived_inert
12:17:20 AM [vite] (client) [console.warn] https://svelte.dev/e/derived_inert
12:17:20 AM [vite] (client) [console.warn] https://svelte.dev/e/derived_inert
12:17:20 AM [vite] (client) [console.warn] https://svelte.dev/e/derived_inert
12:17:20 AM [vite] (client) [console.warn] https://svelte.dev/e/derived_inert
12:17:20 AM [vite] (client) [console.warn] https://svelte.dev/e/derived_inert
12:17:21 AM [vite] (client) [console.warn] https://svelte.dev/e/derived_inert
12:17:21 AM [vite] (client) [console.warn] https://svelte.dev/e/derived_inert
12:17:21 AM [vite] (client) [console.warn] https://svelte.dev/e/derived_inert
12:17:21 AM [vite] (client) [console.warn] https://svelte.dev/e/derived_inert
12:17:21 AM [vite] (client) [console.warn] https://svelte.dev/e/derived_inert
12:17:21 AM [vite] (client) [console.warn] https://svelte.dev/e/derived_inert
12:17:21 AM [vite] (client) [console.warn] https://svelte.dev/e/derived_inert
12:17:21 AM [vite] (client) [console.warn] https://svelte.dev/e/derived_inert
12:17:21 AM [vite] (client) [console.warn] https://svelte.dev/e/derived_inert
12:17:21 AM [vite] (client) [console.warn] https://svelte.dev/e/derived_inert
12:17:21 AM [vite] (client) [console.warn] https://svelte.dev/e/derived_inert
12:17:21 AM [vite] (client) [console.warn] https://svelte.dev/e/derived_inert
12:17:21 AM [vite] (client) [console.warn] https://svelte.dev/e/derived_inert
12:17:21 AM [vite] (client) [console.warn] https://svelte.dev/e/derived_inert
12:17:21 AM [vite] (client) [console.warn] https://svelte.dev/e/derived_inert
12:17:21 AM [vite] (client) [console.warn] https://svelte.dev/e/derived_inert
12:17:21 AM [vite] (client) [console.warn] https://svelte.dev/e/derived_inert
12:17:21 AM [vite] (client) [console.warn] https://svelte.dev/e/derived_inert
12:17:21 AM [vite] (client) [console.warn] https://svelte.dev/e/derived_inert
12:17:21 AM [vite] (client) [console.warn] https://svelte.dev/e/derived_inert
12:17:21 AM [vite] (client) [console.warn] https://svelte.dev/e/derived_inert
12:17:21 AM [vite] (client) [console.warn] https://svelte.dev/e/derived_inert
12:17:21 AM [vite] (client) [console.warn] https://svelte.dev/e/derived_inert
12:17:21 AM [vite] (client) [console.warn] https://svelte.dev/e/derived_inert
12:17:21 AM [vite] (client) [console.warn] https://svelte.dev/e/derived_inert
12:17:21 AM [vite] (client) [console.warn] https://svelte.dev/e/derived_inert
12:17:21 AM [vite] (client) [console.warn] https://svelte.dev/e/derived_inert
12:17:22 AM [vite] (client) [console.warn] https://svelte.dev/e/derived_inert
12:17:22 AM [vite] (client) [console.warn] https://svelte.dev/e/derived_inert
12:17:22 AM [vite] (client) [console.warn] https://svelte.dev/e/derived_inert
12:17:22 AM [vite] (client) [console.warn] https://svelte.dev/e/derived_inert
12:17:22 AM [vite] (client) [console.warn] https://svelte.dev/e/derived_inert
12:17:22 AM [vite] (client) [console.warn] https://svelte.dev/e/derived_inert
12:17:22 AM [vite] (client) [console.warn] https://svelte.dev/e/derived_inert
12:17:22 AM [vite] (client) [console.warn] https://svelte.dev/e/derived_inert
12:17:22 AM [vite] (client) [console.warn] https://svelte.dev/e/derived_inert
12:17:22 AM [vite] (client) [console.warn] https://svelte.dev/e/derived_inert
12:17:22 AM [vite] (client) [console.warn] https://svelte.dev/e/derived_inert
12:17:22 AM [vite] (client) [console.warn] https://svelte.dev/e/derived_inert
12:17:22 AM [vite] (client) [console.warn] https://svelte.dev/e/derived_inert
12:17:22 AM [vite] (client) [console.warn] https://svelte.dev/e/derived_inert
12:17:22 AM [vite] (client) [console.warn] https://svelte.dev/e/derived_inert
12:17:22 AM [vite] (client) [console.warn] https://svelte.dev/e/derived_inert
12:17:22 AM [vite] (client) [console.warn] https://svelte.dev/e/derived_inert
12:17:22 AM [vite] (client) [console.warn] https://svelte.dev/e/derived_inert
12:17:22 AM [vite] (client) [console.warn] https://svelte.dev/e/derived_inert
12:17:22 AM [vite] (client) [console.warn] https://svelte.dev/e/derived_inert
12:17:22 AM [vite] (client) [console.warn] https://svelte.dev/e/derived_inert
12:17:23 AM [vite] (client) [console.warn] https://svelte.dev/e/derived_inert
12:17:23 AM [vite] (client) [console.warn] https://svelte.dev/e/derived_inert
12:17:23 AM [vite] (client) [console.warn] https://svelte.dev/e/derived_inert
12:17:23 AM [vite] (client) [console.warn] https://svelte.dev/e/derived_inert
12:17:23 AM [vite] (client) [console.warn] https://svelte.dev/e/derived_inert
12:17:23 AM [vite] (client) [console.warn] https://svelte.dev/e/derived_inert
12:17:23 AM [vite] (client) [console.warn] https://svelte.dev/e/derived_inert
12:17:23 AM [vite] (client) [console.warn] https://svelte.dev/e/derived_inert
12:17:23 AM [vite] (client) [console.warn] https://svelte.dev/e/derived_inert
12:17:23 AM [vite] (client) [console.warn] https://svelte.dev/e/derived_inert
12:17:23 AM [vite] (client) [console.warn] https://svelte.dev/e/derived_inert
12:17:23 AM [vite] (client) [console.warn] https://svelte.dev/e/derived_inert
12:17:24 AM [vite] (client) [console.warn] https://svelte.dev/e/derived_inert
12:17:24 AM [vite] (client) [console.warn] https://svelte.dev/e/derived_inert
12:17:24 AM [vite] (client) [console.warn] https://svelte.dev/e/derived_inert
12:17:24 AM [vite] (client) [console.warn] https://svelte.dev/e/derived_inert
12:17:24 AM [vite] (client) [console.warn] https://svelte.dev/e/derived_inert
12:17:24 AM [vite] (client) [console.warn] https://svelte.dev/e/derived_inert
12:17:24 AM [vite] (client) [console.warn] https://svelte.dev/e/derived_inert
12:17:24 AM [vite] (client) [console.warn] https://svelte.dev/e/derived_inert
12:17:24 AM [vite] (client) [console.warn] https://svelte.dev/e/derived_inert
12:17:24 AM [vite] (client) [console.warn] https://svelte.dev/e/derived_inert
12:17:24 AM [vite] (client) [console.warn] https://svelte.dev/e/derived_inert
12:17:24 AM [vite] (client) [console.warn] https://svelte.dev/e/derived_inert
12:17:24 AM [vite] (client) [console.warn] https://svelte.dev/e/derived_inert
12:17:24 AM [vite] (client) [console.warn] https://svelte.dev/e/derived_inert
12:17:24 AM [vite] (client) [console.warn] https://svelte.dev/e/derived_inert
12:17:24 AM [vite] (client) [console.warn] https://svelte.dev/e/derived_inert
12:17:24 AM [vite] (client) [console.warn] https://svelte.dev/e/derived_inert
12:17:24 AM [vite] (client) [console.warn] https://svelte.dev/e/derived_inert
12:17:24 AM [vite] (client) [console.warn] https://svelte.dev/e/derived_inert
12:17:24 AM [vite] (client) [console.warn] https://svelte.dev/e/derived_inert
12:17:24 AM [vite] (client) [console.warn] https://svelte.dev/e/derived_inert
12:17:24 AM [vite] (client) [console.warn] https://svelte.dev/e/derived_inert
12:17:24 AM [vite] (client) [console.warn] https://svelte.dev/e/derived_inert
12:17:24 AM [vite] (client) [console.warn] https://svelte.dev/e/derived_inert
12:17:24 AM [vite] (client) [console.warn] https://svelte.dev/e/derived_inert
12:17:24 AM [vite] (client) [console.warn] https://svelte.dev/e/derived_inert
12:17:24 AM [vite] (client) [console.warn] https://svelte.dev/e/derived_inert
12:17:24 AM [vite] (client) [console.warn] https://svelte.dev/e/derived_inert
12:17:24 AM [vite] (client) [console.warn] https://svelte.dev/e/derived_inert
12:17:24 AM [vite] (client) [console.warn] https://svelte.dev/e/derived_inert
12:17:24 AM [vite] (client) [console.warn] https://svelte.dev/e/derived_inert
12:17:24 AM [vite] (client) [console.warn] https://svelte.dev/e/derived_inert
12:17:24 AM [vite] (client) [console.warn] https://svelte.dev/e/derived_inert
12:17:24 AM [vite] (client) [console.warn] https://svelte.dev/e/derived_inert
12:17:24 AM [vite] (client) [console.warn] https://svelte.dev/e/derived_inert
12:17:24 AM [vite] (client) [console.warn] https://svelte.dev/e/derived_inert
12:17:24 AM [vite] (client) [console.warn] https://svelte.dev/e/derived_inert
12:17:24 AM [vite] (client) [console.warn] https://svelte.dev/e/derived_inert
12:17:24 AM [vite] (client) [console.warn] https://svelte.dev/e/derived_inert
12:17:24 AM [vite] (client) [console.warn] https://svelte.dev/e/derived_inert
12:17:24 AM [vite] (client) [console.warn] https://svelte.dev/e/derived_inert
12:17:24 AM [vite] (client) [console.warn] https://svelte.dev/e/derived_inert
12:17:24 AM [vite] (client) [console.warn] https://svelte.dev/e/derived_inert
12:17:24 AM [vite] (client) [console.warn] https://svelte.dev/e/derived_inert
12:17:24 AM [vite] (client) [console.warn] https://svelte.dev/e/derived_inert
12:17:24 AM [vite] (client) [console.warn] https://svelte.dev/e/derived_inert
12:17:24 AM [vite] (client) [console.warn] https://svelte.dev/e/derived_inert
12:17:24 AM [vite] (client) [console.warn] https://svelte.dev/e/derived_inert
12:17:24 AM [vite] (client) [console.warn] https://svelte.dev/e/derived_inert
12:17:24 AM [vite] (client) [console.warn] https://svelte.dev/e/derived_inert
12:17:24 AM [vite] (client) [console.warn] https://svelte.dev/e/derived_inert
12:17:24 AM [vite] (client) [console.warn] https://svelte.dev/e/derived_inert
12:17:24 AM [vite] (client) [console.warn] https://svelte.dev/e/derived_inert
12:17:24 AM [vite] (client) [console.warn] https://svelte.dev/e/derived_inert
12:17:24 AM [vite] (client) [console.warn] https://svelte.dev/e/derived_inert
12:17:32 AM [vite] (client) [console.error] Failed to send message Error: Resend unavailable
    at http://localhost:63315/Users/johnnynguyen/Documents/Repos/Banhall-bmad-learn-chat/.bmad-loop/runs/20260904-133944-0158/worktrees/6/src/lib/components/chat/RegenerateTurn.component.test.ts?import&browserv=1788592649358:194:43
    at async http://localhost:63315/node_modules/@vitest/runner/dist/chunk-artifact.js?v=529185d0:1903:20
12:17:32 AM [vite] (client) [console.error] Failed to send message Error: Please retry resend
    at http://localhost:63315/Users/johnnynguyen/Documents/Repos/Banhall-bmad-learn-chat/.bmad-loop/runs/20260904-133944-0158/worktrees/6/src/lib/components/chat/RegenerateTurn.component.test.ts?import&browserv=1788592649358:364:43
    at async http://localhost:63315/node_modules/@vitest/runner/dist/chunk-artifact.js?v=529185d0:1903:20
 ❯ |component (chromium)| src/lib/components/chat/RegenerateTurn.component.test.ts (29 tests | 1 failed) 19371ms
   × preserves Copy, proposal contents, Brain sources and feedback after regeneration 15679ms
12:17:54 AM [vite] (client) [console.warn] https://svelte.dev/e/derived_inert
12:17:54 AM [vite] (client) [console.warn] https://svelte.dev/e/derived_inert
12:17:54 AM [vite] (client) [console.warn] https://svelte.dev/e/derived_inert
12:17:54 AM [vite] (client) [console.warn] https://svelte.dev/e/derived_inert
12:17:54 AM [vite] (client) [console.warn] https://svelte.dev/e/derived_inert
12:17:54 AM [vite] (client) [console.warn] https://svelte.dev/e/derived_inert
12:17:56 AM [vite] (client) [console.warn] https://svelte.dev/e/derived_inert
12:17:56 AM [vite] (client) [console.warn] https://svelte.dev/e/derived_inert
12:17:56 AM [vite] (client) [console.warn] https://svelte.dev/e/derived_inert
12:17:56 AM [vite] (client) [console.warn] https://svelte.dev/e/derived_inert
12:17:57 AM [vite] (client) [console.warn] https://svelte.dev/e/derived_inert
12:17:57 AM [vite] (client) [console.warn] https://svelte.dev/e/derived_inert
12:17:57 AM [vite] (client) [console.warn] https://svelte.dev/e/derived_inert
12:17:57 AM [vite] (client) [console.warn] https://svelte.dev/e/derived_inert
12:17:57 AM [vite] (client) [console.warn] https://svelte.dev/e/derived_inert
12:17:57 AM [vite] (client) [console.warn] https://svelte.dev/e/derived_inert
12:17:57 AM [vite] (client) [console.warn] https://svelte.dev/e/derived_inert
12:17:57 AM [vite] (client) [console.warn] https://svelte.dev/e/derived_inert
12:17:57 AM [vite] (client) [console.warn] https://svelte.dev/e/derived_inert
12:17:57 AM [vite] (client) [console.warn] https://svelte.dev/e/derived_inert
12:17:57 AM [vite] (client) [console.warn] https://svelte.dev/e/derived_inert
12:17:57 AM [vite] (client) [console.warn] https://svelte.dev/e/derived_inert
12:17:57 AM [vite] (client) [console.warn] https://svelte.dev/e/derived_inert
12:17:57 AM [vite] (client) [console.warn] https://svelte.dev/e/derived_inert
12:17:57 AM [vite] (client) [console.warn] https://svelte.dev/e/derived_inert
12:17:57 AM [vite] (client) [console.warn] https://svelte.dev/e/derived_inert
12:17:57 AM [vite] (client) [console.warn] https://svelte.dev/e/derived_inert
12:17:57 AM [vite] (client) [console.warn] https://svelte.dev/e/derived_inert
12:17:57 AM [vite] (client) [console.warn] https://svelte.dev/e/derived_inert
12:17:57 AM [vite] (client) [console.warn] https://svelte.dev/e/derived_inert
12:17:57 AM [vite] (client) [console.warn] https://svelte.dev/e/derived_inert
12:17:57 AM [vite] (client) [console.warn] https://svelte.dev/e/derived_inert
12:17:57 AM [vite] (client) [console.warn] https://svelte.dev/e/derived_inert
12:17:57 AM [vite] (client) [console.warn] https://svelte.dev/e/derived_inert
12:17:57 AM [vite] (client) [console.warn] https://svelte.dev/e/derived_inert
12:17:57 AM [vite] (client) [console.warn] https://svelte.dev/e/derived_inert
12:17:57 AM [vite] (client) [console.warn] https://svelte.dev/e/derived_inert
12:17:57 AM [vite] (client) [console.warn] https://svelte.dev/e/derived_inert
12:17:57 AM [vite] (client) [console.warn] https://svelte.dev/e/derived_inert
12:17:57 AM [vite] (client) [console.warn] https://svelte.dev/e/derived_inert
12:17:57 AM [vite] (client) [console.warn] https://svelte.dev/e/derived_inert
12:17:57 AM [vite] (client) [console.warn] https://svelte.dev/e/derived_inert
12:17:57 AM [vite] (client) [console.warn] https://svelte.dev/e/derived_inert
12:17:57 AM [vite] (client) [console.warn] https://svelte.dev/e/derived_inert
12:17:57 AM [vite] (client) [console.warn] https://svelte.dev/e/derived_inert
12:17:57 AM [vite] (client) [console.warn] https://svelte.dev/e/derived_inert
12:17:57 AM [vite] (client) [console.warn] https://svelte.dev/e/derived_inert
12:17:57 AM [vite] (client) [console.warn] https://svelte.dev/e/derived_inert
12:17:57 AM [vite] (client) [console.warn] https://svelte.dev/e/derived_inert
12:17:57 AM [vite] (client) [console.warn] https://svelte.dev/e/derived_inert
12:17:57 AM [vite] (client) [console.warn] https://svelte.dev/e/derived_inert
12:17:57 AM [vite] (client) [console.warn] https://svelte.dev/e/derived_inert
12:17:57 AM [vite] (client) [console.warn] https://svelte.dev/e/derived_inert
12:17:57 AM [vite] (client) [console.warn] https://svelte.dev/e/derived_inert
12:17:57 AM [vite] (client) [console.warn] https://svelte.dev/e/derived_inert
12:17:57 AM [vite] (client) [console.warn] https://svelte.dev/e/derived_inert
12:17:57 AM [vite] (client) [console.warn] https://svelte.dev/e/derived_inert
12:17:57 AM [vite] (client) [console.warn] https://svelte.dev/e/derived_inert
12:17:57 AM [vite] (client) [console.warn] https://svelte.dev/e/derived_inert
12:17:57 AM [vite] (client) [console.warn] https://svelte.dev/e/derived_inert
12:17:57 AM [vite] (client) [console.warn] https://svelte.dev/e/derived_inert
12:17:57 AM [vite] (client) [console.warn] https://svelte.dev/e/derived_inert
12:17:57 AM [vite] (client) [console.warn] https://svelte.dev/e/derived_inert
12:17:57 AM [vite] (client) [console.warn] https://svelte.dev/e/derived_inert
12:17:57 AM [vite] (client) [console.warn] https://svelte.dev/e/derived_inert
12:17:57 AM [vite] (client) [console.warn] https://svelte.dev/e/derived_inert
12:17:57 AM [vite] (client) [console.warn] https://svelte.dev/e/derived_inert
12:17:57 AM [vite] (client) [console.warn] https://svelte.dev/e/derived_inert
12:17:57 AM [vite] (client) [console.warn] https://svelte.dev/e/derived_inert
12:17:57 AM [vite] (client) [console.warn] https://svelte.dev/e/derived_inert
12:17:57 AM [vite] (client) [console.warn] https://svelte.dev/e/derived_inert
12:17:57 AM [vite] (client) [console.warn] https://svelte.dev/e/derived_inert
12:17:57 AM [vite] (client) [console.warn] https://svelte.dev/e/derived_inert
12:17:57 AM [vite] (client) [console.warn] https://svelte.dev/e/derived_inert
12:17:57 AM [vite] (client) [console.warn] https://svelte.dev/e/derived_inert
12:17:57 AM [vite] (client) [console.warn] https://svelte.dev/e/derived_inert
12:17:57 AM [vite] (client) [console.warn] https://svelte.dev/e/derived_inert
12:17:57 AM [vite] (client) [console.warn] https://svelte.dev/e/derived_inert
12:17:57 AM [vite] (client) [console.warn] https://svelte.dev/e/derived_inert
12:17:57 AM [vite] (client) [console.warn] https://svelte.dev/e/derived_inert
12:17:57 AM [vite] (client) [console.warn] https://svelte.dev/e/derived_inert
12:17:57 AM [vite] (client) [console.warn] https://svelte.dev/e/derived_inert
12:17:57 AM [vite] (client) [console.warn] https://svelte.dev/e/derived_inert
12:17:57 AM [vite] (client) [console.warn] https://svelte.dev/e/derived_inert
12:17:57 AM [vite] (client) [console.warn] https://svelte.dev/e/derived_inert
12:17:57 AM [vite] (client) [console.warn] https://svelte.dev/e/derived_inert
12:17:57 AM [vite] (client) [console.warn] https://svelte.dev/e/derived_inert
12:17:57 AM [vite] (client) [console.warn] https://svelte.dev/e/derived_inert
12:17:57 AM [vite] (client) [console.warn] https://svelte.dev/e/derived_inert
12:17:57 AM [vite] (client) [console.warn] https://svelte.dev/e/derived_inert
12:17:57 AM [vite] (client) [console.warn] https://svelte.dev/e/derived_inert
12:17:57 AM [vite] (client) [console.warn] https://svelte.dev/e/derived_inert
12:17:57 AM [vite] (client) [console.warn] https://svelte.dev/e/derived_inert
12:17:57 AM [vite] (client) [console.warn] https://svelte.dev/e/derived_inert
12:17:57 AM [vite] (client) [console.warn] https://svelte.dev/e/derived_inert
12:17:57 AM [vite] (client) [console.warn] https://svelte.dev/e/derived_inert
12:17:57 AM [vite] (client) [console.warn] https://svelte.dev/e/derived_inert
12:17:57 AM [vite] (client) [console.warn] https://svelte.dev/e/derived_inert
12:17:57 AM [vite] (client) [console.warn] https://svelte.dev/e/derived_inert
12:17:57 AM [vite] (client) [console.warn] https://svelte.dev/e/derived_inert
12:17:57 AM [vite] (client) [console.warn] https://svelte.dev/e/derived_inert
12:17:57 AM [vite] (client) [console.warn] https://svelte.dev/e/derived_inert
12:17:57 AM [vite] (client) [console.warn] https://svelte.dev/e/derived_inert
12:17:57 AM [vite] (client) [console.warn] https://svelte.dev/e/derived_inert
12:17:57 AM [vite] (client) [console.warn] https://svelte.dev/e/derived_inert
12:17:57 AM [vite] (client) [console.warn] https://svelte.dev/e/derived_inert
12:17:57 AM [vite] (client) [console.warn] https://svelte.dev/e/derived_inert
12:17:57 AM [vite] (client) [console.warn] https://svelte.dev/e/derived_inert
12:17:57 AM [vite] (client) [console.warn] https://svelte.dev/e/derived_inert
12:17:57 AM [vite] (client) [console.warn] https://svelte.dev/e/derived_inert
12:17:57 AM [vite] (client) [console.warn] https://svelte.dev/e/derived_inert
12:17:57 AM [vite] (client) [console.warn] https://svelte.dev/e/derived_inert
12:17:57 AM [vite] (client) [console.warn] https://svelte.dev/e/derived_inert
12:17:57 AM [vite] (client) [console.warn] https://svelte.dev/e/derived_inert
12:17:57 AM [vite] (client) [console.warn] https://svelte.dev/e/derived_inert
12:17:57 AM [vite] (client) [console.warn] https://svelte.dev/e/derived_inert
12:17:57 AM [vite] (client) [console.warn] https://svelte.dev/e/derived_inert
12:17:57 AM [vite] (client) [console.warn] https://svelte.dev/e/derived_inert
12:17:57 AM [vite] (client) [console.warn] https://svelte.dev/e/derived_inert
12:17:57 AM [vite] (client) [console.warn] https://svelte.dev/e/derived_inert
12:17:57 AM [vite] (client) [console.warn] https://svelte.dev/e/derived_inert
12:17:57 AM [vite] (client) [console.warn] https://svelte.dev/e/derived_inert
12:17:57 AM [vite] (client) [console.warn] https://svelte.dev/e/derived_inert
12:17:57 AM [vite] (client) [console.warn] https://svelte.dev/e/derived_inert
12:17:57 AM [vite] (client) [console.warn] https://svelte.dev/e/derived_inert
12:17:57 AM [vite] (client) [console.warn] https://svelte.dev/e/derived_inert
12:17:57 AM [vite] (client) [console.warn] https://svelte.dev/e/derived_inert
12:17:57 AM [vite] (client) [console.warn] https://svelte.dev/e/derived_inert
12:17:57 AM [vite] (client) [console.warn] https://svelte.dev/e/derived_inert
12:17:57 AM [vite] (client) [console.warn] https://svelte.dev/e/derived_inert
12:17:57 AM [vite] (client) [console.warn] https://svelte.dev/e/derived_inert
12:17:57 AM [vite] (client) [console.warn] https://svelte.dev/e/derived_inert
12:17:57 AM [vite] (client) [console.warn] https://svelte.dev/e/derived_inert
12:17:57 AM [vite] (client) [console.warn] https://svelte.dev/e/derived_inert
12:18:17 AM [vite] (client) [console.warn] https://svelte.dev/e/derived_inert
12:18:17 AM [vite] (client) [console.warn] https://svelte.dev/e/derived_inert
12:18:17 AM [vite] (client) [console.warn] https://svelte.dev/e/derived_inert
12:18:17 AM [vite] (client) [console.warn] https://svelte.dev/e/derived_inert
12:18:17 AM [vite] (client) [console.warn] https://svelte.dev/e/derived_inert
12:18:17 AM [vite] (client) [console.warn] https://svelte.dev/e/derived_inert
12:18:17 AM [vite] (client) [console.warn] https://svelte.dev/e/derived_inert
12:18:17 AM [vite] (client) [console.warn] https://svelte.dev/e/derived_inert
12:18:17 AM [vite] (client) [console.warn] https://svelte.dev/e/derived_inert
12:18:17 AM [vite] (client) [console.warn] https://svelte.dev/e/derived_inert
12:18:17 AM [vite] (client) [console.warn] https://svelte.dev/e/derived_inert
12:18:17 AM [vite] (client) [console.warn] https://svelte.dev/e/derived_inert
12:18:17 AM [vite] (client) [console.warn] https://svelte.dev/e/derived_inert
12:18:17 AM [vite] (client) [console.warn] https://svelte.dev/e/derived_inert
12:18:17 AM [vite] (client) [console.warn] https://svelte.dev/e/derived_inert
12:18:17 AM [vite] (client) [console.warn] https://svelte.dev/e/derived_inert
12:18:17 AM [vite] (client) [console.warn] https://svelte.dev/e/derived_inert
12:18:17 AM [vite] (client) [console.warn] https://svelte.dev/e/derived_inert
12:18:17 AM [vite] (client) [console.warn] https://svelte.dev/e/derived_inert
12:18:17 AM [vite] (client) [console.warn] https://svelte.dev/e/derived_inert
12:18:17 AM [vite] (client) [console.warn] https://svelte.dev/e/derived_inert
12:18:17 AM [vite] (client) [console.warn] https://svelte.dev/e/derived_inert
12:18:17 AM [vite] (client) [console.warn] https://svelte.dev/e/derived_inert
12:18:17 AM [vite] (client) [console.warn] https://svelte.dev/e/derived_inert
12:18:17 AM [vite] (client) [console.warn] https://svelte.dev/e/derived_inert
12:18:17 AM [vite] (client) [console.warn] https://svelte.dev/e/derived_inert
12:18:17 AM [vite] (client) [console.warn] https://svelte.dev/e/derived_inert
12:18:17 AM [vite] (client) [console.warn] https://svelte.dev/e/derived_inert
12:18:17 AM [vite] (client) [console.warn] https://svelte.dev/e/derived_inert
12:18:17 AM [vite] (client) [console.warn] https://svelte.dev/e/derived_inert
12:18:17 AM [vite] (client) [console.warn] https://svelte.dev/e/derived_inert
12:18:17 AM [vite] (client) [console.warn] https://svelte.dev/e/derived_inert
12:18:17 AM [vite] (client) [console.warn] https://svelte.dev/e/derived_inert
12:18:17 AM [vite] (client) [console.warn] https://svelte.dev/e/derived_inert
12:18:17 AM [vite] (client) [console.warn] https://svelte.dev/e/derived_inert
12:18:17 AM [vite] (client) [console.warn] https://svelte.dev/e/derived_inert
12:18:17 AM [vite] (client) [console.warn] https://svelte.dev/e/derived_inert
12:18:17 AM [vite] (client) [console.warn] https://svelte.dev/e/derived_inert
12:18:17 AM [vite] (client) [console.warn] https://svelte.dev/e/derived_inert
12:18:17 AM [vite] (client) [console.warn] https://svelte.dev/e/derived_inert
12:18:17 AM [vite] (client) [console.warn] https://svelte.dev/e/derived_inert
12:18:17 AM [vite] (client) [console.warn] https://svelte.dev/e/derived_inert
12:18:17 AM [vite] (client) [console.warn] https://svelte.dev/e/derived_inert
12:18:17 AM [vite] (client) [console.warn] https://svelte.dev/e/derived_inert
12:18:17 AM [vite] (client) [console.warn] https://svelte.dev/e/derived_inert
12:18:17 AM [vite] (client) [console.warn] https://svelte.dev/e/derived_inert
12:18:17 AM [vite] (client) [console.warn] https://svelte.dev/e/derived_inert
12:18:17 AM [vite] (client) [console.warn] https://svelte.dev/e/derived_inert
12:18:17 AM [vite] (client) [console.warn] https://svelte.dev/e/derived_inert
12:18:17 AM [vite] (client) [console.warn] https://svelte.dev/e/derived_inert
12:18:17 AM [vite] (client) [console.warn] https://svelte.dev/e/derived_inert
12:18:17 AM [vite] (client) [console.warn] https://svelte.dev/e/derived_inert
12:18:17 AM [vite] (client) [console.warn] https://svelte.dev/e/derived_inert
12:18:17 AM [vite] (client) [console.warn] https://svelte.dev/e/derived_inert
12:18:17 AM [vite] (client) [console.warn] https://svelte.dev/e/derived_inert
12:18:17 AM [vite] (client) [console.warn] https://svelte.dev/e/derived_inert
12:18:17 AM [vite] (client) [console.warn] https://svelte.dev/e/derived_inert
12:18:17 AM [vite] (client) [console.warn] https://svelte.dev/e/derived_inert
12:18:17 AM [vite] (client) [console.warn] https://svelte.dev/e/derived_inert
12:18:17 AM [vite] (client) [console.warn] https://svelte.dev/e/derived_inert
12:18:17 AM [vite] (client) [console.warn] https://svelte.dev/e/derived_inert
12:18:17 AM [vite] (client) [console.warn] https://svelte.dev/e/derived_inert
12:18:17 AM [vite] (client) [console.warn] https://svelte.dev/e/derived_inert
12:18:17 AM [vite] (client) [console.warn] https://svelte.dev/e/derived_inert
12:18:17 AM [vite] (client) [console.warn] https://svelte.dev/e/derived_inert
12:18:17 AM [vite] (client) [console.warn] https://svelte.dev/e/derived_inert
12:18:17 AM [vite] (client) [console.warn] https://svelte.dev/e/derived_inert
12:18:17 AM [vite] (client) [console.warn] https://svelte.dev/e/derived_inert
12:18:17 AM [vite] (client) [console.warn] https://svelte.dev/e/derived_inert
12:18:17 AM [vite] (client) [console.warn] https://svelte.dev/e/derived_inert
12:18:17 AM [vite] (client) [console.warn] https://svelte.dev/e/derived_inert
12:18:17 AM [vite] (client) [console.warn] https://svelte.dev/e/derived_inert
12:18:17 AM [vite] (client) [console.warn] https://svelte.dev/e/derived_inert
12:18:18 AM [vite] (client) [console.warn] https://svelte.dev/e/derived_inert
12:18:18 AM [vite] (client) [console.warn] https://svelte.dev/e/derived_inert
12:18:18 AM [vite] (client) [console.warn] https://svelte.dev/e/derived_inert
12:18:18 AM [vite] (client) [console.warn] https://svelte.dev/e/derived_inert
12:18:18 AM [vite] (client) [console.warn] https://svelte.dev/e/derived_inert
12:18:18 AM [vite] (client) [console.warn] https://svelte.dev/e/derived_inert
12:18:18 AM [vite] (client) [console.warn] https://svelte.dev/e/derived_inert
12:18:18 AM [vite] (client) [console.warn] https://svelte.dev/e/derived_inert
12:18:18 AM [vite] (client) [console.warn] https://svelte.dev/e/derived_inert
12:18:18 AM [vite] (client) [console.warn] https://svelte.dev/e/derived_inert
12:18:18 AM [vite] (client) [console.warn] https://svelte.dev/e/derived_inert
12:18:18 AM [vite] (client) [console.warn] https://svelte.dev/e/derived_inert
12:18:18 AM [vite] (client) [console.warn] https://svelte.dev/e/derived_inert
12:18:18 AM [vite] (client) [console.warn] https://svelte.dev/e/derived_inert
12:18:18 AM [vite] (client) [console.warn] https://svelte.dev/e/derived_inert
12:18:18 AM [vite] (client) [console.warn] https://svelte.dev/e/derived_inert
12:18:18 AM [vite] (client) [console.warn] https://svelte.dev/e/derived_inert
12:18:18 AM [vite] (client) [console.warn] https://svelte.dev/e/derived_inert
12:18:18 AM [vite] (client) [console.warn] https://svelte.dev/e/derived_inert
12:18:18 AM [vite] (client) [console.warn] https://svelte.dev/e/derived_inert
12:18:18 AM [vite] (client) [console.warn] https://svelte.dev/e/derived_inert
12:18:18 AM [vite] (client) [console.warn] https://svelte.dev/e/derived_inert
12:18:18 AM [vite] (client) [console.warn] https://svelte.dev/e/derived_inert
12:18:18 AM [vite] (client) [console.warn] https://svelte.dev/e/derived_inert
12:18:18 AM [vite] (client) [console.warn] https://svelte.dev/e/derived_inert
12:18:18 AM [vite] (client) [console.warn] https://svelte.dev/e/derived_inert
12:18:18 AM [vite] (client) [console.warn] https://svelte.dev/e/derived_inert
12:18:18 AM [vite] (client) [console.warn] https://svelte.dev/e/derived_inert
12:18:18 AM [vite] (client) [console.warn] https://svelte.dev/e/derived_inert
12:18:18 AM [vite] (client) [console.warn] https://svelte.dev/e/derived_inert
12:18:18 AM [vite] (client) [console.warn] https://svelte.dev/e/derived_inert
12:18:18 AM [vite] (client) [console.warn] https://svelte.dev/e/derived_inert
12:18:18 AM [vite] (client) [console.warn] https://svelte.dev/e/derived_inert
12:18:18 AM [vite] (client) [console.warn] https://svelte.dev/e/derived_inert
12:18:18 AM [vite] (client) [console.warn] https://svelte.dev/e/derived_inert
12:18:18 AM [vite] (client) [console.warn] https://svelte.dev/e/derived_inert
12:18:18 AM [vite] (client) [console.warn] https://svelte.dev/e/derived_inert
12:18:18 AM [vite] (client) [console.warn] https://svelte.dev/e/derived_inert
12:18:18 AM [vite] (client) [console.warn] https://svelte.dev/e/derived_inert
12:18:18 AM [vite] (client) [console.warn] https://svelte.dev/e/derived_inert
12:18:18 AM [vite] (client) [console.warn] https://svelte.dev/e/derived_inert
12:18:18 AM [vite] (client) [console.warn] https://svelte.dev/e/derived_inert
12:18:18 AM [vite] (client) [console.warn] https://svelte.dev/e/derived_inert
12:18:18 AM [vite] (client) [console.warn] https://svelte.dev/e/derived_inert
12:18:18 AM [vite] (client) [console.warn] https://svelte.dev/e/derived_inert
12:18:18 AM [vite] (client) [console.warn] https://svelte.dev/e/derived_inert
12:18:18 AM [vite] (client) [console.warn] https://svelte.dev/e/derived_inert
12:18:18 AM [vite] (client) [console.warn] https://svelte.dev/e/derived_inert
12:18:18 AM [vite] (client) [console.warn] https://svelte.dev/e/derived_inert
12:18:18 AM [vite] (client) [console.warn] https://svelte.dev/e/derived_inert
12:18:18 AM [vite] (client) [console.warn] https://svelte.dev/e/derived_inert
12:18:18 AM [vite] (client) [console.warn] https://svelte.dev/e/derived_inert
12:18:18 AM [vite] (client) [console.warn] https://svelte.dev/e/derived_inert
12:18:18 AM [vite] (client) [console.warn] https://svelte.dev/e/derived_inert
12:18:18 AM [vite] (client) [console.warn] https://svelte.dev/e/derived_inert
12:18:18 AM [vite] (client) [console.warn] https://svelte.dev/e/derived_inert
12:18:18 AM [vite] (client) [console.warn] https://svelte.dev/e/derived_inert
12:18:18 AM [vite] (client) [console.warn] https://svelte.dev/e/derived_inert
12:18:18 AM [vite] (client) [console.warn] https://svelte.dev/e/derived_inert
12:18:18 AM [vite] (client) [console.warn] https://svelte.dev/e/derived_inert
12:18:18 AM [vite] (client) [console.warn] https://svelte.dev/e/derived_inert
12:18:18 AM [vite] (client) [console.warn] https://svelte.dev/e/derived_inert
12:18:18 AM [vite] (client) [console.warn] https://svelte.dev/e/derived_inert
12:18:18 AM [vite] (client) [console.warn] https://svelte.dev/e/derived_inert
12:18:18 AM [vite] (client) [console.warn] https://svelte.dev/e/derived_inert
12:18:18 AM [vite] (client) [console.warn] https://svelte.dev/e/derived_inert
12:18:18 AM [vite] (client) [console.warn] https://svelte.dev/e/derived_inert
12:18:18 AM [vite] (client) [console.warn] https://svelte.dev/e/derived_inert
12:18:18 AM [vite] (client) [console.warn] https://svelte.dev/e/derived_inert
12:18:18 AM [vite] (client) [console.warn] https://svelte.dev/e/derived_inert
12:18:18 AM [vite] (client) [console.warn] https://svelte.dev/e/derived_inert
12:18:18 AM [vite] (client) [console.warn] https://svelte.dev/e/derived_inert
12:18:18 AM [vite] (client) [console.warn] https://svelte.dev/e/derived_inert
12:18:18 AM [vite] (client) [console.warn] https://svelte.dev/e/derived_inert
12:18:18 AM [vite] (client) [console.warn] https://svelte.dev/e/derived_inert
12:18:18 AM [vite] (client) [console.warn] https://svelte.dev/e/derived_inert
12:18:18 AM [vite] (client) [console.warn] https://svelte.dev/e/derived_inert
12:18:18 AM [vite] (client) [console.warn] https://svelte.dev/e/derived_inert
12:18:18 AM [vite] (client) [console.warn] https://svelte.dev/e/derived_inert
12:18:18 AM [vite] (client) [console.warn] https://svelte.dev/e/derived_inert
12:18:18 AM [vite] (client) [console.warn] https://svelte.dev/e/derived_inert
12:18:18 AM [vite] (client) [console.warn] https://svelte.dev/e/derived_inert
12:18:18 AM [vite] (client) [console.warn] https://svelte.dev/e/derived_inert
12:18:18 AM [vite] (client) [console.warn] https://svelte.dev/e/derived_inert
12:18:18 AM [vite] (client) [console.warn] https://svelte.dev/e/derived_inert
12:18:18 AM [vite] (client) [console.warn] https://svelte.dev/e/derived_inert
12:18:18 AM [vite] (client) [console.warn] https://svelte.dev/e/derived_inert
12:18:18 AM [vite] (client) [console.warn] https://svelte.dev/e/derived_inert
12:18:18 AM [vite] (client) [console.warn] https://svelte.dev/e/derived_inert
12:18:18 AM [vite] (client) [console.warn] https://svelte.dev/e/derived_inert
12:18:18 AM [vite] (client) [console.warn] https://svelte.dev/e/derived_inert
12:18:18 AM [vite] (client) [console.warn] https://svelte.dev/e/derived_inert
12:18:18 AM [vite] (client) [console.warn] https://svelte.dev/e/derived_inert
12:18:18 AM [vite] (client) [console.warn] https://svelte.dev/e/derived_inert
12:18:18 AM [vite] (client) [console.warn] https://svelte.dev/e/derived_inert
12:18:18 AM [vite] (client) [console.warn] https://svelte.dev/e/derived_inert
12:18:18 AM [vite] (client) [console.warn] https://svelte.dev/e/derived_inert
12:18:18 AM [vite] (client) [console.warn] https://svelte.dev/e/derived_inert
12:18:18 AM [vite] (client) [console.warn] https://svelte.dev/e/derived_inert
12:18:18 AM [vite] (client) [console.warn] https://svelte.dev/e/derived_inert
12:18:18 AM [vite] (client) [console.warn] https://svelte.dev/e/derived_inert
12:18:18 AM [vite] (client) [console.warn] https://svelte.dev/e/derived_inert
12:18:18 AM [vite] (client) [console.warn] https://svelte.dev/e/derived_inert
12:18:18 AM [vite] (client) [console.warn] https://svelte.dev/e/derived_inert
12:18:18 AM [vite] (client) [console.warn] https://svelte.dev/e/derived_inert
12:18:18 AM [vite] (client) [console.warn] https://svelte.dev/e/derived_inert
12:18:18 AM [vite] (client) [console.warn] https://svelte.dev/e/derived_inert
12:18:18 AM [vite] (client) [console.warn] https://svelte.dev/e/derived_inert
12:18:18 AM [vite] (client) [console.warn] https://svelte.dev/e/derived_inert
12:18:18 AM [vite] (client) [console.warn] https://svelte.dev/e/derived_inert
12:18:18 AM [vite] (client) [console.warn] https://svelte.dev/e/derived_inert
12:18:18 AM [vite] (client) [console.warn] https://svelte.dev/e/derived_inert
12:18:18 AM [vite] (client) [console.warn] https://svelte.dev/e/derived_inert
12:18:18 AM [vite] (client) [console.warn] https://svelte.dev/e/derived_inert
12:18:18 AM [vite] (client) [console.warn] https://svelte.dev/e/derived_inert
12:18:18 AM [vite] (client) [console.warn] https://svelte.dev/e/derived_inert
12:18:18 AM [vite] (client) [console.warn] https://svelte.dev/e/derived_inert
12:18:18 AM [vite] (client) [console.warn] https://svelte.dev/e/derived_inert
12:18:18 AM [vite] (client) [console.warn] https://svelte.dev/e/derived_inert
12:18:18 AM [vite] (client) [console.warn] https://svelte.dev/e/derived_inert
12:18:18 AM [vite] (client) [console.warn] https://svelte.dev/e/derived_inert
12:18:18 AM [vite] (client) [console.warn] https://svelte.dev/e/derived_inert
12:18:18 AM [vite] (client) [console.warn] https://svelte.dev/e/derived_inert
12:18:18 AM [vite] (client) [console.warn] https://svelte.dev/e/derived_inert
12:18:18 AM [vite] (client) [console.warn] https://svelte.dev/e/derived_inert
12:18:18 AM [vite] (client) [console.warn] https://svelte.dev/e/derived_inert
12:18:18 AM [vite] (client) [console.warn] https://svelte.dev/e/derived_inert
12:18:18 AM [vite] (client) [console.warn] https://svelte.dev/e/derived_inert
12:18:18 AM [vite] (client) [console.warn] https://svelte.dev/e/derived_inert
12:18:18 AM [vite] (client) [console.warn] https://svelte.dev/e/derived_inert
12:18:18 AM [vite] (client) [console.warn] https://svelte.dev/e/derived_inert
12:18:18 AM [vite] (client) [console.warn] https://svelte.dev/e/derived_inert
12:18:18 AM [vite] (client) [console.warn] https://svelte.dev/e/derived_inert
12:18:18 AM [vite] (client) [console.warn] https://svelte.dev/e/derived_inert
12:18:18 AM [vite] (client) [console.warn] https://svelte.dev/e/derived_inert
12:18:18 AM [vite] (client) [console.warn] https://svelte.dev/e/derived_inert
12:18:18 AM [vite] (client) [console.warn] https://svelte.dev/e/derived_inert
12:18:18 AM [vite] (client) [console.warn] https://svelte.dev/e/derived_inert
12:18:18 AM [vite] (client) [console.warn] https://svelte.dev/e/derived_inert
12:18:18 AM [vite] (client) [console.warn] https://svelte.dev/e/derived_inert
12:18:18 AM [vite] (client) [console.warn] https://svelte.dev/e/derived_inert
12:18:18 AM [vite] (client) [console.warn] https://svelte.dev/e/derived_inert
12:18:18 AM [vite] (client) [console.warn] https://svelte.dev/e/derived_inert
12:18:18 AM [vite] (client) [console.warn] https://svelte.dev/e/derived_inert
12:18:18 AM [vite] (client) [console.warn] https://svelte.dev/e/derived_inert
12:18:18 AM [vite] (client) [console.warn] https://svelte.dev/e/derived_inert
12:18:18 AM [vite] (client) [console.warn] https://svelte.dev/e/derived_inert
12:18:18 AM [vite] (client) [console.warn] https://svelte.dev/e/derived_inert
12:18:18 AM [vite] (client) [console.warn] https://svelte.dev/e/derived_inert
12:18:18 AM [vite] (client) [console.warn] https://svelte.dev/e/derived_inert
12:18:18 AM [vite] (client) [console.warn] https://svelte.dev/e/derived_inert
12:18:18 AM [vite] (client) [console.warn] https://svelte.dev/e/derived_inert
12:18:18 AM [vite] (client) [console.warn] https://svelte.dev/e/derived_inert
12:18:28 AM [vite] (client) [console.warn] https://svelte.dev/e/derived_inert
12:18:35 AM [vite] (client) [console.warn] https://svelte.dev/e/derived_inert
12:18:36 AM [vite] (client) [console.warn] https://svelte.dev/e/derived_inert

⎯⎯⎯⎯⎯⎯⎯ Failed Tests 1 ⎯⎯⎯⎯⎯⎯⎯

 FAIL  |component (chromium)| src/lib/components/chat/RegenerateTurn.component.test.ts > preserves Copy, proposal contents, Brain sources and feedback after regeneration
Error: Test timed out in 15000ms.
If this is a long-running test, pass a timeout value as the last argument or configure it globally with "testTimeout".

Failure screenshot:
  - src/lib/components/chat/__screenshots__/RegenerateTurn.component.test.ts/preserves-Copy--proposal-contents--Brain-sources-and-feedback-after-regeneration-1.png

 ❯ src/lib/components/chat/RegenerateTurn.component.test.ts:280:0
    277|   expect(__mutationCalls("chatV2:sendMessage")).toEqual([expectedSend]…
    278| });
    279|
       | ^
    280| it("preserves Copy, proposal contents, Brain sources and feedback afte…
    281|   const writeClipboard = vi.spyOn(navigator.clipboard, "writeText").mo…

⎯⎯⎯⎯⎯⎯⎯⎯⎯⎯⎯⎯⎯⎯⎯⎯⎯⎯⎯⎯⎯⎯⎯⎯[1/1]⎯


 Test Files  1 failed | 55 passed (56)
      Tests  1 failed | 375 passed (376)
   Start at  00:16:44
   Duration  113.68s (transform 0ms, setup 2.54s, import 58.39s, tests 42.87s, environment 0ms)
