
> banhall-app@0.1.0 test:component
> vitest run --config vitest.component.config.ts

12:45:33 AM [vite-plugin-svelte] no Svelte config found at /Users/johnnynguyen/Documents/Repos/Banhall-bmad-learn-chat/.bmad-loop/runs/20260904-133944-0158/worktrees/6 - using default configuration.

 RUN  v4.1.10 /Users/johnnynguyen/Documents/Repos/Banhall-bmad-learn-chat/.bmad-loop/runs/20260904-133944-0158/worktrees/6

12:45:33 AM [vite-plugin-svelte] no Svelte config found at /Users/johnnynguyen/Documents/Repos/Banhall-bmad-learn-chat/.bmad-loop/runs/20260904-133944-0158/worktrees/6 - using default configuration.
12:46:13 AM [vite] (client) [console.warn] https://svelte.dev/e/derived_inert
12:46:13 AM [vite] (client) [console.warn] https://svelte.dev/e/derived_inert
12:46:13 AM [vite] (client) [console.warn] https://svelte.dev/e/derived_inert
12:46:13 AM [vite] (client) [console.warn] https://svelte.dev/e/derived_inert
12:46:13 AM [vite] (client) [console.warn] https://svelte.dev/e/derived_inert
12:46:13 AM [vite] (client) [console.warn] https://svelte.dev/e/derived_inert
12:46:13 AM [vite] (client) [console.warn] https://svelte.dev/e/derived_inert
12:46:13 AM [vite] (client) [console.warn] https://svelte.dev/e/derived_inert
12:46:13 AM [vite] (client) [console.warn] https://svelte.dev/e/derived_inert
12:46:13 AM [vite] (client) [console.warn] https://svelte.dev/e/derived_inert
12:46:13 AM [vite] (client) [console.warn] https://svelte.dev/e/derived_inert
12:46:13 AM [vite] (client) [console.warn] https://svelte.dev/e/derived_inert
12:46:13 AM [vite] (client) [console.warn] https://svelte.dev/e/derived_inert
12:46:13 AM [vite] (client) [console.warn] https://svelte.dev/e/derived_inert
12:46:13 AM [vite] (client) [console.warn] https://svelte.dev/e/derived_inert
12:46:13 AM [vite] (client) [console.warn] https://svelte.dev/e/derived_inert
12:46:13 AM [vite] (client) [console.warn] https://svelte.dev/e/derived_inert
12:46:14 AM [vite] (client) [console.warn] https://svelte.dev/e/derived_inert
12:46:14 AM [vite] (client) [console.warn] https://svelte.dev/e/derived_inert
12:46:14 AM [vite] (client) [console.warn] https://svelte.dev/e/derived_inert
12:46:14 AM [vite] (client) [console.warn] https://svelte.dev/e/derived_inert
12:46:14 AM [vite] (client) [console.warn] https://svelte.dev/e/derived_inert
12:46:14 AM [vite] (client) [console.warn] https://svelte.dev/e/derived_inert
12:46:14 AM [vite] (client) [console.warn] https://svelte.dev/e/derived_inert
12:46:14 AM [vite] (client) [console.warn] https://svelte.dev/e/derived_inert
12:46:14 AM [vite] (client) [console.warn] https://svelte.dev/e/derived_inert
12:46:14 AM [vite] (client) [console.warn] https://svelte.dev/e/derived_inert
12:46:14 AM [vite] (client) [console.warn] https://svelte.dev/e/derived_inert
12:46:14 AM [vite] (client) [console.warn] https://svelte.dev/e/derived_inert
12:46:14 AM [vite] (client) [console.warn] https://svelte.dev/e/derived_inert
12:46:14 AM [vite] (client) [console.warn] https://svelte.dev/e/derived_inert
12:46:14 AM [vite] (client) [console.warn] https://svelte.dev/e/derived_inert
12:46:14 AM [vite] (client) [console.warn] https://svelte.dev/e/derived_inert
12:46:14 AM [vite] (client) [console.warn] https://svelte.dev/e/derived_inert
12:46:14 AM [vite] (client) [console.warn] https://svelte.dev/e/derived_inert
12:46:14 AM [vite] (client) [console.warn] https://svelte.dev/e/derived_inert
12:46:14 AM [vite] (client) [console.warn] https://svelte.dev/e/derived_inert
12:46:14 AM [vite] (client) [console.warn] https://svelte.dev/e/derived_inert
12:46:14 AM [vite] (client) [console.warn] https://svelte.dev/e/derived_inert
12:46:14 AM [vite] (client) [console.warn] https://svelte.dev/e/derived_inert
12:46:14 AM [vite] (client) [console.warn] https://svelte.dev/e/derived_inert
12:46:14 AM [vite] (client) [console.warn] https://svelte.dev/e/derived_inert
12:46:14 AM [vite] (client) [console.warn] https://svelte.dev/e/derived_inert
12:46:14 AM [vite] (client) [console.warn] https://svelte.dev/e/derived_inert
12:46:14 AM [vite] (client) [console.warn] https://svelte.dev/e/derived_inert
12:46:14 AM [vite] (client) [console.warn] https://svelte.dev/e/derived_inert
12:46:14 AM [vite] (client) [console.warn] https://svelte.dev/e/derived_inert
12:46:14 AM [vite] (client) [console.warn] https://svelte.dev/e/derived_inert
12:46:14 AM [vite] (client) [console.warn] https://svelte.dev/e/derived_inert
12:46:14 AM [vite] (client) [console.warn] https://svelte.dev/e/derived_inert
12:46:14 AM [vite] (client) [console.warn] https://svelte.dev/e/derived_inert
12:46:14 AM [vite] (client) [console.warn] https://svelte.dev/e/derived_inert
12:46:14 AM [vite] (client) [console.warn] https://svelte.dev/e/derived_inert
12:46:14 AM [vite] (client) [console.warn] https://svelte.dev/e/derived_inert
12:46:14 AM [vite] (client) [console.warn] https://svelte.dev/e/derived_inert
12:46:14 AM [vite] (client) [console.warn] https://svelte.dev/e/derived_inert
12:46:14 AM [vite] (client) [console.warn] https://svelte.dev/e/derived_inert
12:46:15 AM [vite] (client) [console.warn] https://svelte.dev/e/derived_inert
12:46:15 AM [vite] (client) [console.warn] https://svelte.dev/e/derived_inert
12:46:15 AM [vite] (client) [console.warn] https://svelte.dev/e/derived_inert
12:46:15 AM [vite] (client) [console.warn] https://svelte.dev/e/derived_inert
12:46:15 AM [vite] (client) [console.warn] https://svelte.dev/e/derived_inert
12:46:15 AM [vite] (client) [console.warn] https://svelte.dev/e/derived_inert
12:46:15 AM [vite] (client) [console.warn] https://svelte.dev/e/derived_inert
12:46:15 AM [vite] (client) [console.warn] https://svelte.dev/e/derived_inert
12:46:15 AM [vite] (client) [console.warn] https://svelte.dev/e/derived_inert
12:46:15 AM [vite] (client) [console.warn] https://svelte.dev/e/derived_inert
12:46:15 AM [vite] (client) [console.warn] https://svelte.dev/e/derived_inert
12:46:15 AM [vite] (client) [console.warn] https://svelte.dev/e/derived_inert
12:46:15 AM [vite] (client) [console.warn] https://svelte.dev/e/derived_inert
12:46:15 AM [vite] (client) [console.warn] https://svelte.dev/e/derived_inert
12:46:15 AM [vite] (client) [console.warn] https://svelte.dev/e/derived_inert
12:46:15 AM [vite] (client) [console.warn] https://svelte.dev/e/derived_inert
12:46:15 AM [vite] (client) [console.warn] https://svelte.dev/e/derived_inert
12:46:15 AM [vite] (client) [console.warn] https://svelte.dev/e/derived_inert
12:46:15 AM [vite] (client) [console.warn] https://svelte.dev/e/derived_inert
12:46:15 AM [vite] (client) [console.warn] https://svelte.dev/e/derived_inert
12:46:15 AM [vite] (client) [console.warn] https://svelte.dev/e/derived_inert
12:46:15 AM [vite] (client) [console.warn] https://svelte.dev/e/derived_inert
12:46:15 AM [vite] (client) [console.warn] https://svelte.dev/e/derived_inert
12:46:15 AM [vite] (client) [console.warn] https://svelte.dev/e/derived_inert
12:46:15 AM [vite] (client) [console.warn] https://svelte.dev/e/derived_inert
12:46:15 AM [vite] (client) [console.warn] https://svelte.dev/e/derived_inert
12:46:15 AM [vite] (client) [console.warn] https://svelte.dev/e/derived_inert
12:46:15 AM [vite] (client) [console.warn] https://svelte.dev/e/derived_inert
12:46:16 AM [vite] (client) [console.warn] https://svelte.dev/e/derived_inert
12:46:16 AM [vite] (client) [console.warn] https://svelte.dev/e/derived_inert
12:46:16 AM [vite] (client) [console.warn] https://svelte.dev/e/derived_inert
12:46:16 AM [vite] (client) [console.warn] https://svelte.dev/e/derived_inert
12:46:16 AM [vite] (client) [console.warn] https://svelte.dev/e/derived_inert
12:46:16 AM [vite] (client) [console.warn] https://svelte.dev/e/derived_inert
12:46:16 AM [vite] (client) [console.warn] https://svelte.dev/e/derived_inert
12:46:16 AM [vite] (client) [console.warn] https://svelte.dev/e/derived_inert
12:46:16 AM [vite] (client) [console.warn] https://svelte.dev/e/derived_inert
12:46:16 AM [vite] (client) [console.warn] https://svelte.dev/e/derived_inert
12:46:16 AM [vite] (client) [console.warn] https://svelte.dev/e/derived_inert
12:46:16 AM [vite] (client) [console.warn] https://svelte.dev/e/derived_inert
12:46:16 AM [vite] (client) [console.warn] https://svelte.dev/e/derived_inert
12:46:16 AM [vite] (client) [console.warn] https://svelte.dev/e/derived_inert
12:46:16 AM [vite] (client) [console.warn] https://svelte.dev/e/derived_inert
12:46:16 AM [vite] (client) [console.warn] https://svelte.dev/e/derived_inert
12:46:16 AM [vite] (client) [console.warn] https://svelte.dev/e/derived_inert
12:46:16 AM [vite] (client) [console.warn] https://svelte.dev/e/derived_inert
12:46:16 AM [vite] (client) [console.warn] https://svelte.dev/e/derived_inert
12:46:16 AM [vite] (client) [console.warn] https://svelte.dev/e/derived_inert
12:46:16 AM [vite] (client) [console.warn] https://svelte.dev/e/derived_inert
12:46:16 AM [vite] (client) [console.warn] https://svelte.dev/e/derived_inert
12:46:17 AM [vite] (client) [console.warn] https://svelte.dev/e/derived_inert
12:46:17 AM [vite] (client) [console.warn] https://svelte.dev/e/derived_inert
12:46:17 AM [vite] (client) [console.warn] https://svelte.dev/e/derived_inert
12:46:17 AM [vite] (client) [console.warn] https://svelte.dev/e/derived_inert
12:46:17 AM [vite] (client) [console.warn] https://svelte.dev/e/derived_inert
12:46:17 AM [vite] (client) [console.warn] https://svelte.dev/e/derived_inert
12:46:17 AM [vite] (client) [console.warn] https://svelte.dev/e/derived_inert
12:46:17 AM [vite] (client) [console.warn] https://svelte.dev/e/derived_inert
12:46:17 AM [vite] (client) [console.warn] https://svelte.dev/e/derived_inert
12:46:17 AM [vite] (client) [console.warn] https://svelte.dev/e/derived_inert
12:46:17 AM [vite] (client) [console.warn] https://svelte.dev/e/derived_inert
12:46:17 AM [vite] (client) [console.warn] https://svelte.dev/e/derived_inert
12:46:17 AM [vite] (client) [console.warn] https://svelte.dev/e/derived_inert
12:46:17 AM [vite] (client) [console.warn] https://svelte.dev/e/derived_inert
12:46:17 AM [vite] (client) [console.warn] https://svelte.dev/e/derived_inert
12:46:18 AM [vite] (client) [console.warn] https://svelte.dev/e/derived_inert
12:46:18 AM [vite] (client) [console.warn] https://svelte.dev/e/derived_inert
12:46:18 AM [vite] (client) [console.warn] https://svelte.dev/e/derived_inert
12:46:18 AM [vite] (client) [console.warn] https://svelte.dev/e/derived_inert
12:46:18 AM [vite] (client) [console.warn] https://svelte.dev/e/derived_inert
12:46:18 AM [vite] (client) [console.warn] https://svelte.dev/e/derived_inert
12:46:18 AM [vite] (client) [console.warn] https://svelte.dev/e/derived_inert
12:46:18 AM [vite] (client) [console.warn] https://svelte.dev/e/derived_inert
12:46:18 AM [vite] (client) [console.warn] https://svelte.dev/e/derived_inert
12:46:18 AM [vite] (client) [console.warn] https://svelte.dev/e/derived_inert
12:46:18 AM [vite] (client) [console.warn] https://svelte.dev/e/derived_inert
12:46:18 AM [vite] (client) [console.warn] https://svelte.dev/e/derived_inert
12:46:18 AM [vite] (client) [console.warn] https://svelte.dev/e/derived_inert
12:46:18 AM [vite] (client) [console.warn] https://svelte.dev/e/derived_inert
12:46:18 AM [vite] (client) [console.warn] https://svelte.dev/e/derived_inert
12:46:18 AM [vite] (client) [console.warn] https://svelte.dev/e/derived_inert
12:46:18 AM [vite] (client) [console.warn] https://svelte.dev/e/derived_inert
12:46:18 AM [vite] (client) [console.warn] https://svelte.dev/e/derived_inert
12:46:18 AM [vite] (client) [console.warn] https://svelte.dev/e/derived_inert
12:46:18 AM [vite] (client) [console.warn] https://svelte.dev/e/derived_inert
12:46:18 AM [vite] (client) [console.warn] https://svelte.dev/e/derived_inert
12:46:18 AM [vite] (client) [console.warn] https://svelte.dev/e/derived_inert
12:46:18 AM [vite] (client) [console.warn] https://svelte.dev/e/derived_inert
12:46:18 AM [vite] (client) [console.warn] https://svelte.dev/e/derived_inert
12:46:18 AM [vite] (client) [console.warn] https://svelte.dev/e/derived_inert
12:46:18 AM [vite] (client) [console.warn] https://svelte.dev/e/derived_inert
12:46:18 AM [vite] (client) [console.warn] https://svelte.dev/e/derived_inert
12:46:18 AM [vite] (client) [console.warn] https://svelte.dev/e/derived_inert
12:46:18 AM [vite] (client) [console.warn] https://svelte.dev/e/derived_inert
12:46:18 AM [vite] (client) [console.warn] https://svelte.dev/e/derived_inert
12:46:18 AM [vite] (client) [console.warn] https://svelte.dev/e/derived_inert
12:46:18 AM [vite] (client) [console.warn] https://svelte.dev/e/derived_inert
12:46:18 AM [vite] (client) [console.warn] https://svelte.dev/e/derived_inert
12:46:19 AM [vite] (client) [console.warn] https://svelte.dev/e/derived_inert
12:46:19 AM [vite] (client) [console.warn] https://svelte.dev/e/derived_inert
12:46:19 AM [vite] (client) [console.warn] https://svelte.dev/e/derived_inert
12:46:19 AM [vite] (client) [console.warn] https://svelte.dev/e/derived_inert
12:46:19 AM [vite] (client) [console.warn] https://svelte.dev/e/derived_inert
12:46:19 AM [vite] (client) [console.warn] https://svelte.dev/e/derived_inert
12:46:19 AM [vite] (client) [console.warn] https://svelte.dev/e/derived_inert
12:46:19 AM [vite] (client) [console.warn] https://svelte.dev/e/derived_inert
12:46:19 AM [vite] (client) [console.warn] https://svelte.dev/e/derived_inert
12:46:19 AM [vite] (client) [console.warn] https://svelte.dev/e/derived_inert
12:46:19 AM [vite] (client) [console.warn] https://svelte.dev/e/derived_inert
12:46:19 AM [vite] (client) [console.warn] https://svelte.dev/e/derived_inert
12:46:20 AM [vite] (client) [console.warn] https://svelte.dev/e/derived_inert
12:46:20 AM [vite] (client) [console.warn] https://svelte.dev/e/derived_inert
12:46:20 AM [vite] (client) [console.warn] https://svelte.dev/e/derived_inert
12:46:20 AM [vite] (client) [console.warn] https://svelte.dev/e/derived_inert
12:46:20 AM [vite] (client) [console.warn] https://svelte.dev/e/derived_inert
12:46:20 AM [vite] (client) [console.warn] https://svelte.dev/e/derived_inert
12:46:20 AM [vite] (client) [console.warn] https://svelte.dev/e/derived_inert
12:46:20 AM [vite] (client) [console.warn] https://svelte.dev/e/derived_inert
12:46:20 AM [vite] (client) [console.warn] https://svelte.dev/e/derived_inert
12:46:20 AM [vite] (client) [console.warn] https://svelte.dev/e/derived_inert
12:46:20 AM [vite] (client) [console.warn] https://svelte.dev/e/derived_inert
12:46:20 AM [vite] (client) [console.warn] https://svelte.dev/e/derived_inert
12:46:20 AM [vite] (client) [console.warn] https://svelte.dev/e/derived_inert
12:46:20 AM [vite] (client) [console.warn] https://svelte.dev/e/derived_inert
12:46:20 AM [vite] (client) [console.warn] https://svelte.dev/e/derived_inert
12:46:20 AM [vite] (client) [console.warn] https://svelte.dev/e/derived_inert
12:46:20 AM [vite] (client) [console.warn] https://svelte.dev/e/derived_inert
12:46:20 AM [vite] (client) [console.warn] https://svelte.dev/e/derived_inert
12:46:20 AM [vite] (client) [console.warn] https://svelte.dev/e/derived_inert
12:46:20 AM [vite] (client) [console.warn] https://svelte.dev/e/derived_inert
12:46:20 AM [vite] (client) [console.warn] https://svelte.dev/e/derived_inert
12:46:20 AM [vite] (client) [console.warn] https://svelte.dev/e/derived_inert
12:46:20 AM [vite] (client) [console.warn] https://svelte.dev/e/derived_inert
12:46:20 AM [vite] (client) [console.warn] https://svelte.dev/e/derived_inert
12:46:20 AM [vite] (client) [console.warn] https://svelte.dev/e/derived_inert
12:46:20 AM [vite] (client) [console.warn] https://svelte.dev/e/derived_inert
12:46:20 AM [vite] (client) [console.warn] https://svelte.dev/e/derived_inert
12:46:20 AM [vite] (client) [console.warn] https://svelte.dev/e/derived_inert
12:46:20 AM [vite] (client) [console.warn] https://svelte.dev/e/derived_inert
12:46:20 AM [vite] (client) [console.warn] https://svelte.dev/e/derived_inert
12:46:20 AM [vite] (client) [console.warn] https://svelte.dev/e/derived_inert
12:46:20 AM [vite] (client) [console.warn] https://svelte.dev/e/derived_inert
12:46:20 AM [vite] (client) [console.warn] https://svelte.dev/e/derived_inert
12:46:20 AM [vite] (client) [console.warn] https://svelte.dev/e/derived_inert
12:46:20 AM [vite] (client) [console.warn] https://svelte.dev/e/derived_inert
12:46:20 AM [vite] (client) [console.warn] https://svelte.dev/e/derived_inert
12:46:20 AM [vite] (client) [console.warn] https://svelte.dev/e/derived_inert
12:46:20 AM [vite] (client) [console.warn] https://svelte.dev/e/derived_inert
12:46:20 AM [vite] (client) [console.warn] https://svelte.dev/e/derived_inert
12:46:20 AM [vite] (client) [console.warn] https://svelte.dev/e/derived_inert
12:46:20 AM [vite] (client) [console.warn] https://svelte.dev/e/derived_inert
12:46:20 AM [vite] (client) [console.warn] https://svelte.dev/e/derived_inert
12:46:20 AM [vite] (client) [console.warn] https://svelte.dev/e/derived_inert
12:46:20 AM [vite] (client) [console.warn] https://svelte.dev/e/derived_inert
12:46:20 AM [vite] (client) [console.warn] https://svelte.dev/e/derived_inert
12:46:20 AM [vite] (client) [console.warn] https://svelte.dev/e/derived_inert
12:46:20 AM [vite] (client) [console.warn] https://svelte.dev/e/derived_inert
12:46:20 AM [vite] (client) [console.warn] https://svelte.dev/e/derived_inert
12:46:20 AM [vite] (client) [console.warn] https://svelte.dev/e/derived_inert
12:46:20 AM [vite] (client) [console.warn] https://svelte.dev/e/derived_inert
12:46:20 AM [vite] (client) [console.warn] https://svelte.dev/e/derived_inert
12:46:20 AM [vite] (client) [console.warn] https://svelte.dev/e/derived_inert
12:46:20 AM [vite] (client) [console.warn] https://svelte.dev/e/derived_inert
12:46:20 AM [vite] (client) [console.warn] https://svelte.dev/e/derived_inert
12:46:20 AM [vite] (client) [console.warn] https://svelte.dev/e/derived_inert
12:46:20 AM [vite] (client) [console.warn] https://svelte.dev/e/derived_inert
12:46:20 AM [vite] (client) [console.warn] https://svelte.dev/e/derived_inert
12:46:20 AM [vite] (client) [console.warn] https://svelte.dev/e/derived_inert
12:46:20 AM [vite] (client) [console.warn] https://svelte.dev/e/derived_inert
12:46:20 AM [vite] (client) [console.warn] https://svelte.dev/e/derived_inert
12:46:27 AM [vite] (client) [console.error] Failed to send message Error: Resend unavailable
    at http://localhost:63315/Users/johnnynguyen/Documents/Repos/Banhall-bmad-learn-chat/.bmad-loop/runs/20260904-133944-0158/worktrees/6/src/lib/components/chat/RegenerateTurn.component.test.ts?import&browserv=1788594381336:194:43
    at async http://localhost:63315/node_modules/@vitest/runner/dist/chunk-artifact.js?v=529185d0:1903:20
12:46:28 AM [vite] (client) [console.error] Failed to send message Error: Please retry resend
    at http://localhost:63315/Users/johnnynguyen/Documents/Repos/Banhall-bmad-learn-chat/.bmad-loop/runs/20260904-133944-0158/worktrees/6/src/lib/components/chat/RegenerateTurn.component.test.ts?import&browserv=1788594381336:364:43
    at async http://localhost:63315/node_modules/@vitest/runner/dist/chunk-artifact.js?v=529185d0:1903:20
12:46:34 AM [vite] (client) [console.error] Failed to send message Error: Delayed resend failure
    at http://localhost:63315/Users/johnnynguyen/Documents/Repos/Banhall-bmad-learn-chat/.bmad-loop/runs/20260904-133944-0158/worktrees/6/src/lib/components/chat/RegenerateTurn.component.test.ts?import&browserv=1788594381336:980:13
    at async http://localhost:63315/node_modules/@vitest/runner/dist/chunk-artifact.js?v=529185d0:1903:20
12:46:44 AM [vite] (client) [console.warn] https://svelte.dev/e/derived_inert
12:46:44 AM [vite] (client) [console.warn] https://svelte.dev/e/derived_inert
12:46:44 AM [vite] (client) [console.warn] https://svelte.dev/e/derived_inert
12:46:44 AM [vite] (client) [console.warn] https://svelte.dev/e/derived_inert
12:46:44 AM [vite] (client) [console.warn] https://svelte.dev/e/derived_inert
12:46:44 AM [vite] (client) [console.warn] https://svelte.dev/e/derived_inert
12:46:46 AM [vite] (client) [console.warn] https://svelte.dev/e/derived_inert
12:46:46 AM [vite] (client) [console.warn] https://svelte.dev/e/derived_inert
12:46:46 AM [vite] (client) [console.warn] https://svelte.dev/e/derived_inert
12:46:46 AM [vite] (client) [console.warn] https://svelte.dev/e/derived_inert
12:46:46 AM [vite] (client) [console.warn] https://svelte.dev/e/derived_inert
12:46:46 AM [vite] (client) [console.warn] https://svelte.dev/e/derived_inert
12:46:46 AM [vite] (client) [console.warn] https://svelte.dev/e/derived_inert
12:46:46 AM [vite] (client) [console.warn] https://svelte.dev/e/derived_inert
12:46:46 AM [vite] (client) [console.warn] https://svelte.dev/e/derived_inert
12:46:46 AM [vite] (client) [console.warn] https://svelte.dev/e/derived_inert
12:46:46 AM [vite] (client) [console.warn] https://svelte.dev/e/derived_inert
12:46:46 AM [vite] (client) [console.warn] https://svelte.dev/e/derived_inert
12:46:46 AM [vite] (client) [console.warn] https://svelte.dev/e/derived_inert
12:46:46 AM [vite] (client) [console.warn] https://svelte.dev/e/derived_inert
12:46:46 AM [vite] (client) [console.warn] https://svelte.dev/e/derived_inert
12:46:46 AM [vite] (client) [console.warn] https://svelte.dev/e/derived_inert
12:46:46 AM [vite] (client) [console.warn] https://svelte.dev/e/derived_inert
12:46:46 AM [vite] (client) [console.warn] https://svelte.dev/e/derived_inert
12:46:46 AM [vite] (client) [console.warn] https://svelte.dev/e/derived_inert
12:46:46 AM [vite] (client) [console.warn] https://svelte.dev/e/derived_inert
12:46:46 AM [vite] (client) [console.warn] https://svelte.dev/e/derived_inert
12:46:46 AM [vite] (client) [console.warn] https://svelte.dev/e/derived_inert
12:46:46 AM [vite] (client) [console.warn] https://svelte.dev/e/derived_inert
12:46:46 AM [vite] (client) [console.warn] https://svelte.dev/e/derived_inert
12:46:46 AM [vite] (client) [console.warn] https://svelte.dev/e/derived_inert
12:46:46 AM [vite] (client) [console.warn] https://svelte.dev/e/derived_inert
12:46:46 AM [vite] (client) [console.warn] https://svelte.dev/e/derived_inert
12:46:46 AM [vite] (client) [console.warn] https://svelte.dev/e/derived_inert
12:46:46 AM [vite] (client) [console.warn] https://svelte.dev/e/derived_inert
12:46:46 AM [vite] (client) [console.warn] https://svelte.dev/e/derived_inert
12:46:46 AM [vite] (client) [console.warn] https://svelte.dev/e/derived_inert
12:46:46 AM [vite] (client) [console.warn] https://svelte.dev/e/derived_inert
12:46:47 AM [vite] (client) [console.warn] https://svelte.dev/e/derived_inert
12:46:47 AM [vite] (client) [console.warn] https://svelte.dev/e/derived_inert
12:46:47 AM [vite] (client) [console.warn] https://svelte.dev/e/derived_inert
12:46:47 AM [vite] (client) [console.warn] https://svelte.dev/e/derived_inert
12:46:47 AM [vite] (client) [console.warn] https://svelte.dev/e/derived_inert
12:46:47 AM [vite] (client) [console.warn] https://svelte.dev/e/derived_inert
12:46:47 AM [vite] (client) [console.warn] https://svelte.dev/e/derived_inert
12:46:47 AM [vite] (client) [console.warn] https://svelte.dev/e/derived_inert
12:46:47 AM [vite] (client) [console.warn] https://svelte.dev/e/derived_inert
12:46:47 AM [vite] (client) [console.warn] https://svelte.dev/e/derived_inert
12:46:47 AM [vite] (client) [console.warn] https://svelte.dev/e/derived_inert
12:46:47 AM [vite] (client) [console.warn] https://svelte.dev/e/derived_inert
12:46:47 AM [vite] (client) [console.warn] https://svelte.dev/e/derived_inert
12:46:47 AM [vite] (client) [console.warn] https://svelte.dev/e/derived_inert
12:46:47 AM [vite] (client) [console.warn] https://svelte.dev/e/derived_inert
12:46:47 AM [vite] (client) [console.warn] https://svelte.dev/e/derived_inert
12:46:47 AM [vite] (client) [console.warn] https://svelte.dev/e/derived_inert
12:46:47 AM [vite] (client) [console.warn] https://svelte.dev/e/derived_inert
12:46:47 AM [vite] (client) [console.warn] https://svelte.dev/e/derived_inert
12:46:47 AM [vite] (client) [console.warn] https://svelte.dev/e/derived_inert
12:46:47 AM [vite] (client) [console.warn] https://svelte.dev/e/derived_inert
12:46:47 AM [vite] (client) [console.warn] https://svelte.dev/e/derived_inert
12:46:47 AM [vite] (client) [console.warn] https://svelte.dev/e/derived_inert
12:46:47 AM [vite] (client) [console.warn] https://svelte.dev/e/derived_inert
12:46:47 AM [vite] (client) [console.warn] https://svelte.dev/e/derived_inert
12:46:47 AM [vite] (client) [console.warn] https://svelte.dev/e/derived_inert
12:46:47 AM [vite] (client) [console.warn] https://svelte.dev/e/derived_inert
12:46:47 AM [vite] (client) [console.warn] https://svelte.dev/e/derived_inert
12:46:47 AM [vite] (client) [console.warn] https://svelte.dev/e/derived_inert
12:46:47 AM [vite] (client) [console.warn] https://svelte.dev/e/derived_inert
12:46:47 AM [vite] (client) [console.warn] https://svelte.dev/e/derived_inert
12:46:47 AM [vite] (client) [console.warn] https://svelte.dev/e/derived_inert
12:46:47 AM [vite] (client) [console.warn] https://svelte.dev/e/derived_inert
12:46:47 AM [vite] (client) [console.warn] https://svelte.dev/e/derived_inert
12:46:47 AM [vite] (client) [console.warn] https://svelte.dev/e/derived_inert
12:46:47 AM [vite] (client) [console.warn] https://svelte.dev/e/derived_inert
12:46:47 AM [vite] (client) [console.warn] https://svelte.dev/e/derived_inert
12:46:47 AM [vite] (client) [console.warn] https://svelte.dev/e/derived_inert
12:46:47 AM [vite] (client) [console.warn] https://svelte.dev/e/derived_inert
12:46:47 AM [vite] (client) [console.warn] https://svelte.dev/e/derived_inert
12:46:47 AM [vite] (client) [console.warn] https://svelte.dev/e/derived_inert
12:46:47 AM [vite] (client) [console.warn] https://svelte.dev/e/derived_inert
12:46:47 AM [vite] (client) [console.warn] https://svelte.dev/e/derived_inert
12:46:47 AM [vite] (client) [console.warn] https://svelte.dev/e/derived_inert
12:46:47 AM [vite] (client) [console.warn] https://svelte.dev/e/derived_inert
12:46:47 AM [vite] (client) [console.warn] https://svelte.dev/e/derived_inert
12:46:47 AM [vite] (client) [console.warn] https://svelte.dev/e/derived_inert
12:46:47 AM [vite] (client) [console.warn] https://svelte.dev/e/derived_inert
12:46:47 AM [vite] (client) [console.warn] https://svelte.dev/e/derived_inert
12:46:47 AM [vite] (client) [console.warn] https://svelte.dev/e/derived_inert
12:46:47 AM [vite] (client) [console.warn] https://svelte.dev/e/derived_inert
12:46:47 AM [vite] (client) [console.warn] https://svelte.dev/e/derived_inert
12:46:47 AM [vite] (client) [console.warn] https://svelte.dev/e/derived_inert
12:46:47 AM [vite] (client) [console.warn] https://svelte.dev/e/derived_inert
12:46:47 AM [vite] (client) [console.warn] https://svelte.dev/e/derived_inert
12:46:47 AM [vite] (client) [console.warn] https://svelte.dev/e/derived_inert
12:46:47 AM [vite] (client) [console.warn] https://svelte.dev/e/derived_inert
12:46:47 AM [vite] (client) [console.warn] https://svelte.dev/e/derived_inert
12:46:47 AM [vite] (client) [console.warn] https://svelte.dev/e/derived_inert
12:46:47 AM [vite] (client) [console.warn] https://svelte.dev/e/derived_inert
12:46:47 AM [vite] (client) [console.warn] https://svelte.dev/e/derived_inert
12:46:47 AM [vite] (client) [console.warn] https://svelte.dev/e/derived_inert
12:46:47 AM [vite] (client) [console.warn] https://svelte.dev/e/derived_inert
12:46:47 AM [vite] (client) [console.warn] https://svelte.dev/e/derived_inert
12:46:47 AM [vite] (client) [console.warn] https://svelte.dev/e/derived_inert
12:46:47 AM [vite] (client) [console.warn] https://svelte.dev/e/derived_inert
12:46:47 AM [vite] (client) [console.warn] https://svelte.dev/e/derived_inert
12:46:47 AM [vite] (client) [console.warn] https://svelte.dev/e/derived_inert
12:46:47 AM [vite] (client) [console.warn] https://svelte.dev/e/derived_inert
12:46:47 AM [vite] (client) [console.warn] https://svelte.dev/e/derived_inert
12:46:47 AM [vite] (client) [console.warn] https://svelte.dev/e/derived_inert
12:46:47 AM [vite] (client) [console.warn] https://svelte.dev/e/derived_inert
12:46:47 AM [vite] (client) [console.warn] https://svelte.dev/e/derived_inert
12:46:47 AM [vite] (client) [console.warn] https://svelte.dev/e/derived_inert
12:46:47 AM [vite] (client) [console.warn] https://svelte.dev/e/derived_inert
12:46:47 AM [vite] (client) [console.warn] https://svelte.dev/e/derived_inert
12:46:47 AM [vite] (client) [console.warn] https://svelte.dev/e/derived_inert
12:46:47 AM [vite] (client) [console.warn] https://svelte.dev/e/derived_inert
12:46:47 AM [vite] (client) [console.warn] https://svelte.dev/e/derived_inert
12:46:47 AM [vite] (client) [console.warn] https://svelte.dev/e/derived_inert
12:46:47 AM [vite] (client) [console.warn] https://svelte.dev/e/derived_inert
12:46:47 AM [vite] (client) [console.warn] https://svelte.dev/e/derived_inert
12:46:47 AM [vite] (client) [console.warn] https://svelte.dev/e/derived_inert
12:46:47 AM [vite] (client) [console.warn] https://svelte.dev/e/derived_inert
12:46:47 AM [vite] (client) [console.warn] https://svelte.dev/e/derived_inert
12:46:47 AM [vite] (client) [console.warn] https://svelte.dev/e/derived_inert
12:46:47 AM [vite] (client) [console.warn] https://svelte.dev/e/derived_inert
12:46:47 AM [vite] (client) [console.warn] https://svelte.dev/e/derived_inert
12:46:47 AM [vite] (client) [console.warn] https://svelte.dev/e/derived_inert
12:46:47 AM [vite] (client) [console.warn] https://svelte.dev/e/derived_inert
12:46:47 AM [vite] (client) [console.warn] https://svelte.dev/e/derived_inert
12:46:47 AM [vite] (client) [console.warn] https://svelte.dev/e/derived_inert
12:46:47 AM [vite] (client) [console.warn] https://svelte.dev/e/derived_inert
12:46:47 AM [vite] (client) [console.warn] https://svelte.dev/e/derived_inert
12:46:47 AM [vite] (client) [console.warn] https://svelte.dev/e/derived_inert
12:46:47 AM [vite] (client) [console.warn] https://svelte.dev/e/derived_inert
12:47:02 AM [vite] (client) [console.warn] https://svelte.dev/e/derived_inert
12:47:03 AM [vite] (client) [console.warn] https://svelte.dev/e/derived_inert
12:47:03 AM [vite] (client) [console.warn] https://svelte.dev/e/derived_inert
12:47:03 AM [vite] (client) [console.warn] https://svelte.dev/e/derived_inert
12:47:03 AM [vite] (client) [console.warn] https://svelte.dev/e/derived_inert
12:47:03 AM [vite] (client) [console.warn] https://svelte.dev/e/derived_inert
12:47:03 AM [vite] (client) [console.warn] https://svelte.dev/e/derived_inert
12:47:03 AM [vite] (client) [console.warn] https://svelte.dev/e/derived_inert
12:47:03 AM [vite] (client) [console.warn] https://svelte.dev/e/derived_inert
12:47:03 AM [vite] (client) [console.warn] https://svelte.dev/e/derived_inert
12:47:03 AM [vite] (client) [console.warn] https://svelte.dev/e/derived_inert
12:47:03 AM [vite] (client) [console.warn] https://svelte.dev/e/derived_inert
12:47:03 AM [vite] (client) [console.warn] https://svelte.dev/e/derived_inert
12:47:03 AM [vite] (client) [console.warn] https://svelte.dev/e/derived_inert
12:47:03 AM [vite] (client) [console.warn] https://svelte.dev/e/derived_inert
12:47:03 AM [vite] (client) [console.warn] https://svelte.dev/e/derived_inert
12:47:03 AM [vite] (client) [console.warn] https://svelte.dev/e/derived_inert
12:47:03 AM [vite] (client) [console.warn] https://svelte.dev/e/derived_inert
12:47:03 AM [vite] (client) [console.warn] https://svelte.dev/e/derived_inert
12:47:03 AM [vite] (client) [console.warn] https://svelte.dev/e/derived_inert
12:47:03 AM [vite] (client) [console.warn] https://svelte.dev/e/derived_inert
12:47:03 AM [vite] (client) [console.warn] https://svelte.dev/e/derived_inert
12:47:03 AM [vite] (client) [console.warn] https://svelte.dev/e/derived_inert
12:47:03 AM [vite] (client) [console.warn] https://svelte.dev/e/derived_inert
12:47:03 AM [vite] (client) [console.warn] https://svelte.dev/e/derived_inert
12:47:03 AM [vite] (client) [console.warn] https://svelte.dev/e/derived_inert
12:47:03 AM [vite] (client) [console.warn] https://svelte.dev/e/derived_inert
12:47:03 AM [vite] (client) [console.warn] https://svelte.dev/e/derived_inert
12:47:03 AM [vite] (client) [console.warn] https://svelte.dev/e/derived_inert
12:47:03 AM [vite] (client) [console.warn] https://svelte.dev/e/derived_inert
12:47:03 AM [vite] (client) [console.warn] https://svelte.dev/e/derived_inert
12:47:03 AM [vite] (client) [console.warn] https://svelte.dev/e/derived_inert
12:47:03 AM [vite] (client) [console.warn] https://svelte.dev/e/derived_inert
12:47:05 AM [vite] (client) [console.warn] https://svelte.dev/e/derived_inert
12:47:05 AM [vite] (client) [console.warn] https://svelte.dev/e/derived_inert
12:47:05 AM [vite] (client) [console.warn] https://svelte.dev/e/derived_inert
12:47:05 AM [vite] (client) [console.warn] https://svelte.dev/e/derived_inert
12:47:05 AM [vite] (client) [console.warn] https://svelte.dev/e/derived_inert
12:47:05 AM [vite] (client) [console.warn] https://svelte.dev/e/derived_inert
12:47:05 AM [vite] (client) [console.warn] https://svelte.dev/e/derived_inert
12:47:05 AM [vite] (client) [console.warn] https://svelte.dev/e/derived_inert
12:47:05 AM [vite] (client) [console.warn] https://svelte.dev/e/derived_inert
12:47:05 AM [vite] (client) [console.warn] https://svelte.dev/e/derived_inert
12:47:05 AM [vite] (client) [console.warn] https://svelte.dev/e/derived_inert
12:47:05 AM [vite] (client) [console.warn] https://svelte.dev/e/derived_inert
12:47:05 AM [vite] (client) [console.warn] https://svelte.dev/e/derived_inert
12:47:05 AM [vite] (client) [console.warn] https://svelte.dev/e/derived_inert
12:47:05 AM [vite] (client) [console.warn] https://svelte.dev/e/derived_inert
12:47:05 AM [vite] (client) [console.warn] https://svelte.dev/e/derived_inert
12:47:05 AM [vite] (client) [console.warn] https://svelte.dev/e/derived_inert
12:47:05 AM [vite] (client) [console.warn] https://svelte.dev/e/derived_inert
12:47:05 AM [vite] (client) [console.warn] https://svelte.dev/e/derived_inert
12:47:05 AM [vite] (client) [console.warn] https://svelte.dev/e/derived_inert
12:47:05 AM [vite] (client) [console.warn] https://svelte.dev/e/derived_inert
12:47:05 AM [vite] (client) [console.warn] https://svelte.dev/e/derived_inert
12:47:05 AM [vite] (client) [console.warn] https://svelte.dev/e/derived_inert
12:47:05 AM [vite] (client) [console.warn] https://svelte.dev/e/derived_inert
12:47:05 AM [vite] (client) [console.warn] https://svelte.dev/e/derived_inert
12:47:05 AM [vite] (client) [console.warn] https://svelte.dev/e/derived_inert
12:47:05 AM [vite] (client) [console.warn] https://svelte.dev/e/derived_inert
12:47:05 AM [vite] (client) [console.warn] https://svelte.dev/e/derived_inert
12:47:05 AM [vite] (client) [console.warn] https://svelte.dev/e/derived_inert
12:47:05 AM [vite] (client) [console.warn] https://svelte.dev/e/derived_inert
12:47:05 AM [vite] (client) [console.warn] https://svelte.dev/e/derived_inert
12:47:05 AM [vite] (client) [console.warn] https://svelte.dev/e/derived_inert
12:47:05 AM [vite] (client) [console.warn] https://svelte.dev/e/derived_inert
12:47:05 AM [vite] (client) [console.warn] https://svelte.dev/e/derived_inert
12:47:05 AM [vite] (client) [console.warn] https://svelte.dev/e/derived_inert
12:47:05 AM [vite] (client) [console.warn] https://svelte.dev/e/derived_inert
12:47:05 AM [vite] (client) [console.warn] https://svelte.dev/e/derived_inert
12:47:05 AM [vite] (client) [console.warn] https://svelte.dev/e/derived_inert
12:47:05 AM [vite] (client) [console.warn] https://svelte.dev/e/derived_inert
12:47:05 AM [vite] (client) [console.warn] https://svelte.dev/e/derived_inert
12:47:05 AM [vite] (client) [console.warn] https://svelte.dev/e/derived_inert
12:47:05 AM [vite] (client) [console.warn] https://svelte.dev/e/derived_inert
12:47:05 AM [vite] (client) [console.warn] https://svelte.dev/e/derived_inert
12:47:05 AM [vite] (client) [console.warn] https://svelte.dev/e/derived_inert
12:47:05 AM [vite] (client) [console.warn] https://svelte.dev/e/derived_inert
12:47:05 AM [vite] (client) [console.warn] https://svelte.dev/e/derived_inert
12:47:05 AM [vite] (client) [console.warn] https://svelte.dev/e/derived_inert
12:47:05 AM [vite] (client) [console.warn] https://svelte.dev/e/derived_inert
12:47:05 AM [vite] (client) [console.warn] https://svelte.dev/e/derived_inert
12:47:05 AM [vite] (client) [console.warn] https://svelte.dev/e/derived_inert
12:47:05 AM [vite] (client) [console.warn] https://svelte.dev/e/derived_inert
12:47:05 AM [vite] (client) [console.warn] https://svelte.dev/e/derived_inert
12:47:05 AM [vite] (client) [console.warn] https://svelte.dev/e/derived_inert
12:47:05 AM [vite] (client) [console.warn] https://svelte.dev/e/derived_inert
12:47:05 AM [vite] (client) [console.warn] https://svelte.dev/e/derived_inert
12:47:05 AM [vite] (client) [console.warn] https://svelte.dev/e/derived_inert
12:47:05 AM [vite] (client) [console.warn] https://svelte.dev/e/derived_inert
12:47:05 AM [vite] (client) [console.warn] https://svelte.dev/e/derived_inert
12:47:05 AM [vite] (client) [console.warn] https://svelte.dev/e/derived_inert
12:47:05 AM [vite] (client) [console.warn] https://svelte.dev/e/derived_inert
12:47:05 AM [vite] (client) [console.warn] https://svelte.dev/e/derived_inert
12:47:05 AM [vite] (client) [console.warn] https://svelte.dev/e/derived_inert
12:47:05 AM [vite] (client) [console.warn] https://svelte.dev/e/derived_inert
12:47:05 AM [vite] (client) [console.warn] https://svelte.dev/e/derived_inert
12:47:05 AM [vite] (client) [console.warn] https://svelte.dev/e/derived_inert
12:47:05 AM [vite] (client) [console.warn] https://svelte.dev/e/derived_inert
12:47:05 AM [vite] (client) [console.warn] https://svelte.dev/e/derived_inert
12:47:05 AM [vite] (client) [console.warn] https://svelte.dev/e/derived_inert
12:47:05 AM [vite] (client) [console.warn] https://svelte.dev/e/derived_inert
12:47:05 AM [vite] (client) [console.warn] https://svelte.dev/e/derived_inert
12:47:05 AM [vite] (client) [console.warn] https://svelte.dev/e/derived_inert
12:47:05 AM [vite] (client) [console.warn] https://svelte.dev/e/derived_inert
12:47:05 AM [vite] (client) [console.warn] https://svelte.dev/e/derived_inert
12:47:05 AM [vite] (client) [console.warn] https://svelte.dev/e/derived_inert
12:47:05 AM [vite] (client) [console.warn] https://svelte.dev/e/derived_inert
12:47:05 AM [vite] (client) [console.warn] https://svelte.dev/e/derived_inert
12:47:05 AM [vite] (client) [console.warn] https://svelte.dev/e/derived_inert
12:47:05 AM [vite] (client) [console.warn] https://svelte.dev/e/derived_inert
12:47:05 AM [vite] (client) [console.warn] https://svelte.dev/e/derived_inert
12:47:05 AM [vite] (client) [console.warn] https://svelte.dev/e/derived_inert
12:47:05 AM [vite] (client) [console.warn] https://svelte.dev/e/derived_inert
12:47:05 AM [vite] (client) [console.warn] https://svelte.dev/e/derived_inert
12:47:05 AM [vite] (client) [console.warn] https://svelte.dev/e/derived_inert
12:47:05 AM [vite] (client) [console.warn] https://svelte.dev/e/derived_inert
12:47:05 AM [vite] (client) [console.warn] https://svelte.dev/e/derived_inert
12:47:05 AM [vite] (client) [console.warn] https://svelte.dev/e/derived_inert
12:47:05 AM [vite] (client) [console.warn] https://svelte.dev/e/derived_inert
12:47:05 AM [vite] (client) [console.warn] https://svelte.dev/e/derived_inert
12:47:05 AM [vite] (client) [console.warn] https://svelte.dev/e/derived_inert
12:47:05 AM [vite] (client) [console.warn] https://svelte.dev/e/derived_inert
12:47:05 AM [vite] (client) [console.warn] https://svelte.dev/e/derived_inert
12:47:05 AM [vite] (client) [console.warn] https://svelte.dev/e/derived_inert
12:47:05 AM [vite] (client) [console.warn] https://svelte.dev/e/derived_inert
12:47:05 AM [vite] (client) [console.warn] https://svelte.dev/e/derived_inert
12:47:05 AM [vite] (client) [console.warn] https://svelte.dev/e/derived_inert
12:47:05 AM [vite] (client) [console.warn] https://svelte.dev/e/derived_inert
12:47:05 AM [vite] (client) [console.warn] https://svelte.dev/e/derived_inert
12:47:05 AM [vite] (client) [console.warn] https://svelte.dev/e/derived_inert
12:47:05 AM [vite] (client) [console.warn] https://svelte.dev/e/derived_inert
12:47:05 AM [vite] (client) [console.warn] https://svelte.dev/e/derived_inert
12:47:05 AM [vite] (client) [console.warn] https://svelte.dev/e/derived_inert
12:47:05 AM [vite] (client) [console.warn] https://svelte.dev/e/derived_inert
12:47:05 AM [vite] (client) [console.warn] https://svelte.dev/e/derived_inert
12:47:05 AM [vite] (client) [console.warn] https://svelte.dev/e/derived_inert
12:47:05 AM [vite] (client) [console.warn] https://svelte.dev/e/derived_inert
12:47:05 AM [vite] (client) [console.warn] https://svelte.dev/e/derived_inert
12:47:05 AM [vite] (client) [console.warn] https://svelte.dev/e/derived_inert
12:47:05 AM [vite] (client) [console.warn] https://svelte.dev/e/derived_inert
12:47:05 AM [vite] (client) [console.warn] https://svelte.dev/e/derived_inert
12:47:05 AM [vite] (client) [console.warn] https://svelte.dev/e/derived_inert
12:47:05 AM [vite] (client) [console.warn] https://svelte.dev/e/derived_inert
12:47:05 AM [vite] (client) [console.warn] https://svelte.dev/e/derived_inert
12:47:05 AM [vite] (client) [console.warn] https://svelte.dev/e/derived_inert
12:47:05 AM [vite] (client) [console.warn] https://svelte.dev/e/derived_inert
12:47:05 AM [vite] (client) [console.warn] https://svelte.dev/e/derived_inert
12:47:05 AM [vite] (client) [console.warn] https://svelte.dev/e/derived_inert
12:47:05 AM [vite] (client) [console.warn] https://svelte.dev/e/derived_inert
12:47:05 AM [vite] (client) [console.warn] https://svelte.dev/e/derived_inert
12:47:05 AM [vite] (client) [console.warn] https://svelte.dev/e/derived_inert
12:47:05 AM [vite] (client) [console.warn] https://svelte.dev/e/derived_inert
12:47:05 AM [vite] (client) [console.warn] https://svelte.dev/e/derived_inert
12:47:05 AM [vite] (client) [console.warn] https://svelte.dev/e/derived_inert
12:47:05 AM [vite] (client) [console.warn] https://svelte.dev/e/derived_inert
12:47:05 AM [vite] (client) [console.warn] https://svelte.dev/e/derived_inert
12:47:05 AM [vite] (client) [console.warn] https://svelte.dev/e/derived_inert
12:47:05 AM [vite] (client) [console.warn] https://svelte.dev/e/derived_inert
12:47:05 AM [vite] (client) [console.warn] https://svelte.dev/e/derived_inert
12:47:05 AM [vite] (client) [console.warn] https://svelte.dev/e/derived_inert
12:47:05 AM [vite] (client) [console.warn] https://svelte.dev/e/derived_inert
12:47:05 AM [vite] (client) [console.warn] https://svelte.dev/e/derived_inert
12:47:05 AM [vite] (client) [console.warn] https://svelte.dev/e/derived_inert
12:47:05 AM [vite] (client) [console.warn] https://svelte.dev/e/derived_inert
12:47:05 AM [vite] (client) [console.warn] https://svelte.dev/e/derived_inert
12:47:05 AM [vite] (client) [console.warn] https://svelte.dev/e/derived_inert
12:47:05 AM [vite] (client) [console.warn] https://svelte.dev/e/derived_inert
12:47:05 AM [vite] (client) [console.warn] https://svelte.dev/e/derived_inert
12:47:05 AM [vite] (client) [console.warn] https://svelte.dev/e/derived_inert
12:47:05 AM [vite] (client) [console.warn] https://svelte.dev/e/derived_inert
12:47:05 AM [vite] (client) [console.warn] https://svelte.dev/e/derived_inert
12:47:05 AM [vite] (client) [console.warn] https://svelte.dev/e/derived_inert
12:47:05 AM [vite] (client) [console.warn] https://svelte.dev/e/derived_inert
12:47:05 AM [vite] (client) [console.warn] https://svelte.dev/e/derived_inert
12:47:05 AM [vite] (client) [console.warn] https://svelte.dev/e/derived_inert
12:47:05 AM [vite] (client) [console.warn] https://svelte.dev/e/derived_inert
12:47:05 AM [vite] (client) [console.warn] https://svelte.dev/e/derived_inert
12:47:05 AM [vite] (client) [console.warn] https://svelte.dev/e/derived_inert
12:47:05 AM [vite] (client) [console.warn] https://svelte.dev/e/derived_inert
12:47:05 AM [vite] (client) [console.warn] https://svelte.dev/e/derived_inert
12:47:05 AM [vite] (client) [console.warn] https://svelte.dev/e/derived_inert
12:47:05 AM [vite] (client) [console.warn] https://svelte.dev/e/derived_inert
12:47:05 AM [vite] (client) [console.warn] https://svelte.dev/e/derived_inert
12:47:05 AM [vite] (client) [console.warn] https://svelte.dev/e/derived_inert
12:47:05 AM [vite] (client) [console.warn] https://svelte.dev/e/derived_inert
12:47:05 AM [vite] (client) [console.warn] https://svelte.dev/e/derived_inert
12:47:05 AM [vite] (client) [console.warn] https://svelte.dev/e/derived_inert
12:47:05 AM [vite] (client) [console.warn] https://svelte.dev/e/derived_inert
12:47:05 AM [vite] (client) [console.warn] https://svelte.dev/e/derived_inert
12:47:05 AM [vite] (client) [console.warn] https://svelte.dev/e/derived_inert
12:47:05 AM [vite] (client) [console.warn] https://svelte.dev/e/derived_inert
12:47:05 AM [vite] (client) [console.warn] https://svelte.dev/e/derived_inert
12:47:05 AM [vite] (client) [console.warn] https://svelte.dev/e/derived_inert
12:47:05 AM [vite] (client) [console.warn] https://svelte.dev/e/derived_inert
12:47:05 AM [vite] (client) [console.warn] https://svelte.dev/e/derived_inert
12:47:05 AM [vite] (client) [console.warn] https://svelte.dev/e/derived_inert
12:47:05 AM [vite] (client) [console.warn] https://svelte.dev/e/derived_inert
12:47:05 AM [vite] (client) [console.warn] https://svelte.dev/e/derived_inert
12:47:05 AM [vite] (client) [console.warn] https://svelte.dev/e/derived_inert
12:47:05 AM [vite] (client) [console.warn] https://svelte.dev/e/derived_inert
12:47:05 AM [vite] (client) [console.warn] https://svelte.dev/e/derived_inert
12:47:05 AM [vite] (client) [console.warn] https://svelte.dev/e/derived_inert
12:47:05 AM [vite] (client) [console.warn] https://svelte.dev/e/derived_inert
12:47:05 AM [vite] (client) [console.warn] https://svelte.dev/e/derived_inert
12:47:05 AM [vite] (client) [console.warn] https://svelte.dev/e/derived_inert
12:47:05 AM [vite] (client) [console.warn] https://svelte.dev/e/derived_inert
12:47:05 AM [vite] (client) [console.warn] https://svelte.dev/e/derived_inert
12:47:05 AM [vite] (client) [console.warn] https://svelte.dev/e/derived_inert
12:47:05 AM [vite] (client) [console.warn] https://svelte.dev/e/derived_inert
12:47:05 AM [vite] (client) [console.warn] https://svelte.dev/e/derived_inert
12:47:05 AM [vite] (client) [console.warn] https://svelte.dev/e/derived_inert
12:47:05 AM [vite] (client) [console.warn] https://svelte.dev/e/derived_inert
12:47:05 AM [vite] (client) [console.warn] https://svelte.dev/e/derived_inert
12:47:05 AM [vite] (client) [console.warn] https://svelte.dev/e/derived_inert
12:47:05 AM [vite] (client) [console.warn] https://svelte.dev/e/derived_inert
12:47:05 AM [vite] (client) [console.warn] https://svelte.dev/e/derived_inert
12:47:05 AM [vite] (client) [console.warn] https://svelte.dev/e/derived_inert
12:47:05 AM [vite] (client) [console.warn] https://svelte.dev/e/derived_inert
12:47:05 AM [vite] (client) [console.warn] https://svelte.dev/e/derived_inert
12:47:05 AM [vite] (client) [console.warn] https://svelte.dev/e/derived_inert
12:47:05 AM [vite] (client) [console.warn] https://svelte.dev/e/derived_inert
12:47:05 AM [vite] (client) [console.warn] https://svelte.dev/e/derived_inert
12:47:05 AM [vite] (client) [console.warn] https://svelte.dev/e/derived_inert
12:47:05 AM [vite] (client) [console.warn] https://svelte.dev/e/derived_inert
12:47:05 AM [vite] (client) [console.warn] https://svelte.dev/e/derived_inert
12:47:05 AM [vite] (client) [console.warn] https://svelte.dev/e/derived_inert
12:47:05 AM [vite] (client) [console.warn] https://svelte.dev/e/derived_inert
12:47:05 AM [vite] (client) [console.warn] https://svelte.dev/e/derived_inert
12:47:05 AM [vite] (client) [console.warn] https://svelte.dev/e/derived_inert
12:47:05 AM [vite] (client) [console.warn] https://svelte.dev/e/derived_inert
12:47:05 AM [vite] (client) [console.warn] https://svelte.dev/e/derived_inert
12:47:05 AM [vite] (client) [console.warn] https://svelte.dev/e/derived_inert
12:47:05 AM [vite] (client) [console.warn] https://svelte.dev/e/derived_inert
12:47:05 AM [vite] (client) [console.warn] https://svelte.dev/e/derived_inert
12:47:05 AM [vite] (client) [console.warn] https://svelte.dev/e/derived_inert
12:47:05 AM [vite] (client) [console.warn] https://svelte.dev/e/derived_inert
12:47:05 AM [vite] (client) [console.warn] https://svelte.dev/e/derived_inert
12:47:05 AM [vite] (client) [console.warn] https://svelte.dev/e/derived_inert
12:47:05 AM [vite] (client) [console.warn] https://svelte.dev/e/derived_inert
12:47:05 AM [vite] (client) [console.warn] https://svelte.dev/e/derived_inert
12:47:05 AM [vite] (client) [console.warn] https://svelte.dev/e/derived_inert
12:47:05 AM [vite] (client) [console.warn] https://svelte.dev/e/derived_inert
12:47:05 AM [vite] (client) [console.warn] https://svelte.dev/e/derived_inert
12:47:05 AM [vite] (client) [console.warn] https://svelte.dev/e/derived_inert
12:47:05 AM [vite] (client) [console.warn] https://svelte.dev/e/derived_inert
12:47:05 AM [vite] (client) [console.warn] https://svelte.dev/e/derived_inert
12:47:05 AM [vite] (client) [console.warn] https://svelte.dev/e/derived_inert
12:47:05 AM [vite] (client) [console.warn] https://svelte.dev/e/derived_inert
12:47:05 AM [vite] (client) [console.warn] https://svelte.dev/e/derived_inert
12:47:05 AM [vite] (client) [console.warn] https://svelte.dev/e/derived_inert
12:47:05 AM [vite] (client) [console.warn] https://svelte.dev/e/derived_inert
12:47:05 AM [vite] (client) [console.warn] https://svelte.dev/e/derived_inert
12:47:05 AM [vite] (client) [console.warn] https://svelte.dev/e/derived_inert
12:47:05 AM [vite] (client) [console.warn] https://svelte.dev/e/derived_inert
12:47:05 AM [vite] (client) [console.warn] https://svelte.dev/e/derived_inert
12:47:05 AM [vite] (client) [console.warn] https://svelte.dev/e/derived_inert
12:47:05 AM [vite] (client) [console.warn] https://svelte.dev/e/derived_inert
12:47:05 AM [vite] (client) [console.warn] https://svelte.dev/e/derived_inert
12:47:06 AM [vite] (client) [console.warn] https://svelte.dev/e/derived_inert
12:47:06 AM [vite] (client) [console.warn] https://svelte.dev/e/derived_inert
12:47:06 AM [vite] (client) [console.warn] https://svelte.dev/e/derived_inert
12:47:06 AM [vite] (client) [console.warn] https://svelte.dev/e/derived_inert
12:47:06 AM [vite] (client) [console.warn] https://svelte.dev/e/derived_inert
12:47:06 AM [vite] (client) [console.warn] https://svelte.dev/e/derived_inert
12:47:06 AM [vite] (client) [console.warn] https://svelte.dev/e/derived_inert
12:47:06 AM [vite] (client) [console.warn] https://svelte.dev/e/derived_inert
12:47:06 AM [vite] (client) [console.warn] https://svelte.dev/e/derived_inert
12:47:06 AM [vite] (client) [console.warn] https://svelte.dev/e/derived_inert
12:47:06 AM [vite] (client) [console.warn] https://svelte.dev/e/derived_inert
12:47:06 AM [vite] (client) [console.warn] https://svelte.dev/e/derived_inert
12:47:06 AM [vite] (client) [console.warn] https://svelte.dev/e/derived_inert
12:47:06 AM [vite] (client) [console.warn] https://svelte.dev/e/derived_inert
12:47:06 AM [vite] (client) [console.warn] https://svelte.dev/e/derived_inert
12:47:06 AM [vite] (client) [console.warn] https://svelte.dev/e/derived_inert
12:47:06 AM [vite] (client) [console.warn] https://svelte.dev/e/derived_inert
12:47:06 AM [vite] (client) [console.warn] https://svelte.dev/e/derived_inert
12:47:06 AM [vite] (client) [console.warn] https://svelte.dev/e/derived_inert
12:47:06 AM [vite] (client) [console.warn] https://svelte.dev/e/derived_inert
12:47:06 AM [vite] (client) [console.warn] https://svelte.dev/e/derived_inert
12:47:06 AM [vite] (client) [console.warn] https://svelte.dev/e/derived_inert
12:47:06 AM [vite] (client) [console.warn] https://svelte.dev/e/derived_inert
12:47:06 AM [vite] (client) [console.warn] https://svelte.dev/e/derived_inert
12:47:06 AM [vite] (client) [console.warn] https://svelte.dev/e/derived_inert
12:47:06 AM [vite] (client) [console.warn] https://svelte.dev/e/derived_inert
12:47:06 AM [vite] (client) [console.warn] https://svelte.dev/e/derived_inert
12:47:06 AM [vite] (client) [console.warn] https://svelte.dev/e/derived_inert
12:47:06 AM [vite] (client) [console.warn] https://svelte.dev/e/derived_inert
12:47:06 AM [vite] (client) [console.warn] https://svelte.dev/e/derived_inert
12:47:06 AM [vite] (client) [console.warn] https://svelte.dev/e/derived_inert
12:47:06 AM [vite] (client) [console.warn] https://svelte.dev/e/derived_inert
12:47:06 AM [vite] (client) [console.warn] https://svelte.dev/e/derived_inert
12:47:07 AM [vite] (client) [console.error] Failed to send message Error: Try again
    at http://localhost:63315/Users/johnnynguyen/Documents/Repos/Banhall-bmad-learn-chat/.bmad-loop/runs/20260904-133944-0158/worktrees/6/src/lib/components/chat/RegenerateQueryState.component.test.ts?import&browserv=1788594427229:65:43
    at async http://localhost:63315/node_modules/@vitest/runner/dist/chunk-artifact.js?v=529185d0:1903:20
12:47:07 AM [vite] (client) [console.error] Failed to send message Error: Try again
    at http://localhost:63315/Users/johnnynguyen/Documents/Repos/Banhall-bmad-learn-chat/.bmad-loop/runs/20260904-133944-0158/worktrees/6/src/lib/components/chat/RegenerateQueryState.component.test.ts?import&browserv=1788594427229:65:43
    at async http://localhost:63315/node_modules/@vitest/runner/dist/chunk-artifact.js?v=529185d0:1903:20
12:47:21 AM [vite] (client) [console.warn] https://svelte.dev/e/derived_inert
12:47:23 AM [vite] (client) [console.warn] https://svelte.dev/e/derived_inert

 Test Files  58 passed (58)
      Tests  396 passed (396)
   Start at  00:45:33
   Duration  114.38s (transform 0ms, setup 2.22s, import 67.59s, tests 34.19s, environment 0ms)
