
> banhall-app@0.1.0 test:component
> vitest run --config vitest.component.config.ts

12:39:25 AM [vite-plugin-svelte] no Svelte config found at /Users/johnnynguyen/Documents/Repos/Banhall-bmad-learn-chat/.bmad-loop/runs/20260904-133944-0158/worktrees/6 - using default configuration.

 RUN  v4.1.10 /Users/johnnynguyen/Documents/Repos/Banhall-bmad-learn-chat/.bmad-loop/runs/20260904-133944-0158/worktrees/6

12:39:25 AM [vite-plugin-svelte] no Svelte config found at /Users/johnnynguyen/Documents/Repos/Banhall-bmad-learn-chat/.bmad-loop/runs/20260904-133944-0158/worktrees/6 - using default configuration.
12:39:49 AM [vite] (client) [console.warn] https://svelte.dev/e/derived_inert
12:39:49 AM [vite] (client) [console.warn] https://svelte.dev/e/derived_inert
12:39:49 AM [vite] (client) [console.warn] https://svelte.dev/e/derived_inert
12:39:49 AM [vite] (client) [console.warn] https://svelte.dev/e/derived_inert
12:39:49 AM [vite] (client) [console.warn] https://svelte.dev/e/derived_inert
12:39:49 AM [vite] (client) [console.warn] https://svelte.dev/e/derived_inert
12:39:49 AM [vite] (client) [console.warn] https://svelte.dev/e/derived_inert
12:39:49 AM [vite] (client) [console.warn] https://svelte.dev/e/derived_inert
12:39:49 AM [vite] (client) [console.warn] https://svelte.dev/e/derived_inert
12:39:49 AM [vite] (client) [console.warn] https://svelte.dev/e/derived_inert
12:39:49 AM [vite] (client) [console.warn] https://svelte.dev/e/derived_inert
12:39:49 AM [vite] (client) [console.warn] https://svelte.dev/e/derived_inert
12:39:49 AM [vite] (client) [console.warn] https://svelte.dev/e/derived_inert
12:39:49 AM [vite] (client) [console.warn] https://svelte.dev/e/derived_inert
12:39:49 AM [vite] (client) [console.warn] https://svelte.dev/e/derived_inert
12:39:49 AM [vite] (client) [console.warn] https://svelte.dev/e/derived_inert
12:39:49 AM [vite] (client) [console.warn] https://svelte.dev/e/derived_inert
12:39:49 AM [vite] (client) [console.warn] https://svelte.dev/e/derived_inert
12:39:49 AM [vite] (client) [console.warn] https://svelte.dev/e/derived_inert
12:39:49 AM [vite] (client) [console.warn] https://svelte.dev/e/derived_inert
12:39:49 AM [vite] (client) [console.warn] https://svelte.dev/e/derived_inert
12:39:49 AM [vite] (client) [console.warn] https://svelte.dev/e/derived_inert
12:39:49 AM [vite] (client) [console.warn] https://svelte.dev/e/derived_inert
12:39:49 AM [vite] (client) [console.warn] https://svelte.dev/e/derived_inert
12:39:49 AM [vite] (client) [console.warn] https://svelte.dev/e/derived_inert
12:39:49 AM [vite] (client) [console.warn] https://svelte.dev/e/derived_inert
12:39:49 AM [vite] (client) [console.warn] https://svelte.dev/e/derived_inert
12:39:49 AM [vite] (client) [console.warn] https://svelte.dev/e/derived_inert
12:39:49 AM [vite] (client) [console.warn] https://svelte.dev/e/derived_inert
12:39:50 AM [vite] (client) [console.warn] https://svelte.dev/e/derived_inert
12:39:50 AM [vite] (client) [console.warn] https://svelte.dev/e/derived_inert
12:39:50 AM [vite] (client) [console.warn] https://svelte.dev/e/derived_inert
12:39:50 AM [vite] (client) [console.warn] https://svelte.dev/e/derived_inert
12:39:50 AM [vite] (client) [console.warn] https://svelte.dev/e/derived_inert
12:39:50 AM [vite] (client) [console.warn] https://svelte.dev/e/derived_inert
12:39:50 AM [vite] (client) [console.warn] https://svelte.dev/e/derived_inert
12:39:50 AM [vite] (client) [console.warn] https://svelte.dev/e/derived_inert
12:39:50 AM [vite] (client) [console.warn] https://svelte.dev/e/derived_inert
12:39:50 AM [vite] (client) [console.warn] https://svelte.dev/e/derived_inert
12:39:50 AM [vite] (client) [console.warn] https://svelte.dev/e/derived_inert
12:39:50 AM [vite] (client) [console.warn] https://svelte.dev/e/derived_inert
12:39:50 AM [vite] (client) [console.warn] https://svelte.dev/e/derived_inert
12:39:50 AM [vite] (client) [console.warn] https://svelte.dev/e/derived_inert
12:39:50 AM [vite] (client) [console.warn] https://svelte.dev/e/derived_inert
12:39:50 AM [vite] (client) [console.warn] https://svelte.dev/e/derived_inert
12:39:50 AM [vite] (client) [console.warn] https://svelte.dev/e/derived_inert
12:39:50 AM [vite] (client) [console.warn] https://svelte.dev/e/derived_inert
12:39:50 AM [vite] (client) [console.warn] https://svelte.dev/e/derived_inert
12:39:50 AM [vite] (client) [console.warn] https://svelte.dev/e/derived_inert
12:39:50 AM [vite] (client) [console.warn] https://svelte.dev/e/derived_inert
12:39:50 AM [vite] (client) [console.warn] https://svelte.dev/e/derived_inert
12:39:50 AM [vite] (client) [console.warn] https://svelte.dev/e/derived_inert
12:39:50 AM [vite] (client) [console.warn] https://svelte.dev/e/derived_inert
12:39:50 AM [vite] (client) [console.warn] https://svelte.dev/e/derived_inert
12:39:50 AM [vite] (client) [console.warn] https://svelte.dev/e/derived_inert
12:39:50 AM [vite] (client) [console.warn] https://svelte.dev/e/derived_inert
12:39:50 AM [vite] (client) [console.warn] https://svelte.dev/e/derived_inert
12:39:51 AM [vite] (client) [console.warn] https://svelte.dev/e/derived_inert
12:39:51 AM [vite] (client) [console.warn] https://svelte.dev/e/derived_inert
12:39:51 AM [vite] (client) [console.warn] https://svelte.dev/e/derived_inert
12:39:51 AM [vite] (client) [console.warn] https://svelte.dev/e/derived_inert
12:39:51 AM [vite] (client) [console.warn] https://svelte.dev/e/derived_inert
12:39:51 AM [vite] (client) [console.warn] https://svelte.dev/e/derived_inert
12:39:51 AM [vite] (client) [console.warn] https://svelte.dev/e/derived_inert
12:39:51 AM [vite] (client) [console.warn] https://svelte.dev/e/derived_inert
12:39:51 AM [vite] (client) [console.warn] https://svelte.dev/e/derived_inert
12:39:51 AM [vite] (client) [console.warn] https://svelte.dev/e/derived_inert
12:39:51 AM [vite] (client) [console.warn] https://svelte.dev/e/derived_inert
12:39:51 AM [vite] (client) [console.warn] https://svelte.dev/e/derived_inert
12:39:51 AM [vite] (client) [console.warn] https://svelte.dev/e/derived_inert
12:39:51 AM [vite] (client) [console.warn] https://svelte.dev/e/derived_inert
12:39:51 AM [vite] (client) [console.warn] https://svelte.dev/e/derived_inert
12:39:51 AM [vite] (client) [console.warn] https://svelte.dev/e/derived_inert
12:39:51 AM [vite] (client) [console.warn] https://svelte.dev/e/derived_inert
12:39:51 AM [vite] (client) [console.warn] https://svelte.dev/e/derived_inert
12:39:51 AM [vite] (client) [console.warn] https://svelte.dev/e/derived_inert
12:39:51 AM [vite] (client) [console.warn] https://svelte.dev/e/derived_inert
12:39:51 AM [vite] (client) [console.warn] https://svelte.dev/e/derived_inert
12:39:51 AM [vite] (client) [console.warn] https://svelte.dev/e/derived_inert
12:39:51 AM [vite] (client) [console.warn] https://svelte.dev/e/derived_inert
12:39:51 AM [vite] (client) [console.warn] https://svelte.dev/e/derived_inert
12:39:51 AM [vite] (client) [console.warn] https://svelte.dev/e/derived_inert
12:39:51 AM [vite] (client) [console.warn] https://svelte.dev/e/derived_inert
12:39:51 AM [vite] (client) [console.warn] https://svelte.dev/e/derived_inert
12:39:51 AM [vite] (client) [console.warn] https://svelte.dev/e/derived_inert
12:39:51 AM [vite] (client) [console.warn] https://svelte.dev/e/derived_inert
12:39:51 AM [vite] (client) [console.warn] https://svelte.dev/e/derived_inert
12:39:51 AM [vite] (client) [console.warn] https://svelte.dev/e/derived_inert
12:39:51 AM [vite] (client) [console.warn] https://svelte.dev/e/derived_inert
12:39:51 AM [vite] (client) [console.warn] https://svelte.dev/e/derived_inert
12:39:51 AM [vite] (client) [console.warn] https://svelte.dev/e/derived_inert
12:39:51 AM [vite] (client) [console.warn] https://svelte.dev/e/derived_inert
12:39:51 AM [vite] (client) [console.warn] https://svelte.dev/e/derived_inert
12:39:51 AM [vite] (client) [console.warn] https://svelte.dev/e/derived_inert
12:39:51 AM [vite] (client) [console.warn] https://svelte.dev/e/derived_inert
12:39:51 AM [vite] (client) [console.warn] https://svelte.dev/e/derived_inert
12:39:51 AM [vite] (client) [console.warn] https://svelte.dev/e/derived_inert
12:39:52 AM [vite] (client) [console.warn] https://svelte.dev/e/derived_inert
12:39:52 AM [vite] (client) [console.warn] https://svelte.dev/e/derived_inert
12:39:52 AM [vite] (client) [console.warn] https://svelte.dev/e/derived_inert
12:39:52 AM [vite] (client) [console.warn] https://svelte.dev/e/derived_inert
12:39:52 AM [vite] (client) [console.warn] https://svelte.dev/e/derived_inert
12:39:52 AM [vite] (client) [console.warn] https://svelte.dev/e/derived_inert
12:39:52 AM [vite] (client) [console.warn] https://svelte.dev/e/derived_inert
12:39:52 AM [vite] (client) [console.warn] https://svelte.dev/e/derived_inert
12:39:52 AM [vite] (client) [console.warn] https://svelte.dev/e/derived_inert
12:39:52 AM [vite] (client) [console.warn] https://svelte.dev/e/derived_inert
12:39:52 AM [vite] (client) [console.warn] https://svelte.dev/e/derived_inert
12:39:52 AM [vite] (client) [console.warn] https://svelte.dev/e/derived_inert
12:39:52 AM [vite] (client) [console.warn] https://svelte.dev/e/derived_inert
12:39:52 AM [vite] (client) [console.warn] https://svelte.dev/e/derived_inert
12:39:52 AM [vite] (client) [console.warn] https://svelte.dev/e/derived_inert
12:39:52 AM [vite] (client) [console.warn] https://svelte.dev/e/derived_inert
12:39:52 AM [vite] (client) [console.warn] https://svelte.dev/e/derived_inert
12:39:52 AM [vite] (client) [console.warn] https://svelte.dev/e/derived_inert
12:39:52 AM [vite] (client) [console.warn] https://svelte.dev/e/derived_inert
12:39:52 AM [vite] (client) [console.warn] https://svelte.dev/e/derived_inert
12:39:52 AM [vite] (client) [console.warn] https://svelte.dev/e/derived_inert
12:39:52 AM [vite] (client) [console.warn] https://svelte.dev/e/derived_inert
12:39:52 AM [vite] (client) [console.warn] https://svelte.dev/e/derived_inert
12:39:52 AM [vite] (client) [console.warn] https://svelte.dev/e/derived_inert
12:39:52 AM [vite] (client) [console.warn] https://svelte.dev/e/derived_inert
12:39:53 AM [vite] (client) [console.warn] https://svelte.dev/e/derived_inert
12:39:53 AM [vite] (client) [console.warn] https://svelte.dev/e/derived_inert
12:39:53 AM [vite] (client) [console.warn] https://svelte.dev/e/derived_inert
12:39:53 AM [vite] (client) [console.warn] https://svelte.dev/e/derived_inert
12:39:53 AM [vite] (client) [console.warn] https://svelte.dev/e/derived_inert
12:39:53 AM [vite] (client) [console.warn] https://svelte.dev/e/derived_inert
12:39:53 AM [vite] (client) [console.warn] https://svelte.dev/e/derived_inert
12:39:53 AM [vite] (client) [console.warn] https://svelte.dev/e/derived_inert
12:39:53 AM [vite] (client) [console.warn] https://svelte.dev/e/derived_inert
12:39:53 AM [vite] (client) [console.warn] https://svelte.dev/e/derived_inert
12:39:53 AM [vite] (client) [console.warn] https://svelte.dev/e/derived_inert
12:39:53 AM [vite] (client) [console.warn] https://svelte.dev/e/derived_inert
12:39:54 AM [vite] (client) [console.warn] https://svelte.dev/e/derived_inert
12:39:54 AM [vite] (client) [console.warn] https://svelte.dev/e/derived_inert
12:39:54 AM [vite] (client) [console.warn] https://svelte.dev/e/derived_inert
12:39:54 AM [vite] (client) [console.warn] https://svelte.dev/e/derived_inert
12:39:54 AM [vite] (client) [console.warn] https://svelte.dev/e/derived_inert
12:39:54 AM [vite] (client) [console.warn] https://svelte.dev/e/derived_inert
12:39:54 AM [vite] (client) [console.warn] https://svelte.dev/e/derived_inert
12:39:54 AM [vite] (client) [console.warn] https://svelte.dev/e/derived_inert
12:39:54 AM [vite] (client) [console.warn] https://svelte.dev/e/derived_inert
12:39:54 AM [vite] (client) [console.warn] https://svelte.dev/e/derived_inert
12:39:54 AM [vite] (client) [console.warn] https://svelte.dev/e/derived_inert
12:39:54 AM [vite] (client) [console.warn] https://svelte.dev/e/derived_inert
12:39:54 AM [vite] (client) [console.warn] https://svelte.dev/e/derived_inert
12:39:54 AM [vite] (client) [console.warn] https://svelte.dev/e/derived_inert
12:39:54 AM [vite] (client) [console.warn] https://svelte.dev/e/derived_inert
12:39:54 AM [vite] (client) [console.warn] https://svelte.dev/e/derived_inert
12:39:54 AM [vite] (client) [console.warn] https://svelte.dev/e/derived_inert
12:39:54 AM [vite] (client) [console.warn] https://svelte.dev/e/derived_inert
12:39:54 AM [vite] (client) [console.warn] https://svelte.dev/e/derived_inert
12:39:54 AM [vite] (client) [console.warn] https://svelte.dev/e/derived_inert
12:39:54 AM [vite] (client) [console.warn] https://svelte.dev/e/derived_inert
12:39:55 AM [vite] (client) [console.warn] https://svelte.dev/e/derived_inert
12:39:55 AM [vite] (client) [console.warn] https://svelte.dev/e/derived_inert
12:39:55 AM [vite] (client) [console.warn] https://svelte.dev/e/derived_inert
12:39:55 AM [vite] (client) [console.warn] https://svelte.dev/e/derived_inert
12:39:55 AM [vite] (client) [console.warn] https://svelte.dev/e/derived_inert
12:39:55 AM [vite] (client) [console.warn] https://svelte.dev/e/derived_inert
12:39:55 AM [vite] (client) [console.warn] https://svelte.dev/e/derived_inert
12:39:55 AM [vite] (client) [console.warn] https://svelte.dev/e/derived_inert
12:39:55 AM [vite] (client) [console.warn] https://svelte.dev/e/derived_inert
12:39:55 AM [vite] (client) [console.warn] https://svelte.dev/e/derived_inert
12:39:55 AM [vite] (client) [console.warn] https://svelte.dev/e/derived_inert
12:39:55 AM [vite] (client) [console.warn] https://svelte.dev/e/derived_inert
12:39:55 AM [vite] (client) [console.warn] https://svelte.dev/e/derived_inert
12:39:55 AM [vite] (client) [console.warn] https://svelte.dev/e/derived_inert
12:39:55 AM [vite] (client) [console.warn] https://svelte.dev/e/derived_inert
12:39:55 AM [vite] (client) [console.warn] https://svelte.dev/e/derived_inert
12:39:55 AM [vite] (client) [console.warn] https://svelte.dev/e/derived_inert
12:39:55 AM [vite] (client) [console.warn] https://svelte.dev/e/derived_inert
12:39:55 AM [vite] (client) [console.warn] https://svelte.dev/e/derived_inert
12:39:55 AM [vite] (client) [console.warn] https://svelte.dev/e/derived_inert
12:39:55 AM [vite] (client) [console.warn] https://svelte.dev/e/derived_inert
12:39:55 AM [vite] (client) [console.warn] https://svelte.dev/e/derived_inert
12:39:55 AM [vite] (client) [console.warn] https://svelte.dev/e/derived_inert
12:39:55 AM [vite] (client) [console.warn] https://svelte.dev/e/derived_inert
12:39:55 AM [vite] (client) [console.warn] https://svelte.dev/e/derived_inert
12:39:55 AM [vite] (client) [console.warn] https://svelte.dev/e/derived_inert
12:39:55 AM [vite] (client) [console.warn] https://svelte.dev/e/derived_inert
12:39:55 AM [vite] (client) [console.warn] https://svelte.dev/e/derived_inert
12:39:55 AM [vite] (client) [console.warn] https://svelte.dev/e/derived_inert
12:39:55 AM [vite] (client) [console.warn] https://svelte.dev/e/derived_inert
12:39:55 AM [vite] (client) [console.warn] https://svelte.dev/e/derived_inert
12:39:55 AM [vite] (client) [console.warn] https://svelte.dev/e/derived_inert
12:39:55 AM [vite] (client) [console.warn] https://svelte.dev/e/derived_inert
12:39:56 AM [vite] (client) [console.warn] https://svelte.dev/e/derived_inert
12:39:56 AM [vite] (client) [console.warn] https://svelte.dev/e/derived_inert
12:39:56 AM [vite] (client) [console.warn] https://svelte.dev/e/derived_inert
12:39:56 AM [vite] (client) [console.warn] https://svelte.dev/e/derived_inert
12:39:56 AM [vite] (client) [console.warn] https://svelte.dev/e/derived_inert
12:39:56 AM [vite] (client) [console.warn] https://svelte.dev/e/derived_inert
12:39:56 AM [vite] (client) [console.warn] https://svelte.dev/e/derived_inert
12:39:56 AM [vite] (client) [console.warn] https://svelte.dev/e/derived_inert
12:39:56 AM [vite] (client) [console.warn] https://svelte.dev/e/derived_inert
12:39:56 AM [vite] (client) [console.warn] https://svelte.dev/e/derived_inert
12:39:56 AM [vite] (client) [console.warn] https://svelte.dev/e/derived_inert
12:39:56 AM [vite] (client) [console.warn] https://svelte.dev/e/derived_inert
12:39:56 AM [vite] (client) [console.warn] https://svelte.dev/e/derived_inert
12:39:56 AM [vite] (client) [console.warn] https://svelte.dev/e/derived_inert
12:39:56 AM [vite] (client) [console.warn] https://svelte.dev/e/derived_inert
12:39:56 AM [vite] (client) [console.warn] https://svelte.dev/e/derived_inert
12:39:56 AM [vite] (client) [console.warn] https://svelte.dev/e/derived_inert
12:39:57 AM [vite] (client) [console.warn] https://svelte.dev/e/derived_inert
12:39:57 AM [vite] (client) [console.warn] https://svelte.dev/e/derived_inert
12:39:57 AM [vite] (client) [console.warn] https://svelte.dev/e/derived_inert
12:39:57 AM [vite] (client) [console.warn] https://svelte.dev/e/derived_inert
12:39:57 AM [vite] (client) [console.warn] https://svelte.dev/e/derived_inert
12:39:57 AM [vite] (client) [console.warn] https://svelte.dev/e/derived_inert
12:39:57 AM [vite] (client) [console.warn] https://svelte.dev/e/derived_inert
12:39:57 AM [vite] (client) [console.warn] https://svelte.dev/e/derived_inert
12:39:57 AM [vite] (client) [console.warn] https://svelte.dev/e/derived_inert
12:39:57 AM [vite] (client) [console.warn] https://svelte.dev/e/derived_inert
12:39:57 AM [vite] (client) [console.warn] https://svelte.dev/e/derived_inert
12:39:57 AM [vite] (client) [console.warn] https://svelte.dev/e/derived_inert
12:39:57 AM [vite] (client) [console.warn] https://svelte.dev/e/derived_inert
12:39:57 AM [vite] (client) [console.warn] https://svelte.dev/e/derived_inert
12:39:57 AM [vite] (client) [console.warn] https://svelte.dev/e/derived_inert
12:39:57 AM [vite] (client) [console.warn] https://svelte.dev/e/derived_inert
12:39:57 AM [vite] (client) [console.warn] https://svelte.dev/e/derived_inert
12:40:01 AM [vite] (client) [console.error] Failed to send message Error: Resend unavailable
    at http://localhost:63315/Users/johnnynguyen/Documents/Repos/Banhall-bmad-learn-chat/.bmad-loop/runs/20260904-133944-0158/worktrees/6/src/lib/components/chat/RegenerateTurn.component.test.ts?import&browserv=1788593997675:194:43
    at async http://localhost:63315/node_modules/@vitest/runner/dist/chunk-artifact.js?v=529185d0:1903:20
12:40:02 AM [vite] (client) [console.error] Failed to send message Error: Please retry resend
    at http://localhost:63315/Users/johnnynguyen/Documents/Repos/Banhall-bmad-learn-chat/.bmad-loop/runs/20260904-133944-0158/worktrees/6/src/lib/components/chat/RegenerateTurn.component.test.ts?import&browserv=1788593997675:364:43
    at async http://localhost:63315/node_modules/@vitest/runner/dist/chunk-artifact.js?v=529185d0:1903:20
12:40:12 AM [vite] (client) [console.warn] https://svelte.dev/e/derived_inert
12:40:12 AM [vite] (client) [console.warn] https://svelte.dev/e/derived_inert
12:40:12 AM [vite] (client) [console.warn] https://svelte.dev/e/derived_inert
12:40:12 AM [vite] (client) [console.warn] https://svelte.dev/e/derived_inert
12:40:12 AM [vite] (client) [console.warn] https://svelte.dev/e/derived_inert
12:40:12 AM [vite] (client) [console.warn] https://svelte.dev/e/derived_inert
12:40:13 AM [vite] (client) [console.warn] https://svelte.dev/e/derived_inert
12:40:13 AM [vite] (client) [console.warn] https://svelte.dev/e/derived_inert
12:40:13 AM [vite] (client) [console.warn] https://svelte.dev/e/derived_inert
12:40:13 AM [vite] (client) [console.warn] https://svelte.dev/e/derived_inert
12:40:14 AM [vite] (client) [console.warn] https://svelte.dev/e/derived_inert
12:40:14 AM [vite] (client) [console.warn] https://svelte.dev/e/derived_inert
12:40:14 AM [vite] (client) [console.warn] https://svelte.dev/e/derived_inert
12:40:14 AM [vite] (client) [console.warn] https://svelte.dev/e/derived_inert
12:40:14 AM [vite] (client) [console.warn] https://svelte.dev/e/derived_inert
12:40:14 AM [vite] (client) [console.warn] https://svelte.dev/e/derived_inert
12:40:14 AM [vite] (client) [console.warn] https://svelte.dev/e/derived_inert
12:40:14 AM [vite] (client) [console.warn] https://svelte.dev/e/derived_inert
12:40:14 AM [vite] (client) [console.warn] https://svelte.dev/e/derived_inert
12:40:14 AM [vite] (client) [console.warn] https://svelte.dev/e/derived_inert
12:40:14 AM [vite] (client) [console.warn] https://svelte.dev/e/derived_inert
12:40:14 AM [vite] (client) [console.warn] https://svelte.dev/e/derived_inert
12:40:14 AM [vite] (client) [console.warn] https://svelte.dev/e/derived_inert
12:40:14 AM [vite] (client) [console.warn] https://svelte.dev/e/derived_inert
12:40:14 AM [vite] (client) [console.warn] https://svelte.dev/e/derived_inert
12:40:14 AM [vite] (client) [console.warn] https://svelte.dev/e/derived_inert
12:40:14 AM [vite] (client) [console.warn] https://svelte.dev/e/derived_inert
12:40:14 AM [vite] (client) [console.warn] https://svelte.dev/e/derived_inert
12:40:14 AM [vite] (client) [console.warn] https://svelte.dev/e/derived_inert
12:40:14 AM [vite] (client) [console.warn] https://svelte.dev/e/derived_inert
12:40:14 AM [vite] (client) [console.warn] https://svelte.dev/e/derived_inert
12:40:14 AM [vite] (client) [console.warn] https://svelte.dev/e/derived_inert
12:40:14 AM [vite] (client) [console.warn] https://svelte.dev/e/derived_inert
12:40:14 AM [vite] (client) [console.warn] https://svelte.dev/e/derived_inert
12:40:14 AM [vite] (client) [console.warn] https://svelte.dev/e/derived_inert
12:40:14 AM [vite] (client) [console.warn] https://svelte.dev/e/derived_inert
12:40:14 AM [vite] (client) [console.warn] https://svelte.dev/e/derived_inert
12:40:14 AM [vite] (client) [console.warn] https://svelte.dev/e/derived_inert
12:40:14 AM [vite] (client) [console.warn] https://svelte.dev/e/derived_inert
12:40:14 AM [vite] (client) [console.warn] https://svelte.dev/e/derived_inert
12:40:14 AM [vite] (client) [console.warn] https://svelte.dev/e/derived_inert
12:40:14 AM [vite] (client) [console.warn] https://svelte.dev/e/derived_inert
12:40:14 AM [vite] (client) [console.warn] https://svelte.dev/e/derived_inert
12:40:14 AM [vite] (client) [console.warn] https://svelte.dev/e/derived_inert
12:40:14 AM [vite] (client) [console.warn] https://svelte.dev/e/derived_inert
12:40:14 AM [vite] (client) [console.warn] https://svelte.dev/e/derived_inert
12:40:14 AM [vite] (client) [console.warn] https://svelte.dev/e/derived_inert
12:40:14 AM [vite] (client) [console.warn] https://svelte.dev/e/derived_inert
12:40:14 AM [vite] (client) [console.warn] https://svelte.dev/e/derived_inert
12:40:14 AM [vite] (client) [console.warn] https://svelte.dev/e/derived_inert
12:40:14 AM [vite] (client) [console.warn] https://svelte.dev/e/derived_inert
12:40:14 AM [vite] (client) [console.warn] https://svelte.dev/e/derived_inert
12:40:14 AM [vite] (client) [console.warn] https://svelte.dev/e/derived_inert
12:40:14 AM [vite] (client) [console.warn] https://svelte.dev/e/derived_inert
12:40:14 AM [vite] (client) [console.warn] https://svelte.dev/e/derived_inert
12:40:14 AM [vite] (client) [console.warn] https://svelte.dev/e/derived_inert
12:40:14 AM [vite] (client) [console.warn] https://svelte.dev/e/derived_inert
12:40:14 AM [vite] (client) [console.warn] https://svelte.dev/e/derived_inert
12:40:14 AM [vite] (client) [console.warn] https://svelte.dev/e/derived_inert
12:40:14 AM [vite] (client) [console.warn] https://svelte.dev/e/derived_inert
12:40:14 AM [vite] (client) [console.warn] https://svelte.dev/e/derived_inert
12:40:14 AM [vite] (client) [console.warn] https://svelte.dev/e/derived_inert
12:40:14 AM [vite] (client) [console.warn] https://svelte.dev/e/derived_inert
12:40:14 AM [vite] (client) [console.warn] https://svelte.dev/e/derived_inert
12:40:14 AM [vite] (client) [console.warn] https://svelte.dev/e/derived_inert
12:40:14 AM [vite] (client) [console.warn] https://svelte.dev/e/derived_inert
12:40:14 AM [vite] (client) [console.warn] https://svelte.dev/e/derived_inert
12:40:14 AM [vite] (client) [console.warn] https://svelte.dev/e/derived_inert
12:40:14 AM [vite] (client) [console.warn] https://svelte.dev/e/derived_inert
12:40:14 AM [vite] (client) [console.warn] https://svelte.dev/e/derived_inert
12:40:14 AM [vite] (client) [console.warn] https://svelte.dev/e/derived_inert
12:40:14 AM [vite] (client) [console.warn] https://svelte.dev/e/derived_inert
12:40:14 AM [vite] (client) [console.warn] https://svelte.dev/e/derived_inert
12:40:14 AM [vite] (client) [console.warn] https://svelte.dev/e/derived_inert
12:40:14 AM [vite] (client) [console.warn] https://svelte.dev/e/derived_inert
12:40:14 AM [vite] (client) [console.warn] https://svelte.dev/e/derived_inert
12:40:14 AM [vite] (client) [console.warn] https://svelte.dev/e/derived_inert
12:40:14 AM [vite] (client) [console.warn] https://svelte.dev/e/derived_inert
12:40:14 AM [vite] (client) [console.warn] https://svelte.dev/e/derived_inert
12:40:14 AM [vite] (client) [console.warn] https://svelte.dev/e/derived_inert
12:40:14 AM [vite] (client) [console.warn] https://svelte.dev/e/derived_inert
12:40:14 AM [vite] (client) [console.warn] https://svelte.dev/e/derived_inert
12:40:14 AM [vite] (client) [console.warn] https://svelte.dev/e/derived_inert
12:40:14 AM [vite] (client) [console.warn] https://svelte.dev/e/derived_inert
12:40:14 AM [vite] (client) [console.warn] https://svelte.dev/e/derived_inert
12:40:14 AM [vite] (client) [console.warn] https://svelte.dev/e/derived_inert
12:40:14 AM [vite] (client) [console.warn] https://svelte.dev/e/derived_inert
12:40:14 AM [vite] (client) [console.warn] https://svelte.dev/e/derived_inert
12:40:14 AM [vite] (client) [console.warn] https://svelte.dev/e/derived_inert
12:40:14 AM [vite] (client) [console.warn] https://svelte.dev/e/derived_inert
12:40:14 AM [vite] (client) [console.warn] https://svelte.dev/e/derived_inert
12:40:14 AM [vite] (client) [console.warn] https://svelte.dev/e/derived_inert
12:40:14 AM [vite] (client) [console.warn] https://svelte.dev/e/derived_inert
12:40:14 AM [vite] (client) [console.warn] https://svelte.dev/e/derived_inert
12:40:14 AM [vite] (client) [console.warn] https://svelte.dev/e/derived_inert
12:40:14 AM [vite] (client) [console.warn] https://svelte.dev/e/derived_inert
12:40:14 AM [vite] (client) [console.warn] https://svelte.dev/e/derived_inert
12:40:14 AM [vite] (client) [console.warn] https://svelte.dev/e/derived_inert
12:40:14 AM [vite] (client) [console.warn] https://svelte.dev/e/derived_inert
12:40:14 AM [vite] (client) [console.warn] https://svelte.dev/e/derived_inert
12:40:14 AM [vite] (client) [console.warn] https://svelte.dev/e/derived_inert
12:40:14 AM [vite] (client) [console.warn] https://svelte.dev/e/derived_inert
12:40:14 AM [vite] (client) [console.warn] https://svelte.dev/e/derived_inert
12:40:14 AM [vite] (client) [console.warn] https://svelte.dev/e/derived_inert
12:40:14 AM [vite] (client) [console.warn] https://svelte.dev/e/derived_inert
12:40:14 AM [vite] (client) [console.warn] https://svelte.dev/e/derived_inert
12:40:14 AM [vite] (client) [console.warn] https://svelte.dev/e/derived_inert
12:40:14 AM [vite] (client) [console.warn] https://svelte.dev/e/derived_inert
12:40:14 AM [vite] (client) [console.warn] https://svelte.dev/e/derived_inert
12:40:14 AM [vite] (client) [console.warn] https://svelte.dev/e/derived_inert
12:40:14 AM [vite] (client) [console.warn] https://svelte.dev/e/derived_inert
12:40:14 AM [vite] (client) [console.warn] https://svelte.dev/e/derived_inert
12:40:14 AM [vite] (client) [console.warn] https://svelte.dev/e/derived_inert
12:40:14 AM [vite] (client) [console.warn] https://svelte.dev/e/derived_inert
12:40:14 AM [vite] (client) [console.warn] https://svelte.dev/e/derived_inert
12:40:14 AM [vite] (client) [console.warn] https://svelte.dev/e/derived_inert
12:40:14 AM [vite] (client) [console.warn] https://svelte.dev/e/derived_inert
12:40:14 AM [vite] (client) [console.warn] https://svelte.dev/e/derived_inert
12:40:14 AM [vite] (client) [console.warn] https://svelte.dev/e/derived_inert
12:40:14 AM [vite] (client) [console.warn] https://svelte.dev/e/derived_inert
12:40:14 AM [vite] (client) [console.warn] https://svelte.dev/e/derived_inert
12:40:14 AM [vite] (client) [console.warn] https://svelte.dev/e/derived_inert
12:40:14 AM [vite] (client) [console.warn] https://svelte.dev/e/derived_inert
12:40:14 AM [vite] (client) [console.warn] https://svelte.dev/e/derived_inert
12:40:14 AM [vite] (client) [console.warn] https://svelte.dev/e/derived_inert
12:40:14 AM [vite] (client) [console.warn] https://svelte.dev/e/derived_inert
12:40:14 AM [vite] (client) [console.warn] https://svelte.dev/e/derived_inert
12:40:14 AM [vite] (client) [console.warn] https://svelte.dev/e/derived_inert
12:40:14 AM [vite] (client) [console.warn] https://svelte.dev/e/derived_inert
12:40:14 AM [vite] (client) [console.warn] https://svelte.dev/e/derived_inert
12:40:14 AM [vite] (client) [console.warn] https://svelte.dev/e/derived_inert
12:40:14 AM [vite] (client) [console.warn] https://svelte.dev/e/derived_inert
12:40:14 AM [vite] (client) [console.warn] https://svelte.dev/e/derived_inert
12:40:14 AM [vite] (client) [console.warn] https://svelte.dev/e/derived_inert
12:40:20 AM [vite] (client) [console.error] Failed to send message Error: Try again
    at http://localhost:63315/Users/johnnynguyen/Documents/Repos/Banhall-bmad-learn-chat/.bmad-loop/runs/20260904-133944-0158/worktrees/6/src/lib/components/chat/RegenerateQueryState.component.test.ts?import&browserv=1788594019993:65:43
    at async http://localhost:63315/node_modules/@vitest/runner/dist/chunk-artifact.js?v=529185d0:1903:20
12:40:20 AM [vite] (client) [console.error] Failed to send message Error: Try again
    at http://localhost:63315/Users/johnnynguyen/Documents/Repos/Banhall-bmad-learn-chat/.bmad-loop/runs/20260904-133944-0158/worktrees/6/src/lib/components/chat/RegenerateQueryState.component.test.ts?import&browserv=1788594019993:65:43
    at async http://localhost:63315/node_modules/@vitest/runner/dist/chunk-artifact.js?v=529185d0:1903:20
12:40:23 AM [vite] (client) [console.warn] https://svelte.dev/e/derived_inert
12:40:23 AM [vite] (client) [console.warn] https://svelte.dev/e/derived_inert
12:40:23 AM [vite] (client) [console.warn] https://svelte.dev/e/derived_inert
12:40:23 AM [vite] (client) [console.warn] https://svelte.dev/e/derived_inert
12:40:23 AM [vite] (client) [console.warn] https://svelte.dev/e/derived_inert
12:40:23 AM [vite] (client) [console.warn] https://svelte.dev/e/derived_inert
12:40:23 AM [vite] (client) [console.warn] https://svelte.dev/e/derived_inert
12:40:23 AM [vite] (client) [console.warn] https://svelte.dev/e/derived_inert
12:40:23 AM [vite] (client) [console.warn] https://svelte.dev/e/derived_inert
12:40:23 AM [vite] (client) [console.warn] https://svelte.dev/e/derived_inert
12:40:23 AM [vite] (client) [console.warn] https://svelte.dev/e/derived_inert
12:40:23 AM [vite] (client) [console.warn] https://svelte.dev/e/derived_inert
12:40:23 AM [vite] (client) [console.warn] https://svelte.dev/e/derived_inert
12:40:23 AM [vite] (client) [console.warn] https://svelte.dev/e/derived_inert
12:40:23 AM [vite] (client) [console.warn] https://svelte.dev/e/derived_inert
12:40:23 AM [vite] (client) [console.warn] https://svelte.dev/e/derived_inert
12:40:23 AM [vite] (client) [console.warn] https://svelte.dev/e/derived_inert
12:40:23 AM [vite] (client) [console.warn] https://svelte.dev/e/derived_inert
12:40:23 AM [vite] (client) [console.warn] https://svelte.dev/e/derived_inert
12:40:23 AM [vite] (client) [console.warn] https://svelte.dev/e/derived_inert
12:40:23 AM [vite] (client) [console.warn] https://svelte.dev/e/derived_inert
12:40:23 AM [vite] (client) [console.warn] https://svelte.dev/e/derived_inert
12:40:23 AM [vite] (client) [console.warn] https://svelte.dev/e/derived_inert
12:40:23 AM [vite] (client) [console.warn] https://svelte.dev/e/derived_inert
12:40:23 AM [vite] (client) [console.warn] https://svelte.dev/e/derived_inert
12:40:23 AM [vite] (client) [console.warn] https://svelte.dev/e/derived_inert
12:40:23 AM [vite] (client) [console.warn] https://svelte.dev/e/derived_inert
12:40:23 AM [vite] (client) [console.warn] https://svelte.dev/e/derived_inert
12:40:23 AM [vite] (client) [console.warn] https://svelte.dev/e/derived_inert
12:40:23 AM [vite] (client) [console.warn] https://svelte.dev/e/derived_inert
12:40:24 AM [vite] (client) [console.warn] https://svelte.dev/e/derived_inert
12:40:24 AM [vite] (client) [console.warn] https://svelte.dev/e/derived_inert
12:40:24 AM [vite] (client) [console.warn] https://svelte.dev/e/derived_inert
12:40:24 AM [vite] (client) [console.warn] https://svelte.dev/e/derived_inert
12:40:24 AM [vite] (client) [console.warn] https://svelte.dev/e/derived_inert
12:40:24 AM [vite] (client) [console.warn] https://svelte.dev/e/derived_inert
12:40:24 AM [vite] (client) [console.warn] https://svelte.dev/e/derived_inert
12:40:24 AM [vite] (client) [console.warn] https://svelte.dev/e/derived_inert
12:40:24 AM [vite] (client) [console.warn] https://svelte.dev/e/derived_inert
12:40:24 AM [vite] (client) [console.warn] https://svelte.dev/e/derived_inert
12:40:24 AM [vite] (client) [console.warn] https://svelte.dev/e/derived_inert
12:40:24 AM [vite] (client) [console.warn] https://svelte.dev/e/derived_inert
12:40:24 AM [vite] (client) [console.warn] https://svelte.dev/e/derived_inert
12:40:24 AM [vite] (client) [console.warn] https://svelte.dev/e/derived_inert
12:40:24 AM [vite] (client) [console.warn] https://svelte.dev/e/derived_inert
12:40:24 AM [vite] (client) [console.warn] https://svelte.dev/e/derived_inert
12:40:24 AM [vite] (client) [console.warn] https://svelte.dev/e/derived_inert
12:40:24 AM [vite] (client) [console.warn] https://svelte.dev/e/derived_inert
12:40:24 AM [vite] (client) [console.warn] https://svelte.dev/e/derived_inert
12:40:24 AM [vite] (client) [console.warn] https://svelte.dev/e/derived_inert
12:40:24 AM [vite] (client) [console.warn] https://svelte.dev/e/derived_inert
12:40:24 AM [vite] (client) [console.warn] https://svelte.dev/e/derived_inert
12:40:24 AM [vite] (client) [console.warn] https://svelte.dev/e/derived_inert
12:40:24 AM [vite] (client) [console.warn] https://svelte.dev/e/derived_inert
12:40:24 AM [vite] (client) [console.warn] https://svelte.dev/e/derived_inert
12:40:24 AM [vite] (client) [console.warn] https://svelte.dev/e/derived_inert
12:40:24 AM [vite] (client) [console.warn] https://svelte.dev/e/derived_inert
12:40:24 AM [vite] (client) [console.warn] https://svelte.dev/e/derived_inert
12:40:24 AM [vite] (client) [console.warn] https://svelte.dev/e/derived_inert
12:40:24 AM [vite] (client) [console.warn] https://svelte.dev/e/derived_inert
12:40:24 AM [vite] (client) [console.warn] https://svelte.dev/e/derived_inert
12:40:24 AM [vite] (client) [console.warn] https://svelte.dev/e/derived_inert
12:40:24 AM [vite] (client) [console.warn] https://svelte.dev/e/derived_inert
12:40:24 AM [vite] (client) [console.warn] https://svelte.dev/e/derived_inert
12:40:24 AM [vite] (client) [console.warn] https://svelte.dev/e/derived_inert
12:40:24 AM [vite] (client) [console.warn] https://svelte.dev/e/derived_inert
12:40:24 AM [vite] (client) [console.warn] https://svelte.dev/e/derived_inert
12:40:24 AM [vite] (client) [console.warn] https://svelte.dev/e/derived_inert
12:40:24 AM [vite] (client) [console.warn] https://svelte.dev/e/derived_inert
12:40:24 AM [vite] (client) [console.warn] https://svelte.dev/e/derived_inert
12:40:24 AM [vite] (client) [console.warn] https://svelte.dev/e/derived_inert
12:40:24 AM [vite] (client) [console.warn] https://svelte.dev/e/derived_inert
12:40:24 AM [vite] (client) [console.warn] https://svelte.dev/e/derived_inert
12:40:24 AM [vite] (client) [console.warn] https://svelte.dev/e/derived_inert
12:40:24 AM [vite] (client) [console.warn] https://svelte.dev/e/derived_inert
12:40:24 AM [vite] (client) [console.warn] https://svelte.dev/e/derived_inert
12:40:24 AM [vite] (client) [console.warn] https://svelte.dev/e/derived_inert
12:40:24 AM [vite] (client) [console.warn] https://svelte.dev/e/derived_inert
12:40:24 AM [vite] (client) [console.warn] https://svelte.dev/e/derived_inert
12:40:24 AM [vite] (client) [console.warn] https://svelte.dev/e/derived_inert
12:40:24 AM [vite] (client) [console.warn] https://svelte.dev/e/derived_inert
12:40:24 AM [vite] (client) [console.warn] https://svelte.dev/e/derived_inert
12:40:24 AM [vite] (client) [console.warn] https://svelte.dev/e/derived_inert
12:40:24 AM [vite] (client) [console.warn] https://svelte.dev/e/derived_inert
12:40:24 AM [vite] (client) [console.warn] https://svelte.dev/e/derived_inert
12:40:24 AM [vite] (client) [console.warn] https://svelte.dev/e/derived_inert
12:40:24 AM [vite] (client) [console.warn] https://svelte.dev/e/derived_inert
12:40:24 AM [vite] (client) [console.warn] https://svelte.dev/e/derived_inert
12:40:24 AM [vite] (client) [console.warn] https://svelte.dev/e/derived_inert
12:40:24 AM [vite] (client) [console.warn] https://svelte.dev/e/derived_inert
12:40:24 AM [vite] (client) [console.warn] https://svelte.dev/e/derived_inert
12:40:24 AM [vite] (client) [console.warn] https://svelte.dev/e/derived_inert
12:40:24 AM [vite] (client) [console.warn] https://svelte.dev/e/derived_inert
12:40:24 AM [vite] (client) [console.warn] https://svelte.dev/e/derived_inert
12:40:24 AM [vite] (client) [console.warn] https://svelte.dev/e/derived_inert
12:40:24 AM [vite] (client) [console.warn] https://svelte.dev/e/derived_inert
12:40:24 AM [vite] (client) [console.warn] https://svelte.dev/e/derived_inert
12:40:24 AM [vite] (client) [console.warn] https://svelte.dev/e/derived_inert
12:40:24 AM [vite] (client) [console.warn] https://svelte.dev/e/derived_inert
12:40:24 AM [vite] (client) [console.warn] https://svelte.dev/e/derived_inert
12:40:24 AM [vite] (client) [console.warn] https://svelte.dev/e/derived_inert
12:40:24 AM [vite] (client) [console.warn] https://svelte.dev/e/derived_inert
12:40:24 AM [vite] (client) [console.warn] https://svelte.dev/e/derived_inert
12:40:24 AM [vite] (client) [console.warn] https://svelte.dev/e/derived_inert
12:40:24 AM [vite] (client) [console.warn] https://svelte.dev/e/derived_inert
12:40:24 AM [vite] (client) [console.warn] https://svelte.dev/e/derived_inert
12:40:24 AM [vite] (client) [console.warn] https://svelte.dev/e/derived_inert
12:40:24 AM [vite] (client) [console.warn] https://svelte.dev/e/derived_inert
12:40:24 AM [vite] (client) [console.warn] https://svelte.dev/e/derived_inert
12:40:24 AM [vite] (client) [console.warn] https://svelte.dev/e/derived_inert
12:40:24 AM [vite] (client) [console.warn] https://svelte.dev/e/derived_inert
12:40:24 AM [vite] (client) [console.warn] https://svelte.dev/e/derived_inert
12:40:24 AM [vite] (client) [console.warn] https://svelte.dev/e/derived_inert
12:40:24 AM [vite] (client) [console.warn] https://svelte.dev/e/derived_inert
12:40:24 AM [vite] (client) [console.warn] https://svelte.dev/e/derived_inert
12:40:24 AM [vite] (client) [console.warn] https://svelte.dev/e/derived_inert
12:40:24 AM [vite] (client) [console.warn] https://svelte.dev/e/derived_inert
12:40:24 AM [vite] (client) [console.warn] https://svelte.dev/e/derived_inert
12:40:24 AM [vite] (client) [console.warn] https://svelte.dev/e/derived_inert
12:40:24 AM [vite] (client) [console.warn] https://svelte.dev/e/derived_inert
12:40:24 AM [vite] (client) [console.warn] https://svelte.dev/e/derived_inert
12:40:24 AM [vite] (client) [console.warn] https://svelte.dev/e/derived_inert
12:40:24 AM [vite] (client) [console.warn] https://svelte.dev/e/derived_inert
12:40:24 AM [vite] (client) [console.warn] https://svelte.dev/e/derived_inert
12:40:24 AM [vite] (client) [console.warn] https://svelte.dev/e/derived_inert
12:40:24 AM [vite] (client) [console.warn] https://svelte.dev/e/derived_inert
12:40:24 AM [vite] (client) [console.warn] https://svelte.dev/e/derived_inert
12:40:24 AM [vite] (client) [console.warn] https://svelte.dev/e/derived_inert
12:40:24 AM [vite] (client) [console.warn] https://svelte.dev/e/derived_inert
12:40:24 AM [vite] (client) [console.warn] https://svelte.dev/e/derived_inert
12:40:24 AM [vite] (client) [console.warn] https://svelte.dev/e/derived_inert
12:40:24 AM [vite] (client) [console.warn] https://svelte.dev/e/derived_inert
12:40:24 AM [vite] (client) [console.warn] https://svelte.dev/e/derived_inert
12:40:24 AM [vite] (client) [console.warn] https://svelte.dev/e/derived_inert
12:40:24 AM [vite] (client) [console.warn] https://svelte.dev/e/derived_inert
12:40:24 AM [vite] (client) [console.warn] https://svelte.dev/e/derived_inert
12:40:24 AM [vite] (client) [console.warn] https://svelte.dev/e/derived_inert
12:40:24 AM [vite] (client) [console.warn] https://svelte.dev/e/derived_inert
12:40:24 AM [vite] (client) [console.warn] https://svelte.dev/e/derived_inert
12:40:24 AM [vite] (client) [console.warn] https://svelte.dev/e/derived_inert
12:40:24 AM [vite] (client) [console.warn] https://svelte.dev/e/derived_inert
12:40:24 AM [vite] (client) [console.warn] https://svelte.dev/e/derived_inert
12:40:24 AM [vite] (client) [console.warn] https://svelte.dev/e/derived_inert
12:40:24 AM [vite] (client) [console.warn] https://svelte.dev/e/derived_inert
12:40:24 AM [vite] (client) [console.warn] https://svelte.dev/e/derived_inert
12:40:24 AM [vite] (client) [console.warn] https://svelte.dev/e/derived_inert
12:40:24 AM [vite] (client) [console.warn] https://svelte.dev/e/derived_inert
12:40:24 AM [vite] (client) [console.warn] https://svelte.dev/e/derived_inert
12:40:24 AM [vite] (client) [console.warn] https://svelte.dev/e/derived_inert
12:40:24 AM [vite] (client) [console.warn] https://svelte.dev/e/derived_inert
12:40:24 AM [vite] (client) [console.warn] https://svelte.dev/e/derived_inert
12:40:24 AM [vite] (client) [console.warn] https://svelte.dev/e/derived_inert
12:40:24 AM [vite] (client) [console.warn] https://svelte.dev/e/derived_inert
12:40:24 AM [vite] (client) [console.warn] https://svelte.dev/e/derived_inert
12:40:24 AM [vite] (client) [console.warn] https://svelte.dev/e/derived_inert
12:40:24 AM [vite] (client) [console.warn] https://svelte.dev/e/derived_inert
12:40:24 AM [vite] (client) [console.warn] https://svelte.dev/e/derived_inert
12:40:24 AM [vite] (client) [console.warn] https://svelte.dev/e/derived_inert
12:40:24 AM [vite] (client) [console.warn] https://svelte.dev/e/derived_inert
12:40:24 AM [vite] (client) [console.warn] https://svelte.dev/e/derived_inert
12:40:24 AM [vite] (client) [console.warn] https://svelte.dev/e/derived_inert
12:40:24 AM [vite] (client) [console.warn] https://svelte.dev/e/derived_inert
12:40:24 AM [vite] (client) [console.warn] https://svelte.dev/e/derived_inert
12:40:24 AM [vite] (client) [console.warn] https://svelte.dev/e/derived_inert
12:40:24 AM [vite] (client) [console.warn] https://svelte.dev/e/derived_inert
12:40:24 AM [vite] (client) [console.warn] https://svelte.dev/e/derived_inert
12:40:24 AM [vite] (client) [console.warn] https://svelte.dev/e/derived_inert
12:40:24 AM [vite] (client) [console.warn] https://svelte.dev/e/derived_inert
12:40:24 AM [vite] (client) [console.warn] https://svelte.dev/e/derived_inert
12:40:24 AM [vite] (client) [console.warn] https://svelte.dev/e/derived_inert
12:40:24 AM [vite] (client) [console.warn] https://svelte.dev/e/derived_inert
12:40:24 AM [vite] (client) [console.warn] https://svelte.dev/e/derived_inert
12:40:24 AM [vite] (client) [console.warn] https://svelte.dev/e/derived_inert
12:40:24 AM [vite] (client) [console.warn] https://svelte.dev/e/derived_inert
12:40:24 AM [vite] (client) [console.warn] https://svelte.dev/e/derived_inert
12:40:24 AM [vite] (client) [console.warn] https://svelte.dev/e/derived_inert
12:40:24 AM [vite] (client) [console.warn] https://svelte.dev/e/derived_inert
12:40:24 AM [vite] (client) [console.warn] https://svelte.dev/e/derived_inert
12:40:24 AM [vite] (client) [console.warn] https://svelte.dev/e/derived_inert
12:40:24 AM [vite] (client) [console.warn] https://svelte.dev/e/derived_inert
12:40:24 AM [vite] (client) [console.warn] https://svelte.dev/e/derived_inert
12:40:24 AM [vite] (client) [console.warn] https://svelte.dev/e/derived_inert
12:40:24 AM [vite] (client) [console.warn] https://svelte.dev/e/derived_inert
12:40:24 AM [vite] (client) [console.warn] https://svelte.dev/e/derived_inert
12:40:24 AM [vite] (client) [console.warn] https://svelte.dev/e/derived_inert
12:40:24 AM [vite] (client) [console.warn] https://svelte.dev/e/derived_inert
12:40:24 AM [vite] (client) [console.warn] https://svelte.dev/e/derived_inert
12:40:24 AM [vite] (client) [console.warn] https://svelte.dev/e/derived_inert
12:40:24 AM [vite] (client) [console.warn] https://svelte.dev/e/derived_inert
12:40:24 AM [vite] (client) [console.warn] https://svelte.dev/e/derived_inert
12:40:24 AM [vite] (client) [console.warn] https://svelte.dev/e/derived_inert
12:40:24 AM [vite] (client) [console.warn] https://svelte.dev/e/derived_inert
12:40:24 AM [vite] (client) [console.warn] https://svelte.dev/e/derived_inert
12:40:24 AM [vite] (client) [console.warn] https://svelte.dev/e/derived_inert
12:40:24 AM [vite] (client) [console.warn] https://svelte.dev/e/derived_inert
12:40:24 AM [vite] (client) [console.warn] https://svelte.dev/e/derived_inert
12:40:24 AM [vite] (client) [console.warn] https://svelte.dev/e/derived_inert
12:40:24 AM [vite] (client) [console.warn] https://svelte.dev/e/derived_inert
12:40:24 AM [vite] (client) [console.warn] https://svelte.dev/e/derived_inert
12:40:24 AM [vite] (client) [console.warn] https://svelte.dev/e/derived_inert
12:40:24 AM [vite] (client) [console.warn] https://svelte.dev/e/derived_inert
12:40:24 AM [vite] (client) [console.warn] https://svelte.dev/e/derived_inert
12:40:24 AM [vite] (client) [console.warn] https://svelte.dev/e/derived_inert
12:40:24 AM [vite] (client) [console.warn] https://svelte.dev/e/derived_inert
12:40:24 AM [vite] (client) [console.warn] https://svelte.dev/e/derived_inert
12:40:24 AM [vite] (client) [console.warn] https://svelte.dev/e/derived_inert
12:40:24 AM [vite] (client) [console.warn] https://svelte.dev/e/derived_inert
12:40:24 AM [vite] (client) [console.warn] https://svelte.dev/e/derived_inert
12:40:24 AM [vite] (client) [console.warn] https://svelte.dev/e/derived_inert
12:40:24 AM [vite] (client) [console.warn] https://svelte.dev/e/derived_inert
12:40:24 AM [vite] (client) [console.warn] https://svelte.dev/e/derived_inert
12:40:24 AM [vite] (client) [console.warn] https://svelte.dev/e/derived_inert
12:40:24 AM [vite] (client) [console.warn] https://svelte.dev/e/derived_inert
12:40:24 AM [vite] (client) [console.warn] https://svelte.dev/e/derived_inert
12:40:24 AM [vite] (client) [console.warn] https://svelte.dev/e/derived_inert
12:40:24 AM [vite] (client) [console.warn] https://svelte.dev/e/derived_inert
12:40:24 AM [vite] (client) [console.warn] https://svelte.dev/e/derived_inert
12:40:24 AM [vite] (client) [console.warn] https://svelte.dev/e/derived_inert
12:40:24 AM [vite] (client) [console.warn] https://svelte.dev/e/derived_inert
12:40:24 AM [vite] (client) [console.warn] https://svelte.dev/e/derived_inert
12:40:24 AM [vite] (client) [console.warn] https://svelte.dev/e/derived_inert
12:40:24 AM [vite] (client) [console.warn] https://svelte.dev/e/derived_inert
12:40:24 AM [vite] (client) [console.warn] https://svelte.dev/e/derived_inert
12:40:24 AM [vite] (client) [console.warn] https://svelte.dev/e/derived_inert
12:40:24 AM [vite] (client) [console.warn] https://svelte.dev/e/derived_inert
12:40:25 AM [vite] (client) [console.warn] https://svelte.dev/e/derived_inert
12:40:27 AM [vite] (client) [console.warn] https://svelte.dev/e/derived_inert
12:40:32 AM [vite] (client) [console.warn] https://svelte.dev/e/derived_inert
12:40:33 AM [vite] (client) [console.warn] https://svelte.dev/e/derived_inert

 Test Files  57 passed (57)
      Tests  386 passed (386)
   Start at  00:39:25
   Duration  69.35s (transform 0ms, setup 2.37s, import 31.92s, tests 26.97s, environment 0ms)
