
> banhall-app@0.1.0 build
> vite build

vite v8.1.5 building ssr environment for production...
[2Ktransforming...✓ 4334 modules transformed.
rendering chunks...
✗ Build failed in 38.69s
error during build:
Build failed with 1 error:

[31m[MISSING_EXPORT] [0m"PUBLIC_CONVEX_SITE_URL" is not exported by "\0virtual:env/static/public".
   [38;5;246m╭[0m[38;5;246m─[0m[38;5;246m[[0m node_modules/@mmailaender/convex-better-auth-svelte/dist/sveltekit/index.js:3:10 [38;5;246m][0m
   [38;5;246m│[0m
 [38;5;246m3 │[0m [38;5;249mi[0m[38;5;249mm[0m[38;5;249mp[0m[38;5;249mo[0m[38;5;249mr[0m[38;5;249mt[0m[38;5;249m [0m[38;5;249m{[0m[38;5;249m [0mPUBLIC_CONVEX_SITE_URL[38;5;249m,[0m[38;5;249m [0m[38;5;249mP[0m[38;5;249mU[0m[38;5;249mB[0m[38;5;249mL[0m[38;5;249mI[0m[38;5;249mC[0m[38;5;249m_[0m[38;5;249mC[0m[38;5;249mO[0m[38;5;249mN[0m[38;5;249mV[0m[38;5;249mE[0m[38;5;249mX[0m[38;5;249m_[0m[38;5;249mU[0m[38;5;249mR[0m[38;5;249mL[0m[38;5;249m [0m[38;5;249m}[0m[38;5;249m [0m[38;5;249mf[0m[38;5;249mr[0m[38;5;249mo[0m[38;5;249mm[0m[38;5;249m [0m[38;5;249m'[0m[38;5;249m$[0m[38;5;249me[0m[38;5;249mn[0m[38;5;249mv[0m[38;5;249m/[0m[38;5;249ms[0m[38;5;249mt[0m[38;5;249ma[0m[38;5;249mt[0m[38;5;249mi[0m[38;5;249mc[0m[38;5;249m/[0m[38;5;249mp[0m[38;5;249mu[0m[38;5;249mb[0m[38;5;249ml[0m[38;5;249mi[0m[38;5;249mc[0m[38;5;249m'[0m[38;5;249m;[0m
 [38;5;240m  │[0m          ───────────┬──────────  
 [38;5;240m  │[0m                     ╰──────────── Missing export
[38;5;246m───╯[0m

    at aggregateBindingErrorsIntoJsError (file:///Users/johnnynguyen/Documents/Repos/Banhall-bmad-completion/node_modules/rolldown/dist/shared/error-BHRSI0R7.mjs:48:18)
    at unwrapBindingResult (file:///Users/johnnynguyen/Documents/Repos/Banhall-bmad-completion/node_modules/rolldown/dist/shared/error-BHRSI0R7.mjs:18:128)
    at #build (file:///Users/johnnynguyen/Documents/Repos/Banhall-bmad-completion/node_modules/rolldown/dist/shared/rolldown-build-CtPvmZgJ.mjs:3276:34)
    at async buildEnvironment (file:///Users/johnnynguyen/Documents/Repos/Banhall-bmad-completion/node_modules/vite/dist/node/chunks/node.js:33061:66)
    at async Object.build (file:///Users/johnnynguyen/Documents/Repos/Banhall-bmad-completion/node_modules/vite/dist/node/chunks/node.js:33483:19)
    at async Object.buildApp (file:///Users/johnnynguyen/Documents/Repos/Banhall-bmad-completion/node_modules/vite/dist/node/chunks/node.js:33480:153)
    at async CAC.<anonymous> (file:///Users/johnnynguyen/Documents/Repos/Banhall-bmad-completion/node_modules/vite/dist/node/cli.js:776:3) {
  errors: [Getter/Setter]
}
