
 RUN  v4.1.10 /Users/johnnynguyen/Documents/Repos/Banhall-bmad-completion

 ❯ |convex| convex/snapshots.test.ts (0 test)

⎯⎯⎯⎯⎯⎯ Failed Suites 1 ⎯⎯⎯⎯⎯⎯⎯

 FAIL  |convex| convex/snapshots.test.ts [ convex/snapshots.test.ts ]
Error: Transform failed with 1 error:

[31m[PARSE_ERROR] [0mEncountered diff marker
     [38;5;246m╭[0m[38;5;246m─[0m[38;5;246m[[0m convex/snapshots.test.ts:153:1 [38;5;246m][0m
     [38;5;246m│[0m
 [38;5;246m153 │[0m <<<<<<<[38;5;249m [0m[38;5;249mH[0m[38;5;249mE[0m[38;5;249mA[0m[38;5;249mD[0m
 [38;5;240m    │[0m ───┬───  
 [38;5;240m    │[0m    ╰───── between this marker and `=======` is the code that we're merging into
 [38;5;240m    │[0m 
 [38;5;246m160 │[0m =======
 [38;5;240m    │[0m ───┬───  
 [38;5;240m    │[0m    ╰───── between this marker and `>>>>>>>` is the incoming code
 [38;5;240m    │[0m 
 [38;5;240m    │[0m [38;5;115mHelp[0m: Conflict markers indicate that a merge was started but could not be completed due to merge conflicts.
 [38;5;240m    │[0m       To resolve a conflict, keep only the code you want and then delete the lines containing conflict markers.
 [38;5;240m    │[0m       If you're having merge conflicts after pulling new code, the top section is the code you already had and the bottom section is the remote code.
 [38;5;240m    │[0m       If you're in the middle of a rebase, the top section is the code being rebased onto and the bottom section is the code coming from the current commit being rebased.
 [38;5;240m    │[0m       If you have nested conflicts, resolve the outermost conflict first.
[38;5;246m─────╯[0m

  Plugin: vite:oxc
  File: /Users/johnnynguyen/Documents/Repos/Banhall-bmad-completion/convex/snapshots.test.ts
 ❯ transformWithOxc node_modules/vite/dist/node/chunks/node.js:4033:19
 ❯ TransformPluginContext.transform node_modules/vite/dist/node/chunks/node.js:4104:26
 ❯ EnvironmentPluginContainer.transform node_modules/vite/dist/node/chunks/node.js:30201:51
 ❯ loadAndTransform node_modules/vite/dist/node/chunks/node.js:20124:26

⎯⎯⎯⎯⎯⎯⎯⎯⎯⎯⎯⎯⎯⎯⎯⎯⎯⎯⎯⎯⎯⎯⎯⎯[1/1]⎯


 Test Files  1 failed (1)
      Tests  no tests
   Start at  14:21:21
   Duration  1.74s (transform 0ms, setup 0ms, import 0ms, tests 0ms, environment 640ms)

