
 RUN  v4.1.10 /Users/johnnynguyen/Documents/Repos/Banhall-bmad-learn-chat/.bmad-loop/runs/20260904-133944-0158/worktrees/4

 ❯ |convex| convex/learning.test.ts (36 tests | 1 failed | 35 skipped) 256ms
     × QA saves exact provenance and a duplicate save retains the original candidate and selection 255ms

⎯⎯⎯⎯⎯⎯⎯ Failed Tests 1 ⎯⎯⎯⎯⎯⎯⎯

 FAIL  |convex| convex/learning.test.ts > CAP-4 independent stream admission and provenance > QA saves exact provenance and a duplicate save retains the original candidate and selection
AssertionError: expected [] to deeply equal [ { section: '242', …(5) }, …(4) ]

- Expected
+ Received

- [
-   {
-     "itemKind": "issue",
-     "itemText": "[redacted], [redacted], [redacted]: contact [redacted email] or [redacted phone]. Lead with the technological uncertainty.",
-     "originalSeverity": null,
-     "overrideSeverity": null,
-     "section": "242",
-     "vote": 1,
-   },
-   {
-     "itemKind": "issue",
-     "itemText": "[redacted], [redacted], [redacted]: contact [redacted email] or [redacted phone]. Lead with the technological uncertainty.",
-     "originalSeverity": null,
-     "overrideSeverity": null,
-     "section": "242",
-     "vote": 1,
-   },
-   {
-     "itemKind": "issue",
-     "itemText": "[redacted], [redacted], [redacted]: contact [redacted email] or [redacted phone]. Lead with the technological uncertainty.",
-     "originalSeverity": null,
-     "overrideSeverity": null,
-     "section": "242",
-     "vote": 1,
-   },
-   {
-     "itemKind": "issue",
-     "itemText": "[redacted], [redacted], [redacted]: contact [redacted email] or [redacted phone]. Lead with the technological uncertainty.",
-     "originalSeverity": null,
-     "overrideSeverity": null,
-     "section": "242",
-     "vote": 1,
-   },
-   {
-     "itemKind": "issue",
-     "itemText": "[redacted], [redacted], [redacted]: contact [redacted email] or [redacted phone]. Lead with the technological uncertainty.",
-     "originalSeverity": null,
-     "overrideSeverity": null,
-     "section": "242",
-     "vote": 1,
-   },
- ]
+ []

 ❯ convex/learning.test.ts:1481:93
    1479|     expect(qaMessage.role).toBe("user");
    1480|     expect(qaMessage.content).toContain("Feedback events, newest first…
    1481|     expect(JSON.parse(qaMessage.content.replace("Feedback events, newe…
       |                                                                                             ^
    1482|       Array.from({ length: 5 }, () => ({
    1483|         section: "242",

⎯⎯⎯⎯⎯⎯⎯⎯⎯⎯⎯⎯⎯⎯⎯⎯⎯⎯⎯⎯⎯⎯⎯⎯[1/1]⎯


 Test Files  1 failed (1)
      Tests  1 failed | 35 skipped (36)
   Start at  21:53:58
   Duration  680ms (transform 303ms, setup 0ms, import 255ms, tests 256ms, environment 42ms)
