
 RUN  v4.1.10 /Users/johnnynguyen/Documents/Repos/Banhall-bmad-learn-chat/.bmad-loop/runs/20260904-133944-0158/worktrees/4

 ❯ |convex| convex/learning.test.ts (36 tests | 1 failed | 35 skipped) 292ms
     × six comments alone determine prompt, immutable provenance, cutoff and selected guidance 291ms

 Test Files  1 failed (1)
      Tests  1 failed | 35 skipped (36)
   Start at  22:00:56
   Duration  1.26s (transform 522ms, setup 0ms, import 557ms, tests 292ms, environment 117ms)


⎯⎯⎯⎯⎯⎯⎯ Failed Tests 1 ⎯⎯⎯⎯⎯⎯⎯

 FAIL  |convex| convex/learning.test.ts > CAP-4 independent stream admission and provenance > six comments alone determine prompt, immutable provenance, cutoff and selected guidance
AssertionError: expected [ { aiQaScore: 85, …(2) } ] to deeply equal [ { score: 9, …(2) }, …(5) ]

- Expected
+ Received

@@ -2,31 +2,6 @@
    {
      "aiQaScore": 85,
      "comment": "[redacted], [redacted], [redacted]: contact [redacted email] or [redacted phone]. Lead with the technological uncertainty. Signal 5.",
      "score": 9,
    },
-   {
-     "aiQaScore": 84,
-     "comment": "[redacted], [redacted], [redacted]: contact [redacted email] or [redacted phone]. Lead with the technological uncertainty. Signal 4.",
-     "score": 8,
-   },
-   {
-     "aiQaScore": 83,
-     "comment": "[redacted], [redacted], [redacted]: contact [redacted email] or [redacted phone]. Lead with the technological uncertainty. Signal 3.",
-     "score": 7,
-   },
-   {
-     "aiQaScore": 82,
-     "comment": "[redacted], [redacted], [redacted]: contact [redacted email] or [redacted phone]. Lead with the technological uncertainty. Signal 2.",
-     "score": 6,
-   },
-   {
-     "aiQaScore": 81,
-     "comment": "[redacted], [redacted], [redacted]: contact [redacted email] or [redacted phone]. Lead with the technological uncertainty. Signal 1.",
-     "score": 5,
-   },
-   {
-     "aiQaScore": 80,
-     "comment": "[redacted], [redacted], [redacted]: contact [redacted email] or [redacted phone]. Lead with the technological uncertainty. Signal 0.",
-     "score": 4,
-   },
  ]

 ❯ convex/learning.test.ts:1024:7
    1022|     expect(
    1023|       JSON.parse(scoringMessage.content.replace("Scoring events, newes…
    1024|     ).toEqual(
       |       ^
    1025|       [5, 4, 3, 2, 1, 0].map((i) => ({
    1026|         score: 4 + i,

⎯⎯⎯⎯⎯⎯⎯⎯⎯⎯⎯⎯⎯⎯⎯⎯⎯⎯⎯⎯⎯⎯⎯⎯[1/1]⎯
