
 RUN  v4.1.10 /Users/johnnynguyen/Documents/Repos/Banhall-bmad-completion/.bmad-loop/runs/20260904-162523-6e72/worktrees/dw-blocking-qa-native-followup

 ❯ |convex| convex/qaBlocking.test.ts (44 tests | 2 failed | 42 skipped) 157ms
     × deep block containers retain uncertainty on save and at both gates 149ms
     × deep inline containers retain uncertainty on save and at both gates 7ms

⎯⎯⎯⎯⎯⎯⎯ Failed Tests 2 ⎯⎯⎯⎯⎯⎯⎯

 FAIL  |convex| convex/qaBlocking.test.ts > DW-92 native follow-up extraction regressions > deep block containers retain uncertainty on save and at both gates
 FAIL  |convex| convex/qaBlocking.test.ts > DW-92 native follow-up extraction regressions > deep inline containers retain uncertainty on save and at both gates
AssertionError: expected [ 'IDENTITY_EVIDENCE_REQUIRED', …(2) ] to include 'QA_BLOCKING'
 ❯ expectBlocked convex/qaBlocking.test.ts:61:60
     59| }
     60| async function expectBlocked(f: Fixture, subject = "qa-owner") {
     61|   expect((await readiness(f)).blockers.map((b) => b.code)).toContain("…
       |                                                            ^
     62|   const before = await f.t.run((ctx) => ctx.db.get(f.projectId));
     63|   const scheduledBefore = await f.t.run((ctx) => ctx.db.system.query("…
 ❯ convex/qaBlocking.test.ts:372:5

⎯⎯⎯⎯⎯⎯⎯⎯⎯⎯⎯⎯⎯⎯⎯⎯⎯⎯⎯⎯⎯⎯⎯⎯[1/2]⎯


 Test Files  1 failed (1)
      Tests  2 failed | 42 skipped (44)
   Start at  16:46:36
   Duration  556ms (transform 252ms, setup 0ms, import 234ms, tests 157ms, environment 43ms)
