CAPTURE live command output (baseline control)
BASELINE_REVISION 087c76b18a8ad462498653651a3fcb971e31baf4
SOURCE_HASHES
0db11945f0bb6b81735381a4db037f832662524b convex/schema.ts
282e0bb570236789fb7442352c353e3fb22edc5e convex/generations.ts
5318b747b7a272ffde779d51e37a5794028774be convex/complianceNotes.ts
445ab678907291733c047905122306ac6923b8b7 convex/candidateScopedBoundedReads.test.ts
COMMAND npx vitest run convex/candidateScopedBoundedReads.test.ts

 RUN  v4.1.10 /Users/johnnynguyen/Documents/Repos/Banhall/.bmad-loop/runs/20260912-061909-feb3/worktrees/dw-candidate-scoped-bounded-reads

 ❯ |convex| convex/candidateScopedBoundedReads.test.ts (3 tests | 2 failed) 311ms
     × finds a requested section candidate after more than 30 older rows and rejects a cross-generation run 298ms
     × finds a selected candidate after more than 10 older runs 9ms

⎯⎯⎯⎯⎯⎯⎯ Failed Tests 2 ⎯⎯⎯⎯⎯⎯⎯

 FAIL  |convex| convex/candidateScopedBoundedReads.test.ts > candidate-scoped bounded reads > finds a requested section candidate after more than 30 older rows and rejects a cross-generation run
AssertionError: expected [] to deeply equal [ ObjectContaining{…}, …(2) ]

- Expected
+ Received

- [
-   ObjectContaining {
-     "candidateRunId": "000010048generationCandidateRuns",
-     "orderIndex": 0,
-     "section": "242",
-   },
-   ObjectContaining {
-     "candidateRunId": "000010048generationCandidateRuns",
-     "orderIndex": 1,
-     "section": "244",
-   },
-   ObjectContaining {
-     "candidateRunId": "000010048generationCandidateRuns",
-     "orderIndex": 2,
-     "section": "246",
-   },
- ]
+ []

 ❯ convex/candidateScopedBoundedReads.test.ts:171:26
    169|       candidateRunId: target.candidateRunId,
    170|     });
    171|     expect(targetDrafts).toEqual([
       |                          ^
    172|       expect.objectContaining({ candidateRunId: target.candidateRunId,…
    173|       expect.objectContaining({ candidateRunId: target.candidateRunId,…

⎯⎯⎯⎯⎯⎯⎯⎯⎯⎯⎯⎯⎯⎯⎯⎯⎯⎯⎯⎯⎯⎯⎯⎯[1/2]⎯

 FAIL  |convex| convex/candidateScopedBoundedReads.test.ts > candidate-scoped bounded reads > finds a selected candidate after more than 10 older runs
AssertionError: expected [ { …(12) }, { …(12) } ] to have a length of 1 but got 2

- Expected
+ Received

- 1
+ 2

 ❯ convex/candidateScopedBoundedReads.test.ts:280:19
    278|
    279|     const notes = await asWriter.query(api.complianceNotes.listForGene…
    280|     expect(notes).toHaveLength(1);
       |                   ^
    281|     expect(notes[0]?.candidateRunId).toBe(selected.candidateRunId);
    282|     expect(notes[0]?.instruction).toBe("Selected candidate note");

⎯⎯⎯⎯⎯⎯⎯⎯⎯⎯⎯⎯⎯⎯⎯⎯⎯⎯⎯⎯⎯⎯⎯⎯[2/2]⎯


 Test Files  1 failed (1)
      Tests  2 failed | 1 passed (3)
   Start at  09:51:46
   Duration  674ms (transform 353ms, setup 0ms, import 202ms, tests 311ms, environment 44ms)


EXIT_CODE=1

