CAPTURE live command output (focused verification after checkout-local npm ci)
CAPTURED_AT 2026-09-14T17:34:11Z
HEAD 3d51a3d457a3f98f213db80f299d4e0da8b09b97
LOCK_HASH
aafce46345d6f631cb4b86e345c2c786b91a6181 package-lock.json git-blob
787b73fb54942d099fa96a6b93770c2a630a163b7f6dcee5b480bed911e91dc4 package-lock.json sha256
SOURCE_HASHES
9f288fef17a97eed6f94992c5558e8fcd2728f5b convex/schema.ts
9b74d5ab8330a35ffe11ecab7f01242a2591d1cb convex/generations.ts
45f352ae4d8fd6cbf47f5ab3f6a76ed2f882306e convex/complianceNotes.ts
599e980aa81ecce48cb4f50c66e3e5f37eaf1fa6 convex/candidateScopedBoundedReads.test.ts
COMMAND npx vitest run convex/candidateScopedBoundedReads.test.ts convex/ai/promptProgram.test.ts convex/chatDeviationInventory.test.ts
COMMAND_OUTPUT_BEGIN

 RUN  v4.1.10 /Users/johnnynguyen/Documents/Repos/Banhall/.bmad-loop/runs/20260912-061909-feb3/worktrees/dw-candidate-scoped-bounded-reads


 Test Files  3 passed (3)
      Tests  40 passed (40)
   Start at  10:34:11
   Duration  3.96s (transform 2.74s, setup 0ms, import 3.16s, tests 2.57s, environment 217ms)

COMMAND_OUTPUT_END
EXIT_CODE=0
