
 RUN  v4.1.10 /Users/johnnynguyen/Documents/Repos/Banhall/.factory/worktrees/pd-validate-a

 ❯ |convex| convex/orderedChainRecovery.test.ts (8 tests | 1 failed) 600ms
     × (a) never reaps a chain whose sections keep completing; each stamp site alone keeps it live in its window 275ms

⎯⎯⎯⎯⎯⎯⎯ Failed Tests 1 ⎯⎯⎯⎯⎯⎯⎯

 FAIL  |convex| convex/orderedChainRecovery.test.ts > DW-119: failStaleGenerations is progress-aware for ordered chains > (a) never reaps a chain whose sections keep completing; each stamp site alone keeps it live in its window
AssertionError: expected 1 to be +0 // Object.is equality

- Expected
+ Received

- 0
+ 1

 ❯ convex/orderedChainRecovery.test.ts:199:56
    197|     // has not claimed yet (scheduler lag). Only the CREATE stamp is r…
    198|     expect(await chain.create()).toBe(true);
    199|     expect((await reapAt(t, T0 + 5 * MINUTES)).failed).toBe(0);
       |                                                        ^
    200|     await expectLive(t, ids);
    201|

⎯⎯⎯⎯⎯⎯⎯⎯⎯⎯⎯⎯⎯⎯⎯⎯⎯⎯⎯⎯⎯⎯⎯⎯[1/1]⎯


 Test Files  1 failed (1)
      Tests  1 failed | 7 passed (8)
   Start at  12:55:54
   Duration  1.02s (transform 448ms, setup 0ms, import 182ms, tests 600ms, environment 64ms)

exit=1
