
> banhall-app@0.1.0 test
> vitest run


 RUN  v4.1.10 /Users/johnnynguyen/Documents/Repos/Banhall/.bmad-loop/lanes/spec-ai-engine-sprint-2-boundary-chatspend/.bmad-loop/runs/20260904-121647-f30f/worktrees/11

 ❯ |src| src/lib/components/ui/formControlContract.test.ts (3 tests | 1 failed) 6505ms
     × routes every visible native data-entry field through the shared contract 6447ms

⎯⎯⎯⎯⎯⎯⎯ Failed Tests 1 ⎯⎯⎯⎯⎯⎯⎯

 FAIL  |src| src/lib/components/ui/formControlContract.test.ts > borderless form-control source contract > routes every visible native data-entry field through the shared contract
Error: Test timed out in 5000ms.
If this is a long-running test, pass a timeout value as the last argument or configure it globally with "testTimeout".
 ❯ src/lib/components/ui/formControlContract.test.ts:61:3
     59|
     60| describe("borderless form-control source contract", () => {
     61|   it("routes every visible native data-entry field through the shared …
       |   ^
     62|     const violations: string[] = [];
     63|

⎯⎯⎯⎯⎯⎯⎯⎯⎯⎯⎯⎯⎯⎯⎯⎯⎯⎯⎯⎯⎯⎯⎯⎯[1/1]⎯


 Test Files  1 failed | 126 passed (127)
      Tests  1 failed | 1386 passed (1387)
   Start at  13:32:05
   Duration  53.00s (transform 20.79s, setup 0ms, import 34.64s, tests 22.35s, environment 7.18s)

