
 RUN  v4.1.10 /Users/johnnynguyen/Documents/Repos/Banhall/.bmad-loop/runs/20260911-120649-26de/worktrees/6

 ❯ |convex| convex/comparisons.test.ts (34 tests | 3 failed | 31 skipped) 663ms
     × a corpus of exactly 500 rows is complete; 501 requires withholding 399ms
     × large project and financial documents truncate details before their reads exhaust the budget 168ms
     × large distinct judge documents stop label reads and preserve history 95ms

⎯⎯⎯⎯⎯⎯⎯ Failed Tests 3 ⎯⎯⎯⎯⎯⎯⎯

 FAIL  |convex| convex/comparisons.test.ts > comparisons — list and readout completeness > a corpus of exactly 500 rows is complete; 501 requires withholding
AssertionError: expected false to be true // Object.is equality

- Expected
+ Received

- true
+ false

 ❯ convex/comparisons.test.ts:1342:34
    1340|     const exact = await f.admin.query(api.comparisons.successMetrics, …
    1341|     expect(exact.scannedRows).toBe(500);
    1342|     expect(exact.corpusComplete).toBe(true);
       |                                  ^
    1343|     await f.admin.mutation(api.comparisons.record, recordArgs(f));
    1344|     const overflow = await f.admin.query(api.comparisons.successMetric…

⎯⎯⎯⎯⎯⎯⎯⎯⎯⎯⎯⎯⎯⎯⎯⎯⎯⎯⎯⎯⎯⎯⎯⎯[1/3]⎯

 FAIL  |convex| convex/comparisons.test.ts > comparisons — list and readout completeness > large project and financial documents truncate details before their reads exhaust the budget
AssertionError: expected false to be true // Object.is equality

- Expected
+ Received

- true
+ false

 ❯ convex/comparisons.test.ts:1384:47
    1382|     expect(measured.result.projectCount).toBe(8);
    1383|     expect(measured.result.projects.length).toBeGreaterThan(0);
    1384|     expect(measured.result.projectsTruncated).toBe(true);
       |                                               ^
    1385|     expect(measured.result.excluded.developmentTruncated).toBe(true);
    1386|     expect(measured.result.sm1.eligibleProjects).toBe(8);

⎯⎯⎯⎯⎯⎯⎯⎯⎯⎯⎯⎯⎯⎯⎯⎯⎯⎯⎯⎯⎯⎯⎯⎯[2/3]⎯

 FAIL  |convex| convex/comparisons.test.ts > comparisons — list and readout completeness > large distinct judge documents stop label reads and preserve history
AssertionError: expected false to be true // Object.is equality

- Expected
+ Received

- true
+ false

 ❯ convex/comparisons.test.ts:1439:7
    1437|         (row) => row.judgeLabel === "Judge label unavailable (read lim…
    1438|       )
    1439|     ).toBe(true);
       |       ^
    1440|     expect(measured.result.records[0].judgeLabel).toBe("Judge 11");
    1441|     expect(measured.bytes).toBeLessThan(5_000_000);

⎯⎯⎯⎯⎯⎯⎯⎯⎯⎯⎯⎯⎯⎯⎯⎯⎯⎯⎯⎯⎯⎯⎯⎯[3/3]⎯


 Test Files  1 failed (1)
      Tests  3 failed | 31 skipped (34)
   Start at  05:44:26
   Duration  1.22s (transform 266ms, setup 0ms, import 352ms, tests 663ms, environment 50ms)

