
> banhall-app@0.1.0 test:component
> vitest run --config vitest.component.config.ts

5:31:37 AM [vite-plugin-svelte] no Svelte config found at /Users/johnnynguyen/Documents/Repos/Banhall-bmad-completion - using default configuration.

 RUN  v4.1.10 /Users/johnnynguyen/Documents/Repos/Banhall-bmad-completion

5:31:37 AM [vite-plugin-svelte] no Svelte config found at /Users/johnnynguyen/Documents/Repos/Banhall-bmad-completion - using default configuration.
5:32:13 AM [vite] (client) [console.warn] https://svelte.dev/e/derived_inert
5:32:13 AM [vite] (client) [console.warn] https://svelte.dev/e/derived_inert
5:32:13 AM [vite] (client) [console.warn] https://svelte.dev/e/derived_inert
5:32:13 AM [vite] (client) [console.warn] https://svelte.dev/e/derived_inert
5:32:13 AM [vite] (client) [console.warn] https://svelte.dev/e/derived_inert
5:32:13 AM [vite] (client) [console.warn] https://svelte.dev/e/derived_inert
5:32:14 AM [vite] (client) [console.warn] https://svelte.dev/e/derived_inert
5:32:14 AM [vite] (client) [console.warn] https://svelte.dev/e/derived_inert
5:32:14 AM [vite] (client) [console.warn] https://svelte.dev/e/derived_inert
5:32:14 AM [vite] (client) [console.warn] https://svelte.dev/e/derived_inert
5:32:14 AM [vite] (client) [console.warn] https://svelte.dev/e/derived_inert
5:32:14 AM [vite] (client) [console.warn] https://svelte.dev/e/derived_inert
5:32:14 AM [vite] (client) [console.warn] https://svelte.dev/e/derived_inert
5:32:14 AM [vite] (client) [console.warn] https://svelte.dev/e/derived_inert
5:32:14 AM [vite] (client) [console.warn] https://svelte.dev/e/derived_inert
5:32:14 AM [vite] (client) [console.warn] https://svelte.dev/e/derived_inert
5:32:14 AM [vite] (client) [console.warn] https://svelte.dev/e/derived_inert
5:32:14 AM [vite] (client) [console.warn] https://svelte.dev/e/derived_inert
5:32:14 AM [vite] (client) [console.warn] https://svelte.dev/e/derived_inert
5:32:14 AM [vite] (client) [console.warn] https://svelte.dev/e/derived_inert
5:32:14 AM [vite] (client) [console.warn] https://svelte.dev/e/derived_inert
5:32:14 AM [vite] (client) [console.warn] https://svelte.dev/e/derived_inert
5:32:14 AM [vite] (client) [console.warn] https://svelte.dev/e/derived_inert
5:32:14 AM [vite] (client) [console.warn] https://svelte.dev/e/derived_inert
5:32:14 AM [vite] (client) [console.warn] https://svelte.dev/e/derived_inert
5:32:14 AM [vite] (client) [console.warn] https://svelte.dev/e/derived_inert
5:32:14 AM [vite] (client) [console.warn] https://svelte.dev/e/derived_inert
5:32:14 AM [vite] (client) [console.warn] https://svelte.dev/e/derived_inert
5:32:14 AM [vite] (client) [console.warn] https://svelte.dev/e/derived_inert
5:32:14 AM [vite] (client) [console.warn] https://svelte.dev/e/derived_inert
5:32:14 AM [vite] (client) [console.warn] https://svelte.dev/e/derived_inert
5:32:14 AM [vite] (client) [console.warn] https://svelte.dev/e/derived_inert
5:32:14 AM [vite] (client) [console.warn] https://svelte.dev/e/derived_inert
5:32:14 AM [vite] (client) [console.warn] https://svelte.dev/e/derived_inert
5:32:14 AM [vite] (client) [console.warn] https://svelte.dev/e/derived_inert
5:32:14 AM [vite] (client) [console.warn] https://svelte.dev/e/derived_inert
5:32:14 AM [vite] (client) [console.warn] https://svelte.dev/e/derived_inert
5:32:14 AM [vite] (client) [console.warn] https://svelte.dev/e/derived_inert
5:32:14 AM [vite] (client) [console.warn] https://svelte.dev/e/derived_inert
5:32:14 AM [vite] (client) [console.warn] https://svelte.dev/e/derived_inert
5:32:14 AM [vite] (client) [console.warn] https://svelte.dev/e/derived_inert
5:32:14 AM [vite] (client) [console.warn] https://svelte.dev/e/derived_inert
5:32:14 AM [vite] (client) [console.warn] https://svelte.dev/e/derived_inert
5:32:14 AM [vite] (client) [console.warn] https://svelte.dev/e/derived_inert
5:32:14 AM [vite] (client) [console.warn] https://svelte.dev/e/derived_inert
5:32:14 AM [vite] (client) [console.warn] https://svelte.dev/e/derived_inert
5:32:14 AM [vite] (client) [console.warn] https://svelte.dev/e/derived_inert
5:32:14 AM [vite] (client) [console.warn] https://svelte.dev/e/derived_inert
5:32:14 AM [vite] (client) [console.warn] https://svelte.dev/e/derived_inert
5:32:14 AM [vite] (client) [console.warn] https://svelte.dev/e/derived_inert
5:32:14 AM [vite] (client) [console.warn] https://svelte.dev/e/derived_inert
5:32:14 AM [vite] (client) [console.warn] https://svelte.dev/e/derived_inert
5:32:14 AM [vite] (client) [console.warn] https://svelte.dev/e/derived_inert
5:32:14 AM [vite] (client) [console.warn] https://svelte.dev/e/derived_inert
5:32:14 AM [vite] (client) [console.warn] https://svelte.dev/e/derived_inert
5:32:14 AM [vite] (client) [console.warn] https://svelte.dev/e/derived_inert
5:32:14 AM [vite] (client) [console.warn] https://svelte.dev/e/derived_inert
5:32:15 AM [vite] (client) [console.warn] https://svelte.dev/e/derived_inert
5:32:15 AM [vite] (client) [console.warn] https://svelte.dev/e/derived_inert
5:32:15 AM [vite] (client) [console.warn] https://svelte.dev/e/derived_inert
5:32:15 AM [vite] (client) [console.warn] https://svelte.dev/e/derived_inert
5:32:15 AM [vite] (client) [console.warn] https://svelte.dev/e/derived_inert
5:32:15 AM [vite] (client) [console.warn] https://svelte.dev/e/derived_inert
5:32:15 AM [vite] (client) [console.warn] https://svelte.dev/e/derived_inert
5:32:15 AM [vite] (client) [console.warn] https://svelte.dev/e/derived_inert
5:32:15 AM [vite] (client) [console.warn] https://svelte.dev/e/derived_inert
5:32:15 AM [vite] (client) [console.warn] https://svelte.dev/e/derived_inert
5:32:15 AM [vite] (client) [console.warn] https://svelte.dev/e/derived_inert
5:32:15 AM [vite] (client) [console.warn] https://svelte.dev/e/derived_inert
5:32:15 AM [vite] (client) [console.warn] https://svelte.dev/e/derived_inert
5:32:15 AM [vite] (client) [console.warn] https://svelte.dev/e/derived_inert
5:32:15 AM [vite] (client) [console.warn] https://svelte.dev/e/derived_inert
5:32:15 AM [vite] (client) [console.warn] https://svelte.dev/e/derived_inert
5:32:15 AM [vite] (client) [console.warn] https://svelte.dev/e/derived_inert
5:32:15 AM [vite] (client) [console.warn] https://svelte.dev/e/derived_inert
5:32:15 AM [vite] (client) [console.warn] https://svelte.dev/e/derived_inert
5:32:15 AM [vite] (client) [console.warn] https://svelte.dev/e/derived_inert
5:32:15 AM [vite] (client) [console.warn] https://svelte.dev/e/derived_inert
5:32:15 AM [vite] (client) [console.warn] https://svelte.dev/e/derived_inert
5:32:15 AM [vite] (client) [console.warn] https://svelte.dev/e/derived_inert
5:32:15 AM [vite] (client) [console.warn] https://svelte.dev/e/derived_inert
5:32:15 AM [vite] (client) [console.warn] https://svelte.dev/e/derived_inert
5:32:15 AM [vite] (client) [console.warn] https://svelte.dev/e/derived_inert
5:32:15 AM [vite] (client) [console.warn] https://svelte.dev/e/derived_inert
5:32:15 AM [vite] (client) [console.warn] https://svelte.dev/e/derived_inert
5:32:15 AM [vite] (client) [console.warn] https://svelte.dev/e/derived_inert
5:32:15 AM [vite] (client) [console.warn] https://svelte.dev/e/derived_inert
5:32:15 AM [vite] (client) [console.warn] https://svelte.dev/e/derived_inert
5:32:15 AM [vite] (client) [console.warn] https://svelte.dev/e/derived_inert
5:32:15 AM [vite] (client) [console.warn] https://svelte.dev/e/derived_inert
5:32:15 AM [vite] (client) [console.warn] https://svelte.dev/e/derived_inert
5:32:15 AM [vite] (client) [console.warn] https://svelte.dev/e/derived_inert
5:32:15 AM [vite] (client) [console.warn] https://svelte.dev/e/derived_inert
5:32:15 AM [vite] (client) [console.warn] https://svelte.dev/e/derived_inert
5:32:15 AM [vite] (client) [console.warn] https://svelte.dev/e/derived_inert
5:32:15 AM [vite] (client) [console.warn] https://svelte.dev/e/derived_inert
5:32:15 AM [vite] (client) [console.warn] https://svelte.dev/e/derived_inert
5:32:15 AM [vite] (client) [console.warn] https://svelte.dev/e/derived_inert
5:32:15 AM [vite] (client) [console.warn] https://svelte.dev/e/derived_inert
5:32:15 AM [vite] (client) [console.warn] https://svelte.dev/e/derived_inert
5:32:15 AM [vite] (client) [console.warn] https://svelte.dev/e/derived_inert
5:32:15 AM [vite] (client) [console.warn] https://svelte.dev/e/derived_inert
5:32:15 AM [vite] (client) [console.warn] https://svelte.dev/e/derived_inert
5:32:15 AM [vite] (client) [console.warn] https://svelte.dev/e/derived_inert
5:32:15 AM [vite] (client) [console.warn] https://svelte.dev/e/derived_inert
5:32:15 AM [vite] (client) [console.warn] https://svelte.dev/e/derived_inert
5:32:15 AM [vite] (client) [console.warn] https://svelte.dev/e/derived_inert
5:32:16 AM [vite] (client) [console.warn] https://svelte.dev/e/derived_inert
5:32:16 AM [vite] (client) [console.warn] https://svelte.dev/e/derived_inert
5:32:16 AM [vite] (client) [console.warn] https://svelte.dev/e/derived_inert
5:32:16 AM [vite] (client) [console.warn] https://svelte.dev/e/derived_inert
5:32:16 AM [vite] (client) [console.warn] https://svelte.dev/e/derived_inert
5:32:16 AM [vite] (client) [console.warn] https://svelte.dev/e/derived_inert
5:32:16 AM [vite] (client) [console.warn] https://svelte.dev/e/derived_inert
5:32:16 AM [vite] (client) [console.warn] https://svelte.dev/e/derived_inert
5:32:16 AM [vite] (client) [console.warn] https://svelte.dev/e/derived_inert
5:32:16 AM [vite] (client) [console.warn] https://svelte.dev/e/derived_inert
5:32:16 AM [vite] (client) [console.warn] https://svelte.dev/e/derived_inert
5:32:16 AM [vite] (client) [console.warn] https://svelte.dev/e/derived_inert
5:32:16 AM [vite] (client) [console.warn] https://svelte.dev/e/derived_inert
5:32:16 AM [vite] (client) [console.warn] https://svelte.dev/e/derived_inert
5:32:16 AM [vite] (client) [console.warn] https://svelte.dev/e/derived_inert
5:32:17 AM [vite] (client) [console.warn] https://svelte.dev/e/derived_inert
5:32:17 AM [vite] (client) [console.warn] https://svelte.dev/e/derived_inert
5:32:17 AM [vite] (client) [console.warn] https://svelte.dev/e/derived_inert
5:32:17 AM [vite] (client) [console.warn] https://svelte.dev/e/derived_inert
5:32:17 AM [vite] (client) [console.warn] https://svelte.dev/e/derived_inert
5:32:17 AM [vite] (client) [console.warn] https://svelte.dev/e/derived_inert
5:32:17 AM [vite] (client) [console.warn] https://svelte.dev/e/derived_inert
5:32:17 AM [vite] (client) [console.warn] https://svelte.dev/e/derived_inert
5:32:17 AM [vite] (client) [console.warn] https://svelte.dev/e/derived_inert
5:32:17 AM [vite] (client) [console.warn] https://svelte.dev/e/derived_inert
5:32:17 AM [vite] (client) [console.warn] https://svelte.dev/e/derived_inert
5:32:17 AM [vite] (client) [console.warn] https://svelte.dev/e/derived_inert
5:32:17 AM [vite] (client) [console.warn] https://svelte.dev/e/derived_inert
5:32:17 AM [vite] (client) [console.warn] https://svelte.dev/e/derived_inert
5:32:17 AM [vite] (client) [console.warn] https://svelte.dev/e/derived_inert
5:32:17 AM [vite] (client) [console.warn] https://svelte.dev/e/derived_inert
5:32:17 AM [vite] (client) [console.warn] https://svelte.dev/e/derived_inert
5:32:17 AM [vite] (client) [console.warn] https://svelte.dev/e/derived_inert
5:32:17 AM [vite] (client) [console.warn] https://svelte.dev/e/derived_inert
5:32:17 AM [vite] (client) [console.warn] https://svelte.dev/e/derived_inert
5:32:17 AM [vite] (client) [console.warn] https://svelte.dev/e/derived_inert
5:32:17 AM [vite] (client) [console.warn] https://svelte.dev/e/derived_inert
5:32:17 AM [vite] (client) [console.warn] https://svelte.dev/e/derived_inert
5:32:17 AM [vite] (client) [console.warn] https://svelte.dev/e/derived_inert
5:32:17 AM [vite] (client) [console.warn] https://svelte.dev/e/derived_inert
5:32:17 AM [vite] (client) [console.warn] https://svelte.dev/e/derived_inert
5:32:17 AM [vite] (client) [console.warn] https://svelte.dev/e/derived_inert
5:32:17 AM [vite] (client) [console.warn] https://svelte.dev/e/derived_inert
5:32:17 AM [vite] (client) [console.warn] https://svelte.dev/e/derived_inert
5:32:17 AM [vite] (client) [console.warn] https://svelte.dev/e/derived_inert
5:32:17 AM [vite] (client) [console.warn] https://svelte.dev/e/derived_inert
5:32:17 AM [vite] (client) [console.warn] https://svelte.dev/e/derived_inert
5:32:17 AM [vite] (client) [console.warn] https://svelte.dev/e/derived_inert
5:32:18 AM [vite] (client) [console.warn] https://svelte.dev/e/derived_inert
5:32:18 AM [vite] (client) [console.warn] https://svelte.dev/e/derived_inert
5:32:18 AM [vite] (client) [console.warn] https://svelte.dev/e/derived_inert
5:32:18 AM [vite] (client) [console.warn] https://svelte.dev/e/derived_inert
5:32:18 AM [vite] (client) [console.warn] https://svelte.dev/e/derived_inert
5:32:18 AM [vite] (client) [console.warn] https://svelte.dev/e/derived_inert
5:32:18 AM [vite] (client) [console.warn] https://svelte.dev/e/derived_inert
5:32:18 AM [vite] (client) [console.warn] https://svelte.dev/e/derived_inert
5:32:18 AM [vite] (client) [console.warn] https://svelte.dev/e/derived_inert
5:32:18 AM [vite] (client) [console.warn] https://svelte.dev/e/derived_inert
5:32:18 AM [vite] (client) [console.warn] https://svelte.dev/e/derived_inert
5:32:18 AM [vite] (client) [console.warn] https://svelte.dev/e/derived_inert
5:32:19 AM [vite] (client) [console.warn] https://svelte.dev/e/derived_inert
5:32:19 AM [vite] (client) [console.warn] https://svelte.dev/e/derived_inert
5:32:19 AM [vite] (client) [console.warn] https://svelte.dev/e/derived_inert
5:32:19 AM [vite] (client) [console.warn] https://svelte.dev/e/derived_inert
5:32:19 AM [vite] (client) [console.warn] https://svelte.dev/e/derived_inert
5:32:19 AM [vite] (client) [console.warn] https://svelte.dev/e/derived_inert
5:32:19 AM [vite] (client) [console.warn] https://svelte.dev/e/derived_inert
5:32:19 AM [vite] (client) [console.warn] https://svelte.dev/e/derived_inert
5:32:19 AM [vite] (client) [console.warn] https://svelte.dev/e/derived_inert
5:32:19 AM [vite] (client) [console.warn] https://svelte.dev/e/derived_inert
5:32:19 AM [vite] (client) [console.warn] https://svelte.dev/e/derived_inert
5:32:19 AM [vite] (client) [console.warn] https://svelte.dev/e/derived_inert
5:32:19 AM [vite] (client) [console.warn] https://svelte.dev/e/derived_inert
5:32:19 AM [vite] (client) [console.warn] https://svelte.dev/e/derived_inert
5:32:19 AM [vite] (client) [console.warn] https://svelte.dev/e/derived_inert
5:32:19 AM [vite] (client) [console.warn] https://svelte.dev/e/derived_inert
5:32:19 AM [vite] (client) [console.warn] https://svelte.dev/e/derived_inert
5:32:19 AM [vite] (client) [console.warn] https://svelte.dev/e/derived_inert
5:32:19 AM [vite] (client) [console.warn] https://svelte.dev/e/derived_inert
5:32:19 AM [vite] (client) [console.warn] https://svelte.dev/e/derived_inert
5:32:19 AM [vite] (client) [console.warn] https://svelte.dev/e/derived_inert
5:32:20 AM [vite] (client) [console.warn] https://svelte.dev/e/derived_inert
5:32:20 AM [vite] (client) [console.warn] https://svelte.dev/e/derived_inert
5:32:20 AM [vite] (client) [console.warn] https://svelte.dev/e/derived_inert
5:32:20 AM [vite] (client) [console.warn] https://svelte.dev/e/derived_inert
5:32:20 AM [vite] (client) [console.warn] https://svelte.dev/e/derived_inert
5:32:20 AM [vite] (client) [console.warn] https://svelte.dev/e/derived_inert
5:32:20 AM [vite] (client) [console.warn] https://svelte.dev/e/derived_inert
5:32:20 AM [vite] (client) [console.warn] https://svelte.dev/e/derived_inert
5:32:20 AM [vite] (client) [console.warn] https://svelte.dev/e/derived_inert
5:32:20 AM [vite] (client) [console.warn] https://svelte.dev/e/derived_inert
5:32:20 AM [vite] (client) [console.warn] https://svelte.dev/e/derived_inert
5:32:20 AM [vite] (client) [console.warn] https://svelte.dev/e/derived_inert
5:32:20 AM [vite] (client) [console.warn] https://svelte.dev/e/derived_inert
5:32:20 AM [vite] (client) [console.warn] https://svelte.dev/e/derived_inert
5:32:20 AM [vite] (client) [console.warn] https://svelte.dev/e/derived_inert
5:32:20 AM [vite] (client) [console.warn] https://svelte.dev/e/derived_inert
5:32:20 AM [vite] (client) [console.warn] https://svelte.dev/e/derived_inert
5:32:20 AM [vite] (client) [console.warn] https://svelte.dev/e/derived_inert
5:32:20 AM [vite] (client) [console.warn] https://svelte.dev/e/derived_inert
5:32:20 AM [vite] (client) [console.warn] https://svelte.dev/e/derived_inert
5:32:20 AM [vite] (client) [console.warn] https://svelte.dev/e/derived_inert
5:32:20 AM [vite] (client) [console.warn] https://svelte.dev/e/derived_inert
5:32:20 AM [vite] (client) [console.warn] https://svelte.dev/e/derived_inert
5:32:20 AM [vite] (client) [console.warn] https://svelte.dev/e/derived_inert
5:32:20 AM [vite] (client) [console.warn] https://svelte.dev/e/derived_inert
5:32:20 AM [vite] (client) [console.warn] https://svelte.dev/e/derived_inert
5:32:20 AM [vite] (client) [console.warn] https://svelte.dev/e/derived_inert
5:32:20 AM [vite] (client) [console.warn] https://svelte.dev/e/derived_inert
5:32:20 AM [vite] (client) [console.warn] https://svelte.dev/e/derived_inert
5:32:20 AM [vite] (client) [console.warn] https://svelte.dev/e/derived_inert
5:32:20 AM [vite] (client) [console.warn] https://svelte.dev/e/derived_inert
5:32:20 AM [vite] (client) [console.warn] https://svelte.dev/e/derived_inert
5:32:20 AM [vite] (client) [console.warn] https://svelte.dev/e/derived_inert
5:32:20 AM [vite] (client) [console.warn] https://svelte.dev/e/derived_inert
5:32:31 AM [vite] (client) [console.warn] https://svelte.dev/e/derived_inert
5:32:31 AM [vite] (client) [console.warn] https://svelte.dev/e/derived_inert
5:32:31 AM [vite] (client) [console.warn] https://svelte.dev/e/derived_inert
5:32:31 AM [vite] (client) [console.warn] https://svelte.dev/e/derived_inert
5:32:31 AM [vite] (client) [console.warn] https://svelte.dev/e/derived_inert
5:32:31 AM [vite] (client) [console.warn] https://svelte.dev/e/derived_inert
5:32:34 AM [vite] (client) [console.warn] https://svelte.dev/e/derived_inert
5:32:34 AM [vite] (client) [console.warn] https://svelte.dev/e/derived_inert
5:32:34 AM [vite] (client) [console.warn] https://svelte.dev/e/derived_inert
5:32:34 AM [vite] (client) [console.warn] https://svelte.dev/e/derived_inert
5:32:34 AM [vite] (client) [console.warn] https://svelte.dev/e/derived_inert
5:32:34 AM [vite] (client) [console.warn] https://svelte.dev/e/derived_inert
5:32:34 AM [vite] (client) [console.warn] https://svelte.dev/e/derived_inert
5:32:34 AM [vite] (client) [console.warn] https://svelte.dev/e/derived_inert
5:32:34 AM [vite] (client) [console.warn] https://svelte.dev/e/derived_inert
5:32:34 AM [vite] (client) [console.warn] https://svelte.dev/e/derived_inert
5:32:34 AM [vite] (client) [console.warn] https://svelte.dev/e/derived_inert
5:32:34 AM [vite] (client) [console.warn] https://svelte.dev/e/derived_inert
5:32:34 AM [vite] (client) [console.warn] https://svelte.dev/e/derived_inert
5:32:34 AM [vite] (client) [console.warn] https://svelte.dev/e/derived_inert
5:32:34 AM [vite] (client) [console.warn] https://svelte.dev/e/derived_inert
5:32:34 AM [vite] (client) [console.warn] https://svelte.dev/e/derived_inert
5:32:34 AM [vite] (client) [console.warn] https://svelte.dev/e/derived_inert
5:32:34 AM [vite] (client) [console.warn] https://svelte.dev/e/derived_inert
5:32:34 AM [vite] (client) [console.warn] https://svelte.dev/e/derived_inert
5:32:34 AM [vite] (client) [console.warn] https://svelte.dev/e/derived_inert
5:32:34 AM [vite] (client) [console.warn] https://svelte.dev/e/derived_inert
5:32:34 AM [vite] (client) [console.warn] https://svelte.dev/e/derived_inert
5:32:34 AM [vite] (client) [console.warn] https://svelte.dev/e/derived_inert
5:32:34 AM [vite] (client) [console.warn] https://svelte.dev/e/derived_inert
5:32:34 AM [vite] (client) [console.warn] https://svelte.dev/e/derived_inert
5:32:34 AM [vite] (client) [console.warn] https://svelte.dev/e/derived_inert
5:32:34 AM [vite] (client) [console.warn] https://svelte.dev/e/derived_inert
5:32:34 AM [vite] (client) [console.warn] https://svelte.dev/e/derived_inert
5:32:34 AM [vite] (client) [console.warn] https://svelte.dev/e/derived_inert
5:32:34 AM [vite] (client) [console.warn] https://svelte.dev/e/derived_inert
5:32:34 AM [vite] (client) [console.warn] https://svelte.dev/e/derived_inert
5:32:34 AM [vite] (client) [console.warn] https://svelte.dev/e/derived_inert
5:32:35 AM [vite] (client) [console.warn] https://svelte.dev/e/derived_inert
5:32:35 AM [vite] (client) [console.warn] https://svelte.dev/e/derived_inert
5:32:35 AM [vite] (client) [console.warn] https://svelte.dev/e/derived_inert
5:32:35 AM [vite] (client) [console.warn] https://svelte.dev/e/derived_inert
5:32:35 AM [vite] (client) [console.warn] https://svelte.dev/e/derived_inert
5:32:35 AM [vite] (client) [console.warn] https://svelte.dev/e/derived_inert
5:32:35 AM [vite] (client) [console.warn] https://svelte.dev/e/derived_inert
5:32:35 AM [vite] (client) [console.warn] https://svelte.dev/e/derived_inert
5:32:35 AM [vite] (client) [console.warn] https://svelte.dev/e/derived_inert
5:32:35 AM [vite] (client) [console.warn] https://svelte.dev/e/derived_inert
5:32:35 AM [vite] (client) [console.warn] https://svelte.dev/e/derived_inert
5:32:35 AM [vite] (client) [console.warn] https://svelte.dev/e/derived_inert
5:32:35 AM [vite] (client) [console.warn] https://svelte.dev/e/derived_inert
5:32:35 AM [vite] (client) [console.warn] https://svelte.dev/e/derived_inert
5:32:35 AM [vite] (client) [console.warn] https://svelte.dev/e/derived_inert
5:32:35 AM [vite] (client) [console.warn] https://svelte.dev/e/derived_inert
5:32:35 AM [vite] (client) [console.warn] https://svelte.dev/e/derived_inert
5:32:35 AM [vite] (client) [console.warn] https://svelte.dev/e/derived_inert
5:32:35 AM [vite] (client) [console.warn] https://svelte.dev/e/derived_inert
5:32:35 AM [vite] (client) [console.warn] https://svelte.dev/e/derived_inert
5:32:35 AM [vite] (client) [console.warn] https://svelte.dev/e/derived_inert
5:32:35 AM [vite] (client) [console.warn] https://svelte.dev/e/derived_inert
5:32:35 AM [vite] (client) [console.warn] https://svelte.dev/e/derived_inert
5:32:35 AM [vite] (client) [console.warn] https://svelte.dev/e/derived_inert
5:32:35 AM [vite] (client) [console.warn] https://svelte.dev/e/derived_inert
5:32:35 AM [vite] (client) [console.warn] https://svelte.dev/e/derived_inert
5:32:35 AM [vite] (client) [console.warn] https://svelte.dev/e/derived_inert
5:32:35 AM [vite] (client) [console.warn] https://svelte.dev/e/derived_inert
5:32:35 AM [vite] (client) [console.warn] https://svelte.dev/e/derived_inert
5:32:35 AM [vite] (client) [console.warn] https://svelte.dev/e/derived_inert
5:32:35 AM [vite] (client) [console.warn] https://svelte.dev/e/derived_inert
5:32:35 AM [vite] (client) [console.warn] https://svelte.dev/e/derived_inert
5:32:35 AM [vite] (client) [console.warn] https://svelte.dev/e/derived_inert
5:32:35 AM [vite] (client) [console.warn] https://svelte.dev/e/derived_inert
5:32:35 AM [vite] (client) [console.warn] https://svelte.dev/e/derived_inert
5:32:35 AM [vite] (client) [console.warn] https://svelte.dev/e/derived_inert
5:32:35 AM [vite] (client) [console.warn] https://svelte.dev/e/derived_inert
5:32:35 AM [vite] (client) [console.warn] https://svelte.dev/e/derived_inert
5:32:35 AM [vite] (client) [console.warn] https://svelte.dev/e/derived_inert
5:32:35 AM [vite] (client) [console.warn] https://svelte.dev/e/derived_inert
5:32:35 AM [vite] (client) [console.warn] https://svelte.dev/e/derived_inert
5:32:35 AM [vite] (client) [console.warn] https://svelte.dev/e/derived_inert
5:32:35 AM [vite] (client) [console.warn] https://svelte.dev/e/derived_inert
5:32:35 AM [vite] (client) [console.warn] https://svelte.dev/e/derived_inert
5:32:35 AM [vite] (client) [console.warn] https://svelte.dev/e/derived_inert
5:32:35 AM [vite] (client) [console.warn] https://svelte.dev/e/derived_inert
5:32:35 AM [vite] (client) [console.warn] https://svelte.dev/e/derived_inert
5:32:35 AM [vite] (client) [console.warn] https://svelte.dev/e/derived_inert
5:32:35 AM [vite] (client) [console.warn] https://svelte.dev/e/derived_inert
5:32:35 AM [vite] (client) [console.warn] https://svelte.dev/e/derived_inert
5:32:35 AM [vite] (client) [console.warn] https://svelte.dev/e/derived_inert
5:32:35 AM [vite] (client) [console.warn] https://svelte.dev/e/derived_inert
5:32:35 AM [vite] (client) [console.warn] https://svelte.dev/e/derived_inert
5:32:35 AM [vite] (client) [console.warn] https://svelte.dev/e/derived_inert
5:32:35 AM [vite] (client) [console.warn] https://svelte.dev/e/derived_inert
5:32:35 AM [vite] (client) [console.warn] https://svelte.dev/e/derived_inert
5:32:35 AM [vite] (client) [console.warn] https://svelte.dev/e/derived_inert
5:32:35 AM [vite] (client) [console.warn] https://svelte.dev/e/derived_inert
5:32:35 AM [vite] (client) [console.warn] https://svelte.dev/e/derived_inert
5:32:35 AM [vite] (client) [console.warn] https://svelte.dev/e/derived_inert
5:32:35 AM [vite] (client) [console.warn] https://svelte.dev/e/derived_inert
5:32:35 AM [vite] (client) [console.warn] https://svelte.dev/e/derived_inert
5:32:35 AM [vite] (client) [console.warn] https://svelte.dev/e/derived_inert
5:32:35 AM [vite] (client) [console.warn] https://svelte.dev/e/derived_inert
5:32:35 AM [vite] (client) [console.warn] https://svelte.dev/e/derived_inert
5:32:35 AM [vite] (client) [console.warn] https://svelte.dev/e/derived_inert
5:32:35 AM [vite] (client) [console.warn] https://svelte.dev/e/derived_inert
5:32:35 AM [vite] (client) [console.warn] https://svelte.dev/e/derived_inert
5:32:35 AM [vite] (client) [console.warn] https://svelte.dev/e/derived_inert
5:32:35 AM [vite] (client) [console.warn] https://svelte.dev/e/derived_inert
5:32:35 AM [vite] (client) [console.warn] https://svelte.dev/e/derived_inert
5:32:35 AM [vite] (client) [console.warn] https://svelte.dev/e/derived_inert
5:32:35 AM [vite] (client) [console.warn] https://svelte.dev/e/derived_inert
5:32:35 AM [vite] (client) [console.warn] https://svelte.dev/e/derived_inert
5:32:35 AM [vite] (client) [console.warn] https://svelte.dev/e/derived_inert
5:32:35 AM [vite] (client) [console.warn] https://svelte.dev/e/derived_inert
5:32:35 AM [vite] (client) [console.warn] https://svelte.dev/e/derived_inert
5:32:35 AM [vite] (client) [console.warn] https://svelte.dev/e/derived_inert
5:32:35 AM [vite] (client) [console.warn] https://svelte.dev/e/derived_inert
5:32:35 AM [vite] (client) [console.warn] https://svelte.dev/e/derived_inert
5:32:35 AM [vite] (client) [console.warn] https://svelte.dev/e/derived_inert
5:32:35 AM [vite] (client) [console.warn] https://svelte.dev/e/derived_inert
5:32:35 AM [vite] (client) [console.warn] https://svelte.dev/e/derived_inert
5:32:35 AM [vite] (client) [console.warn] https://svelte.dev/e/derived_inert
5:32:35 AM [vite] (client) [console.warn] https://svelte.dev/e/derived_inert
5:32:35 AM [vite] (client) [console.warn] https://svelte.dev/e/derived_inert
5:32:35 AM [vite] (client) [console.warn] https://svelte.dev/e/derived_inert
5:32:35 AM [vite] (client) [console.warn] https://svelte.dev/e/derived_inert
5:32:35 AM [vite] (client) [console.warn] https://svelte.dev/e/derived_inert
5:32:35 AM [vite] (client) [console.warn] https://svelte.dev/e/derived_inert
5:32:35 AM [vite] (client) [console.warn] https://svelte.dev/e/derived_inert
5:32:35 AM [vite] (client) [console.warn] https://svelte.dev/e/derived_inert
5:32:35 AM [vite] (client) [console.warn] https://svelte.dev/e/derived_inert
5:32:35 AM [vite] (client) [console.warn] https://svelte.dev/e/derived_inert
5:32:35 AM [vite] (client) [console.warn] https://svelte.dev/e/derived_inert
5:32:35 AM [vite] (client) [console.warn] https://svelte.dev/e/derived_inert
5:32:40 AM [vite] (client) [console.warn] https://svelte.dev/e/derived_inert
5:32:40 AM [vite] (client) [console.warn] https://svelte.dev/e/derived_inert
5:32:40 AM [vite] (client) [console.warn] https://svelte.dev/e/derived_inert
5:32:40 AM [vite] (client) [console.warn] https://svelte.dev/e/derived_inert
5:32:40 AM [vite] (client) [console.warn] https://svelte.dev/e/derived_inert
5:32:40 AM [vite] (client) [console.warn] https://svelte.dev/e/derived_inert
5:32:40 AM [vite] (client) [console.warn] https://svelte.dev/e/derived_inert
5:32:40 AM [vite] (client) [console.warn] https://svelte.dev/e/derived_inert
5:32:40 AM [vite] (client) [console.warn] https://svelte.dev/e/derived_inert
5:32:40 AM [vite] (client) [console.warn] https://svelte.dev/e/derived_inert
5:32:40 AM [vite] (client) [console.warn] https://svelte.dev/e/derived_inert
5:32:40 AM [vite] (client) [console.warn] https://svelte.dev/e/derived_inert
5:32:40 AM [vite] (client) [console.warn] https://svelte.dev/e/derived_inert
5:32:40 AM [vite] (client) [console.warn] https://svelte.dev/e/derived_inert
5:32:40 AM [vite] (client) [console.warn] https://svelte.dev/e/derived_inert
5:32:40 AM [vite] (client) [console.warn] https://svelte.dev/e/derived_inert
5:32:40 AM [vite] (client) [console.warn] https://svelte.dev/e/derived_inert
5:32:40 AM [vite] (client) [console.warn] https://svelte.dev/e/derived_inert
5:32:40 AM [vite] (client) [console.warn] https://svelte.dev/e/derived_inert
5:32:40 AM [vite] (client) [console.warn] https://svelte.dev/e/derived_inert
5:32:40 AM [vite] (client) [console.warn] https://svelte.dev/e/derived_inert
5:32:40 AM [vite] (client) [console.warn] https://svelte.dev/e/derived_inert
5:32:40 AM [vite] (client) [console.warn] https://svelte.dev/e/derived_inert
5:32:40 AM [vite] (client) [console.warn] https://svelte.dev/e/derived_inert
5:32:40 AM [vite] (client) [console.warn] https://svelte.dev/e/derived_inert
5:32:40 AM [vite] (client) [console.warn] https://svelte.dev/e/derived_inert
5:32:40 AM [vite] (client) [console.warn] https://svelte.dev/e/derived_inert
5:32:40 AM [vite] (client) [console.warn] https://svelte.dev/e/derived_inert
5:32:40 AM [vite] (client) [console.warn] https://svelte.dev/e/derived_inert
5:32:40 AM [vite] (client) [console.warn] https://svelte.dev/e/derived_inert
5:32:41 AM [vite] (client) [console.warn] https://svelte.dev/e/derived_inert
5:32:41 AM [vite] (client) [console.warn] https://svelte.dev/e/derived_inert
5:32:41 AM [vite] (client) [console.warn] https://svelte.dev/e/derived_inert
5:32:41 AM [vite] (client) [console.warn] https://svelte.dev/e/derived_inert
5:32:41 AM [vite] (client) [console.warn] https://svelte.dev/e/derived_inert
5:32:42 AM [vite] (client) [console.warn] https://svelte.dev/e/derived_inert
5:32:42 AM [vite] (client) [console.warn] https://svelte.dev/e/derived_inert
5:32:42 AM [vite] (client) [console.warn] https://svelte.dev/e/derived_inert
5:32:42 AM [vite] (client) [console.warn] https://svelte.dev/e/derived_inert
5:32:42 AM [vite] (client) [console.warn] https://svelte.dev/e/derived_inert
5:32:42 AM [vite] (client) [console.warn] https://svelte.dev/e/derived_inert
5:32:42 AM [vite] (client) [console.warn] https://svelte.dev/e/derived_inert
5:32:42 AM [vite] (client) [console.warn] https://svelte.dev/e/derived_inert
5:32:42 AM [vite] (client) [console.warn] https://svelte.dev/e/derived_inert
5:32:42 AM [vite] (client) [console.warn] https://svelte.dev/e/derived_inert
5:32:42 AM [vite] (client) [console.warn] https://svelte.dev/e/derived_inert
5:32:42 AM [vite] (client) [console.warn] https://svelte.dev/e/derived_inert
5:32:42 AM [vite] (client) [console.warn] https://svelte.dev/e/derived_inert
5:32:42 AM [vite] (client) [console.warn] https://svelte.dev/e/derived_inert
5:32:42 AM [vite] (client) [console.warn] https://svelte.dev/e/derived_inert
5:32:42 AM [vite] (client) [console.warn] https://svelte.dev/e/derived_inert
5:32:42 AM [vite] (client) [console.warn] https://svelte.dev/e/derived_inert
5:32:42 AM [vite] (client) [console.warn] https://svelte.dev/e/derived_inert
5:32:42 AM [vite] (client) [console.warn] https://svelte.dev/e/derived_inert
5:32:42 AM [vite] (client) [console.warn] https://svelte.dev/e/derived_inert
5:32:42 AM [vite] (client) [console.warn] https://svelte.dev/e/derived_inert
5:32:42 AM [vite] (client) [console.warn] https://svelte.dev/e/derived_inert
5:32:42 AM [vite] (client) [console.warn] https://svelte.dev/e/derived_inert
5:32:42 AM [vite] (client) [console.warn] https://svelte.dev/e/derived_inert
5:32:42 AM [vite] (client) [console.warn] https://svelte.dev/e/derived_inert
5:32:42 AM [vite] (client) [console.warn] https://svelte.dev/e/derived_inert
5:32:42 AM [vite] (client) [console.warn] https://svelte.dev/e/derived_inert
5:32:42 AM [vite] (client) [console.warn] https://svelte.dev/e/derived_inert
5:32:42 AM [vite] (client) [console.warn] https://svelte.dev/e/derived_inert
5:32:42 AM [vite] (client) [console.warn] https://svelte.dev/e/derived_inert
5:32:42 AM [vite] (client) [console.warn] https://svelte.dev/e/derived_inert
5:32:42 AM [vite] (client) [console.warn] https://svelte.dev/e/derived_inert
5:32:42 AM [vite] (client) [console.warn] https://svelte.dev/e/derived_inert
5:32:42 AM [vite] (client) [console.warn] https://svelte.dev/e/derived_inert
5:32:42 AM [vite] (client) [console.warn] https://svelte.dev/e/derived_inert
5:32:42 AM [vite] (client) [console.warn] https://svelte.dev/e/derived_inert
5:32:42 AM [vite] (client) [console.warn] https://svelte.dev/e/derived_inert
5:32:42 AM [vite] (client) [console.warn] https://svelte.dev/e/derived_inert
5:32:42 AM [vite] (client) [console.warn] https://svelte.dev/e/derived_inert
5:32:42 AM [vite] (client) [console.warn] https://svelte.dev/e/derived_inert
5:32:42 AM [vite] (client) [console.warn] https://svelte.dev/e/derived_inert
5:32:42 AM [vite] (client) [console.warn] https://svelte.dev/e/derived_inert
5:32:42 AM [vite] (client) [console.warn] https://svelte.dev/e/derived_inert
5:32:42 AM [vite] (client) [console.warn] https://svelte.dev/e/derived_inert
5:32:42 AM [vite] (client) [console.warn] https://svelte.dev/e/derived_inert
5:32:42 AM [vite] (client) [console.warn] https://svelte.dev/e/derived_inert
5:32:42 AM [vite] (client) [console.warn] https://svelte.dev/e/derived_inert
5:32:42 AM [vite] (client) [console.warn] https://svelte.dev/e/derived_inert
5:32:42 AM [vite] (client) [console.warn] https://svelte.dev/e/derived_inert
5:32:42 AM [vite] (client) [console.warn] https://svelte.dev/e/derived_inert
5:32:42 AM [vite] (client) [console.warn] https://svelte.dev/e/derived_inert
5:32:42 AM [vite] (client) [console.warn] https://svelte.dev/e/derived_inert
5:32:42 AM [vite] (client) [console.warn] https://svelte.dev/e/derived_inert
5:32:42 AM [vite] (client) [console.warn] https://svelte.dev/e/derived_inert
5:32:42 AM [vite] (client) [console.warn] https://svelte.dev/e/derived_inert
5:32:42 AM [vite] (client) [console.warn] https://svelte.dev/e/derived_inert
5:32:42 AM [vite] (client) [console.warn] https://svelte.dev/e/derived_inert
5:32:42 AM [vite] (client) [console.warn] https://svelte.dev/e/derived_inert
5:32:42 AM [vite] (client) [console.warn] https://svelte.dev/e/derived_inert
5:32:42 AM [vite] (client) [console.warn] https://svelte.dev/e/derived_inert
5:32:42 AM [vite] (client) [console.warn] https://svelte.dev/e/derived_inert
5:32:42 AM [vite] (client) [console.warn] https://svelte.dev/e/derived_inert
5:32:42 AM [vite] (client) [console.warn] https://svelte.dev/e/derived_inert
5:32:42 AM [vite] (client) [console.warn] https://svelte.dev/e/derived_inert
5:32:42 AM [vite] (client) [console.warn] https://svelte.dev/e/derived_inert
5:32:42 AM [vite] (client) [console.warn] https://svelte.dev/e/derived_inert
5:32:42 AM [vite] (client) [console.warn] https://svelte.dev/e/derived_inert
5:32:42 AM [vite] (client) [console.warn] https://svelte.dev/e/derived_inert
5:32:42 AM [vite] (client) [console.warn] https://svelte.dev/e/derived_inert
5:32:42 AM [vite] (client) [console.warn] https://svelte.dev/e/derived_inert
5:32:42 AM [vite] (client) [console.warn] https://svelte.dev/e/derived_inert
5:32:42 AM [vite] (client) [console.warn] https://svelte.dev/e/derived_inert
5:32:42 AM [vite] (client) [console.warn] https://svelte.dev/e/derived_inert
5:32:42 AM [vite] (client) [console.warn] https://svelte.dev/e/derived_inert
5:32:42 AM [vite] (client) [console.warn] https://svelte.dev/e/derived_inert
5:32:42 AM [vite] (client) [console.warn] https://svelte.dev/e/derived_inert
5:32:42 AM [vite] (client) [console.warn] https://svelte.dev/e/derived_inert
5:32:42 AM [vite] (client) [console.warn] https://svelte.dev/e/derived_inert
5:32:42 AM [vite] (client) [console.warn] https://svelte.dev/e/derived_inert
5:32:42 AM [vite] (client) [console.warn] https://svelte.dev/e/derived_inert
5:32:42 AM [vite] (client) [console.warn] https://svelte.dev/e/derived_inert
5:32:42 AM [vite] (client) [console.warn] https://svelte.dev/e/derived_inert
5:32:42 AM [vite] (client) [console.warn] https://svelte.dev/e/derived_inert
5:32:42 AM [vite] (client) [console.warn] https://svelte.dev/e/derived_inert
5:32:42 AM [vite] (client) [console.warn] https://svelte.dev/e/derived_inert
5:32:42 AM [vite] (client) [console.warn] https://svelte.dev/e/derived_inert
5:32:42 AM [vite] (client) [console.warn] https://svelte.dev/e/derived_inert
5:32:42 AM [vite] (client) [console.warn] https://svelte.dev/e/derived_inert
5:32:42 AM [vite] (client) [console.warn] https://svelte.dev/e/derived_inert
5:32:42 AM [vite] (client) [console.warn] https://svelte.dev/e/derived_inert
5:32:42 AM [vite] (client) [console.warn] https://svelte.dev/e/derived_inert
5:32:42 AM [vite] (client) [console.warn] https://svelte.dev/e/derived_inert
5:32:42 AM [vite] (client) [console.warn] https://svelte.dev/e/derived_inert
5:32:42 AM [vite] (client) [console.warn] https://svelte.dev/e/derived_inert
5:32:42 AM [vite] (client) [console.warn] https://svelte.dev/e/derived_inert
5:32:42 AM [vite] (client) [console.warn] https://svelte.dev/e/derived_inert
5:32:42 AM [vite] (client) [console.warn] https://svelte.dev/e/derived_inert
5:32:42 AM [vite] (client) [console.warn] https://svelte.dev/e/derived_inert
5:32:42 AM [vite] (client) [console.warn] https://svelte.dev/e/derived_inert
5:32:42 AM [vite] (client) [console.warn] https://svelte.dev/e/derived_inert
5:32:42 AM [vite] (client) [console.warn] https://svelte.dev/e/derived_inert
5:32:42 AM [vite] (client) [console.warn] https://svelte.dev/e/derived_inert
5:32:42 AM [vite] (client) [console.warn] https://svelte.dev/e/derived_inert
5:32:42 AM [vite] (client) [console.warn] https://svelte.dev/e/derived_inert
5:32:42 AM [vite] (client) [console.warn] https://svelte.dev/e/derived_inert
5:32:42 AM [vite] (client) [console.warn] https://svelte.dev/e/derived_inert
5:32:42 AM [vite] (client) [console.warn] https://svelte.dev/e/derived_inert
5:32:42 AM [vite] (client) [console.warn] https://svelte.dev/e/derived_inert
5:32:42 AM [vite] (client) [console.warn] https://svelte.dev/e/derived_inert
5:32:42 AM [vite] (client) [console.warn] https://svelte.dev/e/derived_inert
5:32:42 AM [vite] (client) [console.warn] https://svelte.dev/e/derived_inert
5:32:42 AM [vite] (client) [console.warn] https://svelte.dev/e/derived_inert
5:32:42 AM [vite] (client) [console.warn] https://svelte.dev/e/derived_inert
5:32:42 AM [vite] (client) [console.warn] https://svelte.dev/e/derived_inert
5:32:42 AM [vite] (client) [console.warn] https://svelte.dev/e/derived_inert
5:32:42 AM [vite] (client) [console.warn] https://svelte.dev/e/derived_inert
5:32:42 AM [vite] (client) [console.warn] https://svelte.dev/e/derived_inert
5:32:42 AM [vite] (client) [console.warn] https://svelte.dev/e/derived_inert
5:32:42 AM [vite] (client) [console.warn] https://svelte.dev/e/derived_inert
5:32:42 AM [vite] (client) [console.warn] https://svelte.dev/e/derived_inert
5:32:42 AM [vite] (client) [console.warn] https://svelte.dev/e/derived_inert
5:32:42 AM [vite] (client) [console.warn] https://svelte.dev/e/derived_inert
5:32:42 AM [vite] (client) [console.warn] https://svelte.dev/e/derived_inert
5:32:42 AM [vite] (client) [console.warn] https://svelte.dev/e/derived_inert
5:32:42 AM [vite] (client) [console.warn] https://svelte.dev/e/derived_inert
5:32:42 AM [vite] (client) [console.warn] https://svelte.dev/e/derived_inert
5:32:42 AM [vite] (client) [console.warn] https://svelte.dev/e/derived_inert
5:32:42 AM [vite] (client) [console.warn] https://svelte.dev/e/derived_inert
5:32:42 AM [vite] (client) [console.warn] https://svelte.dev/e/derived_inert
5:32:42 AM [vite] (client) [console.warn] https://svelte.dev/e/derived_inert
5:32:42 AM [vite] (client) [console.warn] https://svelte.dev/e/derived_inert
5:32:42 AM [vite] (client) [console.warn] https://svelte.dev/e/derived_inert
5:32:42 AM [vite] (client) [console.warn] https://svelte.dev/e/derived_inert
5:32:42 AM [vite] (client) [console.warn] https://svelte.dev/e/derived_inert
5:32:42 AM [vite] (client) [console.warn] https://svelte.dev/e/derived_inert
5:32:42 AM [vite] (client) [console.warn] https://svelte.dev/e/derived_inert
5:32:42 AM [vite] (client) [console.warn] https://svelte.dev/e/derived_inert
5:32:42 AM [vite] (client) [console.warn] https://svelte.dev/e/derived_inert
5:32:42 AM [vite] (client) [console.warn] https://svelte.dev/e/derived_inert
5:32:42 AM [vite] (client) [console.warn] https://svelte.dev/e/derived_inert
5:32:42 AM [vite] (client) [console.warn] https://svelte.dev/e/derived_inert
5:32:42 AM [vite] (client) [console.warn] https://svelte.dev/e/derived_inert
5:32:42 AM [vite] (client) [console.warn] https://svelte.dev/e/derived_inert
5:32:42 AM [vite] (client) [console.warn] https://svelte.dev/e/derived_inert
5:32:42 AM [vite] (client) [console.warn] https://svelte.dev/e/derived_inert
5:32:42 AM [vite] (client) [console.warn] https://svelte.dev/e/derived_inert
5:32:42 AM [vite] (client) [console.warn] https://svelte.dev/e/derived_inert
5:32:42 AM [vite] (client) [console.warn] https://svelte.dev/e/derived_inert
5:32:42 AM [vite] (client) [console.warn] https://svelte.dev/e/derived_inert
5:32:42 AM [vite] (client) [console.warn] https://svelte.dev/e/derived_inert
5:32:42 AM [vite] (client) [console.warn] https://svelte.dev/e/derived_inert
5:32:42 AM [vite] (client) [console.warn] https://svelte.dev/e/derived_inert
5:32:42 AM [vite] (client) [console.warn] https://svelte.dev/e/derived_inert
5:32:42 AM [vite] (client) [console.warn] https://svelte.dev/e/derived_inert
5:32:42 AM [vite] (client) [console.warn] https://svelte.dev/e/derived_inert
5:32:42 AM [vite] (client) [console.warn] https://svelte.dev/e/derived_inert
5:32:42 AM [vite] (client) [console.warn] https://svelte.dev/e/derived_inert
5:32:42 AM [vite] (client) [console.warn] https://svelte.dev/e/derived_inert
5:32:42 AM [vite] (client) [console.warn] https://svelte.dev/e/derived_inert
5:32:42 AM [vite] (client) [console.warn] https://svelte.dev/e/derived_inert
5:32:42 AM [vite] (client) [console.warn] https://svelte.dev/e/derived_inert
5:32:42 AM [vite] (client) [console.warn] https://svelte.dev/e/derived_inert
5:32:42 AM [vite] (client) [console.warn] https://svelte.dev/e/derived_inert
5:32:42 AM [vite] (client) [console.warn] https://svelte.dev/e/derived_inert
5:32:42 AM [vite] (client) [console.warn] https://svelte.dev/e/derived_inert
5:32:42 AM [vite] (client) [console.warn] https://svelte.dev/e/derived_inert
5:32:42 AM [vite] (client) [console.warn] https://svelte.dev/e/derived_inert
5:32:42 AM [vite] (client) [console.warn] https://svelte.dev/e/derived_inert
5:32:42 AM [vite] (client) [console.warn] https://svelte.dev/e/derived_inert
5:32:42 AM [vite] (client) [console.warn] https://svelte.dev/e/derived_inert
5:32:42 AM [vite] (client) [console.warn] https://svelte.dev/e/derived_inert
5:32:42 AM [vite] (client) [console.warn] https://svelte.dev/e/derived_inert
5:32:42 AM [vite] (client) [console.warn] https://svelte.dev/e/derived_inert
5:32:42 AM [vite] (client) [console.warn] https://svelte.dev/e/derived_inert
5:32:43 AM [vite] (client) [console.warn] https://svelte.dev/e/derived_inert
5:32:46 AM [vite] (client) [console.warn] https://svelte.dev/e/derived_inert
5:32:47 AM [vite] (client) [console.warn] https://svelte.dev/e/derived_inert

 Test Files  60 passed (60)
      Tests  463 passed (463)
   Start at  05:31:37
   Duration  71.14s (transform 0ms, setup 1.01s, import 12.25s, tests 54.02s, environment 0ms)

